Blender 4.3.2
Fra:1 Mem:45.37M (Peak 45.37M) | Time:00:00.07 | Mem:0.00M, Peak:0.00M | Scene, ViewLayer | Synchronizing object | Goblin upright label
Fra:1 Mem:45.42M (Peak 45.42M) | Time:00:00.07 | Mem:0.00M, Peak:0.00M | Scene, ViewLayer | Synchronizing object | Goblin upright review platform
Fra:1 Mem:45.49M (Peak 45.49M) | Time:00:00.07 | Mem:0.00M, Peak:0.00M | Scene, ViewLayer | Synchronizing object | Goblin fall review platform
Fra:1 Mem:45.50M (Peak 45.50M) | Time:00:00.07 | Mem:0.00M, Peak:0.00M | Scene, ViewLayer | Synchronizing object | Goblin fall label
Fra:1 Mem:45.52M (Peak 45.52M) | Time:00:00.07 | Mem:0.00M, Peak:0.00M | Scene, ViewLayer | Synchronizing object | Goblin down review platform
Fra:1 Mem:45.57M (Peak 45.57M) | Time:00:00.07 | Mem:0.00M, Peak:0.00M | Scene, ViewLayer | Synchronizing object | Goblin rise review platform
Fra:1 Mem:45.59M (Peak 45.59M) | Time:00:00.07 | Mem:0.00M, Peak:0.00M | Scene, ViewLayer | Synchronizing object | Goblin standing review platform
Fra:1 Mem:45.60M (Peak 45.60M) | Time:00:00.07 | Mem:0.00M, Peak:0.00M | Scene, ViewLayer | Synchronizing object | Guardian upright review platform
Fra:1 Mem:45.61M (Peak 45.61M) | Time:00:00.07 | Mem:0.00M, Peak:0.00M | Scene, ViewLayer | Synchronizing object | Goblin down label
Fra:1 Mem:45.65M (Peak 45.65M) | Time:00:00.07 | Mem:0.00M, Peak:0.00M | Scene, ViewLayer | Synchronizing object | Guardian fall review platform
Fra:1 Mem:45.69M (Peak 45.69M) | Time:00:00.07 | Mem:0.00M, Peak:0.00M | Scene, ViewLayer | Synchronizing object | Guardian down review platform
Fra:1 Mem:45.71M (Peak 45.71M) | Time:00:00.07 | Mem:0.00M, Peak:0.00M | Scene, ViewLayer | Synchronizing object | Guardian rise review platform
Fra:1 Mem:45.71M (Peak 45.71M) | Time:00:00.07 | Mem:0.00M, Peak:0.00M | Scene, ViewLayer | Synchronizing object | Goblin rise label
Fra:1 Mem:45.77M (Peak 45.77M) | Time:00:00.07 | Mem:0.00M, Peak:0.00M | Scene, ViewLayer | Synchronizing object | Guardian standing review platform
Fra:1 Mem:45.80M (Peak 45.80M) | Time:00:00.07 | Mem:0.00M, Peak:0.00M | Scene, ViewLayer | Synchronizing object | Plane
Fra:1 Mem:45.80M (Peak 45.80M) | Time:00:00.07 | Mem:0.00M, Peak:0.00M | Scene, ViewLayer | Synchronizing object | Goblin standing label
Fra:1 Mem:45.93M (Peak 45.93M) | Time:00:00.07 | Mem:0.00M, Peak:0.00M | Scene, ViewLayer | Synchronizing object | Guardian upright label
Fra:1 Mem:46.02M (Peak 46.02M) | Time:00:00.07 | Mem:0.00M, Peak:0.00M | Scene, ViewLayer | Synchronizing object | Breastplate
Fra:1 Mem:46.09M (Peak 46.09M) | Time:00:00.07 | Mem:0.00M, Peak:0.00M | Scene, ViewLayer | Synchronizing object | Belt
Fra:1 Mem:46.12M (Peak 46.12M) | Time:00:00.07 | Mem:0.00M, Peak:0.00M | Scene, ViewLayer | Synchronizing object | Buckle
Fra:1 Mem:46.14M (Peak 46.14M) | Time:00:00.07 | Mem:0.00M, Peak:0.00M | Scene, ViewLayer | Synchronizing object | Guardian fall label
Fra:1 Mem:46.24M (Peak 46.24M) | Time:00:00.07 | Mem:0.00M, Peak:0.00M | Scene, ViewLayer | Synchronizing object | Pauldrons
Fra:1 Mem:46.27M (Peak 46.27M) | Time:00:00.07 | Mem:0.00M, Peak:0.00M | Scene, ViewLayer | Synchronizing object | Sleeve
Fra:1 Mem:46.31M (Peak 46.31M) | Time:00:00.07 | Mem:0.00M, Peak:0.00M | Scene, ViewLayer | Synchronizing object | Guardian down label
Fra:1 Mem:46.38M (Peak 46.38M) | Time:00:00.07 | Mem:0.00M, Peak:0.00M | Scene, ViewLayer | Synchronizing object | Glove
Fra:1 Mem:46.44M (Peak 46.44M) | Time:00:00.07 | Mem:0.00M, Peak:0.00M | Scene, ViewLayer | Synchronizing object | Forearm Bracer
Fra:1 Mem:46.48M (Peak 46.48M) | Time:00:00.07 | Mem:0.00M, Peak:0.00M | Scene, ViewLayer | Synchronizing object | Guardian rise label
Fra:1 Mem:46.59M (Peak 46.59M) | Time:00:00.07 | Mem:0.00M, Peak:0.00M | Scene, ViewLayer | Synchronizing object | Guardian standing label
Fra:1 Mem:46.75M (Peak 46.75M) | Time:00:00.07 | Mem:0.00M, Peak:0.00M | Scene, ViewLayer | Synchronizing object | Cuff Trim
Fra:1 Mem:46.77M (Peak 46.77M) | Time:00:00.07 | Mem:0.00M, Peak:0.00M | Scene, ViewLayer | Synchronizing object | Knee Guard.019
Fra:1 Mem:46.76M (Peak 46.77M) | Time:00:00.07 | Mem:0.00M, Peak:0.00M | Scene, ViewLayer | Synchronizing object | Pauldrons.001
Fra:1 Mem:46.83M (Peak 46.83M) | Time:00:00.07 | Mem:0.00M, Peak:0.00M | Scene, ViewLayer | Synchronizing object | Shin Guard.019
Fra:1 Mem:46.84M (Peak 46.84M) | Time:00:00.07 | Mem:0.00M, Peak:0.00M | Scene, ViewLayer | Synchronizing object | Sleeve.001
Fra:1 Mem:46.89M (Peak 46.89M) | Time:00:00.07 | Mem:0.00M, Peak:0.00M | Scene, ViewLayer | Synchronizing object | Boot.019
Fra:1 Mem:46.92M (Peak 46.92M) | Time:00:00.07 | Mem:0.00M, Peak:0.00M | Scene, ViewLayer | Synchronizing object | Glove.001
Fra:1 Mem:46.92M (Peak 46.92M) | Time:00:00.07 | Mem:0.00M, Peak:0.00M | Scene, ViewLayer | Synchronizing object | Trouser.019
Fra:1 Mem:46.99M (Peak 46.99M) | Time:00:00.07 | Mem:0.00M, Peak:0.00M | Scene, ViewLayer | Synchronizing object | Knee Guard.018
Fra:1 Mem:47.02M (Peak 47.02M) | Time:00:00.07 | Mem:0.00M, Peak:0.00M | Scene, ViewLayer | Synchronizing object | Shin Guard.018
Fra:1 Mem:47.06M (Peak 47.06M) | Time:00:00.07 | Mem:0.00M, Peak:0.00M | Scene, ViewLayer | Synchronizing object | Goblin Knife
Fra:1 Mem:47.08M (Peak 47.08M) | Time:00:00.07 | Mem:0.00M, Peak:0.00M | Scene, ViewLayer | Synchronizing object | Boot.018
Fra:1 Mem:47.10M (Peak 47.10M) | Time:00:00.07 | Mem:0.00M, Peak:0.00M | Scene, ViewLayer | Synchronizing object | Trouser.018
Fra:1 Mem:47.14M (Peak 47.14M) | Time:00:00.07 | Mem:0.00M, Peak:0.00M | Scene, ViewLayer | Synchronizing object | Crown Crystal.004
Fra:1 Mem:47.18M (Peak 47.18M) | Time:00:00.07 | Mem:0.00M, Peak:0.00M | Scene, ViewLayer | Synchronizing object | Forearm Bracer.001
Fra:1 Mem:47.20M (Peak 47.20M) | Time:00:00.07 | Mem:0.00M, Peak:0.00M | Scene, ViewLayer | Synchronizing object | Iron Crown.004
Fra:1 Mem:47.25M (Peak 47.25M) | Time:00:00.07 | Mem:0.00M, Peak:0.00M | Scene, ViewLayer | Synchronizing object | Stone Horn.009
Fra:1 Mem:47.25M (Peak 47.25M) | Time:00:00.07 | Mem:0.00M, Peak:0.00M | Scene, ViewLayer | Synchronizing object | Cuff Trim.001
Fra:1 Mem:47.29M (Peak 47.29M) | Time:00:00.07 | Mem:0.00M, Peak:0.00M | Scene, ViewLayer | Synchronizing object | Head
Fra:1 Mem:47.32M (Peak 47.32M) | Time:00:00.07 | Mem:0.00M, Peak:0.00M | Scene, ViewLayer | Synchronizing object | Stone Horn.008
Fra:1 Mem:47.36M (Peak 47.36M) | Time:00:00.07 | Mem:0.00M, Peak:0.00M | Scene, ViewLayer | Synchronizing object | Eyes L
Fra:1 Mem:47.39M (Peak 47.39M) | Time:00:00.07 | Mem:0.00M, Peak:0.00M | Scene, ViewLayer | Synchronizing object | Eyes R.009
Fra:1 Mem:47.44M (Peak 47.44M) | Time:00:00.07 | Mem:0.00M, Peak:0.00M | Scene, ViewLayer | Synchronizing object | Eyes R
Fra:1 Mem:47.44M (Peak 47.44M) | Time:00:00.07 | Mem:0.00M, Peak:0.00M | Scene, ViewLayer | Synchronizing object | Eyes L.009
Fra:1 Mem:47.50M (Peak 47.50M) | Time:00:00.07 | Mem:0.00M, Peak:0.00M | Scene, ViewLayer | Synchronizing object | Head.009
Fra:1 Mem:47.53M (Peak 47.53M) | Time:00:00.07 | Mem:0.00M, Peak:0.00M | Scene, ViewLayer | Synchronizing object | Long Ear
Fra:1 Mem:47.57M (Peak 47.57M) | Time:00:00.07 | Mem:0.00M, Peak:0.00M | Scene, ViewLayer | Synchronizing object | Guardian ember crystal.004
Fra:1 Mem:47.61M (Peak 47.61M) | Time:00:00.07 | Mem:0.00M, Peak:0.00M | Scene, ViewLayer | Synchronizing object | Long Ear.001
Fra:1 Mem:47.64M (Peak 47.64M) | Time:00:00.07 | Mem:0.00M, Peak:0.00M | Scene, ViewLayer | Synchronizing object | Guardian chest plate.004
Fra:1 Mem:47.68M (Peak 47.68M) | Time:00:00.07 | Mem:0.00M, Peak:0.00M | Scene, ViewLayer | Synchronizing object | Leather Cap
Fra:1 Mem:47.68M (Peak 47.68M) | Time:00:00.07 | Mem:0.00M, Peak:0.00M | Scene, ViewLayer | Synchronizing object | Cuff Trim.019
Fra:1 Mem:47.71M (Peak 47.71M) | Time:00:00.07 | Mem:0.00M, Peak:0.00M | Scene, ViewLayer | Synchronizing object | Forearm Bracer.019
Fra:1 Mem:47.75M (Peak 47.75M) | Time:00:00.07 | Mem:0.00M, Peak:0.00M | Scene, ViewLayer | Synchronizing object | Goblin brow left
Fra:1 Mem:47.79M (Peak 47.79M) | Time:00:00.07 | Mem:0.00M, Peak:0.00M | Scene, ViewLayer | Synchronizing object | Guardian layered pauldron.009
Fra:1 Mem:47.82M (Peak 47.82M) | Time:00:00.07 | Mem:0.00M, Peak:0.00M | Scene, ViewLayer | Synchronizing object | Goblin brow right
Fra:1 Mem:47.83M (Peak 47.83M) | Time:00:00.07 | Mem:0.00M, Peak:0.00M | Scene, ViewLayer | Synchronizing object | Great Hammer.004
Fra:1 Mem:47.88M (Peak 47.88M) | Time:00:00.07 | Mem:0.00M, Peak:0.00M | Scene, ViewLayer | Synchronizing object | Hammer Grip.004
Fra:1 Mem:47.90M (Peak 47.90M) | Time:00:00.07 | Mem:0.00M, Peak:0.00M | Scene, ViewLayer | Synchronizing object | Goblin nose
Fra:1 Mem:47.90M (Peak 47.90M) | Time:00:00.07 | Mem:0.00M, Peak:0.00M | Scene, ViewLayer | Synchronizing object | Glove.019
Fra:1 Mem:47.97M (Peak 47.97M) | Time:00:00.07 | Mem:0.00M, Peak:0.00M | Scene, ViewLayer | Synchronizing object | Sleeve.019
Fra:1 Mem:48.00M (Peak 48.00M) | Time:00:00.07 | Mem:0.00M, Peak:0.00M | Scene, ViewLayer | Synchronizing object | Trouser
Fra:1 Mem:48.03M (Peak 48.03M) | Time:00:00.07 | Mem:0.00M, Peak:0.00M | Scene, ViewLayer | Synchronizing object | Pauldrons.019
Fra:1 Mem:48.07M (Peak 48.07M) | Time:00:00.07 | Mem:0.00M, Peak:0.00M | Scene, ViewLayer | Synchronizing object | Cuff Trim.018
Fra:1 Mem:48.07M (Peak 48.07M) | Time:00:00.07 | Mem:0.00M, Peak:0.00M | Scene, ViewLayer | Synchronizing object | Boot
Fra:1 Mem:48.09M (Peak 48.09M) | Time:00:00.07 | Mem:0.00M, Peak:0.00M | Scene, ViewLayer | Synchronizing object | Forearm Bracer.018
Fra:1 Mem:48.13M (Peak 48.13M) | Time:00:00.07 | Mem:0.00M, Peak:0.00M | Scene, ViewLayer | Synchronizing object | Shin Guard
Fra:1 Mem:48.17M (Peak 48.17M) | Time:00:00.07 | Mem:0.00M, Peak:0.00M | Scene, ViewLayer | Synchronizing object | Guardian layered pauldron.008
Fra:1 Mem:48.20M (Peak 48.20M) | Time:00:00.07 | Mem:0.00M, Peak:0.00M | Scene, ViewLayer | Synchronizing object | Knee Guard
Fra:1 Mem:48.22M (Peak 48.22M) | Time:00:00.07 | Mem:0.00M, Peak:0.00M | Scene, ViewLayer | Synchronizing object | Glove.018
Fra:1 Mem:48.27M (Peak 48.27M) | Time:00:00.07 | Mem:0.00M, Peak:0.00M | Scene, ViewLayer | Synchronizing object | Trouser.001
Fra:1 Mem:48.27M (Peak 48.27M) | Time:00:00.07 | Mem:0.00M, Peak:0.00M | Scene, ViewLayer | Synchronizing object | Sleeve.018
Fra:1 Mem:48.34M (Peak 48.34M) | Time:00:00.07 | Mem:0.00M, Peak:0.00M | Scene, ViewLayer | Synchronizing object | Pauldrons.018
Fra:1 Mem:48.36M (Peak 48.36M) | Time:00:00.07 | Mem:0.00M, Peak:0.00M | Scene, ViewLayer | Synchronizing object | Boot.001
Fra:1 Mem:48.39M (Peak 48.39M) | Time:00:00.07 | Mem:0.00M, Peak:0.00M | Scene, ViewLayer | Synchronizing object | Buckle.009
Fra:1 Mem:48.41M (Peak 48.41M) | Time:00:00.07 | Mem:0.00M, Peak:0.00M | Scene, ViewLayer | Synchronizing object | Shin Guard.001
Fra:1 Mem:48.45M (Peak 48.45M) | Time:00:00.07 | Mem:0.00M, Peak:0.00M | Scene, ViewLayer | Synchronizing object | Belt.009
Fra:1 Mem:48.49M (Peak 48.49M) | Time:00:00.07 | Mem:0.00M, Peak:0.00M | Scene, ViewLayer | Synchronizing object | Knee Guard.001
Fra:1 Mem:48.49M (Peak 48.49M) | Time:00:00.07 | Mem:0.00M, Peak:0.00M | Scene, ViewLayer | Synchronizing object | Breastplate.009
Fra:1 Mem:48.54M (Peak 48.54M) | Time:00:00.07 | Mem:0.00M, Peak:0.00M | Scene, ViewLayer | Synchronizing object | Knee Guard.017
Fra:1 Mem:48.58M (Peak 48.58M) | Time:00:00.07 | Mem:0.00M, Peak:0.00M | Scene, ViewLayer | Synchronizing object | Breastplate.001
Fra:1 Mem:48.61M (Peak 48.61M) | Time:00:00.07 | Mem:0.00M, Peak:0.00M | Scene, ViewLayer | Synchronizing object | Shin Guard.017
Fra:1 Mem:48.63M (Peak 48.63M) | Time:00:00.07 | Mem:0.00M, Peak:0.00M | Scene, ViewLayer | Synchronizing object | Belt.001
Fra:1 Mem:48.67M (Peak 48.67M) | Time:00:00.07 | Mem:0.00M, Peak:0.00M | Scene, ViewLayer | Synchronizing object | Boot.017
Fra:1 Mem:48.69M (Peak 48.69M) | Time:00:00.07 | Mem:0.00M, Peak:0.00M | Scene, ViewLayer | Synchronizing object | Buckle.001
Fra:1 Mem:48.71M (Peak 48.71M) | Time:00:00.07 | Mem:0.00M, Peak:0.00M | Scene, ViewLayer | Synchronizing object | Trouser.017
Fra:1 Mem:48.76M (Peak 48.76M) | Time:00:00.07 | Mem:0.00M, Peak:0.00M | Scene, ViewLayer | Synchronizing object | Pauldrons.002
Fra:1 Mem:48.78M (Peak 48.78M) | Time:00:00.07 | Mem:0.00M, Peak:0.00M | Scene, ViewLayer | Synchronizing object | Knee Guard.016
Fra:1 Mem:48.82M (Peak 48.82M) | Time:00:00.07 | Mem:0.00M, Peak:0.00M | Scene, ViewLayer | Synchronizing object | Sleeve.002
Fra:1 Mem:48.85M (Peak 48.85M) | Time:00:00.07 | Mem:0.00M, Peak:0.00M | Scene, ViewLayer | Synchronizing object | Shin Guard.016
Fra:1 Mem:48.90M (Peak 48.90M) | Time:00:00.07 | Mem:0.00M, Peak:0.00M | Scene, ViewLayer | Synchronizing object | Glove.002
Fra:1 Mem:48.90M (Peak 48.90M) | Time:00:00.07 | Mem:0.00M, Peak:0.00M | Scene, ViewLayer | Synchronizing object | Boot.016
Fra:1 Mem:48.94M (Peak 48.94M) | Time:00:00.07 | Mem:0.00M, Peak:0.00M | Scene, ViewLayer | Synchronizing object | Trouser.016
Fra:1 Mem:48.98M (Peak 48.98M) | Time:00:00.07 | Mem:0.00M, Peak:0.00M | Scene, ViewLayer | Synchronizing object | Forearm Bracer.002
Fra:1 Mem:49.01M (Peak 49.01M) | Time:00:00.07 | Mem:0.00M, Peak:0.00M | Scene, ViewLayer | Synchronizing object | Crown Crystal.003
Fra:1 Mem:49.06M (Peak 49.06M) | Time:00:00.07 | Mem:0.00M, Peak:0.00M | Scene, ViewLayer | Synchronizing object | Cuff Trim.002
Fra:1 Mem:49.07M (Peak 49.07M) | Time:00:00.07 | Mem:0.00M, Peak:0.00M | Scene, ViewLayer | Synchronizing object | Pauldrons.003
Fra:1 Mem:49.10M (Peak 49.10M) | Time:00:00.07 | Mem:0.00M, Peak:0.00M | Scene, ViewLayer | Synchronizing object | Sleeve.003
Fra:1 Mem:49.13M (Peak 49.13M) | Time:00:00.07 | Mem:0.00M, Peak:0.00M | Scene, ViewLayer | Synchronizing object | Glove.003
Fra:1 Mem:49.17M (Peak 49.17M) | Time:00:00.07 | Mem:0.00M, Peak:0.00M | Scene, ViewLayer | Synchronizing object | Goblin Knife.001
Fra:1 Mem:49.20M (Peak 49.20M) | Time:00:00.07 | Mem:0.00M, Peak:0.00M | Scene, ViewLayer | Synchronizing object | Forearm Bracer.003
Fra:1 Mem:49.24M (Peak 49.24M) | Time:00:00.07 | Mem:0.00M, Peak:0.00M | Scene, ViewLayer | Synchronizing object | Cuff Trim.003
Fra:1 Mem:49.25M (Peak 49.25M) | Time:00:00.07 | Mem:0.00M, Peak:0.00M | Scene, ViewLayer | Synchronizing object | Head.001
Fra:1 Mem:49.28M (Peak 49.28M) | Time:00:00.07 | Mem:0.00M, Peak:0.00M | Scene, ViewLayer | Synchronizing object | Eyes L.001
Fra:1 Mem:49.32M (Peak 49.32M) | Time:00:00.07 | Mem:0.00M, Peak:0.00M | Scene, ViewLayer | Synchronizing object | Eyes R.001
Fra:1 Mem:49.35M (Peak 49.35M) | Time:00:00.07 | Mem:0.00M, Peak:0.00M | Scene, ViewLayer | Synchronizing object | Long Ear.002
Fra:1 Mem:49.39M (Peak 49.39M) | Time:00:00.07 | Mem:0.00M, Peak:0.00M | Scene, ViewLayer | Synchronizing object | Long Ear.003
Fra:1 Mem:49.42M (Peak 49.42M) | Time:00:00.07 | Mem:0.00M, Peak:0.00M | Scene, ViewLayer | Synchronizing object | Leather Cap.001
Fra:1 Mem:49.48M (Peak 49.48M) | Time:00:00.08 | Mem:0.00M, Peak:0.00M | Scene, ViewLayer | Synchronizing object | Stone Horn.007
Fra:1 Mem:49.50M (Peak 49.50M) | Time:00:00.08 | Mem:0.00M, Peak:0.00M | Scene, ViewLayer | Synchronizing object | Goblin brow left.001
Fra:1 Mem:49.54M (Peak 49.54M) | Time:00:00.08 | Mem:0.00M, Peak:0.00M | Scene, ViewLayer | Synchronizing object | Goblin brow right.001
Fra:1 Mem:49.57M (Peak 49.57M) | Time:00:00.08 | Mem:0.00M, Peak:0.00M | Scene, ViewLayer | Synchronizing object | Goblin nose.001
Fra:1 Mem:49.61M (Peak 49.61M) | Time:00:00.08 | Mem:0.00M, Peak:0.00M | Scene, ViewLayer | Synchronizing object | Trouser.002
Fra:1 Mem:49.65M (Peak 49.65M) | Time:00:00.08 | Mem:0.00M, Peak:0.00M | Scene, ViewLayer | Synchronizing object | Boot.002
Fra:1 Mem:49.66M (Peak 49.66M) | Time:00:00.08 | Mem:0.00M, Peak:0.00M | Scene, ViewLayer | Synchronizing object | Shin Guard.002
Fra:1 Mem:49.72M (Peak 49.72M) | Time:00:00.08 | Mem:0.00M, Peak:0.00M | Scene, ViewLayer | Synchronizing object | Stone Horn.006
Fra:1 Mem:49.74M (Peak 49.74M) | Time:00:00.08 | Mem:0.00M, Peak:0.00M | Scene, ViewLayer | Synchronizing object | Knee Guard.002
Fra:1 Mem:49.79M (Peak 49.79M) | Time:00:00.08 | Mem:0.00M, Peak:0.00M | Scene, ViewLayer | Synchronizing object | Eyes R.008
Fra:1 Mem:49.82M (Peak 49.82M) | Time:00:00.08 | Mem:0.00M, Peak:0.00M | Scene, ViewLayer | Synchronizing object | Trouser.003
Fra:1 Mem:49.86M (Peak 49.86M) | Time:00:00.08 | Mem:0.00M, Peak:0.00M | Scene, ViewLayer | Synchronizing object | Eyes L.008
Fra:1 Mem:49.89M (Peak 49.89M) | Time:00:00.08 | Mem:0.00M, Peak:0.00M | Scene, ViewLayer | Synchronizing object | Boot.003
Fra:1 Mem:49.91M (Peak 49.91M) | Time:00:00.08 | Mem:0.00M, Peak:0.00M | Scene, ViewLayer | Synchronizing object | Head.008
Fra:1 Mem:49.94M (Peak 49.94M) | Time:00:00.08 | Mem:0.00M, Peak:0.00M | Scene, ViewLayer | Synchronizing object | Shin Guard.003
Fra:1 Mem:49.98M (Peak 49.98M) | Time:00:00.08 | Mem:0.00M, Peak:0.00M | Scene, ViewLayer | Synchronizing object | Guardian ember crystal.003
Fra:1 Mem:50.02M (Peak 50.02M) | Time:00:00.08 | Mem:0.00M, Peak:0.00M | Scene, ViewLayer | Synchronizing object | Knee Guard.003
Fra:1 Mem:50.05M (Peak 50.05M) | Time:00:00.08 | Mem:0.00M, Peak:0.00M | Scene, ViewLayer | Synchronizing object | Guardian chest plate.003
Fra:1 Mem:50.09M (Peak 50.09M) | Time:00:00.08 | Mem:0.00M, Peak:0.00M | Scene, ViewLayer | Synchronizing object | Breastplate.002
Fra:1 Mem:50.09M (Peak 50.09M) | Time:00:00.08 | Mem:0.00M, Peak:0.00M | Scene, ViewLayer | Synchronizing object | Cuff Trim.017
Fra:1 Mem:50.12M (Peak 50.12M) | Time:00:00.08 | Mem:0.00M, Peak:0.00M | Scene, ViewLayer | Synchronizing object | Forearm Bracer.017
Fra:1 Mem:50.15M (Peak 50.15M) | Time:00:00.08 | Mem:0.00M, Peak:0.00M | Scene, ViewLayer | Synchronizing object | Belt.002
Fra:1 Mem:50.19M (Peak 50.19M) | Time:00:00.08 | Mem:0.00M, Peak:0.00M | Scene, ViewLayer | Synchronizing object | Guardian layered pauldron.007
Fra:1 Mem:50.22M (Peak 50.22M) | Time:00:00.08 | Mem:0.00M, Peak:0.00M | Scene, ViewLayer | Synchronizing object | Buckle.002
Fra:1 Mem:50.24M (Peak 50.24M) | Time:00:00.08 | Mem:0.00M, Peak:0.00M | Scene, ViewLayer | Synchronizing object | Great Hammer.003
Fra:1 Mem:50.28M (Peak 50.28M) | Time:00:00.08 | Mem:0.00M, Peak:0.00M | Scene, ViewLayer | Synchronizing object | Pauldrons.004
Fra:1 Mem:50.29M (Peak 50.29M) | Time:00:00.08 | Mem:0.00M, Peak:0.00M | Scene, ViewLayer | Synchronizing object | Hammer Grip.003
Fra:1 Mem:50.31M (Peak 50.31M) | Time:00:00.08 | Mem:0.00M, Peak:0.00M | Scene, ViewLayer | Synchronizing object | Glove.017
Fra:1 Mem:50.35M (Peak 50.35M) | Time:00:00.08 | Mem:0.00M, Peak:0.00M | Scene, ViewLayer | Synchronizing object | Sleeve.004
Fra:1 Mem:50.38M (Peak 50.38M) | Time:00:00.08 | Mem:0.00M, Peak:0.00M | Scene, ViewLayer | Synchronizing object | Sleeve.017
Fra:1 Mem:50.42M (Peak 50.42M) | Time:00:00.08 | Mem:0.00M, Peak:0.00M | Scene, ViewLayer | Synchronizing object | Glove.004
Fra:1 Mem:50.45M (Peak 50.45M) | Time:00:00.08 | Mem:0.00M, Peak:0.00M | Scene, ViewLayer | Synchronizing object | Pauldrons.017
Fra:1 Mem:50.49M (Peak 50.49M) | Time:00:00.08 | Mem:0.00M, Peak:0.00M | Scene, ViewLayer | Synchronizing object | Cuff Trim.016
Fra:1 Mem:50.50M (Peak 50.50M) | Time:00:00.08 | Mem:0.00M, Peak:0.00M | Scene, ViewLayer | Synchronizing object | Forearm Bracer.004
Fra:1 Mem:50.52M (Peak 50.52M) | Time:00:00.08 | Mem:0.00M, Peak:0.00M | Scene, ViewLayer | Synchronizing object | Forearm Bracer.016
Fra:1 Mem:50.57M (Peak 50.57M) | Time:00:00.08 | Mem:0.00M, Peak:0.00M | Scene, ViewLayer | Synchronizing object | Cuff Trim.004
Fra:1 Mem:50.58M (Peak 50.58M) | Time:00:00.08 | Mem:0.00M, Peak:0.00M | Scene, ViewLayer | Synchronizing object | Guardian layered pauldron.006
Fra:1 Mem:50.61M (Peak 50.61M) | Time:00:00.08 | Mem:0.00M, Peak:0.00M | Scene, ViewLayer | Synchronizing object | Pauldrons.005
Fra:1 Mem:50.65M (Peak 50.65M) | Time:00:00.08 | Mem:0.00M, Peak:0.00M | Scene, ViewLayer | Synchronizing object | Glove.016
Fra:1 Mem:50.64M (Peak 50.65M) | Time:00:00.08 | Mem:0.00M, Peak:0.00M | Scene, ViewLayer | Synchronizing object | Sleeve.005
Fra:1 Mem:50.71M (Peak 50.71M) | Time:00:00.08 | Mem:0.00M, Peak:0.00M | Scene, ViewLayer | Synchronizing object | Sleeve.016
Fra:1 Mem:50.74M (Peak 50.74M) | Time:00:00.08 | Mem:0.00M, Peak:0.00M | Scene, ViewLayer | Synchronizing object | Glove.005
Fra:1 Mem:50.78M (Peak 50.78M) | Time:00:00.08 | Mem:0.00M, Peak:0.00M | Scene, ViewLayer | Synchronizing object | Pauldrons.016
Fra:1 Mem:50.81M (Peak 50.81M) | Time:00:00.08 | Mem:0.00M, Peak:0.00M | Scene, ViewLayer | Synchronizing object | Goblin Knife.002
Fra:1 Mem:50.83M (Peak 50.83M) | Time:00:00.08 | Mem:0.00M, Peak:0.00M | Scene, ViewLayer | Synchronizing object | Buckle.008
Fra:1 Mem:50.87M (Peak 50.87M) | Time:00:00.08 | Mem:0.00M, Peak:0.00M | Scene, ViewLayer | Synchronizing object | Forearm Bracer.005
Fra:1 Mem:50.89M (Peak 50.89M) | Time:00:00.08 | Mem:0.00M, Peak:0.00M | Scene, ViewLayer | Synchronizing object | Belt.008
Fra:1 Mem:50.94M (Peak 50.94M) | Time:00:00.08 | Mem:0.00M, Peak:0.00M | Scene, ViewLayer | Synchronizing object | Breastplate.008
Fra:1 Mem:50.95M (Peak 50.95M) | Time:00:00.08 | Mem:0.00M, Peak:0.00M | Scene, ViewLayer | Synchronizing object | Cuff Trim.005
Fra:1 Mem:50.98M (Peak 50.98M) | Time:00:00.08 | Mem:0.00M, Peak:0.00M | Scene, ViewLayer | Synchronizing object | Knee Guard.015
Fra:1 Mem:51.00M (Peak 51.00M) | Time:00:00.08 | Mem:0.00M, Peak:0.00M | Scene, ViewLayer | Synchronizing object | Head.002
Fra:1 Mem:51.04M (Peak 51.04M) | Time:00:00.08 | Mem:0.00M, Peak:0.00M | Scene, ViewLayer | Synchronizing object | Shin Guard.015
Fra:1 Mem:51.08M (Peak 51.08M) | Time:00:00.08 | Mem:0.00M, Peak:0.00M | Scene, ViewLayer | Synchronizing object | Eyes L.002
Fra:1 Mem:51.11M (Peak 51.11M) | Time:00:00.08 | Mem:0.00M, Peak:0.00M | Scene, ViewLayer | Synchronizing object | Boot.015
Fra:1 Mem:51.14M (Peak 51.14M) | Time:00:00.08 | Mem:0.00M, Peak:0.00M | Scene, ViewLayer | Synchronizing object | Trouser.015
Fra:1 Mem:51.15M (Peak 51.15M) | Time:00:00.08 | Mem:0.00M, Peak:0.00M | Scene, ViewLayer | Synchronizing object | Eyes R.002
Fra:1 Mem:51.21M (Peak 51.21M) | Time:00:00.08 | Mem:0.00M, Peak:0.00M | Scene, ViewLayer | Synchronizing object | Knee Guard.014
Fra:1 Mem:51.23M (Peak 51.23M) | Time:00:00.08 | Mem:0.00M, Peak:0.00M | Scene, ViewLayer | Synchronizing object | Long Ear.004
Fra:1 Mem:51.27M (Peak 51.27M) | Time:00:00.08 | Mem:0.00M, Peak:0.00M | Scene, ViewLayer | Synchronizing object | Shin Guard.014
Fra:1 Mem:51.31M (Peak 51.31M) | Time:00:00.08 | Mem:0.00M, Peak:0.00M | Scene, ViewLayer | Synchronizing object | Long Ear.005
Fra:1 Mem:51.35M (Peak 51.35M) | Time:00:00.08 | Mem:0.00M, Peak:0.00M | Scene, ViewLayer | Synchronizing object | Boot.014
Fra:1 Mem:51.37M (Peak 51.37M) | Time:00:00.08 | Mem:0.00M, Peak:0.00M | Scene, ViewLayer | Synchronizing object | Trouser.014
Fra:1 Mem:51.40M (Peak 51.40M) | Time:00:00.08 | Mem:0.00M, Peak:0.00M | Scene, ViewLayer | Synchronizing object | Leather Cap.002
Fra:1 Mem:51.44M (Peak 51.44M) | Time:00:00.08 | Mem:0.00M, Peak:0.00M | Scene, ViewLayer | Synchronizing object | Crown Crystal.002
Fra:1 Mem:51.44M (Peak 51.44M) | Time:00:00.08 | Mem:0.00M, Peak:0.00M | Scene, ViewLayer | Synchronizing object | Goblin brow left.002
Fra:1 Mem:51.50M (Peak 51.50M) | Time:00:00.08 | Mem:0.00M, Peak:0.00M | Scene, ViewLayer | Synchronizing object | Goblin brow right.002
Fra:1 Mem:51.54M (Peak 51.54M) | Time:00:00.08 | Mem:0.00M, Peak:0.00M | Scene, ViewLayer | Synchronizing object | Goblin nose.002
Fra:1 Mem:51.57M (Peak 51.57M) | Time:00:00.08 | Mem:0.00M, Peak:0.00M | Scene, ViewLayer | Synchronizing object | Trouser.004
Fra:1 Mem:51.61M (Peak 51.61M) | Time:00:00.08 | Mem:0.00M, Peak:0.00M | Scene, ViewLayer | Synchronizing object | Boot.004
Fra:1 Mem:51.63M (Peak 51.63M) | Time:00:00.08 | Mem:0.00M, Peak:0.00M | Scene, ViewLayer | Synchronizing object | Iron Crown.002
Fra:1 Mem:51.65M (Peak 51.65M) | Time:00:00.08 | Mem:0.00M, Peak:0.00M | Scene, ViewLayer | Synchronizing object | Shin Guard.004
Fra:1 Mem:51.70M (Peak 51.70M) | Time:00:00.08 | Mem:0.00M, Peak:0.00M | Scene, ViewLayer | Synchronizing object | Stone Horn.005
Fra:1 Mem:51.73M (Peak 51.73M) | Time:00:00.08 | Mem:0.00M, Peak:0.00M | Scene, ViewLayer | Synchronizing object | Knee Guard.004
Fra:1 Mem:51.77M (Peak 51.77M) | Time:00:00.08 | Mem:0.00M, Peak:0.00M | Scene, ViewLayer | Synchronizing object | Stone Horn.004
Fra:1 Mem:51.80M (Peak 51.80M) | Time:00:00.08 | Mem:0.00M, Peak:0.00M | Scene, ViewLayer | Synchronizing object | Trouser.005
Fra:1 Mem:51.84M (Peak 51.84M) | Time:00:00.08 | Mem:0.00M, Peak:0.00M | Scene, ViewLayer | Synchronizing object | Eyes R.007
Fra:1 Mem:51.88M (Peak 51.88M) | Time:00:00.08 | Mem:0.00M, Peak:0.00M | Scene, ViewLayer | Synchronizing object | Boot.005
Fra:1 Mem:51.90M (Peak 51.90M) | Time:00:00.08 | Mem:0.00M, Peak:0.00M | Scene, ViewLayer | Synchronizing object | Eyes L.007
Fra:1 Mem:51.92M (Peak 51.92M) | Time:00:00.08 | Mem:0.00M, Peak:0.00M | Scene, ViewLayer | Synchronizing object | Shin Guard.005
Fra:1 Mem:51.97M (Peak 51.97M) | Time:00:00.08 | Mem:0.00M, Peak:0.00M | Scene, ViewLayer | Synchronizing object | Head.007
Fra:1 Mem:52.00M (Peak 52.00M) | Time:00:00.08 | Mem:0.00M, Peak:0.00M | Scene, ViewLayer | Synchronizing object | Knee Guard.005
Fra:1 Mem:52.04M (Peak 52.04M) | Time:00:00.08 | Mem:0.00M, Peak:0.00M | Scene, ViewLayer | Synchronizing object | Guardian ember crystal.002
Fra:1 Mem:52.07M (Peak 52.07M) | Time:00:00.08 | Mem:0.00M, Peak:0.00M | Scene, ViewLayer | Synchronizing object | Breastplate.003
Fra:1 Mem:52.10M (Peak 52.10M) | Time:00:00.08 | Mem:0.00M, Peak:0.00M | Scene, ViewLayer | Synchronizing object | Guardian chest plate.002
Fra:1 Mem:52.13M (Peak 52.13M) | Time:00:00.08 | Mem:0.00M, Peak:0.00M | Scene, ViewLayer | Synchronizing object | Belt.003
Fra:1 Mem:52.16M (Peak 52.16M) | Time:00:00.08 | Mem:0.00M, Peak:0.00M | Scene, ViewLayer | Synchronizing object | Cuff Trim.015
Fra:1 Mem:52.17M (Peak 52.17M) | Time:00:00.08 | Mem:0.00M, Peak:0.00M | Scene, ViewLayer | Synchronizing object | Forearm Bracer.015
Fra:1 Mem:52.17M (Peak 52.17M) | Time:00:00.08 | Mem:0.00M, Peak:0.00M | Scene, ViewLayer | Synchronizing object | Buckle.003
Fra:1 Mem:52.21M (Peak 52.21M) | Time:00:00.08 | Mem:0.00M, Peak:0.00M | Scene, ViewLayer | Synchronizing object | Pauldrons.006
Fra:1 Mem:52.23M (Peak 52.23M) | Time:00:00.08 | Mem:0.00M, Peak:0.00M | Scene, ViewLayer | Synchronizing object | Sleeve.006
Fra:1 Mem:52.27M (Peak 52.27M) | Time:00:00.08 | Mem:0.00M, Peak:0.00M | Scene, ViewLayer | Synchronizing object | Glove.006
Fra:1 Mem:52.31M (Peak 52.31M) | Time:00:00.08 | Mem:0.00M, Peak:0.00M | Scene, ViewLayer | Synchronizing object | Forearm Bracer.006
Fra:1 Mem:52.34M (Peak 52.34M) | Time:00:00.08 | Mem:0.00M, Peak:0.00M | Scene, ViewLayer | Synchronizing object | Cuff Trim.006
Fra:1 Mem:52.35M (Peak 52.35M) | Time:00:00.08 | Mem:0.00M, Peak:0.00M | Scene, ViewLayer | Synchronizing object | Pauldrons.007
Fra:1 Mem:52.41M (Peak 52.41M) | Time:00:00.08 | Mem:0.00M, Peak:0.00M | Scene, ViewLayer | Synchronizing object | Sleeve.007
Fra:1 Mem:52.44M (Peak 52.44M) | Time:00:00.08 | Mem:0.00M, Peak:0.00M | Scene, ViewLayer | Synchronizing object | Guardian layered pauldron.005
Fra:1 Mem:52.48M (Peak 52.48M) | Time:00:00.08 | Mem:0.00M, Peak:0.00M | Scene, ViewLayer | Synchronizing object | Glove.007
Fra:1 Mem:52.49M (Peak 52.49M) | Time:00:00.08 | Mem:0.00M, Peak:0.00M | Scene, ViewLayer | Synchronizing object | Great Hammer.002
Fra:1 Mem:52.54M (Peak 52.54M) | Time:00:00.08 | Mem:0.00M, Peak:0.00M | Scene, ViewLayer | Synchronizing object | Hammer Grip.002
Fra:1 Mem:52.55M (Peak 52.55M) | Time:00:00.08 | Mem:0.00M, Peak:0.00M | Scene, ViewLayer | Synchronizing object | Goblin Knife.003
Fra:1 Mem:52.56M (Peak 52.56M) | Time:00:00.08 | Mem:0.00M, Peak:0.00M | Scene, ViewLayer | Synchronizing object | Glove.015
Fra:1 Mem:52.62M (Peak 52.62M) | Time:00:00.08 | Mem:0.00M, Peak:0.00M | Scene, ViewLayer | Synchronizing object | Sleeve.015
Fra:1 Mem:52.64M (Peak 52.64M) | Time:00:00.08 | Mem:0.00M, Peak:0.00M | Scene, ViewLayer | Synchronizing object | Forearm Bracer.007
Fra:1 Mem:52.69M (Peak 52.69M) | Time:00:00.08 | Mem:0.00M, Peak:0.00M | Scene, ViewLayer | Synchronizing object | Pauldrons.015
Fra:1 Mem:52.72M (Peak 52.72M) | Time:00:00.08 | Mem:0.00M, Peak:0.00M | Scene, ViewLayer | Synchronizing object | Cuff Trim.007
Fra:1 Mem:52.73M (Peak 52.73M) | Time:00:00.08 | Mem:0.00M, Peak:0.00M | Scene, ViewLayer | Synchronizing object | Cuff Trim.014
Fra:1 Mem:52.74M (Peak 52.74M) | Time:00:00.08 | Mem:0.00M, Peak:0.00M | Scene, ViewLayer | Synchronizing object | Head.003
Fra:1 Mem:52.76M (Peak 52.76M) | Time:00:00.08 | Mem:0.00M, Peak:0.00M | Scene, ViewLayer | Synchronizing object | Forearm Bracer.014
Fra:1 Mem:52.82M (Peak 52.82M) | Time:00:00.08 | Mem:0.00M, Peak:0.00M | Scene, ViewLayer | Synchronizing object | Eyes L.003
Fra:1 Mem:52.85M (Peak 52.85M) | Time:00:00.08 | Mem:0.00M, Peak:0.00M | Scene, ViewLayer | Synchronizing object | Eyes R.003
Fra:1 Mem:52.88M (Peak 52.88M) | Time:00:00.08 | Mem:0.00M, Peak:0.00M | Scene, ViewLayer | Synchronizing object | Long Ear.006
Fra:1 Mem:52.92M (Peak 52.92M) | Time:00:00.08 | Mem:0.00M, Peak:0.00M | Scene, ViewLayer | Synchronizing object | Long Ear.007
Fra:1 Mem:52.96M (Peak 52.96M) | Time:00:00.08 | Mem:0.00M, Peak:0.00M | Scene, ViewLayer | Synchronizing object | Leather Cap.003
Fra:1 Mem:52.99M (Peak 52.99M) | Time:00:00.08 | Mem:0.00M, Peak:0.00M | Scene, ViewLayer | Synchronizing object | Goblin brow left.003
Fra:1 Mem:53.02M (Peak 53.02M) | Time:00:00.08 | Mem:0.00M, Peak:0.00M | Scene, ViewLayer | Synchronizing object | Goblin brow right.003
Fra:1 Mem:53.06M (Peak 53.06M) | Time:00:00.08 | Mem:0.00M, Peak:0.00M | Scene, ViewLayer | Synchronizing object | Goblin nose.003
Fra:1 Mem:53.10M (Peak 53.10M) | Time:00:00.08 | Mem:0.00M, Peak:0.00M | Scene, ViewLayer | Synchronizing object | Trouser.006
Fra:1 Mem:53.13M (Peak 53.13M) | Time:00:00.08 | Mem:0.00M, Peak:0.00M | Scene, ViewLayer | Synchronizing object | Boot.006
Fra:1 Mem:53.15M (Peak 53.15M) | Time:00:00.08 | Mem:0.00M, Peak:0.00M | Scene, ViewLayer | Synchronizing object | Shin Guard.006
Fra:1 Mem:53.19M (Peak 53.19M) | Time:00:00.08 | Mem:0.00M, Peak:0.00M | Scene, ViewLayer | Synchronizing object | Knee Guard.006
Fra:1 Mem:53.22M (Peak 53.22M) | Time:00:00.08 | Mem:0.00M, Peak:0.00M | Scene, ViewLayer | Synchronizing object | Trouser.007
Fra:1 Mem:53.26M (Peak 53.26M) | Time:00:00.08 | Mem:0.00M, Peak:0.00M | Scene, ViewLayer | Synchronizing object | Boot.007
Fra:1 Mem:53.28M (Peak 53.28M) | Time:00:00.08 | Mem:0.00M, Peak:0.00M | Scene, ViewLayer | Synchronizing object | Shin Guard.007
Fra:1 Mem:53.31M (Peak 53.31M) | Time:00:00.08 | Mem:0.00M, Peak:0.00M | Scene, ViewLayer | Synchronizing object | Knee Guard.007
Fra:1 Mem:53.35M (Peak 53.35M) | Time:00:00.08 | Mem:0.00M, Peak:0.00M | Scene, ViewLayer | Synchronizing object | Breastplate.004
Fra:1 Mem:53.38M (Peak 53.38M) | Time:00:00.08 | Mem:0.00M, Peak:0.00M | Scene, ViewLayer | Synchronizing object | Belt.004
Fra:1 Mem:53.41M (Peak 53.41M) | Time:00:00.08 | Mem:0.00M, Peak:0.00M | Scene, ViewLayer | Synchronizing object | Buckle.004
Fra:1 Mem:53.44M (Peak 53.44M) | Time:00:00.08 | Mem:0.00M, Peak:0.00M | Scene, ViewLayer | Synchronizing object | Pauldrons.008
Fra:1 Mem:53.46M (Peak 53.46M) | Time:00:00.08 | Mem:0.00M, Peak:0.00M | Scene, ViewLayer | Synchronizing object | Sleeve.008
Fra:1 Mem:53.50M (Peak 53.50M) | Time:00:00.08 | Mem:0.00M, Peak:0.00M | Scene, ViewLayer | Synchronizing object | Glove.008
Fra:1 Mem:53.53M (Peak 53.53M) | Time:00:00.08 | Mem:0.00M, Peak:0.00M | Scene, ViewLayer | Synchronizing object | Forearm Bracer.008
Fra:1 Mem:53.57M (Peak 53.57M) | Time:00:00.08 | Mem:0.00M, Peak:0.00M | Scene, ViewLayer | Synchronizing object | Cuff Trim.008
Fra:1 Mem:53.58M (Peak 53.58M) | Time:00:00.08 | Mem:0.00M, Peak:0.00M | Scene, ViewLayer | Synchronizing object | Pauldrons.009
Fra:1 Mem:53.61M (Peak 53.61M) | Time:00:00.08 | Mem:0.00M, Peak:0.00M | Scene, ViewLayer | Synchronizing object | Sleeve.009
Fra:1 Mem:53.65M (Peak 53.65M) | Time:00:00.08 | Mem:0.00M, Peak:0.00M | Scene, ViewLayer | Synchronizing object | Glove.009
Fra:1 Mem:53.68M (Peak 53.68M) | Time:00:00.08 | Mem:0.00M, Peak:0.00M | Scene, ViewLayer | Synchronizing object | Goblin Knife.004
Fra:1 Mem:53.71M (Peak 53.71M) | Time:00:00.08 | Mem:0.00M, Peak:0.00M | Scene, ViewLayer | Synchronizing object | Forearm Bracer.009
Fra:1 Mem:53.75M (Peak 53.75M) | Time:00:00.08 | Mem:0.00M, Peak:0.00M | Scene, ViewLayer | Synchronizing object | Cuff Trim.009
Fra:1 Mem:53.76M (Peak 53.76M) | Time:00:00.08 | Mem:0.00M, Peak:0.00M | Scene, ViewLayer | Synchronizing object | Head.004
Fra:1 Mem:53.79M (Peak 53.79M) | Time:00:00.08 | Mem:0.00M, Peak:0.00M | Scene, ViewLayer | Synchronizing object | Eyes L.004
Fra:1 Mem:53.83M (Peak 53.83M) | Time:00:00.08 | Mem:0.00M, Peak:0.00M | Scene, ViewLayer | Synchronizing object | Eyes R.004
Fra:1 Mem:53.86M (Peak 53.86M) | Time:00:00.08 | Mem:0.00M, Peak:0.00M | Scene, ViewLayer | Synchronizing object | Long Ear.008
Fra:1 Mem:53.90M (Peak 53.90M) | Time:00:00.08 | Mem:0.00M, Peak:0.00M | Scene, ViewLayer | Synchronizing object | Long Ear.009
Fra:1 Mem:53.94M (Peak 53.94M) | Time:00:00.08 | Mem:0.00M, Peak:0.00M | Scene, ViewLayer | Synchronizing object | Leather Cap.004
Fra:1 Mem:53.96M (Peak 53.96M) | Time:00:00.08 | Mem:0.00M, Peak:0.00M | Scene, ViewLayer | Synchronizing object | Goblin brow left.004
Fra:1 Mem:54.00M (Peak 54.00M) | Time:00:00.08 | Mem:0.00M, Peak:0.00M | Scene, ViewLayer | Synchronizing object | Goblin brow right.004
Fra:1 Mem:54.04M (Peak 54.04M) | Time:00:00.08 | Mem:0.00M, Peak:0.00M | Scene, ViewLayer | Synchronizing object | Goblin nose.004
Fra:1 Mem:54.07M (Peak 54.07M) | Time:00:00.08 | Mem:0.00M, Peak:0.00M | Scene, ViewLayer | Synchronizing object | Trouser.008
Fra:1 Mem:54.11M (Peak 54.11M) | Time:00:00.08 | Mem:0.00M, Peak:0.00M | Scene, ViewLayer | Synchronizing object | Boot.008
Fra:1 Mem:54.13M (Peak 54.13M) | Time:00:00.08 | Mem:0.00M, Peak:0.00M | Scene, ViewLayer | Synchronizing object | Shin Guard.008
Fra:1 Mem:54.17M (Peak 54.17M) | Time:00:00.08 | Mem:0.00M, Peak:0.00M | Scene, ViewLayer | Synchronizing object | Knee Guard.008
Fra:1 Mem:54.20M (Peak 54.20M) | Time:00:00.08 | Mem:0.00M, Peak:0.00M | Scene, ViewLayer | Synchronizing object | Trouser.009
Fra:1 Mem:54.24M (Peak 54.24M) | Time:00:00.08 | Mem:0.00M, Peak:0.00M | Scene, ViewLayer | Synchronizing object | Boot.009
Fra:1 Mem:54.26M (Peak 54.26M) | Time:00:00.08 | Mem:0.00M, Peak:0.00M | Scene, ViewLayer | Synchronizing object | Shin Guard.009
Fra:1 Mem:54.29M (Peak 54.29M) | Time:00:00.08 | Mem:0.00M, Peak:0.00M | Scene, ViewLayer | Synchronizing object | Knee Guard.009
Fra:1 Mem:54.33M (Peak 54.33M) | Time:00:00.08 | Mem:0.00M, Peak:0.00M | Scene, ViewLayer | Synchronizing object | Breastplate.005
Fra:1 Mem:54.35M (Peak 54.35M) | Time:00:00.08 | Mem:0.00M, Peak:0.00M | Scene, ViewLayer | Synchronizing object | Belt.005
Fra:1 Mem:54.38M (Peak 54.38M) | Time:00:00.08 | Mem:0.00M, Peak:0.00M | Scene, ViewLayer | Synchronizing object | Buckle.005
Fra:1 Mem:54.41M (Peak 54.41M) | Time:00:00.08 | Mem:0.00M, Peak:0.00M | Scene, ViewLayer | Synchronizing object | Pauldrons.010
Fra:1 Mem:54.44M (Peak 54.44M) | Time:00:00.08 | Mem:0.00M, Peak:0.00M | Scene, ViewLayer | Synchronizing object | Sleeve.010
Fra:1 Mem:54.48M (Peak 54.48M) | Time:00:00.08 | Mem:0.00M, Peak:0.00M | Scene, ViewLayer | Synchronizing object | Glove.010
Fra:1 Mem:54.51M (Peak 54.51M) | Time:00:00.08 | Mem:0.00M, Peak:0.00M | Scene, ViewLayer | Synchronizing object | Guardian layered pauldron
Fra:1 Mem:54.54M (Peak 54.54M) | Time:00:00.08 | Mem:0.00M, Peak:0.00M | Scene, ViewLayer | Synchronizing object | Forearm Bracer.010
Fra:1 Mem:54.58M (Peak 54.58M) | Time:00:00.08 | Mem:0.00M, Peak:0.00M | Scene, ViewLayer | Synchronizing object | Cuff Trim.010
Fra:1 Mem:54.59M (Peak 54.59M) | Time:00:00.08 | Mem:0.00M, Peak:0.00M | Scene, ViewLayer | Synchronizing object | Pauldrons.011
Fra:1 Mem:54.62M (Peak 54.62M) | Time:00:00.08 | Mem:0.00M, Peak:0.00M | Scene, ViewLayer | Synchronizing object | Sleeve.011
Fra:1 Mem:54.66M (Peak 54.66M) | Time:00:00.08 | Mem:0.00M, Peak:0.00M | Scene, ViewLayer | Synchronizing object | Glove.011
Fra:1 Mem:54.69M (Peak 54.69M) | Time:00:00.08 | Mem:0.00M, Peak:0.00M | Scene, ViewLayer | Synchronizing object | Hammer Grip
Fra:1 Mem:54.70M (Peak 54.70M) | Time:00:00.08 | Mem:0.00M, Peak:0.00M | Scene, ViewLayer | Synchronizing object | Great Hammer
Fra:1 Mem:54.73M (Peak 54.73M) | Time:00:00.08 | Mem:0.00M, Peak:0.00M | Scene, ViewLayer | Synchronizing object | Guardian layered pauldron.001
Fra:1 Mem:54.76M (Peak 54.76M) | Time:00:00.08 | Mem:0.00M, Peak:0.00M | Scene, ViewLayer | Synchronizing object | Forearm Bracer.011
Fra:1 Mem:54.80M (Peak 54.80M) | Time:00:00.08 | Mem:0.00M, Peak:0.00M | Scene, ViewLayer | Synchronizing object | Cuff Trim.011
Fra:1 Mem:54.81M (Peak 54.81M) | Time:00:00.08 | Mem:0.00M, Peak:0.00M | Scene, ViewLayer | Synchronizing object | Guardian chest plate
Fra:1 Mem:54.84M (Peak 54.84M) | Time:00:00.08 | Mem:0.00M, Peak:0.00M | Scene, ViewLayer | Synchronizing object | Guardian ember crystal
Fra:1 Mem:54.87M (Peak 54.87M) | Time:00:00.08 | Mem:0.00M, Peak:0.00M | Scene, ViewLayer | Synchronizing object | Head.005
Fra:1 Mem:54.91M (Peak 54.91M) | Time:00:00.08 | Mem:0.00M, Peak:0.00M | Scene, ViewLayer | Synchronizing object | Eyes L.005
Fra:1 Mem:54.94M (Peak 54.94M) | Time:00:00.08 | Mem:0.00M, Peak:0.00M | Scene, ViewLayer | Synchronizing object | Eyes R.005
Fra:1 Mem:54.98M (Peak 54.98M) | Time:00:00.08 | Mem:0.00M, Peak:0.00M | Scene, ViewLayer | Synchronizing object | Stone Horn
Fra:1 Mem:55.01M (Peak 55.01M) | Time:00:00.08 | Mem:0.00M, Peak:0.00M | Scene, ViewLayer | Synchronizing object | Stone Horn.001
Fra:1 Mem:55.05M (Peak 55.05M) | Time:00:00.08 | Mem:0.00M, Peak:0.00M | Scene, ViewLayer | Synchronizing object | Iron Crown
Fra:1 Mem:55.08M (Peak 55.08M) | Time:00:00.08 | Mem:0.00M, Peak:0.00M | Scene, ViewLayer | Synchronizing object | Crown Crystal
Fra:1 Mem:55.11M (Peak 55.11M) | Time:00:00.08 | Mem:0.00M, Peak:0.00M | Scene, ViewLayer | Synchronizing object | Trouser.010
Fra:1 Mem:55.15M (Peak 55.15M) | Time:00:00.08 | Mem:0.00M, Peak:0.00M | Scene, ViewLayer | Synchronizing object | Boot.010
Fra:1 Mem:55.17M (Peak 55.17M) | Time:00:00.08 | Mem:0.00M, Peak:0.00M | Scene, ViewLayer | Synchronizing object | Shin Guard.010
Fra:1 Mem:55.21M (Peak 55.21M) | Time:00:00.08 | Mem:0.00M, Peak:0.00M | Scene, ViewLayer | Synchronizing object | Knee Guard.010
Fra:1 Mem:55.24M (Peak 55.24M) | Time:00:00.08 | Mem:0.00M, Peak:0.00M | Scene, ViewLayer | Synchronizing object | Trouser.011
Fra:1 Mem:55.28M (Peak 55.28M) | Time:00:00.08 | Mem:0.00M, Peak:0.00M | Scene, ViewLayer | Synchronizing object | Boot.011
Fra:1 Mem:55.30M (Peak 55.30M) | Time:00:00.08 | Mem:0.00M, Peak:0.00M | Scene, ViewLayer | Synchronizing object | Shin Guard.011
Fra:1 Mem:55.33M (Peak 55.33M) | Time:00:00.08 | Mem:0.00M, Peak:0.00M | Scene, ViewLayer | Synchronizing object | Knee Guard.011
Fra:1 Mem:55.37M (Peak 55.37M) | Time:00:00.08 | Mem:0.00M, Peak:0.00M | Scene, ViewLayer | Synchronizing object | Breastplate.006
Fra:1 Mem:55.39M (Peak 55.39M) | Time:00:00.08 | Mem:0.00M, Peak:0.00M | Scene, ViewLayer | Synchronizing object | Belt.006
Fra:1 Mem:55.42M (Peak 55.42M) | Time:00:00.08 | Mem:0.00M, Peak:0.00M | Scene, ViewLayer | Synchronizing object | Buckle.006
Fra:1 Mem:55.45M (Peak 55.45M) | Time:00:00.08 | Mem:0.00M, Peak:0.00M | Scene, ViewLayer | Synchronizing object | Pauldrons.012
Fra:1 Mem:55.48M (Peak 55.48M) | Time:00:00.08 | Mem:0.00M, Peak:0.00M | Scene, ViewLayer | Synchronizing object | Sleeve.012
Fra:1 Mem:55.52M (Peak 55.52M) | Time:00:00.08 | Mem:0.00M, Peak:0.00M | Scene, ViewLayer | Synchronizing object | Glove.012
Fra:1 Mem:55.55M (Peak 55.55M) | Time:00:00.08 | Mem:0.00M, Peak:0.00M | Scene, ViewLayer | Synchronizing object | Guardian layered pauldron.002
Fra:1 Mem:55.58M (Peak 55.58M) | Time:00:00.08 | Mem:0.00M, Peak:0.00M | Scene, ViewLayer | Synchronizing object | Forearm Bracer.012
Fra:1 Mem:55.62M (Peak 55.62M) | Time:00:00.08 | Mem:0.00M, Peak:0.00M | Scene, ViewLayer | Synchronizing object | Cuff Trim.012
Fra:1 Mem:55.63M (Peak 55.63M) | Time:00:00.08 | Mem:0.00M, Peak:0.00M | Scene, ViewLayer | Synchronizing object | Pauldrons.013
Fra:1 Mem:55.69M (Peak 55.69M) | Time:00:00.08 | Mem:0.00M, Peak:0.00M | Scene, ViewLayer | Synchronizing object | Glove.014
Fra:1 Mem:55.73M (Peak 55.73M) | Time:00:00.08 | Mem:0.00M, Peak:0.00M | Scene, ViewLayer | Synchronizing object | Sleeve.014
Fra:1 Mem:55.76M (Peak 55.76M) | Time:00:00.08 | Mem:0.00M, Peak:0.00M | Scene, ViewLayer | Synchronizing object | Pauldrons.014
Fra:1 Mem:55.79M (Peak 55.79M) | Time:00:00.08 | Mem:0.00M, Peak:0.00M | Scene, ViewLayer | Synchronizing object | Buckle.007
Fra:1 Mem:55.82M (Peak 55.82M) | Time:00:00.08 | Mem:0.00M, Peak:0.00M | Scene, ViewLayer | Synchronizing object | Belt.007
Fra:1 Mem:55.85M (Peak 55.85M) | Time:00:00.08 | Mem:0.00M, Peak:0.00M | Scene, ViewLayer | Synchronizing object | Breastplate.007
Fra:1 Mem:55.88M (Peak 55.88M) | Time:00:00.08 | Mem:0.00M, Peak:0.00M | Scene, ViewLayer | Synchronizing object | Knee Guard.013
Fra:1 Mem:55.91M (Peak 55.91M) | Time:00:00.08 | Mem:0.00M, Peak:0.00M | Scene, ViewLayer | Synchronizing object | Shin Guard.013
Fra:1 Mem:55.95M (Peak 55.95M) | Time:00:00.08 | Mem:0.00M, Peak:0.00M | Scene, ViewLayer | Synchronizing object | Boot.013
Fra:1 Mem:55.97M (Peak 55.97M) | Time:00:00.08 | Mem:0.00M, Peak:0.00M | Scene, ViewLayer | Synchronizing object | Trouser.013
Fra:1 Mem:56.01M (Peak 56.01M) | Time:00:00.08 | Mem:0.00M, Peak:0.00M | Scene, ViewLayer | Synchronizing object | Knee Guard.012
Fra:1 Mem:56.04M (Peak 56.04M) | Time:00:00.08 | Mem:0.00M, Peak:0.00M | Scene, ViewLayer | Synchronizing object | Shin Guard.012
Fra:1 Mem:56.08M (Peak 56.08M) | Time:00:00.08 | Mem:0.00M, Peak:0.00M | Scene, ViewLayer | Synchronizing object | Boot.012
Fra:1 Mem:56.10M (Peak 56.10M) | Time:00:00.08 | Mem:0.00M, Peak:0.00M | Scene, ViewLayer | Synchronizing object | Trouser.012
Fra:1 Mem:56.13M (Peak 56.13M) | Time:00:00.08 | Mem:0.00M, Peak:0.00M | Scene, ViewLayer | Synchronizing object | Crown Crystal.001
Fra:1 Mem:56.17M (Peak 56.17M) | Time:00:00.08 | Mem:0.00M, Peak:0.00M | Scene, ViewLayer | Synchronizing object | Iron Crown.001
Fra:1 Mem:56.20M (Peak 56.20M) | Time:00:00.08 | Mem:0.00M, Peak:0.00M | Scene, ViewLayer | Synchronizing object | Stone Horn.003
Fra:1 Mem:56.23M (Peak 56.23M) | Time:00:00.08 | Mem:0.00M, Peak:0.00M | Scene, ViewLayer | Synchronizing object | Stone Horn.002
Fra:1 Mem:56.27M (Peak 56.27M) | Time:00:00.09 | Mem:0.00M, Peak:0.00M | Scene, ViewLayer | Synchronizing object | Eyes R.006
Fra:1 Mem:56.30M (Peak 56.30M) | Time:00:00.09 | Mem:0.00M, Peak:0.00M | Scene, ViewLayer | Synchronizing object | Eyes L.006
Fra:1 Mem:56.34M (Peak 56.34M) | Time:00:00.09 | Mem:0.00M, Peak:0.00M | Scene, ViewLayer | Synchronizing object | Head.006
Fra:1 Mem:56.37M (Peak 56.37M) | Time:00:00.09 | Mem:0.00M, Peak:0.00M | Scene, ViewLayer | Synchronizing object | Guardian ember crystal.001
Fra:1 Mem:56.41M (Peak 56.41M) | Time:00:00.09 | Mem:0.00M, Peak:0.00M | Scene, ViewLayer | Synchronizing object | Guardian chest plate.001
Fra:1 Mem:56.44M (Peak 56.44M) | Time:00:00.09 | Mem:0.00M, Peak:0.00M | Scene, ViewLayer | Synchronizing object | Cuff Trim.013
Fra:1 Mem:56.45M (Peak 56.45M) | Time:00:00.09 | Mem:0.00M, Peak:0.00M | Scene, ViewLayer | Synchronizing object | Forearm Bracer.013
Fra:1 Mem:56.49M (Peak 56.49M) | Time:00:00.09 | Mem:0.00M, Peak:0.00M | Scene, ViewLayer | Synchronizing object | Guardian layered pauldron.003
Fra:1 Mem:56.52M (Peak 56.52M) | Time:00:00.09 | Mem:0.00M, Peak:0.00M | Scene, ViewLayer | Synchronizing object | Great Hammer.001
Fra:1 Mem:56.55M (Peak 56.55M) | Time:00:00.09 | Mem:0.00M, Peak:0.00M | Scene, ViewLayer | Synchronizing object | Hammer Grip.001
Fra:1 Mem:56.56M (Peak 56.56M) | Time:00:00.09 | Mem:0.00M, Peak:0.00M | Scene, ViewLayer | Synchronizing object | Glove.013
Fra:1 Mem:56.59M (Peak 56.59M) | Time:00:00.09 | Mem:0.00M, Peak:0.00M | Scene, ViewLayer | Synchronizing object | Sleeve.013
Fra:1 Mem:56.62M (Peak 56.62M) | Time:00:00.09 | Mem:0.00M, Peak:0.00M | Scene, ViewLayer | Initializing
Fra:1 Mem:42.27M (Peak 56.62M) | Time:00:00.10 | Mem:0.00M, Peak:0.00M | Scene, ViewLayer | Waiting for render to start
Fra:1 Mem:42.27M (Peak 56.62M) | Time:00:00.10 | Mem:0.00M, Peak:0.00M | Scene, ViewLayer | Loading render kernels (may take a few minutes the first time)
Fra:1 Mem:42.27M (Peak 56.62M) | Time:00:00.10 | Mem:0.00M, Peak:0.00M | Scene, ViewLayer | Updating Scene
Fra:1 Mem:42.27M (Peak 56.62M) | Time:00:00.10 | Mem:0.00M, Peak:0.00M | Scene, ViewLayer | Updating Shaders
Fra:1 Mem:42.36M (Peak 56.62M) | Time:00:00.10 | Mem:0.01M, Peak:0.01M | Scene, ViewLayer | Updating Procedurals
Fra:1 Mem:42.36M (Peak 56.62M) | Time:00:00.10 | Mem:0.01M, Peak:0.01M | Scene, ViewLayer | Updating Background
Fra:1 Mem:42.36M (Peak 56.62M) | Time:00:00.10 | Mem:0.01M, Peak:0.01M | Scene, ViewLayer | Updating Camera
Fra:1 Mem:42.36M (Peak 56.62M) | Time:00:00.10 | Mem:0.01M, Peak:0.01M | Scene, ViewLayer | Updating Meshes Flags
Fra:1 Mem:42.36M (Peak 56.62M) | Time:00:00.10 | Mem:0.01M, Peak:0.01M | Scene, ViewLayer | Updating Objects
Fra:1 Mem:42.36M (Peak 56.62M) | Time:00:00.10 | Mem:0.01M, Peak:0.01M | Scene, ViewLayer | Updating Objects | Copying Transformations to device
Fra:1 Mem:42.45M (Peak 56.62M) | Time:00:00.10 | Mem:0.09M, Peak:0.09M | Scene, ViewLayer | Updating Objects | Applying Static Transformations
Fra:1 Mem:42.45M (Peak 56.62M) | Time:00:00.10 | Mem:0.09M, Peak:0.09M | Scene, ViewLayer | Updating Particle Systems
Fra:1 Mem:42.45M (Peak 56.62M) | Time:00:00.10 | Mem:0.09M, Peak:0.09M | Scene, ViewLayer | Updating Particle Systems | Copying Particles to device
Fra:1 Mem:42.45M (Peak 56.62M) | Time:00:00.10 | Mem:0.09M, Peak:0.09M | Scene, ViewLayer | Updating Meshes
Fra:1 Mem:44.16M (Peak 56.62M) | Time:00:00.11 | Mem:0.09M, Peak:0.09M | Scene, ViewLayer | Updating Mesh | Computing attributes
Fra:1 Mem:45.10M (Peak 56.62M) | Time:00:00.11 | Mem:0.11M, Peak:0.11M | Scene, ViewLayer | Updating Mesh | Copying Attributes to device
Fra:1 Mem:45.05M (Peak 56.62M) | Time:00:00.11 | Mem:0.98M, Peak:0.98M | Scene, ViewLayer | Updating Scene BVH | Building
Fra:1 Mem:45.06M (Peak 56.62M) | Time:00:00.11 | Mem:0.98M, Peak:0.98M | Scene, ViewLayer | Updating Scene BVH | Building BVH
Fra:1 Mem:45.06M (Peak 56.62M) | Time:00:00.11 | Mem:4.42M, Peak:4.42M | Scene, ViewLayer | Updating Scene BVH | Building BVH 0%
Fra:1 Mem:45.06M (Peak 56.62M) | Time:00:00.21 | Mem:8.52M, Peak:11.95M | Scene, ViewLayer | Updating Scene BVH | Copying BVH to device
Fra:1 Mem:45.06M (Peak 56.62M) | Time:00:00.21 | Mem:8.52M, Peak:11.95M | Scene, ViewLayer | Updating Mesh | Computing normals
Fra:1 Mem:49.87M (Peak 56.62M) | Time:00:00.21 | Mem:8.52M, Peak:11.95M | Scene, ViewLayer | Updating Mesh | Copying Mesh to device
Fra:1 Mem:49.87M (Peak 56.62M) | Time:00:00.21 | Mem:13.33M, Peak:13.33M | Scene, ViewLayer | Updating Objects Flags
Fra:1 Mem:49.87M (Peak 56.62M) | Time:00:00.21 | Mem:13.33M, Peak:13.33M | Scene, ViewLayer | Updating Primitive Offsets
Fra:1 Mem:49.87M (Peak 56.62M) | Time:00:00.21 | Mem:13.33M, Peak:13.33M | Scene, ViewLayer | Updating Images
Fra:1 Mem:49.87M (Peak 56.62M) | Time:00:00.21 | Mem:13.33M, Peak:13.33M | Scene, ViewLayer | Updating Camera Volume
Fra:1 Mem:49.87M (Peak 56.62M) | Time:00:00.21 | Mem:13.33M, Peak:13.33M | Scene, ViewLayer | Updating Lookup Tables
Fra:1 Mem:49.87M (Peak 56.62M) | Time:00:00.21 | Mem:13.41M, Peak:13.41M | Scene, ViewLayer | Updating Lights
Fra:1 Mem:49.87M (Peak 56.62M) | Time:00:00.21 | Mem:13.41M, Peak:13.41M | Scene, ViewLayer | Updating Lights | Computing tree
Fra:1 Mem:49.87M (Peak 56.62M) | Time:00:00.21 | Mem:13.42M, Peak:13.42M | Scene, ViewLayer | Updating Integrator
Fra:1 Mem:49.87M (Peak 56.62M) | Time:00:00.21 | Mem:13.42M, Peak:13.42M | Scene, ViewLayer | Updating Film
Fra:1 Mem:49.88M (Peak 56.62M) | Time:00:00.23 | Mem:13.34M, Peak:13.42M | Scene, ViewLayer | Updating Lookup Tables
Fra:1 Mem:49.88M (Peak 56.62M) | Time:00:00.23 | Mem:13.42M, Peak:13.42M | Scene, ViewLayer | Updating Baking
Fra:1 Mem:49.88M (Peak 56.62M) | Time:00:00.23 | Mem:13.42M, Peak:13.42M | Scene, ViewLayer | Updating Device | Writing constant memory
Fra:1 Mem:49.88M (Peak 56.62M) | Time:00:00.23 | Mem:13.42M, Peak:13.42M | Scene, ViewLayer | Sample 0/24
Fra:1 Mem:84.50M (Peak 84.50M) | Time:00:02.74 | Remaining:00:57.64 | Mem:48.03M, Peak:48.03M | Scene, ViewLayer | Sample 1/24
Fra:1 Mem:84.50M (Peak 84.50M) | Time:00:19.77 | Remaining:00:32.55 | Mem:48.03M, Peak:48.03M | Scene, ViewLayer | Sample 9/24
Fra:1 Mem:99.88M (Peak 130.64M) | Time:00:37.12 | Mem:48.03M, Peak:48.03M | Scene, ViewLayer | Sample 24/24
Fra:1 Mem:99.88M (Peak 130.64M) | Time:00:37.12 | Mem:48.03M, Peak:48.03M | Scene, ViewLayer | Finished
Saved: '/tmp/enemy-knockdown-review.png'
Time: 00:37.41 (Saving: 00:00.28)

Info: Saved "enemy-knockdown-review.blend"

Blender quit
