Blender 4.3.2
Fra:1 Mem:17.24M (Peak 17.24M) | Time:00:00.01 | Mem:0.00M, Peak:0.00M | Scene, ViewLayer | Synchronizing object | Actual y=0 reference plane
Fra:1 Mem:17.25M (Peak 17.25M) | Time:00:00.01 | Mem:0.00M, Peak:0.00M | Scene, ViewLayer | Synchronizing object | Knee Guard.001
Fra:1 Mem:17.27M (Peak 17.27M) | Time:00:00.01 | Mem:0.00M, Peak:0.00M | Scene, ViewLayer | Synchronizing object | Breastplate
Fra:1 Mem:17.32M (Peak 17.32M) | Time:00:00.01 | Mem:0.00M, Peak:0.00M | Scene, ViewLayer | Synchronizing object | Belt
Fra:1 Mem:17.33M (Peak 17.33M) | Time:00:00.01 | Mem:0.00M, Peak:0.00M | Scene, ViewLayer | Synchronizing object | Shin Guard.001
Fra:1 Mem:17.38M (Peak 17.38M) | Time:00:00.01 | Mem:0.00M, Peak:0.00M | Scene, ViewLayer | Synchronizing object | Buckle
Fra:1 Mem:17.40M (Peak 17.40M) | Time:00:00.01 | Mem:0.00M, Peak:0.00M | Scene, ViewLayer | Synchronizing object | Boot.001
Fra:1 Mem:17.43M (Peak 17.43M) | Time:00:00.01 | Mem:0.00M, Peak:0.00M | Scene, ViewLayer | Synchronizing object | Trouser.001
Fra:1 Mem:17.45M (Peak 17.45M) | Time:00:00.01 | Mem:0.00M, Peak:0.00M | Scene, ViewLayer | Synchronizing object | Pauldrons
Fra:1 Mem:17.49M (Peak 17.49M) | Time:00:00.01 | Mem:0.00M, Peak:0.00M | Scene, ViewLayer | Synchronizing object | Sleeve
Fra:1 Mem:17.52M (Peak 17.52M) | Time:00:00.01 | Mem:0.00M, Peak:0.00M | Scene, ViewLayer | Synchronizing object | Knee Guard
Fra:1 Mem:17.57M (Peak 17.57M) | Time:00:00.01 | Mem:0.00M, Peak:0.00M | Scene, ViewLayer | Synchronizing object | Glove
Fra:1 Mem:17.59M (Peak 17.59M) | Time:00:00.01 | Mem:0.00M, Peak:0.00M | Scene, ViewLayer | Synchronizing object | Shin Guard
Fra:1 Mem:17.63M (Peak 17.63M) | Time:00:00.01 | Mem:0.00M, Peak:0.00M | Scene, ViewLayer | Synchronizing object | Guardian layered pauldron
Fra:1 Mem:17.66M (Peak 17.66M) | Time:00:00.01 | Mem:0.00M, Peak:0.00M | Scene, ViewLayer | Synchronizing object | Boot
Fra:1 Mem:17.69M (Peak 17.69M) | Time:00:00.01 | Mem:0.00M, Peak:0.00M | Scene, ViewLayer | Synchronizing object | Forearm Bracer
Fra:1 Mem:17.69M (Peak 17.69M) | Time:00:00.01 | Mem:0.00M, Peak:0.00M | Scene, ViewLayer | Synchronizing object | Trouser
Fra:1 Mem:17.76M (Peak 17.76M) | Time:00:00.01 | Mem:0.00M, Peak:0.00M | Scene, ViewLayer | Synchronizing object | Cuff Trim
Fra:1 Mem:17.76M (Peak 17.76M) | Time:00:00.01 | Mem:0.00M, Peak:0.00M | Scene, ViewLayer | Synchronizing object | Crown Crystal
Fra:1 Mem:17.80M (Peak 17.80M) | Time:00:00.01 | Mem:0.00M, Peak:0.00M | Scene, ViewLayer | Synchronizing object | Pauldrons.001
Fra:1 Mem:17.84M (Peak 17.84M) | Time:00:00.01 | Mem:0.00M, Peak:0.00M | Scene, ViewLayer | Synchronizing object | Iron Crown
Fra:1 Mem:17.84M (Peak 17.84M) | Time:00:00.01 | Mem:0.00M, Peak:0.00M | Scene, ViewLayer | Synchronizing object | Sleeve.001
Fra:1 Mem:17.90M (Peak 17.90M) | Time:00:00.01 | Mem:0.00M, Peak:0.00M | Scene, ViewLayer | Synchronizing object | Stone Horn.001
Fra:1 Mem:17.93M (Peak 17.93M) | Time:00:00.01 | Mem:0.00M, Peak:0.00M | Scene, ViewLayer | Synchronizing object | Stone Horn
Fra:1 Mem:17.97M (Peak 17.97M) | Time:00:00.01 | Mem:0.00M, Peak:0.00M | Scene, ViewLayer | Synchronizing object | Glove.001
Fra:1 Mem:18.00M (Peak 18.00M) | Time:00:00.01 | Mem:0.00M, Peak:0.00M | Scene, ViewLayer | Synchronizing object | Eyes R
Fra:1 Mem:18.04M (Peak 18.04M) | Time:00:00.01 | Mem:0.00M, Peak:0.00M | Scene, ViewLayer | Synchronizing object | Hammer Grip
Fra:1 Mem:18.05M (Peak 18.05M) | Time:00:00.01 | Mem:0.00M, Peak:0.00M | Scene, ViewLayer | Synchronizing object | Eyes L
Fra:1 Mem:18.08M (Peak 18.08M) | Time:00:00.01 | Mem:0.00M, Peak:0.00M | Scene, ViewLayer | Synchronizing object | Great Hammer
Fra:1 Mem:18.11M (Peak 18.11M) | Time:00:00.01 | Mem:0.00M, Peak:0.00M | Scene, ViewLayer | Synchronizing object | Head
Fra:1 Mem:18.15M (Peak 18.15M) | Time:00:00.01 | Mem:0.00M, Peak:0.00M | Scene, ViewLayer | Synchronizing object | Guardian layered pauldron.001
Fra:1 Mem:18.18M (Peak 18.18M) | Time:00:00.01 | Mem:0.00M, Peak:0.00M | Scene, ViewLayer | Synchronizing object | Guardian ember crystal
Fra:1 Mem:18.21M (Peak 18.21M) | Time:00:00.01 | Mem:0.00M, Peak:0.00M | Scene, ViewLayer | Synchronizing object | Forearm Bracer.001
Fra:1 Mem:18.24M (Peak 18.24M) | Time:00:00.01 | Mem:0.00M, Peak:0.00M | Scene, ViewLayer | Synchronizing object | Guardian chest plate
Fra:1 Mem:18.28M (Peak 18.28M) | Time:00:00.01 | Mem:0.00M, Peak:0.00M | Scene, ViewLayer | Synchronizing object | Cuff Trim.001
Fra:1 Mem:18.29M (Peak 18.29M) | Time:00:00.01 | Mem:0.00M, Peak:0.00M | Scene, ViewLayer | Initializing
Fra:1 Mem:15.64M (Peak 18.29M) | Time:00:00.01 | Mem:0.00M, Peak:0.00M | Scene, ViewLayer | Waiting for render to start
Fra:1 Mem:15.64M (Peak 18.29M) | Time:00:00.01 | Mem:0.00M, Peak:0.00M | Scene, ViewLayer | Loading render kernels (may take a few minutes the first time)
Fra:1 Mem:15.64M (Peak 18.29M) | Time:00:00.01 | Mem:0.00M, Peak:0.00M | Scene, ViewLayer | Updating Scene
Fra:1 Mem:15.64M (Peak 18.29M) | Time:00:00.01 | Mem:0.00M, Peak:0.00M | Scene, ViewLayer | Updating Shaders
Fra:1 Mem:15.75M (Peak 18.29M) | Time:00:00.01 | Mem:0.02M, Peak:0.02M | Scene, ViewLayer | Updating Procedurals
Fra:1 Mem:15.75M (Peak 18.29M) | Time:00:00.01 | Mem:0.02M, Peak:0.02M | Scene, ViewLayer | Updating Background
Fra:1 Mem:15.75M (Peak 18.29M) | Time:00:00.01 | Mem:0.02M, Peak:0.02M | Scene, ViewLayer | Updating Camera
Fra:1 Mem:15.75M (Peak 18.29M) | Time:00:00.01 | Mem:0.02M, Peak:0.02M | Scene, ViewLayer | Updating Meshes Flags
Fra:1 Mem:15.75M (Peak 18.29M) | Time:00:00.01 | Mem:0.02M, Peak:0.02M | Scene, ViewLayer | Updating Objects
Fra:1 Mem:15.75M (Peak 18.29M) | Time:00:00.01 | Mem:0.02M, Peak:0.02M | Scene, ViewLayer | Updating Objects | Copying Transformations to device
Fra:1 Mem:15.76M (Peak 18.29M) | Time:00:00.01 | Mem:0.03M, Peak:0.03M | Scene, ViewLayer | Updating Objects | Applying Static Transformations
Fra:1 Mem:15.76M (Peak 18.29M) | Time:00:00.01 | Mem:0.03M, Peak:0.03M | Scene, ViewLayer | Updating Particle Systems
Fra:1 Mem:15.76M (Peak 18.29M) | Time:00:00.01 | Mem:0.03M, Peak:0.03M | Scene, ViewLayer | Updating Particle Systems | Copying Particles to device
Fra:1 Mem:15.76M (Peak 18.29M) | Time:00:00.01 | Mem:0.03M, Peak:0.03M | Scene, ViewLayer | Updating Meshes
Fra:1 Mem:15.91M (Peak 18.29M) | Time:00:00.01 | Mem:0.03M, Peak:0.03M | Scene, ViewLayer | Updating Mesh | Computing attributes
Fra:1 Mem:16.01M (Peak 18.29M) | Time:00:00.01 | Mem:0.03M, Peak:0.03M | Scene, ViewLayer | Updating Mesh | Copying Attributes to device
Fra:1 Mem:16.00M (Peak 18.29M) | Time:00:00.01 | Mem:0.12M, Peak:0.12M | Scene, ViewLayer | Updating Scene BVH | Building
Fra:1 Mem:16.01M (Peak 18.29M) | Time:00:00.01 | Mem:0.12M, Peak:0.12M | Scene, ViewLayer | Updating Scene BVH | Building BVH
Fra:1 Mem:16.01M (Peak 18.29M) | Time:00:00.01 | Mem:0.44M, Peak:0.44M | Scene, ViewLayer | Updating Scene BVH | Building BVH 0%
Fra:1 Mem:16.01M (Peak 18.29M) | Time:00:00.01 | Mem:0.82M, Peak:1.13M | Scene, ViewLayer | Updating Scene BVH | Copying BVH to device
Fra:1 Mem:16.01M (Peak 18.29M) | Time:00:00.01 | Mem:0.82M, Peak:1.13M | Scene, ViewLayer | Updating Mesh | Computing normals
Fra:1 Mem:16.44M (Peak 18.29M) | Time:00:00.01 | Mem:0.82M, Peak:1.13M | Scene, ViewLayer | Updating Mesh | Copying Mesh to device
Fra:1 Mem:16.44M (Peak 18.29M) | Time:00:00.01 | Mem:1.26M, Peak:1.26M | Scene, ViewLayer | Updating Objects Flags
Fra:1 Mem:16.44M (Peak 18.29M) | Time:00:00.01 | Mem:1.26M, Peak:1.26M | Scene, ViewLayer | Updating Primitive Offsets
Fra:1 Mem:16.44M (Peak 18.29M) | Time:00:00.01 | Mem:1.26M, Peak:1.26M | Scene, ViewLayer | Updating Images
Fra:1 Mem:16.44M (Peak 18.29M) | Time:00:00.01 | Mem:1.26M, Peak:1.26M | Scene, ViewLayer | Updating Camera Volume
Fra:1 Mem:16.44M (Peak 18.29M) | Time:00:00.01 | Mem:1.26M, Peak:1.26M | Scene, ViewLayer | Updating Lookup Tables
Fra:1 Mem:16.44M (Peak 18.29M) | Time:00:00.01 | Mem:1.34M, Peak:1.34M | Scene, ViewLayer | Updating Lights
Fra:1 Mem:16.44M (Peak 18.29M) | Time:00:00.01 | Mem:1.34M, Peak:1.34M | Scene, ViewLayer | Updating Lights | Computing tree
Fra:1 Mem:16.44M (Peak 18.29M) | Time:00:00.01 | Mem:1.34M, Peak:1.34M | Scene, ViewLayer | Updating Integrator
Fra:1 Mem:16.44M (Peak 18.29M) | Time:00:00.01 | Mem:1.34M, Peak:1.34M | Scene, ViewLayer | Updating Film
Fra:1 Mem:16.45M (Peak 18.29M) | Time:00:00.02 | Mem:1.26M, Peak:1.34M | Scene, ViewLayer | Updating Lookup Tables
Fra:1 Mem:16.45M (Peak 18.29M) | Time:00:00.02 | Mem:1.34M, Peak:1.34M | Scene, ViewLayer | Updating Baking
Fra:1 Mem:16.45M (Peak 18.29M) | Time:00:00.02 | Mem:1.34M, Peak:1.34M | Scene, ViewLayer | Updating Device | Writing constant memory
Fra:1 Mem:16.45M (Peak 18.29M) | Time:00:00.02 | Mem:1.34M, Peak:1.34M | Scene, ViewLayer | Sample 0/32
Fra:1 Mem:38.77M (Peak 38.77M) | Time:00:00.87 | Remaining:00:26.40 | Mem:23.66M, Peak:23.66M | Scene, ViewLayer | Sample 1/32
Fra:1 Mem:48.69M (Peak 68.53M) | Time:00:18.21 | Mem:23.66M, Peak:23.66M | Scene, ViewLayer | Sample 32/32
Fra:1 Mem:48.69M (Peak 68.53M) | Time:00:18.21 | Mem:23.66M, Peak:23.66M | Scene, ViewLayer | Finished
Saved: 'ArtSource/EnemyKnockdown/GuardianDown-Low.png'
Time: 00:18.43 (Saving: 00:00.21)

Fra:1 Mem:17.80M (Peak 17.80M) | Time:00:00.00 | Mem:0.00M, Peak:0.00M | Scene, ViewLayer | Synchronizing object | Actual y=0 reference plane
Fra:1 Mem:17.80M (Peak 17.80M) | Time:00:00.00 | Mem:0.00M, Peak:0.00M | Scene, ViewLayer | Synchronizing object | Knee Guard.001
Fra:1 Mem:17.81M (Peak 17.81M) | Time:00:00.00 | Mem:0.00M, Peak:0.00M | Scene, ViewLayer | Synchronizing object | Breastplate
Fra:1 Mem:17.83M (Peak 17.83M) | Time:00:00.00 | Mem:0.00M, Peak:0.00M | Scene, ViewLayer | Synchronizing object | Shin Guard.001
Fra:1 Mem:17.85M (Peak 17.85M) | Time:00:00.00 | Mem:0.00M, Peak:0.00M | Scene, ViewLayer | Synchronizing object | Belt
Fra:1 Mem:17.86M (Peak 17.86M) | Time:00:00.00 | Mem:0.00M, Peak:0.00M | Scene, ViewLayer | Synchronizing object | Boot.001
Fra:1 Mem:17.88M (Peak 17.88M) | Time:00:00.00 | Mem:0.00M, Peak:0.00M | Scene, ViewLayer | Synchronizing object | Buckle
Fra:1 Mem:17.88M (Peak 17.88M) | Time:00:00.00 | Mem:0.00M, Peak:0.00M | Scene, ViewLayer | Synchronizing object | Trouser.001
Fra:1 Mem:17.91M (Peak 17.91M) | Time:00:00.00 | Mem:0.00M, Peak:0.00M | Scene, ViewLayer | Synchronizing object | Pauldrons
Fra:1 Mem:17.92M (Peak 17.92M) | Time:00:00.00 | Mem:0.00M, Peak:0.00M | Scene, ViewLayer | Synchronizing object | Knee Guard
Fra:1 Mem:17.94M (Peak 17.94M) | Time:00:00.00 | Mem:0.00M, Peak:0.00M | Scene, ViewLayer | Synchronizing object | Sleeve
Fra:1 Mem:17.94M (Peak 17.94M) | Time:00:00.00 | Mem:0.00M, Peak:0.00M | Scene, ViewLayer | Synchronizing object | Shin Guard
Fra:1 Mem:17.98M (Peak 17.98M) | Time:00:00.00 | Mem:0.00M, Peak:0.00M | Scene, ViewLayer | Synchronizing object | Glove
Fra:1 Mem:18.00M (Peak 18.00M) | Time:00:00.00 | Mem:0.00M, Peak:0.00M | Scene, ViewLayer | Synchronizing object | Boot
Fra:1 Mem:18.00M (Peak 18.00M) | Time:00:00.00 | Mem:0.00M, Peak:0.00M | Scene, ViewLayer | Synchronizing object | Guardian layered pauldron
Fra:1 Mem:18.02M (Peak 18.02M) | Time:00:00.00 | Mem:0.00M, Peak:0.00M | Scene, ViewLayer | Synchronizing object | Trouser
Fra:1 Mem:18.03M (Peak 18.03M) | Time:00:00.00 | Mem:0.00M, Peak:0.00M | Scene, ViewLayer | Synchronizing object | Forearm Bracer
Fra:1 Mem:18.06M (Peak 18.06M) | Time:00:00.00 | Mem:0.00M, Peak:0.00M | Scene, ViewLayer | Synchronizing object | Crown Crystal
Fra:1 Mem:18.07M (Peak 18.07M) | Time:00:00.00 | Mem:0.00M, Peak:0.00M | Scene, ViewLayer | Synchronizing object | Cuff Trim
Fra:1 Mem:18.08M (Peak 18.08M) | Time:00:00.00 | Mem:0.00M, Peak:0.00M | Scene, ViewLayer | Synchronizing object | Pauldrons.001
Fra:1 Mem:18.09M (Peak 18.09M) | Time:00:00.00 | Mem:0.00M, Peak:0.00M | Scene, ViewLayer | Synchronizing object | Iron Crown
Fra:1 Mem:18.11M (Peak 18.11M) | Time:00:00.00 | Mem:0.00M, Peak:0.00M | Scene, ViewLayer | Synchronizing object | Sleeve.001
Fra:1 Mem:18.13M (Peak 18.13M) | Time:00:00.00 | Mem:0.00M, Peak:0.00M | Scene, ViewLayer | Synchronizing object | Stone Horn.001
Fra:1 Mem:18.15M (Peak 18.15M) | Time:00:00.00 | Mem:0.00M, Peak:0.00M | Scene, ViewLayer | Synchronizing object | Glove.001
Fra:1 Mem:18.16M (Peak 18.16M) | Time:00:00.00 | Mem:0.00M, Peak:0.00M | Scene, ViewLayer | Synchronizing object | Stone Horn
Fra:1 Mem:18.18M (Peak 18.18M) | Time:00:00.00 | Mem:0.00M, Peak:0.00M | Scene, ViewLayer | Synchronizing object | Hammer Grip
Fra:1 Mem:18.19M (Peak 18.19M) | Time:00:00.00 | Mem:0.00M, Peak:0.00M | Scene, ViewLayer | Synchronizing object | Eyes R
Fra:1 Mem:18.19M (Peak 18.19M) | Time:00:00.00 | Mem:0.00M, Peak:0.00M | Scene, ViewLayer | Synchronizing object | Great Hammer
Fra:1 Mem:18.23M (Peak 18.23M) | Time:00:00.00 | Mem:0.00M, Peak:0.00M | Scene, ViewLayer | Synchronizing object | Eyes L
Fra:1 Mem:18.24M (Peak 18.24M) | Time:00:00.00 | Mem:0.00M, Peak:0.00M | Scene, ViewLayer | Synchronizing object | Guardian layered pauldron.001
Fra:1 Mem:18.26M (Peak 18.26M) | Time:00:00.00 | Mem:0.00M, Peak:0.00M | Scene, ViewLayer | Synchronizing object | Head
Fra:1 Mem:18.27M (Peak 18.27M) | Time:00:00.00 | Mem:0.00M, Peak:0.00M | Scene, ViewLayer | Synchronizing object | Forearm Bracer.001
Fra:1 Mem:18.29M (Peak 18.29M) | Time:00:00.00 | Mem:0.00M, Peak:0.00M | Scene, ViewLayer | Synchronizing object | Guardian ember crystal
Fra:1 Mem:18.31M (Peak 18.31M) | Time:00:00.00 | Mem:0.00M, Peak:0.00M | Scene, ViewLayer | Synchronizing object | Cuff Trim.001
Fra:1 Mem:18.31M (Peak 18.31M) | Time:00:00.00 | Mem:0.00M, Peak:0.00M | Scene, ViewLayer | Synchronizing object | Guardian chest plate
Fra:1 Mem:18.33M (Peak 18.33M) | Time:00:00.00 | Mem:0.00M, Peak:0.00M | Scene, ViewLayer | Initializing
Fra:1 Mem:15.66M (Peak 18.33M) | Time:00:00.00 | Mem:0.00M, Peak:0.00M | Scene, ViewLayer | Waiting for render to start
Fra:1 Mem:15.66M (Peak 18.33M) | Time:00:00.00 | Mem:0.00M, Peak:0.00M | Scene, ViewLayer | Loading render kernels (may take a few minutes the first time)
Fra:1 Mem:15.66M (Peak 18.33M) | Time:00:00.00 | Mem:0.00M, Peak:0.00M | Scene, ViewLayer | Updating Scene
Fra:1 Mem:15.66M (Peak 18.33M) | Time:00:00.00 | Mem:0.00M, Peak:0.00M | Scene, ViewLayer | Updating Shaders
Fra:1 Mem:15.76M (Peak 18.33M) | Time:00:00.00 | Mem:0.02M, Peak:0.02M | Scene, ViewLayer | Updating Procedurals
Fra:1 Mem:15.76M (Peak 18.33M) | Time:00:00.00 | Mem:0.02M, Peak:0.02M | Scene, ViewLayer | Updating Background
Fra:1 Mem:15.76M (Peak 18.33M) | Time:00:00.00 | Mem:0.02M, Peak:0.02M | Scene, ViewLayer | Updating Camera
Fra:1 Mem:15.76M (Peak 18.33M) | Time:00:00.00 | Mem:0.02M, Peak:0.02M | Scene, ViewLayer | Updating Meshes Flags
Fra:1 Mem:15.76M (Peak 18.33M) | Time:00:00.00 | Mem:0.02M, Peak:0.02M | Scene, ViewLayer | Updating Objects
Fra:1 Mem:15.76M (Peak 18.33M) | Time:00:00.00 | Mem:0.02M, Peak:0.02M | Scene, ViewLayer | Updating Objects | Copying Transformations to device
Fra:1 Mem:15.77M (Peak 18.33M) | Time:00:00.00 | Mem:0.03M, Peak:0.03M | Scene, ViewLayer | Updating Objects | Applying Static Transformations
Fra:1 Mem:15.77M (Peak 18.33M) | Time:00:00.00 | Mem:0.03M, Peak:0.03M | Scene, ViewLayer | Updating Particle Systems
Fra:1 Mem:15.77M (Peak 18.33M) | Time:00:00.00 | Mem:0.03M, Peak:0.03M | Scene, ViewLayer | Updating Particle Systems | Copying Particles to device
Fra:1 Mem:15.77M (Peak 18.33M) | Time:00:00.00 | Mem:0.03M, Peak:0.03M | Scene, ViewLayer | Updating Meshes
Fra:1 Mem:15.93M (Peak 18.33M) | Time:00:00.00 | Mem:0.03M, Peak:0.03M | Scene, ViewLayer | Updating Mesh | Computing attributes
Fra:1 Mem:16.03M (Peak 18.33M) | Time:00:00.00 | Mem:0.03M, Peak:0.03M | Scene, ViewLayer | Updating Mesh | Copying Attributes to device
Fra:1 Mem:16.02M (Peak 18.33M) | Time:00:00.00 | Mem:0.12M, Peak:0.12M | Scene, ViewLayer | Updating Scene BVH | Building
Fra:1 Mem:16.02M (Peak 18.33M) | Time:00:00.00 | Mem:0.12M, Peak:0.12M | Scene, ViewLayer | Updating Scene BVH | Building BVH
Fra:1 Mem:16.02M (Peak 18.33M) | Time:00:00.00 | Mem:0.44M, Peak:0.44M | Scene, ViewLayer | Updating Scene BVH | Building BVH 0%
Fra:1 Mem:16.02M (Peak 18.33M) | Time:00:00.00 | Mem:0.82M, Peak:1.13M | Scene, ViewLayer | Updating Scene BVH | Copying BVH to device
Fra:1 Mem:16.02M (Peak 18.33M) | Time:00:00.00 | Mem:0.82M, Peak:1.13M | Scene, ViewLayer | Updating Mesh | Computing normals
Fra:1 Mem:16.46M (Peak 18.33M) | Time:00:00.00 | Mem:0.82M, Peak:1.13M | Scene, ViewLayer | Updating Mesh | Copying Mesh to device
Fra:1 Mem:16.46M (Peak 18.33M) | Time:00:00.00 | Mem:1.26M, Peak:1.26M | Scene, ViewLayer | Updating Objects Flags
Fra:1 Mem:16.46M (Peak 18.33M) | Time:00:00.00 | Mem:1.26M, Peak:1.26M | Scene, ViewLayer | Updating Primitive Offsets
Fra:1 Mem:16.46M (Peak 18.33M) | Time:00:00.00 | Mem:1.26M, Peak:1.26M | Scene, ViewLayer | Updating Images
Fra:1 Mem:16.46M (Peak 18.33M) | Time:00:00.00 | Mem:1.26M, Peak:1.26M | Scene, ViewLayer | Updating Camera Volume
Fra:1 Mem:16.46M (Peak 18.33M) | Time:00:00.00 | Mem:1.26M, Peak:1.26M | Scene, ViewLayer | Updating Lookup Tables
Fra:1 Mem:16.46M (Peak 18.33M) | Time:00:00.00 | Mem:1.34M, Peak:1.34M | Scene, ViewLayer | Updating Lights
Fra:1 Mem:16.46M (Peak 18.33M) | Time:00:00.00 | Mem:1.34M, Peak:1.34M | Scene, ViewLayer | Updating Lights | Computing tree
Fra:1 Mem:16.46M (Peak 18.33M) | Time:00:00.00 | Mem:1.34M, Peak:1.34M | Scene, ViewLayer | Updating Integrator
Fra:1 Mem:16.46M (Peak 18.33M) | Time:00:00.00 | Mem:1.34M, Peak:1.34M | Scene, ViewLayer | Updating Film
Fra:1 Mem:16.46M (Peak 18.33M) | Time:00:00.00 | Mem:1.26M, Peak:1.34M | Scene, ViewLayer | Updating Lookup Tables
Fra:1 Mem:16.46M (Peak 18.33M) | Time:00:00.00 | Mem:1.34M, Peak:1.34M | Scene, ViewLayer | Updating Baking
Fra:1 Mem:16.46M (Peak 18.33M) | Time:00:00.00 | Mem:1.34M, Peak:1.34M | Scene, ViewLayer | Updating Device | Writing constant memory
Fra:1 Mem:16.47M (Peak 18.33M) | Time:00:00.00 | Mem:1.34M, Peak:1.34M | Scene, ViewLayer | Sample 0/32
Fra:1 Mem:38.79M (Peak 38.79M) | Time:00:00.57 | Remaining:00:17.47 | Mem:23.66M, Peak:23.66M | Scene, ViewLayer | Sample 1/32
Fra:1 Mem:48.71M (Peak 68.55M) | Time:00:16.27 | Mem:23.66M, Peak:23.66M | Scene, ViewLayer | Sample 32/32
Fra:1 Mem:48.71M (Peak 68.55M) | Time:00:16.27 | Mem:23.66M, Peak:23.66M | Scene, ViewLayer | Finished
Saved: 'ArtSource/EnemyKnockdown/GuardianDown-Side.png'
Time: 00:16.36 (Saving: 00:00.08)

Info: Saved "GuardianDown-Support.blend"

Blender quit
