Blender 4.3.2
Fra:1 Mem:18.10M (Peak 18.10M) | Time:00:00.00 | Mem:0.00M, Peak:0.00M | Scene, ViewLayer | Synchronizing object | Cuirass
Fra:1 Mem:18.10M (Peak 18.10M) | Time:00:00.00 | Mem:0.00M, Peak:0.00M | Scene, ViewLayer | Synchronizing object | Helmet
Fra:1 Mem:18.12M (Peak 18.12M) | Time:00:00.00 | Mem:0.00M, Peak:0.00M | Scene, ViewLayer | Synchronizing object | Boot
Fra:1 Mem:18.13M (Peak 18.13M) | Time:00:00.00 | Mem:0.00M, Peak:0.00M | Scene, ViewLayer | Synchronizing object | WolfTorso
Fra:1 Mem:18.13M (Peak 18.13M) | Time:00:00.00 | Mem:0.00M, Peak:0.00M | Scene, ViewLayer | Synchronizing object | Text
Fra:1 Mem:18.13M (Peak 18.13M) | Time:00:00.00 | Mem:0.00M, Peak:0.00M | Scene, ViewLayer | Synchronizing object | SpiritCore
Fra:1 Mem:18.19M (Peak 18.19M) | Time:00:00.00 | Mem:0.00M, Peak:0.00M | Scene, ViewLayer | Synchronizing object | Hammer
Fra:1 Mem:18.23M (Peak 18.23M) | Time:00:00.00 | Mem:0.00M, Peak:0.00M | Scene, ViewLayer | Synchronizing object | Totem
Fra:1 Mem:18.24M (Peak 18.24M) | Time:00:00.00 | Mem:0.00M, Peak:0.00M | Scene, ViewLayer | Synchronizing object | BossHousing
Fra:1 Mem:18.24M (Peak 18.24M) | Time:00:00.00 | Mem:0.00M, Peak:0.00M | Scene, ViewLayer | Synchronizing object | SwordGuard
Fra:1 Mem:18.26M (Peak 18.26M) | Time:00:00.00 | Mem:0.00M, Peak:0.00M | Scene, ViewLayer | Synchronizing object | BowLimb
Fra:1 Mem:18.27M (Peak 18.27M) | Time:00:00.00 | Mem:0.00M, Peak:0.00M | Scene, ViewLayer | Synchronizing object | StaffCrown
Fra:1 Mem:18.27M (Peak 18.27M) | Time:00:00.00 | Mem:0.00M, Peak:0.00M | Scene, ViewLayer | Synchronizing object | ClothTorso
Fra:1 Mem:18.27M (Peak 18.27M) | Time:00:00.00 | Mem:0.00M, Peak:0.00M | Scene, ViewLayer | Synchronizing object | CuirassPlate
Fra:1 Mem:18.29M (Peak 18.29M) | Time:00:00.00 | Mem:0.00M, Peak:0.00M | Scene, ViewLayer | Synchronizing object | ClothShoulder
Fra:1 Mem:18.30M (Peak 18.30M) | Time:00:00.00 | Mem:0.00M, Peak:0.00M | Scene, ViewLayer | Synchronizing object | Text.001
Fra:1 Mem:18.36M (Peak 18.36M) | Time:00:00.00 | Mem:0.00M, Peak:0.00M | Scene, ViewLayer | Synchronizing object | Text.002
Fra:1 Mem:18.40M (Peak 18.40M) | Time:00:00.00 | Mem:0.00M, Peak:0.00M | Scene, ViewLayer | Synchronizing object | Text.003
Fra:1 Mem:18.44M (Peak 18.44M) | Time:00:00.00 | Mem:0.00M, Peak:0.00M | Scene, ViewLayer | Synchronizing object | Text.004
Fra:1 Mem:18.49M (Peak 18.49M) | Time:00:00.00 | Mem:0.00M, Peak:0.00M | Scene, ViewLayer | Synchronizing object | Text.005
Fra:1 Mem:18.55M (Peak 18.55M) | Time:00:00.00 | Mem:0.00M, Peak:0.00M | Scene, ViewLayer | Synchronizing object | Text.006
Fra:1 Mem:18.57M (Peak 18.57M) | Time:00:00.00 | Mem:0.00M, Peak:0.00M | Scene, ViewLayer | Synchronizing object | Text.007
Fra:1 Mem:18.65M (Peak 18.65M) | Time:00:00.00 | Mem:0.00M, Peak:0.00M | Scene, ViewLayer | Synchronizing object | Text.008
Fra:1 Mem:18.68M (Peak 18.68M) | Time:00:00.00 | Mem:0.00M, Peak:0.00M | Scene, ViewLayer | Synchronizing object | Text.009
Fra:1 Mem:18.74M (Peak 18.74M) | Time:00:00.00 | Mem:0.00M, Peak:0.00M | Scene, ViewLayer | Synchronizing object | Text.010
Fra:1 Mem:18.78M (Peak 18.78M) | Time:00:00.00 | Mem:0.00M, Peak:0.00M | Scene, ViewLayer | Synchronizing object | Text.011
Fra:1 Mem:18.89M (Peak 18.89M) | Time:00:00.00 | Mem:0.00M, Peak:0.00M | Scene, ViewLayer | Synchronizing object | Text.012
Fra:1 Mem:18.98M (Peak 18.98M) | Time:00:00.00 | Mem:0.00M, Peak:0.00M | Scene, ViewLayer | Synchronizing object | Text.013
Fra:1 Mem:19.06M (Peak 19.06M) | Time:00:00.00 | Mem:0.00M, Peak:0.00M | Scene, ViewLayer | Synchronizing object | Text.014
Fra:1 Mem:19.11M (Peak 19.11M) | Time:00:00.00 | Mem:0.00M, Peak:0.00M | Scene, ViewLayer | Synchronizing object | Text.015
Fra:1 Mem:19.19M (Peak 19.19M) | Time:00:00.00 | Mem:0.00M, Peak:0.00M | Scene, ViewLayer | Synchronizing object | Text.016
Fra:1 Mem:19.25M (Peak 19.25M) | Time:00:00.00 | Mem:0.00M, Peak:0.00M | Scene, ViewLayer | Synchronizing object | Text.017
Fra:1 Mem:19.33M (Peak 19.33M) | Time:00:00.00 | Mem:0.00M, Peak:0.00M | Scene, ViewLayer | Synchronizing object | Text.018
Fra:1 Mem:19.44M (Peak 19.44M) | Time:00:00.00 | Mem:0.00M, Peak:0.00M | Scene, ViewLayer | Synchronizing object | Text.019
Fra:1 Mem:19.52M (Peak 19.52M) | Time:00:00.00 | Mem:0.00M, Peak:0.00M | Scene, ViewLayer | Initializing
Fra:1 Mem:14.84M (Peak 19.52M) | Time:00:00.00 | Mem:0.00M, Peak:0.00M | Scene, ViewLayer | Waiting for render to start
Fra:1 Mem:14.84M (Peak 19.52M) | Time:00:00.00 | Mem:0.00M, Peak:0.00M | Scene, ViewLayer | Loading render kernels (may take a few minutes the first time)
Fra:1 Mem:14.84M (Peak 19.52M) | Time:00:00.00 | Mem:0.00M, Peak:0.00M | Scene, ViewLayer | Updating Scene
Fra:1 Mem:14.84M (Peak 19.52M) | Time:00:00.00 | Mem:0.00M, Peak:0.00M | Scene, ViewLayer | Updating Shaders
Fra:1 Mem:14.93M (Peak 19.52M) | Time:00:00.00 | Mem:0.00M, Peak:0.00M | Scene, ViewLayer | Updating Procedurals
Fra:1 Mem:14.93M (Peak 19.52M) | Time:00:00.00 | Mem:0.00M, Peak:0.00M | Scene, ViewLayer | Updating Background
Fra:1 Mem:14.93M (Peak 19.52M) | Time:00:00.00 | Mem:0.00M, Peak:0.00M | Scene, ViewLayer | Updating Camera
Fra:1 Mem:14.93M (Peak 19.52M) | Time:00:00.00 | Mem:0.00M, Peak:0.00M | Scene, ViewLayer | Updating Meshes Flags
Fra:1 Mem:14.93M (Peak 19.52M) | Time:00:00.00 | Mem:0.00M, Peak:0.00M | Scene, ViewLayer | Updating Objects
Fra:1 Mem:14.93M (Peak 19.52M) | Time:00:00.00 | Mem:0.00M, Peak:0.00M | Scene, ViewLayer | Updating Objects | Copying Transformations to device
Fra:1 Mem:14.94M (Peak 19.52M) | Time:00:00.00 | Mem:0.01M, Peak:0.01M | Scene, ViewLayer | Updating Objects | Applying Static Transformations
Fra:1 Mem:14.94M (Peak 19.52M) | Time:00:00.00 | Mem:0.01M, Peak:0.01M | Scene, ViewLayer | Updating Particle Systems
Fra:1 Mem:14.94M (Peak 19.52M) | Time:00:00.00 | Mem:0.01M, Peak:0.01M | Scene, ViewLayer | Updating Particle Systems | Copying Particles to device
Fra:1 Mem:14.94M (Peak 19.52M) | Time:00:00.00 | Mem:0.01M, Peak:0.01M | Scene, ViewLayer | Updating Meshes
Fra:1 Mem:15.16M (Peak 19.52M) | Time:00:00.00 | Mem:0.01M, Peak:0.01M | Scene, ViewLayer | Updating Mesh | Computing attributes
Fra:1 Mem:15.18M (Peak 19.52M) | Time:00:00.00 | Mem:0.01M, Peak:0.01M | Scene, ViewLayer | Updating Mesh | Copying Attributes to device
Fra:1 Mem:15.18M (Peak 19.52M) | Time:00:00.00 | Mem:0.02M, Peak:0.02M | Scene, ViewLayer | Updating Scene BVH | Building
Fra:1 Mem:15.18M (Peak 19.52M) | Time:00:00.00 | Mem:0.02M, Peak:0.02M | Scene, ViewLayer | Updating Scene BVH | Building BVH
Fra:1 Mem:15.18M (Peak 19.52M) | Time:00:00.00 | Mem:0.48M, Peak:0.48M | Scene, ViewLayer | Updating Scene BVH | Building BVH 0%
Fra:1 Mem:15.18M (Peak 19.52M) | Time:00:00.01 | Mem:1.06M, Peak:1.52M | Scene, ViewLayer | Updating Scene BVH | Copying BVH to device
Fra:1 Mem:15.18M (Peak 19.52M) | Time:00:00.01 | Mem:1.06M, Peak:1.52M | Scene, ViewLayer | Updating Mesh | Computing normals
Fra:1 Mem:15.89M (Peak 19.52M) | Time:00:00.01 | Mem:1.06M, Peak:1.52M | Scene, ViewLayer | Updating Mesh | Copying Mesh to device
Fra:1 Mem:15.89M (Peak 19.52M) | Time:00:00.01 | Mem:1.77M, Peak:1.77M | Scene, ViewLayer | Updating Objects Flags
Fra:1 Mem:15.89M (Peak 19.52M) | Time:00:00.01 | Mem:1.77M, Peak:1.77M | Scene, ViewLayer | Updating Primitive Offsets
Fra:1 Mem:15.89M (Peak 19.52M) | Time:00:00.01 | Mem:1.77M, Peak:1.77M | Scene, ViewLayer | Updating Images
Fra:1 Mem:15.89M (Peak 19.52M) | Time:00:00.01 | Mem:1.77M, Peak:1.77M | Scene, ViewLayer | Updating Camera Volume
Fra:1 Mem:15.89M (Peak 19.52M) | Time:00:00.01 | Mem:1.77M, Peak:1.77M | Scene, ViewLayer | Updating Lookup Tables
Fra:1 Mem:15.89M (Peak 19.52M) | Time:00:00.01 | Mem:1.86M, Peak:1.86M | Scene, ViewLayer | Updating Lights
Fra:1 Mem:15.89M (Peak 19.52M) | Time:00:00.01 | Mem:1.86M, Peak:1.86M | Scene, ViewLayer | Updating Lights | Computing tree
Fra:1 Mem:15.89M (Peak 19.52M) | Time:00:00.01 | Mem:1.86M, Peak:1.86M | Scene, ViewLayer | Updating Integrator
Fra:1 Mem:15.89M (Peak 19.52M) | Time:00:00.01 | Mem:1.86M, Peak:1.86M | Scene, ViewLayer | Updating Film
Fra:1 Mem:15.89M (Peak 19.52M) | Time:00:00.01 | Mem:1.78M, Peak:1.86M | Scene, ViewLayer | Updating Lookup Tables
Fra:1 Mem:15.89M (Peak 19.52M) | Time:00:00.01 | Mem:1.86M, Peak:1.86M | Scene, ViewLayer | Updating Baking
Fra:1 Mem:15.89M (Peak 19.52M) | Time:00:00.01 | Mem:1.86M, Peak:1.86M | Scene, ViewLayer | Updating Device | Writing constant memory
Fra:1 Mem:15.89M (Peak 19.52M) | Time:00:00.01 | Mem:1.86M, Peak:1.86M | Scene, ViewLayer | Sample 0/24
Fra:1 Mem:72.55M (Peak 72.55M) | Time:00:00.27 | Remaining:00:06.13 | Mem:58.51M, Peak:58.51M | Scene, ViewLayer | Sample 1/24
Fra:1 Mem:97.73M (Peak 148.09M) | Time:00:04.44 | Mem:58.51M, Peak:58.51M | Scene, ViewLayer | Sample 24/24
Fra:1 Mem:97.73M (Peak 148.09M) | Time:00:04.44 | Mem:58.51M, Peak:58.51M | Scene, ViewLayer | Finished
Saved: '/workspace/emberfall_win/ArtSource/ActorModules/ActorModules-Blender.png'
Time: 00:04.68 (Saving: 00:00.24)

Info: Saved "Emberfall-ActorModules.blend"
ACTOR_MODULES_OK 20 assets 222936 bytes

Blender quit
