Blender 4.3.2
Fra:1 Mem:11.20M (Peak 11.20M) | Time:00:00.00 | Mem:0.00M, Peak:0.00M | Scene, ViewLayer | Synchronizing object | Spirit wolf torso
Fra:1 Mem:11.20M (Peak 11.20M) | Time:00:00.00 | Mem:0.00M, Peak:0.00M | Scene, ViewLayer | Synchronizing object | Tail
Fra:1 Mem:11.27M (Peak 11.27M) | Time:00:00.00 | Mem:0.00M, Peak:0.00M | Scene, ViewLayer | Synchronizing object | Muzzle
Fra:1 Mem:11.27M (Peak 11.27M) | Time:00:00.00 | Mem:0.00M, Peak:0.00M | Scene, ViewLayer | Synchronizing object | Ear
Fra:1 Mem:11.31M (Peak 11.31M) | Time:00:00.00 | Mem:0.00M, Peak:0.00M | Scene, ViewLayer | Synchronizing object | Paw.003
Fra:1 Mem:11.33M (Peak 11.33M) | Time:00:00.00 | Mem:0.00M, Peak:0.00M | Scene, ViewLayer | Synchronizing object | Luminous eye
Fra:1 Mem:11.37M (Peak 11.37M) | Time:00:00.00 | Mem:0.00M, Peak:0.00M | Scene, ViewLayer | Synchronizing object | Paw.002
Fra:1 Mem:11.41M (Peak 11.41M) | Time:00:00.00 | Mem:0.00M, Peak:0.00M | Scene, ViewLayer | Synchronizing object | Ear.001
Fra:1 Mem:11.41M (Peak 11.41M) | Time:00:00.00 | Mem:0.00M, Peak:0.00M | Scene, ViewLayer | Synchronizing object | Luminous eye.001
Fra:1 Mem:11.47M (Peak 11.47M) | Time:00:00.00 | Mem:0.00M, Peak:0.00M | Scene, ViewLayer | Synchronizing object | Paw
Fra:1 Mem:11.51M (Peak 11.51M) | Time:00:00.00 | Mem:0.00M, Peak:0.00M | Scene, ViewLayer | Initializing
Fra:1 Mem:10.94M (Peak 11.51M) | Time:00:00.00 | Mem:0.00M, Peak:0.00M | Scene, ViewLayer | Waiting for render to start
Fra:1 Mem:10.94M (Peak 11.51M) | Time:00:00.00 | Mem:0.00M, Peak:0.00M | Scene, ViewLayer | Loading render kernels (may take a few minutes the first time)
Fra:1 Mem:10.94M (Peak 11.51M) | Time:00:00.00 | Mem:0.00M, Peak:0.00M | Scene, ViewLayer | Updating Scene
Fra:1 Mem:10.94M (Peak 11.51M) | Time:00:00.00 | Mem:0.00M, Peak:0.00M | Scene, ViewLayer | Updating Shaders
Fra:1 Mem:11.03M (Peak 11.51M) | Time:00:00.00 | Mem:0.00M, Peak:0.00M | Scene, ViewLayer | Updating Procedurals
Fra:1 Mem:11.03M (Peak 11.51M) | Time:00:00.00 | Mem:0.00M, Peak:0.00M | Scene, ViewLayer | Updating Background
Fra:1 Mem:11.03M (Peak 11.51M) | Time:00:00.00 | Mem:0.00M, Peak:0.00M | Scene, ViewLayer | Updating Camera
Fra:1 Mem:11.03M (Peak 11.51M) | Time:00:00.00 | Mem:0.00M, Peak:0.00M | Scene, ViewLayer | Updating Meshes Flags
Fra:1 Mem:11.03M (Peak 11.51M) | Time:00:00.00 | Mem:0.00M, Peak:0.00M | Scene, ViewLayer | Updating Objects
Fra:1 Mem:11.03M (Peak 11.51M) | Time:00:00.00 | Mem:0.00M, Peak:0.00M | Scene, ViewLayer | Updating Objects | Copying Transformations to device
Fra:1 Mem:11.03M (Peak 11.51M) | Time:00:00.00 | Mem:0.00M, Peak:0.00M | Scene, ViewLayer | Updating Objects | Applying Static Transformations
Fra:1 Mem:11.03M (Peak 11.51M) | Time:00:00.00 | Mem:0.00M, Peak:0.00M | Scene, ViewLayer | Updating Particle Systems
Fra:1 Mem:11.03M (Peak 11.51M) | Time:00:00.00 | Mem:0.00M, Peak:0.00M | Scene, ViewLayer | Updating Particle Systems | Copying Particles to device
Fra:1 Mem:11.03M (Peak 11.51M) | Time:00:00.00 | Mem:0.00M, Peak:0.00M | Scene, ViewLayer | Updating Meshes
Fra:1 Mem:11.07M (Peak 11.51M) | Time:00:00.00 | Mem:0.00M, Peak:0.00M | Scene, ViewLayer | Updating Mesh | Computing attributes
Fra:1 Mem:11.10M (Peak 11.51M) | Time:00:00.00 | Mem:0.01M, Peak:0.01M | Scene, ViewLayer | Updating Mesh | Copying Attributes to device
Fra:1 Mem:11.10M (Peak 11.51M) | Time:00:00.00 | Mem:0.04M, Peak:0.04M | Scene, ViewLayer | Updating Scene BVH | Building
Fra:1 Mem:11.10M (Peak 11.51M) | Time:00:00.00 | Mem:0.04M, Peak:0.04M | Scene, ViewLayer | Updating Scene BVH | Building BVH
Fra:1 Mem:11.10M (Peak 11.51M) | Time:00:00.00 | Mem:0.12M, Peak:0.12M | Scene, ViewLayer | Updating Scene BVH | Building BVH 0%
Fra:1 Mem:11.10M (Peak 11.51M) | Time:00:00.00 | Mem:0.20M, Peak:0.28M | Scene, ViewLayer | Updating Scene BVH | Copying BVH to device
Fra:1 Mem:11.10M (Peak 11.51M) | Time:00:00.00 | Mem:0.20M, Peak:0.28M | Scene, ViewLayer | Updating Mesh | Computing normals
Fra:1 Mem:11.23M (Peak 11.51M) | Time:00:00.00 | Mem:0.20M, Peak:0.28M | Scene, ViewLayer | Updating Mesh | Copying Mesh to device
Fra:1 Mem:11.23M (Peak 11.51M) | Time:00:00.00 | Mem:0.34M, Peak:0.34M | Scene, ViewLayer | Updating Objects Flags
Fra:1 Mem:11.23M (Peak 11.51M) | Time:00:00.00 | Mem:0.34M, Peak:0.34M | Scene, ViewLayer | Updating Primitive Offsets
Fra:1 Mem:11.23M (Peak 11.51M) | Time:00:00.00 | Mem:0.34M, Peak:0.34M | Scene, ViewLayer | Updating Images
Fra:1 Mem:11.23M (Peak 11.51M) | Time:00:00.00 | Mem:0.34M, Peak:0.34M | Scene, ViewLayer | Updating Camera Volume
Fra:1 Mem:11.23M (Peak 11.51M) | Time:00:00.00 | Mem:0.34M, Peak:0.34M | Scene, ViewLayer | Updating Lookup Tables
Fra:1 Mem:11.23M (Peak 11.51M) | Time:00:00.00 | Mem:0.42M, Peak:0.42M | Scene, ViewLayer | Updating Lights
Fra:1 Mem:11.23M (Peak 11.51M) | Time:00:00.00 | Mem:0.42M, Peak:0.42M | Scene, ViewLayer | Updating Lights | Computing tree
Fra:1 Mem:11.24M (Peak 11.51M) | Time:00:00.00 | Mem:0.42M, Peak:0.42M | Scene, ViewLayer | Updating Integrator
Fra:1 Mem:11.24M (Peak 11.51M) | Time:00:00.00 | Mem:0.42M, Peak:0.42M | Scene, ViewLayer | Updating Film
Fra:1 Mem:11.24M (Peak 11.51M) | Time:00:00.00 | Mem:0.34M, Peak:0.42M | Scene, ViewLayer | Updating Lookup Tables
Fra:1 Mem:11.24M (Peak 11.51M) | Time:00:00.00 | Mem:0.42M, Peak:0.42M | Scene, ViewLayer | Updating Baking
Fra:1 Mem:11.24M (Peak 11.51M) | Time:00:00.00 | Mem:0.42M, Peak:0.42M | Scene, ViewLayer | Updating Device | Writing constant memory
Fra:1 Mem:11.24M (Peak 11.51M) | Time:00:00.00 | Mem:0.42M, Peak:0.42M | Scene, ViewLayer | Sample 0/48
Fra:1 Mem:22.93M (Peak 22.93M) | Time:00:00.13 | Remaining:00:06.20 | Mem:12.10M, Peak:12.10M | Scene, ViewLayer | Sample 1/48
Fra:1 Mem:28.13M (Peak 38.51M) | Time:00:05.74 | Mem:12.10M, Peak:12.10M | Scene, ViewLayer | Sample 48/48
Fra:1 Mem:28.13M (Peak 38.51M) | Time:00:05.74 | Mem:12.10M, Peak:12.10M | Scene, ViewLayer | Finished
Saved: 'ArtSource/ActorModules/Constructions/Companion-0.png'
Time: 00:05.88 (Saving: 00:00.14)


Blender quit
