Blender 4.3.2
Fra:1 Mem:11.17M (Peak 11.17M) | Time:00:00.00 | Mem:0.00M, Peak:0.00M | Scene, ViewLayer | Synchronizing object | Plane
Fra:1 Mem:11.18M (Peak 11.18M) | Time:00:00.00 | Mem:0.00M, Peak:0.00M | Scene, ViewLayer | Synchronizing object | Tail
Fra:1 Mem:11.21M (Peak 11.21M) | Time:00:00.00 | Mem:0.00M, Peak:0.00M | Scene, ViewLayer | Synchronizing object | Muzzle
Fra:1 Mem:11.23M (Peak 11.23M) | Time:00:00.00 | Mem:0.00M, Peak:0.00M | Scene, ViewLayer | Synchronizing object | Ear
Fra:1 Mem:11.23M (Peak 11.23M) | Time:00:00.00 | Mem:0.00M, Peak:0.00M | Scene, ViewLayer | Synchronizing object | Ear.001
Fra:1 Mem:11.24M (Peak 11.24M) | Time:00:00.00 | Mem:0.00M, Peak:0.00M | Scene, ViewLayer | Synchronizing object | Luminous eye.001
Fra:1 Mem:11.28M (Peak 11.28M) | Time:00:00.00 | Mem:0.00M, Peak:0.00M | Scene, ViewLayer | Synchronizing object | Paw
Fra:1 Mem:11.33M (Peak 11.33M) | Time:00:00.00 | Mem:0.00M, Peak:0.00M | Scene, ViewLayer | Synchronizing object | Paw.002
Fra:1 Mem:11.35M (Peak 11.35M) | Time:00:00.00 | Mem:0.00M, Peak:0.00M | Scene, ViewLayer | Synchronizing object | Paw.001
Fra:1 Mem:11.46M (Peak 11.46M) | Time:00:00.00 | Mem:0.00M, Peak:0.00M | Scene, ViewLayer | Initializing
Fra:1 Mem:10.89M (Peak 11.46M) | Time:00:00.00 | Mem:0.00M, Peak:0.00M | Scene, ViewLayer | Waiting for render to start
Fra:1 Mem:10.89M (Peak 11.46M) | Time:00:00.00 | Mem:0.00M, Peak:0.00M | Scene, ViewLayer | Loading render kernels (may take a few minutes the first time)
Fra:1 Mem:10.89M (Peak 11.46M) | Time:00:00.00 | Mem:0.00M, Peak:0.00M | Scene, ViewLayer | Updating Scene
Fra:1 Mem:10.89M (Peak 11.46M) | Time:00:00.00 | Mem:0.00M, Peak:0.00M | Scene, ViewLayer | Updating Shaders
Fra:1 Mem:10.97M (Peak 11.46M) | Time:00:00.00 | Mem:0.00M, Peak:0.00M | Scene, ViewLayer | Updating Procedurals
Fra:1 Mem:10.97M (Peak 11.46M) | Time:00:00.00 | Mem:0.00M, Peak:0.00M | Scene, ViewLayer | Updating Background
Fra:1 Mem:10.97M (Peak 11.46M) | Time:00:00.00 | Mem:0.00M, Peak:0.00M | Scene, ViewLayer | Updating Camera
Fra:1 Mem:10.97M (Peak 11.46M) | Time:00:00.00 | Mem:0.00M, Peak:0.00M | Scene, ViewLayer | Updating Meshes Flags
Fra:1 Mem:10.97M (Peak 11.46M) | Time:00:00.00 | Mem:0.00M, Peak:0.00M | Scene, ViewLayer | Updating Objects
Fra:1 Mem:10.97M (Peak 11.46M) | Time:00:00.00 | Mem:0.00M, Peak:0.00M | Scene, ViewLayer | Updating Objects | Copying Transformations to device
Fra:1 Mem:10.98M (Peak 11.46M) | Time:00:00.00 | Mem:0.00M, Peak:0.00M | Scene, ViewLayer | Updating Objects | Applying Static Transformations
Fra:1 Mem:10.98M (Peak 11.46M) | Time:00:00.00 | Mem:0.00M, Peak:0.00M | Scene, ViewLayer | Updating Particle Systems
Fra:1 Mem:10.98M (Peak 11.46M) | Time:00:00.00 | Mem:0.00M, Peak:0.00M | Scene, ViewLayer | Updating Particle Systems | Copying Particles to device
Fra:1 Mem:10.98M (Peak 11.46M) | Time:00:00.00 | Mem:0.00M, Peak:0.00M | Scene, ViewLayer | Updating Meshes
Fra:1 Mem:11.00M (Peak 11.46M) | Time:00:00.00 | Mem:0.00M, Peak:0.00M | Scene, ViewLayer | Updating Mesh | Computing attributes
Fra:1 Mem:11.04M (Peak 11.46M) | Time:00:00.00 | Mem:0.01M, Peak:0.01M | Scene, ViewLayer | Updating Mesh | Copying Attributes to device
Fra:1 Mem:11.04M (Peak 11.46M) | Time:00:00.00 | Mem:0.04M, Peak:0.04M | Scene, ViewLayer | Updating Scene BVH | Building
Fra:1 Mem:11.04M (Peak 11.46M) | Time:00:00.00 | Mem:0.04M, Peak:0.04M | Scene, ViewLayer | Updating Scene BVH | Building BVH
Fra:1 Mem:11.04M (Peak 11.46M) | Time:00:00.00 | Mem:0.09M, Peak:0.09M | Scene, ViewLayer | Updating Scene BVH | Building BVH 0%
Fra:1 Mem:11.04M (Peak 11.46M) | Time:00:00.00 | Mem:0.16M, Peak:0.21M | Scene, ViewLayer | Updating Scene BVH | Copying BVH to device
Fra:1 Mem:11.04M (Peak 11.46M) | Time:00:00.00 | Mem:0.16M, Peak:0.21M | Scene, ViewLayer | Updating Mesh | Computing normals
Fra:1 Mem:11.17M (Peak 11.46M) | Time:00:00.00 | Mem:0.16M, Peak:0.21M | Scene, ViewLayer | Updating Mesh | Copying Mesh to device
Fra:1 Mem:11.17M (Peak 11.46M) | Time:00:00.00 | Mem:0.29M, Peak:0.29M | Scene, ViewLayer | Updating Objects Flags
Fra:1 Mem:11.17M (Peak 11.46M) | Time:00:00.00 | Mem:0.29M, Peak:0.29M | Scene, ViewLayer | Updating Primitive Offsets
Fra:1 Mem:11.17M (Peak 11.46M) | Time:00:00.00 | Mem:0.29M, Peak:0.29M | Scene, ViewLayer | Updating Images
Fra:1 Mem:11.17M (Peak 11.46M) | Time:00:00.00 | Mem:0.29M, Peak:0.29M | Scene, ViewLayer | Updating Camera Volume
Fra:1 Mem:11.17M (Peak 11.46M) | Time:00:00.00 | Mem:0.29M, Peak:0.29M | Scene, ViewLayer | Updating Lookup Tables
Fra:1 Mem:11.17M (Peak 11.46M) | Time:00:00.00 | Mem:0.37M, Peak:0.37M | Scene, ViewLayer | Updating Lights
Fra:1 Mem:11.17M (Peak 11.46M) | Time:00:00.00 | Mem:0.37M, Peak:0.37M | Scene, ViewLayer | Updating Lights | Computing tree
Fra:1 Mem:11.17M (Peak 11.46M) | Time:00:00.00 | Mem:0.37M, Peak:0.37M | Scene, ViewLayer | Updating Integrator
Fra:1 Mem:11.17M (Peak 11.46M) | Time:00:00.00 | Mem:0.37M, Peak:0.37M | Scene, ViewLayer | Updating Film
Fra:1 Mem:11.17M (Peak 11.46M) | Time:00:00.00 | Mem:0.29M, Peak:0.37M | Scene, ViewLayer | Updating Lookup Tables
Fra:1 Mem:11.17M (Peak 11.46M) | Time:00:00.00 | Mem:0.37M, Peak:0.37M | Scene, ViewLayer | Updating Baking
Fra:1 Mem:11.17M (Peak 11.46M) | Time:00:00.00 | Mem:0.37M, Peak:0.37M | Scene, ViewLayer | Updating Device | Writing constant memory
Fra:1 Mem:11.17M (Peak 11.46M) | Time:00:00.00 | Mem:0.37M, Peak:0.37M | Scene, ViewLayer | Sample 0/48
Fra:1 Mem:38.67M (Peak 38.67M) | Time:00:00.30 | Remaining:00:14.11 | Mem:27.84M, Peak:27.84M | Scene, ViewLayer | Sample 1/48
Fra:1 Mem:50.87M (Peak 75.29M) | Time:00:15.25 | Mem:27.84M, Peak:27.84M | Scene, ViewLayer | Sample 48/48
Fra:1 Mem:50.87M (Peak 75.29M) | Time:00:15.25 | Mem:27.84M, Peak:27.84M | Scene, ViewLayer | Finished
Saved: 'ArtSource/ActorModules/WolfV2/Companion-0.png'
Time: 00:15.44 (Saving: 00:00.18)


Blender quit
