Blender 4.3.2
Fra:1 Mem:11.17M (Peak 11.17M) | Time:00:00.00 | Mem:0.00M, Peak:0.00M | Scene, ViewLayer | Synchronizing object | Plane
Fra:1 Mem:11.18M (Peak 11.18M) | Time:00:00.00 | Mem:0.00M, Peak:0.00M | Scene, ViewLayer | Synchronizing object | Muzzle
Fra:1 Mem:11.18M (Peak 11.18M) | Time:00:00.00 | Mem:0.00M, Peak:0.00M | Scene, ViewLayer | Synchronizing object | Tail
Fra:1 Mem:11.25M (Peak 11.25M) | Time:00:00.00 | Mem:0.00M, Peak:0.00M | Scene, ViewLayer | Synchronizing object | Luminous eye
Fra:1 Mem:11.29M (Peak 11.29M) | Time:00:00.00 | Mem:0.00M, Peak:0.00M | Scene, ViewLayer | Synchronizing object | Luminous eye.001
Fra:1 Mem:11.28M (Peak 11.29M) | Time:00:00.00 | Mem:0.00M, Peak:0.00M | Scene, ViewLayer | Synchronizing object | Paw
Fra:1 Mem:11.33M (Peak 11.33M) | Time:00:00.00 | Mem:0.00M, Peak:0.00M | Scene, ViewLayer | Synchronizing object | Paw.003
Fra:1 Mem:11.35M (Peak 11.35M) | Time:00:00.00 | Mem:0.00M, Peak:0.00M | Scene, ViewLayer | Synchronizing object | Paw.001
Fra:1 Mem:11.36M (Peak 11.36M) | Time:00:00.00 | Mem:0.00M, Peak:0.00M | Scene, ViewLayer | Synchronizing object | Paw.002
Fra:1 Mem:11.46M (Peak 11.46M) | Time:00:00.00 | Mem:0.00M, Peak:0.00M | Scene, ViewLayer | Initializing
Fra:1 Mem:10.89M (Peak 11.46M) | Time:00:00.00 | Mem:0.00M, Peak:0.00M | Scene, ViewLayer | Waiting for render to start
Fra:1 Mem:10.89M (Peak 11.46M) | Time:00:00.00 | Mem:0.00M, Peak:0.00M | Scene, ViewLayer | Loading render kernels (may take a few minutes the first time)
Fra:1 Mem:10.89M (Peak 11.46M) | Time:00:00.00 | Mem:0.00M, Peak:0.00M | Scene, ViewLayer | Updating Scene
Fra:1 Mem:10.89M (Peak 11.46M) | Time:00:00.00 | Mem:0.00M, Peak:0.00M | Scene, ViewLayer | Updating Shaders
Fra:1 Mem:10.97M (Peak 11.46M) | Time:00:00.00 | Mem:0.00M, Peak:0.00M | Scene, ViewLayer | Updating Procedurals
Fra:1 Mem:10.97M (Peak 11.46M) | Time:00:00.00 | Mem:0.00M, Peak:0.00M | Scene, ViewLayer | Updating Background
Fra:1 Mem:10.97M (Peak 11.46M) | Time:00:00.00 | Mem:0.00M, Peak:0.00M | Scene, ViewLayer | Updating Camera
Fra:1 Mem:10.97M (Peak 11.46M) | Time:00:00.00 | Mem:0.00M, Peak:0.00M | Scene, ViewLayer | Updating Meshes Flags
Fra:1 Mem:10.97M (Peak 11.46M) | Time:00:00.00 | Mem:0.00M, Peak:0.00M | Scene, ViewLayer | Updating Objects
Fra:1 Mem:10.97M (Peak 11.46M) | Time:00:00.00 | Mem:0.00M, Peak:0.00M | Scene, ViewLayer | Updating Objects | Copying Transformations to device
Fra:1 Mem:10.98M (Peak 11.46M) | Time:00:00.00 | Mem:0.00M, Peak:0.00M | Scene, ViewLayer | Updating Objects | Applying Static Transformations
Fra:1 Mem:10.98M (Peak 11.46M) | Time:00:00.00 | Mem:0.00M, Peak:0.00M | Scene, ViewLayer | Updating Particle Systems
Fra:1 Mem:10.98M (Peak 11.46M) | Time:00:00.00 | Mem:0.00M, Peak:0.00M | Scene, ViewLayer | Updating Particle Systems | Copying Particles to device
Fra:1 Mem:10.98M (Peak 11.46M) | Time:00:00.00 | Mem:0.00M, Peak:0.00M | Scene, ViewLayer | Updating Meshes
Fra:1 Mem:11.00M (Peak 11.46M) | Time:00:00.00 | Mem:0.00M, Peak:0.00M | Scene, ViewLayer | Updating Mesh | Computing attributes
Fra:1 Mem:11.04M (Peak 11.46M) | Time:00:00.00 | Mem:0.01M, Peak:0.01M | Scene, ViewLayer | Updating Mesh | Copying Attributes to device
Fra:1 Mem:11.04M (Peak 11.46M) | Time:00:00.00 | Mem:0.04M, Peak:0.04M | Scene, ViewLayer | Updating Scene BVH | Building
Fra:1 Mem:11.04M (Peak 11.46M) | Time:00:00.00 | Mem:0.04M, Peak:0.04M | Scene, ViewLayer | Updating Scene BVH | Building BVH
Fra:1 Mem:11.04M (Peak 11.46M) | Time:00:00.00 | Mem:0.09M, Peak:0.09M | Scene, ViewLayer | Updating Scene BVH | Building BVH 0%
Fra:1 Mem:11.04M (Peak 11.46M) | Time:00:00.00 | Mem:0.15M, Peak:0.20M | Scene, ViewLayer | Updating Scene BVH | Copying BVH to device
Fra:1 Mem:11.04M (Peak 11.46M) | Time:00:00.00 | Mem:0.15M, Peak:0.20M | Scene, ViewLayer | Updating Mesh | Computing normals
Fra:1 Mem:11.17M (Peak 11.46M) | Time:00:00.00 | Mem:0.15M, Peak:0.20M | Scene, ViewLayer | Updating Mesh | Copying Mesh to device
Fra:1 Mem:11.17M (Peak 11.46M) | Time:00:00.00 | Mem:0.28M, Peak:0.28M | Scene, ViewLayer | Updating Objects Flags
Fra:1 Mem:11.17M (Peak 11.46M) | Time:00:00.00 | Mem:0.28M, Peak:0.28M | Scene, ViewLayer | Updating Primitive Offsets
Fra:1 Mem:11.17M (Peak 11.46M) | Time:00:00.00 | Mem:0.28M, Peak:0.28M | Scene, ViewLayer | Updating Images
Fra:1 Mem:11.17M (Peak 11.46M) | Time:00:00.00 | Mem:0.28M, Peak:0.28M | Scene, ViewLayer | Updating Camera Volume
Fra:1 Mem:11.17M (Peak 11.46M) | Time:00:00.00 | Mem:0.28M, Peak:0.28M | Scene, ViewLayer | Updating Lookup Tables
Fra:1 Mem:11.17M (Peak 11.46M) | Time:00:00.00 | Mem:0.36M, Peak:0.36M | Scene, ViewLayer | Updating Lights
Fra:1 Mem:11.17M (Peak 11.46M) | Time:00:00.00 | Mem:0.36M, Peak:0.36M | Scene, ViewLayer | Updating Lights | Computing tree
Fra:1 Mem:11.17M (Peak 11.46M) | Time:00:00.00 | Mem:0.36M, Peak:0.36M | Scene, ViewLayer | Updating Integrator
Fra:1 Mem:11.17M (Peak 11.46M) | Time:00:00.00 | Mem:0.36M, Peak:0.36M | Scene, ViewLayer | Updating Film
Fra:1 Mem:11.17M (Peak 11.46M) | Time:00:00.00 | Mem:0.28M, Peak:0.36M | Scene, ViewLayer | Updating Lookup Tables
Fra:1 Mem:11.17M (Peak 11.46M) | Time:00:00.00 | Mem:0.37M, Peak:0.37M | Scene, ViewLayer | Updating Baking
Fra:1 Mem:11.17M (Peak 11.46M) | Time:00:00.00 | Mem:0.37M, Peak:0.37M | Scene, ViewLayer | Updating Device | Writing constant memory
Fra:1 Mem:11.17M (Peak 11.46M) | Time:00:00.00 | Mem:0.37M, Peak:0.37M | Scene, ViewLayer | Sample 0/48
Fra:1 Mem:38.67M (Peak 38.67M) | Time:00:00.38 | Remaining:00:17.75 | Mem:27.83M, Peak:27.83M | Scene, ViewLayer | Sample 1/48
Fra:1 Mem:50.87M (Peak 75.29M) | Time:00:15.31 | Mem:27.83M, Peak:27.83M | Scene, ViewLayer | Sample 48/48
Fra:1 Mem:50.87M (Peak 75.29M) | Time:00:15.31 | Mem:27.83M, Peak:27.83M | Scene, ViewLayer | Finished
Saved: 'ArtSource/ActorModules/WolfV2/Wolf-pose-0.png'
Time: 00:15.51 (Saving: 00:00.18)

Fra:1 Mem:11.17M (Peak 11.17M) | Time:00:00.00 | Mem:0.00M, Peak:0.00M | Scene, ViewLayer | Synchronizing object | Plane
Fra:1 Mem:11.18M (Peak 11.18M) | Time:00:00.00 | Mem:0.00M, Peak:0.00M | Scene, ViewLayer | Synchronizing object | Tail
Fra:1 Mem:11.21M (Peak 11.21M) | Time:00:00.00 | Mem:0.00M, Peak:0.00M | Scene, ViewLayer | Synchronizing object | Wolf head
Fra:1 Mem:11.24M (Peak 11.24M) | Time:00:00.00 | Mem:0.00M, Peak:0.00M | Scene, ViewLayer | Synchronizing object | Paw.003
Fra:1 Mem:11.29M (Peak 11.29M) | Time:00:00.00 | Mem:0.00M, Peak:0.00M | Scene, ViewLayer | Synchronizing object | Muzzle
Fra:1 Mem:11.29M (Peak 11.29M) | Time:00:00.00 | Mem:0.00M, Peak:0.00M | Scene, ViewLayer | Synchronizing object | Paw.002
Fra:1 Mem:11.33M (Peak 11.33M) | Time:00:00.00 | Mem:0.00M, Peak:0.00M | Scene, ViewLayer | Synchronizing object | Paw.001
Fra:1 Mem:11.35M (Peak 11.35M) | Time:00:00.00 | Mem:0.00M, Peak:0.00M | Scene, ViewLayer | Synchronizing object | Luminous eye
Fra:1 Mem:11.36M (Peak 11.36M) | Time:00:00.00 | Mem:0.00M, Peak:0.00M | Scene, ViewLayer | Synchronizing object | Ear.001
Fra:1 Mem:11.39M (Peak 11.39M) | Time:00:00.00 | Mem:0.00M, Peak:0.00M | Scene, ViewLayer | Synchronizing object | Paw
Fra:1 Mem:11.40M (Peak 11.40M) | Time:00:00.00 | Mem:0.00M, Peak:0.00M | Scene, ViewLayer | Synchronizing object | Luminous eye.001
Fra:1 Mem:11.46M (Peak 11.46M) | Time:00:00.00 | Mem:0.00M, Peak:0.00M | Scene, ViewLayer | Initializing
Fra:1 Mem:10.89M (Peak 11.46M) | Time:00:00.00 | Mem:0.00M, Peak:0.00M | Scene, ViewLayer | Waiting for render to start
Fra:1 Mem:10.89M (Peak 11.46M) | Time:00:00.00 | Mem:0.00M, Peak:0.00M | Scene, ViewLayer | Loading render kernels (may take a few minutes the first time)
Fra:1 Mem:10.89M (Peak 11.46M) | Time:00:00.00 | Mem:0.00M, Peak:0.00M | Scene, ViewLayer | Updating Scene
Fra:1 Mem:10.89M (Peak 11.46M) | Time:00:00.00 | Mem:0.00M, Peak:0.00M | Scene, ViewLayer | Updating Shaders
Fra:1 Mem:10.97M (Peak 11.46M) | Time:00:00.00 | Mem:0.00M, Peak:0.00M | Scene, ViewLayer | Updating Procedurals
Fra:1 Mem:10.97M (Peak 11.46M) | Time:00:00.00 | Mem:0.00M, Peak:0.00M | Scene, ViewLayer | Updating Background
Fra:1 Mem:10.97M (Peak 11.46M) | Time:00:00.00 | Mem:0.00M, Peak:0.00M | Scene, ViewLayer | Updating Camera
Fra:1 Mem:10.97M (Peak 11.46M) | Time:00:00.00 | Mem:0.00M, Peak:0.00M | Scene, ViewLayer | Updating Meshes Flags
Fra:1 Mem:10.97M (Peak 11.46M) | Time:00:00.00 | Mem:0.00M, Peak:0.00M | Scene, ViewLayer | Updating Objects
Fra:1 Mem:10.97M (Peak 11.46M) | Time:00:00.00 | Mem:0.00M, Peak:0.00M | Scene, ViewLayer | Updating Objects | Copying Transformations to device
Fra:1 Mem:10.98M (Peak 11.46M) | Time:00:00.00 | Mem:0.00M, Peak:0.00M | Scene, ViewLayer | Updating Objects | Applying Static Transformations
Fra:1 Mem:10.98M (Peak 11.46M) | Time:00:00.00 | Mem:0.00M, Peak:0.00M | Scene, ViewLayer | Updating Particle Systems
Fra:1 Mem:10.98M (Peak 11.46M) | Time:00:00.00 | Mem:0.00M, Peak:0.00M | Scene, ViewLayer | Updating Particle Systems | Copying Particles to device
Fra:1 Mem:10.98M (Peak 11.46M) | Time:00:00.00 | Mem:0.00M, Peak:0.00M | Scene, ViewLayer | Updating Meshes
Fra:1 Mem:11.00M (Peak 11.46M) | Time:00:00.00 | Mem:0.00M, Peak:0.00M | Scene, ViewLayer | Updating Mesh | Computing attributes
Fra:1 Mem:11.04M (Peak 11.46M) | Time:00:00.00 | Mem:0.01M, Peak:0.01M | Scene, ViewLayer | Updating Mesh | Copying Attributes to device
Fra:1 Mem:11.04M (Peak 11.46M) | Time:00:00.00 | Mem:0.04M, Peak:0.04M | Scene, ViewLayer | Updating Scene BVH | Building
Fra:1 Mem:11.04M (Peak 11.46M) | Time:00:00.00 | Mem:0.04M, Peak:0.04M | Scene, ViewLayer | Updating Scene BVH | Building BVH
Fra:1 Mem:11.04M (Peak 11.46M) | Time:00:00.00 | Mem:0.09M, Peak:0.09M | Scene, ViewLayer | Updating Scene BVH | Building BVH 0%
Fra:1 Mem:11.04M (Peak 11.46M) | Time:00:00.00 | Mem:0.16M, Peak:0.21M | Scene, ViewLayer | Updating Scene BVH | Copying BVH to device
Fra:1 Mem:11.04M (Peak 11.46M) | Time:00:00.00 | Mem:0.16M, Peak:0.21M | Scene, ViewLayer | Updating Mesh | Computing normals
Fra:1 Mem:11.17M (Peak 11.46M) | Time:00:00.00 | Mem:0.16M, Peak:0.21M | Scene, ViewLayer | Updating Mesh | Copying Mesh to device
Fra:1 Mem:11.17M (Peak 11.46M) | Time:00:00.00 | Mem:0.29M, Peak:0.29M | Scene, ViewLayer | Updating Objects Flags
Fra:1 Mem:11.17M (Peak 11.46M) | Time:00:00.00 | Mem:0.29M, Peak:0.29M | Scene, ViewLayer | Updating Primitive Offsets
Fra:1 Mem:11.17M (Peak 11.46M) | Time:00:00.00 | Mem:0.29M, Peak:0.29M | Scene, ViewLayer | Updating Images
Fra:1 Mem:11.17M (Peak 11.46M) | Time:00:00.00 | Mem:0.29M, Peak:0.29M | Scene, ViewLayer | Updating Camera Volume
Fra:1 Mem:11.17M (Peak 11.46M) | Time:00:00.00 | Mem:0.29M, Peak:0.29M | Scene, ViewLayer | Updating Lookup Tables
Fra:1 Mem:11.17M (Peak 11.46M) | Time:00:00.00 | Mem:0.37M, Peak:0.37M | Scene, ViewLayer | Updating Lights
Fra:1 Mem:11.17M (Peak 11.46M) | Time:00:00.00 | Mem:0.37M, Peak:0.37M | Scene, ViewLayer | Updating Lights | Computing tree
Fra:1 Mem:11.17M (Peak 11.46M) | Time:00:00.00 | Mem:0.37M, Peak:0.37M | Scene, ViewLayer | Updating Integrator
Fra:1 Mem:11.17M (Peak 11.46M) | Time:00:00.00 | Mem:0.37M, Peak:0.37M | Scene, ViewLayer | Updating Film
Fra:1 Mem:11.17M (Peak 11.46M) | Time:00:00.00 | Mem:0.29M, Peak:0.37M | Scene, ViewLayer | Updating Lookup Tables
Fra:1 Mem:11.17M (Peak 11.46M) | Time:00:00.00 | Mem:0.37M, Peak:0.37M | Scene, ViewLayer | Updating Baking
Fra:1 Mem:11.17M (Peak 11.46M) | Time:00:00.00 | Mem:0.37M, Peak:0.37M | Scene, ViewLayer | Updating Device | Writing constant memory
Fra:1 Mem:11.17M (Peak 11.46M) | Time:00:00.00 | Mem:0.37M, Peak:0.37M | Scene, ViewLayer | Sample 0/48
Fra:1 Mem:38.67M (Peak 38.67M) | Time:00:00.37 | Remaining:00:17.69 | Mem:27.84M, Peak:27.84M | Scene, ViewLayer | Sample 1/48
Fra:1 Mem:50.87M (Peak 75.29M) | Time:00:22.50 | Mem:27.84M, Peak:27.84M | Scene, ViewLayer | Sample 48/48
Fra:1 Mem:50.87M (Peak 75.29M) | Time:00:22.50 | Mem:27.84M, Peak:27.84M | Scene, ViewLayer | Finished
Saved: 'ArtSource/ActorModules/WolfV2/Wolf-pose-12.png'
Time: 00:22.68 (Saving: 00:00.18)

Fra:1 Mem:11.18M (Peak 11.18M) | Time:00:00.00 | Mem:0.00M, Peak:0.00M | Scene, ViewLayer | Synchronizing object | Tail
Fra:1 Mem:11.19M (Peak 11.19M) | Time:00:00.00 | Mem:0.00M, Peak:0.00M | Scene, ViewLayer | Synchronizing object | Paw.003
Fra:1 Mem:11.22M (Peak 11.22M) | Time:00:00.00 | Mem:0.00M, Peak:0.00M | Scene, ViewLayer | Synchronizing object | Paw.002
Fra:1 Mem:11.24M (Peak 11.24M) | Time:00:00.00 | Mem:0.00M, Peak:0.00M | Scene, ViewLayer | Synchronizing object | Paw.001
Fra:1 Mem:11.27M (Peak 11.27M) | Time:00:00.00 | Mem:0.00M, Peak:0.00M | Scene, ViewLayer | Synchronizing object | Paw
Fra:1 Mem:11.30M (Peak 11.30M) | Time:00:00.00 | Mem:0.00M, Peak:0.00M | Scene, ViewLayer | Synchronizing object | Luminous eye.001
Fra:1 Mem:11.33M (Peak 11.33M) | Time:00:00.00 | Mem:0.00M, Peak:0.00M | Scene, ViewLayer | Synchronizing object | Ear.001
Fra:1 Mem:11.34M (Peak 11.34M) | Time:00:00.00 | Mem:0.00M, Peak:0.00M | Scene, ViewLayer | Synchronizing object | Luminous eye
Fra:1 Mem:11.37M (Peak 11.37M) | Time:00:00.00 | Mem:0.00M, Peak:0.00M | Scene, ViewLayer | Synchronizing object | Ear
Fra:1 Mem:11.38M (Peak 11.38M) | Time:00:00.00 | Mem:0.00M, Peak:0.00M | Scene, ViewLayer | Synchronizing object | Muzzle
Fra:1 Mem:11.39M (Peak 11.39M) | Time:00:00.00 | Mem:0.00M, Peak:0.00M | Scene, ViewLayer | Synchronizing object | Wolf head
Fra:1 Mem:11.42M (Peak 11.42M) | Time:00:00.00 | Mem:0.00M, Peak:0.00M | Scene, ViewLayer | Synchronizing object | Spirit wolf torso
Fra:1 Mem:11.46M (Peak 11.46M) | Time:00:00.00 | Mem:0.00M, Peak:0.00M | Scene, ViewLayer | Synchronizing object | Plane
Fra:1 Mem:11.46M (Peak 11.46M) | Time:00:00.00 | Mem:0.00M, Peak:0.00M | Scene, ViewLayer | Initializing
Fra:1 Mem:10.89M (Peak 11.46M) | Time:00:00.00 | Mem:0.00M, Peak:0.00M | Scene, ViewLayer | Waiting for render to start
Fra:1 Mem:10.89M (Peak 11.46M) | Time:00:00.00 | Mem:0.00M, Peak:0.00M | Scene, ViewLayer | Loading render kernels (may take a few minutes the first time)
Fra:1 Mem:10.89M (Peak 11.46M) | Time:00:00.00 | Mem:0.00M, Peak:0.00M | Scene, ViewLayer | Updating Scene
Fra:1 Mem:10.89M (Peak 11.46M) | Time:00:00.00 | Mem:0.00M, Peak:0.00M | Scene, ViewLayer | Updating Shaders
Fra:1 Mem:10.97M (Peak 11.46M) | Time:00:00.00 | Mem:0.00M, Peak:0.00M | Scene, ViewLayer | Updating Procedurals
Fra:1 Mem:10.97M (Peak 11.46M) | Time:00:00.00 | Mem:0.00M, Peak:0.00M | Scene, ViewLayer | Updating Background
Fra:1 Mem:10.97M (Peak 11.46M) | Time:00:00.00 | Mem:0.00M, Peak:0.00M | Scene, ViewLayer | Updating Camera
Fra:1 Mem:10.97M (Peak 11.46M) | Time:00:00.00 | Mem:0.00M, Peak:0.00M | Scene, ViewLayer | Updating Meshes Flags
Fra:1 Mem:10.97M (Peak 11.46M) | Time:00:00.00 | Mem:0.00M, Peak:0.00M | Scene, ViewLayer | Updating Objects
Fra:1 Mem:10.97M (Peak 11.46M) | Time:00:00.00 | Mem:0.00M, Peak:0.00M | Scene, ViewLayer | Updating Objects | Copying Transformations to device
Fra:1 Mem:10.98M (Peak 11.46M) | Time:00:00.00 | Mem:0.00M, Peak:0.00M | Scene, ViewLayer | Updating Objects | Applying Static Transformations
Fra:1 Mem:10.98M (Peak 11.46M) | Time:00:00.00 | Mem:0.00M, Peak:0.00M | Scene, ViewLayer | Updating Particle Systems
Fra:1 Mem:10.98M (Peak 11.46M) | Time:00:00.00 | Mem:0.00M, Peak:0.00M | Scene, ViewLayer | Updating Particle Systems | Copying Particles to device
Fra:1 Mem:10.98M (Peak 11.46M) | Time:00:00.00 | Mem:0.00M, Peak:0.00M | Scene, ViewLayer | Updating Meshes
Fra:1 Mem:11.00M (Peak 11.46M) | Time:00:00.00 | Mem:0.00M, Peak:0.00M | Scene, ViewLayer | Updating Mesh | Computing attributes
Fra:1 Mem:11.04M (Peak 11.46M) | Time:00:00.00 | Mem:0.01M, Peak:0.01M | Scene, ViewLayer | Updating Mesh | Copying Attributes to device
Fra:1 Mem:11.04M (Peak 11.46M) | Time:00:00.00 | Mem:0.04M, Peak:0.04M | Scene, ViewLayer | Updating Scene BVH | Building
Fra:1 Mem:11.04M (Peak 11.46M) | Time:00:00.00 | Mem:0.04M, Peak:0.04M | Scene, ViewLayer | Updating Scene BVH | Building BVH
Fra:1 Mem:11.04M (Peak 11.46M) | Time:00:00.00 | Mem:0.09M, Peak:0.09M | Scene, ViewLayer | Updating Scene BVH | Building BVH 0%
Fra:1 Mem:11.04M (Peak 11.46M) | Time:00:00.00 | Mem:0.15M, Peak:0.20M | Scene, ViewLayer | Updating Scene BVH | Copying BVH to device
Fra:1 Mem:11.04M (Peak 11.46M) | Time:00:00.00 | Mem:0.15M, Peak:0.20M | Scene, ViewLayer | Updating Mesh | Computing normals
Fra:1 Mem:11.17M (Peak 11.46M) | Time:00:00.00 | Mem:0.15M, Peak:0.20M | Scene, ViewLayer | Updating Mesh | Copying Mesh to device
Fra:1 Mem:11.17M (Peak 11.46M) | Time:00:00.00 | Mem:0.28M, Peak:0.28M | Scene, ViewLayer | Updating Objects Flags
Fra:1 Mem:11.17M (Peak 11.46M) | Time:00:00.00 | Mem:0.28M, Peak:0.28M | Scene, ViewLayer | Updating Primitive Offsets
Fra:1 Mem:11.17M (Peak 11.46M) | Time:00:00.00 | Mem:0.28M, Peak:0.28M | Scene, ViewLayer | Updating Images
Fra:1 Mem:11.17M (Peak 11.46M) | Time:00:00.00 | Mem:0.28M, Peak:0.28M | Scene, ViewLayer | Updating Camera Volume
Fra:1 Mem:11.17M (Peak 11.46M) | Time:00:00.00 | Mem:0.28M, Peak:0.28M | Scene, ViewLayer | Updating Lookup Tables
Fra:1 Mem:11.17M (Peak 11.46M) | Time:00:00.00 | Mem:0.36M, Peak:0.36M | Scene, ViewLayer | Updating Lights
Fra:1 Mem:11.17M (Peak 11.46M) | Time:00:00.00 | Mem:0.36M, Peak:0.36M | Scene, ViewLayer | Updating Lights | Computing tree
Fra:1 Mem:11.17M (Peak 11.46M) | Time:00:00.00 | Mem:0.36M, Peak:0.36M | Scene, ViewLayer | Updating Integrator
Fra:1 Mem:11.17M (Peak 11.46M) | Time:00:00.00 | Mem:0.36M, Peak:0.36M | Scene, ViewLayer | Updating Film
Fra:1 Mem:11.17M (Peak 11.46M) | Time:00:00.00 | Mem:0.28M, Peak:0.36M | Scene, ViewLayer | Updating Lookup Tables
Fra:1 Mem:11.17M (Peak 11.46M) | Time:00:00.00 | Mem:0.37M, Peak:0.37M | Scene, ViewLayer | Updating Baking
Fra:1 Mem:11.17M (Peak 11.46M) | Time:00:00.00 | Mem:0.37M, Peak:0.37M | Scene, ViewLayer | Updating Device | Writing constant memory
Fra:1 Mem:11.17M (Peak 11.46M) | Time:00:00.00 | Mem:0.37M, Peak:0.37M | Scene, ViewLayer | Sample 0/48
Fra:1 Mem:38.67M (Peak 38.67M) | Time:00:00.69 | Remaining:00:32.66 | Mem:27.83M, Peak:27.83M | Scene, ViewLayer | Sample 1/48
Fra:1 Mem:38.67M (Peak 38.67M) | Time:00:18.37 | Remaining:00:08.34 | Mem:27.83M, Peak:27.83M | Scene, ViewLayer | Sample 33/48
Fra:1 Mem:50.87M (Peak 75.29M) | Time:00:26.56 | Mem:27.83M, Peak:27.83M | Scene, ViewLayer | Sample 48/48
Fra:1 Mem:50.87M (Peak 75.29M) | Time:00:26.56 | Mem:27.83M, Peak:27.83M | Scene, ViewLayer | Finished
Saved: 'ArtSource/ActorModules/WolfV2/Wolf-pose-24.png'
Time: 00:26.75 (Saving: 00:00.18)


Blender quit
