Blender 4.3.2
Fra:1 Mem:11.30M (Peak 11.30M) | Time:00:00.00 | Mem:0.00M, Peak:0.00M | Scene, ViewLayer | Synchronizing object | WayfarerPot
Fra:1 Mem:11.30M (Peak 11.30M) | Time:00:00.00 | Mem:0.00M, Peak:0.00M | Scene, ViewLayer | Synchronizing object | Plane
Fra:1 Mem:11.37M (Peak 11.37M) | Time:00:00.00 | Mem:0.00M, Peak:0.00M | Scene, ViewLayer | Initializing
Fra:1 Mem:10.87M (Peak 11.37M) | Time:00:00.00 | Mem:0.00M, Peak:0.00M | Scene, ViewLayer | Waiting for render to start
Fra:1 Mem:10.87M (Peak 11.37M) | Time:00:00.00 | Mem:0.00M, Peak:0.00M | Scene, ViewLayer | Loading render kernels (may take a few minutes the first time)
Fra:1 Mem:10.87M (Peak 11.37M) | Time:00:00.00 | Mem:0.00M, Peak:0.00M | Scene, ViewLayer | Updating Scene
Fra:1 Mem:10.87M (Peak 11.37M) | Time:00:00.00 | Mem:0.00M, Peak:0.00M | Scene, ViewLayer | Updating Shaders
Fra:1 Mem:10.96M (Peak 11.37M) | Time:00:00.00 | Mem:0.00M, Peak:0.00M | Scene, ViewLayer | Updating Procedurals
Fra:1 Mem:10.96M (Peak 11.37M) | Time:00:00.00 | Mem:0.00M, Peak:0.00M | Scene, ViewLayer | Updating Background
Fra:1 Mem:10.96M (Peak 11.37M) | Time:00:00.00 | Mem:0.00M, Peak:0.00M | Scene, ViewLayer | Updating Camera
Fra:1 Mem:10.96M (Peak 11.37M) | Time:00:00.00 | Mem:0.00M, Peak:0.00M | Scene, ViewLayer | Updating Meshes Flags
Fra:1 Mem:10.96M (Peak 11.37M) | Time:00:00.00 | Mem:0.00M, Peak:0.00M | Scene, ViewLayer | Updating Objects
Fra:1 Mem:10.96M (Peak 11.37M) | Time:00:00.00 | Mem:0.00M, Peak:0.00M | Scene, ViewLayer | Updating Objects | Copying Transformations to device
Fra:1 Mem:10.96M (Peak 11.37M) | Time:00:00.00 | Mem:0.01M, Peak:0.01M | Scene, ViewLayer | Updating Objects | Applying Static Transformations
Fra:1 Mem:10.96M (Peak 11.37M) | Time:00:00.00 | Mem:0.01M, Peak:0.01M | Scene, ViewLayer | Updating Particle Systems
Fra:1 Mem:10.96M (Peak 11.37M) | Time:00:00.00 | Mem:0.01M, Peak:0.01M | Scene, ViewLayer | Updating Particle Systems | Copying Particles to device
Fra:1 Mem:10.96M (Peak 11.37M) | Time:00:00.00 | Mem:0.01M, Peak:0.01M | Scene, ViewLayer | Updating Meshes
Fra:1 Mem:10.97M (Peak 11.37M) | Time:00:00.00 | Mem:0.01M, Peak:0.01M | Scene, ViewLayer | Updating Mesh | Computing attributes
Fra:1 Mem:10.98M (Peak 11.37M) | Time:00:00.00 | Mem:0.01M, Peak:0.01M | Scene, ViewLayer | Updating Mesh | Copying Attributes to device
Fra:1 Mem:10.98M (Peak 11.37M) | Time:00:00.00 | Mem:0.01M, Peak:0.01M | Scene, ViewLayer | Updating Scene BVH | Building
Fra:1 Mem:10.98M (Peak 11.37M) | Time:00:00.00 | Mem:0.01M, Peak:0.01M | Scene, ViewLayer | Updating Scene BVH | Building BVH
Fra:1 Mem:10.98M (Peak 11.37M) | Time:00:00.00 | Mem:0.05M, Peak:0.05M | Scene, ViewLayer | Updating Scene BVH | Building BVH 0%
Fra:1 Mem:10.98M (Peak 11.37M) | Time:00:00.00 | Mem:0.09M, Peak:0.12M | Scene, ViewLayer | Updating Scene BVH | Copying BVH to device
Fra:1 Mem:10.98M (Peak 11.37M) | Time:00:00.00 | Mem:0.09M, Peak:0.12M | Scene, ViewLayer | Updating Mesh | Computing normals
Fra:1 Mem:11.02M (Peak 11.37M) | Time:00:00.00 | Mem:0.09M, Peak:0.12M | Scene, ViewLayer | Updating Mesh | Copying Mesh to device
Fra:1 Mem:11.02M (Peak 11.37M) | Time:00:00.00 | Mem:0.13M, Peak:0.13M | Scene, ViewLayer | Updating Objects Flags
Fra:1 Mem:11.02M (Peak 11.37M) | Time:00:00.00 | Mem:0.13M, Peak:0.13M | Scene, ViewLayer | Updating Primitive Offsets
Fra:1 Mem:11.02M (Peak 11.37M) | Time:00:00.00 | Mem:0.13M, Peak:0.13M | Scene, ViewLayer | Updating Images
Fra:1 Mem:11.02M (Peak 11.37M) | Time:00:00.00 | Mem:0.13M, Peak:0.13M | Scene, ViewLayer | Updating Camera Volume
Fra:1 Mem:11.02M (Peak 11.37M) | Time:00:00.00 | Mem:0.13M, Peak:0.13M | Scene, ViewLayer | Updating Lookup Tables
Fra:1 Mem:11.02M (Peak 11.37M) | Time:00:00.00 | Mem:0.21M, Peak:0.21M | Scene, ViewLayer | Updating Lights
Fra:1 Mem:11.02M (Peak 11.37M) | Time:00:00.00 | Mem:0.21M, Peak:0.21M | Scene, ViewLayer | Updating Lights | Computing tree
Fra:1 Mem:11.02M (Peak 11.37M) | Time:00:00.00 | Mem:0.21M, Peak:0.21M | Scene, ViewLayer | Updating Integrator
Fra:1 Mem:11.02M (Peak 11.37M) | Time:00:00.00 | Mem:0.21M, Peak:0.21M | Scene, ViewLayer | Updating Film
Fra:1 Mem:11.03M (Peak 11.37M) | Time:00:00.00 | Mem:0.13M, Peak:0.21M | Scene, ViewLayer | Updating Lookup Tables
Fra:1 Mem:11.03M (Peak 11.37M) | Time:00:00.00 | Mem:0.21M, Peak:0.21M | Scene, ViewLayer | Updating Baking
Fra:1 Mem:11.03M (Peak 11.37M) | Time:00:00.00 | Mem:0.21M, Peak:0.21M | Scene, ViewLayer | Updating Device | Writing constant memory
Fra:1 Mem:11.03M (Peak 11.37M) | Time:00:00.00 | Mem:0.21M, Peak:0.21M | Scene, ViewLayer | Sample 0/24
Fra:1 Mem:48.12M (Peak 48.12M) | Time:00:00.72 | Remaining:00:16.53 | Mem:37.29M, Peak:37.29M | Scene, ViewLayer | Sample 1/24
Fra:1 Mem:64.60M (Peak 97.56M) | Time:00:17.20 | Mem:37.29M, Peak:37.29M | Scene, ViewLayer | Sample 24/24
Fra:1 Mem:64.60M (Peak 97.56M) | Time:00:17.20 | Mem:37.29M, Peak:37.29M | Scene, ViewLayer | Finished
Saved: '/workspace/emberfall_win/ArtSource/BlenderScenery/Scenery-New-Preview.png'
Time: 00:17.43 (Saving: 00:00.22)

Extensions: writing cache failed ([Errno 30] Read-only file system: '/home/agent/.config/blender/4.3/extensions').
Warning: No mesh data to join

FBX export starting... '/workspace/emberfall_win/Assets/Resources/BlenderScenery/WayfarerPot.fbx'
export finished in 0.0038 sec.

FBX export starting... '/workspace/emberfall_win/Assets/Resources/BlenderScenery/FracturedRubble.fbx'
export finished in 0.0028 sec.

FBX export starting... '/workspace/emberfall_win/Assets/Resources/BlenderScenery/OpenCanopyTree.fbx'
export finished in 0.0036 sec.
Info: Saved "Emberfall-Scenery.blend"
{
  "WayfarerPot": {
    "triangles": 480,
    "vertices": 256,
    "materials": 2,
    "textures": 0,
    "dimensions_blender_xyz_m": [
      0.7400000095367432,
      0.7400000095367432,
      0.9399999976158142
    ],
    "fbx_bytes": 20940,
    "sha256": "38c0f39b506653722096c75a2d1ec3127adc2321fd0fedb07208da0593ceae1a"
  },
  "FracturedRubble": {
    "triangles": 60,
    "vertices": 36,
    "materials": 1,
    "textures": 0,
    "dimensions_blender_xyz_m": [
      1.2223036289215088,
      0.9126296639442444,
      0.6416406035423279
    ],
    "fbx_bytes": 16972,
    "sha256": "93173280fb6ce494f63a1907d0ea7c939c092e8b221fc0656ca050e7195bc7c4"
  },
  "OpenCanopyTree": {
    "triangles": 564,
    "vertices": 334,
    "materials": 2,
    "textures": 0,
    "dimensions_blender_xyz_m": [
      3.1626014709472656,
      2.9574332237243652,
      3.545639991760254
    ],
    "fbx_bytes": 32316,
    "sha256": "13a9783db16cb38c3b6f25c9514d604f867c4a450f58912d30950d2150a2d9e0"
  },
  "_validation": {
    "blender": "4.3.2",
    "unity_import_validated": false,
    "texture_bytes_added": 0,
    "max_triangles_per_asset": 1024,
    "low_tier": "Same bounded opaque meshes; no particles, alpha cards, tessellation or additional textures"
  }
}

Blender quit
