Blender 4.3.2
Fra:1 Mem:10.49M (Peak 10.49M) | Time:00:00.00 | Mem:0.00M, Peak:0.00M | Scene, ViewLayer | Synchronizing object | SupplierBackpack
Fra:1 Mem:10.49M (Peak 10.49M) | Time:00:00.00 | Mem:0.00M, Peak:0.00M | Scene, ViewLayer | Synchronizing object | Sphere.002
Fra:1 Mem:10.52M (Peak 10.52M) | Time:00:00.00 | Mem:0.00M, Peak:0.00M | Scene, ViewLayer | Synchronizing object | Sphere.001
Fra:1 Mem:10.53M (Peak 10.53M) | Time:00:00.00 | Mem:0.00M, Peak:0.00M | Scene, ViewLayer | Initializing
Fra:1 Mem:10.22M (Peak 10.53M) | Time:00:00.00 | Mem:0.00M, Peak:0.00M | Scene, ViewLayer | Waiting for render to start
Fra:1 Mem:10.22M (Peak 10.53M) | Time:00:00.00 | Mem:0.00M, Peak:0.00M | Scene, ViewLayer | Loading render kernels (may take a few minutes the first time)
Fra:1 Mem:10.22M (Peak 10.53M) | Time:00:00.00 | Mem:0.00M, Peak:0.00M | Scene, ViewLayer | Updating Scene
Fra:1 Mem:10.22M (Peak 10.53M) | Time:00:00.00 | Mem:0.00M, Peak:0.00M | Scene, ViewLayer | Updating Shaders
Fra:1 Mem:10.30M (Peak 10.53M) | Time:00:00.00 | Mem:0.00M, Peak:0.00M | Scene, ViewLayer | Updating Procedurals
Fra:1 Mem:10.30M (Peak 10.53M) | Time:00:00.00 | Mem:0.00M, Peak:0.00M | Scene, ViewLayer | Updating Background
Fra:1 Mem:10.30M (Peak 10.53M) | Time:00:00.00 | Mem:0.00M, Peak:0.00M | Scene, ViewLayer | Updating Camera
Fra:1 Mem:10.30M (Peak 10.53M) | Time:00:00.00 | Mem:0.00M, Peak:0.00M | Scene, ViewLayer | Updating Meshes Flags
Fra:1 Mem:10.30M (Peak 10.53M) | Time:00:00.00 | Mem:0.00M, Peak:0.00M | Scene, ViewLayer | Updating Objects
Fra:1 Mem:10.30M (Peak 10.53M) | Time:00:00.00 | Mem:0.00M, Peak:0.00M | Scene, ViewLayer | Updating Objects | Copying Transformations to device
Fra:1 Mem:10.30M (Peak 10.53M) | Time:00:00.00 | Mem:0.00M, Peak:0.00M | Scene, ViewLayer | Updating Objects | Applying Static Transformations
Fra:1 Mem:10.30M (Peak 10.53M) | Time:00:00.00 | Mem:0.00M, Peak:0.00M | Scene, ViewLayer | Updating Particle Systems
Fra:1 Mem:10.30M (Peak 10.53M) | Time:00:00.00 | Mem:0.00M, Peak:0.00M | Scene, ViewLayer | Updating Particle Systems | Copying Particles to device
Fra:1 Mem:10.30M (Peak 10.53M) | Time:00:00.00 | Mem:0.00M, Peak:0.00M | Scene, ViewLayer | Updating Meshes
Fra:1 Mem:10.31M (Peak 10.53M) | Time:00:00.00 | Mem:0.00M, Peak:0.00M | Scene, ViewLayer | Updating Mesh | Computing attributes
Fra:1 Mem:10.31M (Peak 10.53M) | Time:00:00.00 | Mem:0.00M, Peak:0.00M | Scene, ViewLayer | Updating Mesh | Copying Attributes to device
Fra:1 Mem:10.31M (Peak 10.53M) | Time:00:00.00 | Mem:0.00M, Peak:0.00M | Scene, ViewLayer | Updating Scene BVH | Building
Fra:1 Mem:10.31M (Peak 10.53M) | Time:00:00.00 | Mem:0.00M, Peak:0.00M | Scene, ViewLayer | Updating Scene BVH | Building BVH
Fra:1 Mem:10.31M (Peak 10.53M) | Time:00:00.00 | Mem:0.02M, Peak:0.02M | Scene, ViewLayer | Updating Scene BVH | Building BVH 0%
Fra:1 Mem:10.31M (Peak 10.53M) | Time:00:00.00 | Mem:0.05M, Peak:0.07M | Scene, ViewLayer | Updating Scene BVH | Copying BVH to device
Fra:1 Mem:10.31M (Peak 10.53M) | Time:00:00.00 | Mem:0.05M, Peak:0.07M | Scene, ViewLayer | Updating Mesh | Computing normals
Fra:1 Mem:10.33M (Peak 10.53M) | Time:00:00.00 | Mem:0.05M, Peak:0.07M | Scene, ViewLayer | Updating Mesh | Copying Mesh to device
Fra:1 Mem:10.33M (Peak 10.53M) | Time:00:00.00 | Mem:0.07M, Peak:0.07M | Scene, ViewLayer | Updating Objects Flags
Fra:1 Mem:10.33M (Peak 10.53M) | Time:00:00.00 | Mem:0.07M, Peak:0.07M | Scene, ViewLayer | Updating Primitive Offsets
Fra:1 Mem:10.33M (Peak 10.53M) | Time:00:00.00 | Mem:0.07M, Peak:0.07M | Scene, ViewLayer | Updating Images
Fra:1 Mem:10.33M (Peak 10.53M) | Time:00:00.00 | Mem:0.07M, Peak:0.07M | Scene, ViewLayer | Updating Camera Volume
Fra:1 Mem:10.33M (Peak 10.53M) | Time:00:00.00 | Mem:0.07M, Peak:0.07M | Scene, ViewLayer | Updating Lookup Tables
Fra:1 Mem:10.33M (Peak 10.53M) | Time:00:00.00 | Mem:0.15M, Peak:0.15M | Scene, ViewLayer | Updating Lights
Fra:1 Mem:10.33M (Peak 10.53M) | Time:00:00.00 | Mem:0.15M, Peak:0.15M | Scene, ViewLayer | Updating Lights | Computing tree
Fra:1 Mem:10.33M (Peak 10.53M) | Time:00:00.00 | Mem:0.15M, Peak:0.15M | Scene, ViewLayer | Updating Integrator
Fra:1 Mem:10.33M (Peak 10.53M) | Time:00:00.00 | Mem:0.15M, Peak:0.15M | Scene, ViewLayer | Updating Film
Fra:1 Mem:10.34M (Peak 10.53M) | Time:00:00.00 | Mem:0.07M, Peak:0.15M | Scene, ViewLayer | Updating Lookup Tables
Fra:1 Mem:10.34M (Peak 10.53M) | Time:00:00.00 | Mem:0.15M, Peak:0.15M | Scene, ViewLayer | Updating Baking
Fra:1 Mem:10.34M (Peak 10.53M) | Time:00:00.00 | Mem:0.15M, Peak:0.15M | Scene, ViewLayer | Updating Device | Writing constant memory
Fra:1 Mem:10.34M (Peak 10.53M) | Time:00:00.00 | Mem:0.15M, Peak:0.15M | Scene, ViewLayer | Sample 0/32
Fra:1 Mem:35.91M (Peak 35.91M) | Time:00:00.07 | Remaining:00:02.10 | Mem:25.70M, Peak:25.70M | Scene, ViewLayer | Sample 1/32
Fra:1 Mem:47.26M (Peak 69.97M) | Time:00:01.67 | Mem:25.70M, Peak:25.70M | Scene, ViewLayer | Sample 32/32
Fra:1 Mem:47.26M (Peak 69.97M) | Time:00:01.67 | Mem:25.70M, Peak:25.70M | Scene, ViewLayer | Finished
Saved: '/workspace/emberfall_win/ArtSource/TacticalAttachments/Fittings-front.png'
Time: 00:01.85 (Saving: 00:00.17)

Fra:1 Mem:10.51M (Peak 10.51M) | Time:00:00.00 | Mem:0.00M, Peak:0.00M | Scene, ViewLayer | Synchronizing object | SupplierBackpack
Fra:1 Mem:10.51M (Peak 10.51M) | Time:00:00.00 | Mem:0.00M, Peak:0.00M | Scene, ViewLayer | Synchronizing object | SupportMantle
Fra:1 Mem:10.51M (Peak 10.51M) | Time:00:00.00 | Mem:0.00M, Peak:0.00M | Scene, ViewLayer | Synchronizing object | Sphere.002
Fra:1 Mem:10.53M (Peak 10.53M) | Time:00:00.00 | Mem:0.00M, Peak:0.00M | Scene, ViewLayer | Initializing
Fra:1 Mem:10.22M (Peak 10.53M) | Time:00:00.00 | Mem:0.00M, Peak:0.00M | Scene, ViewLayer | Waiting for render to start
Fra:1 Mem:10.22M (Peak 10.53M) | Time:00:00.00 | Mem:0.00M, Peak:0.00M | Scene, ViewLayer | Loading render kernels (may take a few minutes the first time)
Fra:1 Mem:10.22M (Peak 10.53M) | Time:00:00.00 | Mem:0.00M, Peak:0.00M | Scene, ViewLayer | Updating Scene
Fra:1 Mem:10.22M (Peak 10.53M) | Time:00:00.00 | Mem:0.00M, Peak:0.00M | Scene, ViewLayer | Updating Shaders
Fra:1 Mem:10.30M (Peak 10.53M) | Time:00:00.00 | Mem:0.00M, Peak:0.00M | Scene, ViewLayer | Updating Procedurals
Fra:1 Mem:10.30M (Peak 10.53M) | Time:00:00.00 | Mem:0.00M, Peak:0.00M | Scene, ViewLayer | Updating Background
Fra:1 Mem:10.30M (Peak 10.53M) | Time:00:00.00 | Mem:0.00M, Peak:0.00M | Scene, ViewLayer | Updating Camera
Fra:1 Mem:10.30M (Peak 10.53M) | Time:00:00.00 | Mem:0.00M, Peak:0.00M | Scene, ViewLayer | Updating Meshes Flags
Fra:1 Mem:10.30M (Peak 10.53M) | Time:00:00.00 | Mem:0.00M, Peak:0.00M | Scene, ViewLayer | Updating Objects
Fra:1 Mem:10.30M (Peak 10.53M) | Time:00:00.00 | Mem:0.00M, Peak:0.00M | Scene, ViewLayer | Updating Objects | Copying Transformations to device
Fra:1 Mem:10.30M (Peak 10.53M) | Time:00:00.00 | Mem:0.00M, Peak:0.00M | Scene, ViewLayer | Updating Objects | Applying Static Transformations
Fra:1 Mem:10.30M (Peak 10.53M) | Time:00:00.00 | Mem:0.00M, Peak:0.00M | Scene, ViewLayer | Updating Particle Systems
Fra:1 Mem:10.30M (Peak 10.53M) | Time:00:00.00 | Mem:0.00M, Peak:0.00M | Scene, ViewLayer | Updating Particle Systems | Copying Particles to device
Fra:1 Mem:10.30M (Peak 10.53M) | Time:00:00.00 | Mem:0.00M, Peak:0.00M | Scene, ViewLayer | Updating Meshes
Fra:1 Mem:10.31M (Peak 10.53M) | Time:00:00.00 | Mem:0.00M, Peak:0.00M | Scene, ViewLayer | Updating Mesh | Computing attributes
Fra:1 Mem:10.31M (Peak 10.53M) | Time:00:00.00 | Mem:0.00M, Peak:0.00M | Scene, ViewLayer | Updating Mesh | Copying Attributes to device
Fra:1 Mem:10.31M (Peak 10.53M) | Time:00:00.00 | Mem:0.00M, Peak:0.00M | Scene, ViewLayer | Updating Scene BVH | Building
Fra:1 Mem:10.31M (Peak 10.53M) | Time:00:00.00 | Mem:0.00M, Peak:0.00M | Scene, ViewLayer | Updating Scene BVH | Building BVH
Fra:1 Mem:10.31M (Peak 10.53M) | Time:00:00.00 | Mem:0.02M, Peak:0.02M | Scene, ViewLayer | Updating Scene BVH | Building BVH 0%
Fra:1 Mem:10.31M (Peak 10.53M) | Time:00:00.00 | Mem:0.05M, Peak:0.07M | Scene, ViewLayer | Updating Scene BVH | Copying BVH to device
Fra:1 Mem:10.31M (Peak 10.53M) | Time:00:00.00 | Mem:0.05M, Peak:0.07M | Scene, ViewLayer | Updating Mesh | Computing normals
Fra:1 Mem:10.33M (Peak 10.53M) | Time:00:00.00 | Mem:0.05M, Peak:0.07M | Scene, ViewLayer | Updating Mesh | Copying Mesh to device
Fra:1 Mem:10.33M (Peak 10.53M) | Time:00:00.00 | Mem:0.07M, Peak:0.07M | Scene, ViewLayer | Updating Objects Flags
Fra:1 Mem:10.33M (Peak 10.53M) | Time:00:00.00 | Mem:0.07M, Peak:0.07M | Scene, ViewLayer | Updating Primitive Offsets
Fra:1 Mem:10.33M (Peak 10.53M) | Time:00:00.00 | Mem:0.07M, Peak:0.07M | Scene, ViewLayer | Updating Images
Fra:1 Mem:10.33M (Peak 10.53M) | Time:00:00.00 | Mem:0.07M, Peak:0.07M | Scene, ViewLayer | Updating Camera Volume
Fra:1 Mem:10.33M (Peak 10.53M) | Time:00:00.00 | Mem:0.07M, Peak:0.07M | Scene, ViewLayer | Updating Lookup Tables
Fra:1 Mem:10.33M (Peak 10.53M) | Time:00:00.00 | Mem:0.15M, Peak:0.15M | Scene, ViewLayer | Updating Lights
Fra:1 Mem:10.33M (Peak 10.53M) | Time:00:00.00 | Mem:0.15M, Peak:0.15M | Scene, ViewLayer | Updating Lights | Computing tree
Fra:1 Mem:10.33M (Peak 10.53M) | Time:00:00.00 | Mem:0.15M, Peak:0.15M | Scene, ViewLayer | Updating Integrator
Fra:1 Mem:10.33M (Peak 10.53M) | Time:00:00.00 | Mem:0.15M, Peak:0.15M | Scene, ViewLayer | Updating Film
Fra:1 Mem:10.34M (Peak 10.53M) | Time:00:00.00 | Mem:0.07M, Peak:0.15M | Scene, ViewLayer | Updating Lookup Tables
Fra:1 Mem:10.34M (Peak 10.53M) | Time:00:00.00 | Mem:0.15M, Peak:0.15M | Scene, ViewLayer | Updating Baking
Fra:1 Mem:10.34M (Peak 10.53M) | Time:00:00.00 | Mem:0.15M, Peak:0.15M | Scene, ViewLayer | Updating Device | Writing constant memory
Fra:1 Mem:10.34M (Peak 10.53M) | Time:00:00.00 | Mem:0.15M, Peak:0.15M | Scene, ViewLayer | Sample 0/32
Fra:1 Mem:35.91M (Peak 35.91M) | Time:00:00.06 | Remaining:00:01.92 | Mem:25.70M, Peak:25.70M | Scene, ViewLayer | Sample 1/32
Fra:1 Mem:47.26M (Peak 69.97M) | Time:00:01.67 | Mem:25.70M, Peak:25.70M | Scene, ViewLayer | Sample 32/32
Fra:1 Mem:47.26M (Peak 69.97M) | Time:00:01.67 | Mem:25.70M, Peak:25.70M | Scene, ViewLayer | Finished
Saved: '/workspace/emberfall_win/ArtSource/TacticalAttachments/Fittings-back.png'
Time: 00:01.74 (Saving: 00:00.06)

Fra:1 Mem:10.62M (Peak 10.62M) | Time:00:00.00 | Mem:0.00M, Peak:0.00M | Scene, ViewLayer | Synchronizing object | Sphere.003
Fra:1 Mem:10.62M (Peak 10.62M) | Time:00:00.00 | Mem:0.00M, Peak:0.00M | Scene, ViewLayer | Synchronizing object | SupportMantle.001
Fra:1 Mem:10.63M (Peak 10.63M) | Time:00:00.00 | Mem:0.00M, Peak:0.00M | Scene, ViewLayer | Initializing
Fra:1 Mem:10.39M (Peak 10.63M) | Time:00:00.00 | Mem:0.00M, Peak:0.00M | Scene, ViewLayer | Waiting for render to start
Fra:1 Mem:10.39M (Peak 10.63M) | Time:00:00.00 | Mem:0.00M, Peak:0.00M | Scene, ViewLayer | Loading render kernels (may take a few minutes the first time)
Fra:1 Mem:10.39M (Peak 10.63M) | Time:00:00.00 | Mem:0.00M, Peak:0.00M | Scene, ViewLayer | Updating Scene
Fra:1 Mem:10.39M (Peak 10.63M) | Time:00:00.00 | Mem:0.00M, Peak:0.00M | Scene, ViewLayer | Updating Shaders
Fra:1 Mem:10.47M (Peak 10.63M) | Time:00:00.00 | Mem:0.00M, Peak:0.00M | Scene, ViewLayer | Updating Procedurals
Fra:1 Mem:10.47M (Peak 10.63M) | Time:00:00.00 | Mem:0.00M, Peak:0.00M | Scene, ViewLayer | Updating Background
Fra:1 Mem:10.47M (Peak 10.63M) | Time:00:00.00 | Mem:0.00M, Peak:0.00M | Scene, ViewLayer | Updating Camera
Fra:1 Mem:10.47M (Peak 10.63M) | Time:00:00.00 | Mem:0.00M, Peak:0.00M | Scene, ViewLayer | Updating Meshes Flags
Fra:1 Mem:10.47M (Peak 10.63M) | Time:00:00.00 | Mem:0.00M, Peak:0.00M | Scene, ViewLayer | Updating Objects
Fra:1 Mem:10.47M (Peak 10.63M) | Time:00:00.00 | Mem:0.00M, Peak:0.00M | Scene, ViewLayer | Updating Objects | Copying Transformations to device
Fra:1 Mem:10.47M (Peak 10.63M) | Time:00:00.00 | Mem:0.00M, Peak:0.00M | Scene, ViewLayer | Updating Objects | Applying Static Transformations
Fra:1 Mem:10.47M (Peak 10.63M) | Time:00:00.00 | Mem:0.00M, Peak:0.00M | Scene, ViewLayer | Updating Particle Systems
Fra:1 Mem:10.47M (Peak 10.63M) | Time:00:00.00 | Mem:0.00M, Peak:0.00M | Scene, ViewLayer | Updating Particle Systems | Copying Particles to device
Fra:1 Mem:10.47M (Peak 10.63M) | Time:00:00.00 | Mem:0.00M, Peak:0.00M | Scene, ViewLayer | Updating Meshes
Fra:1 Mem:10.48M (Peak 10.63M) | Time:00:00.00 | Mem:0.00M, Peak:0.00M | Scene, ViewLayer | Updating Mesh | Computing attributes
Fra:1 Mem:10.48M (Peak 10.63M) | Time:00:00.00 | Mem:0.00M, Peak:0.00M | Scene, ViewLayer | Updating Mesh | Copying Attributes to device
Fra:1 Mem:10.48M (Peak 10.63M) | Time:00:00.00 | Mem:0.00M, Peak:0.00M | Scene, ViewLayer | Updating Scene BVH | Building
Fra:1 Mem:10.48M (Peak 10.63M) | Time:00:00.00 | Mem:0.00M, Peak:0.00M | Scene, ViewLayer | Updating Scene BVH | Building BVH
Fra:1 Mem:10.48M (Peak 10.63M) | Time:00:00.00 | Mem:0.01M, Peak:0.01M | Scene, ViewLayer | Updating Scene BVH | Building BVH 0%
Fra:1 Mem:10.48M (Peak 10.63M) | Time:00:00.00 | Mem:0.03M, Peak:0.04M | Scene, ViewLayer | Updating Scene BVH | Copying BVH to device
Fra:1 Mem:10.48M (Peak 10.63M) | Time:00:00.00 | Mem:0.03M, Peak:0.04M | Scene, ViewLayer | Updating Mesh | Computing normals
Fra:1 Mem:10.49M (Peak 10.63M) | Time:00:00.00 | Mem:0.03M, Peak:0.04M | Scene, ViewLayer | Updating Mesh | Copying Mesh to device
Fra:1 Mem:10.49M (Peak 10.63M) | Time:00:00.00 | Mem:0.04M, Peak:0.04M | Scene, ViewLayer | Updating Objects Flags
Fra:1 Mem:10.49M (Peak 10.63M) | Time:00:00.00 | Mem:0.04M, Peak:0.04M | Scene, ViewLayer | Updating Primitive Offsets
Fra:1 Mem:10.49M (Peak 10.63M) | Time:00:00.00 | Mem:0.04M, Peak:0.04M | Scene, ViewLayer | Updating Images
Fra:1 Mem:10.49M (Peak 10.63M) | Time:00:00.00 | Mem:0.04M, Peak:0.04M | Scene, ViewLayer | Updating Camera Volume
Fra:1 Mem:10.49M (Peak 10.63M) | Time:00:00.00 | Mem:0.04M, Peak:0.04M | Scene, ViewLayer | Updating Lookup Tables
Fra:1 Mem:10.49M (Peak 10.63M) | Time:00:00.00 | Mem:0.12M, Peak:0.12M | Scene, ViewLayer | Updating Lights
Fra:1 Mem:10.49M (Peak 10.63M) | Time:00:00.00 | Mem:0.12M, Peak:0.12M | Scene, ViewLayer | Updating Lights | Computing tree
Fra:1 Mem:10.49M (Peak 10.63M) | Time:00:00.00 | Mem:0.12M, Peak:0.12M | Scene, ViewLayer | Updating Integrator
Fra:1 Mem:10.49M (Peak 10.63M) | Time:00:00.00 | Mem:0.12M, Peak:0.12M | Scene, ViewLayer | Updating Film
Fra:1 Mem:10.49M (Peak 10.63M) | Time:00:00.00 | Mem:0.04M, Peak:0.12M | Scene, ViewLayer | Updating Lookup Tables
Fra:1 Mem:10.49M (Peak 10.63M) | Time:00:00.00 | Mem:0.13M, Peak:0.13M | Scene, ViewLayer | Updating Baking
Fra:1 Mem:10.49M (Peak 10.63M) | Time:00:00.00 | Mem:0.13M, Peak:0.13M | Scene, ViewLayer | Updating Device | Writing constant memory
Fra:1 Mem:10.49M (Peak 10.63M) | Time:00:00.00 | Mem:0.13M, Peak:0.13M | Scene, ViewLayer | Sample 0/32
Fra:1 Mem:36.06M (Peak 36.06M) | Time:00:00.08 | Remaining:00:02.70 | Mem:25.67M, Peak:25.67M | Scene, ViewLayer | Sample 1/32
Fra:1 Mem:47.42M (Peak 70.12M) | Time:00:02.52 | Mem:25.67M, Peak:25.67M | Scene, ViewLayer | Sample 32/32
Fra:1 Mem:47.42M (Peak 70.12M) | Time:00:02.52 | Mem:25.67M, Peak:25.67M | Scene, ViewLayer | Finished
Saved: '/workspace/emberfall_win/ArtSource/TacticalAttachments/Fittings-combined.png'
Time: 00:02.60 (Saving: 00:00.07)

Info: Saved "TacticalAttachments.blend"
{"SupplierBackpack": {"triangles": 112, "bytes": 12108, "materials": 1, "textures": 0, "sha256": "48e4f230bdedd4ac260c8f7d6eeae49dff5a2ffba92daa779de8dc0579b872cd"}, "HuntBadge": {"triangles": 56, "bytes": 6060, "materials": 1, "textures": 0, "sha256": "b45a66cd432011e7ad261b60eb372b8cee7d38f23089ff704252da4ec2bb736b"}, "SupportMantle": {"triangles": 64, "bytes": 6924, "materials": 1, "textures": 0, "sha256": "986354c55e5e5e4998692ebf0edb6be4805792e2ad5b5c7adb308b9818b51472"}}

Blender quit
