
Welcome to .NET 8.0!
---------------------
SDK Version: 8.0.425

Telemetry
---------
The .NET tools collect usage data in order to help us improve your experience. It is collected by Microsoft and shared with the community. You can opt-out of telemetry by setting the DOTNET_CLI_TELEMETRY_OPTOUT environment variable to '1' or 'true' using your favorite shell.

Read more about .NET CLI Tools telemetry: https://aka.ms/dotnet-cli-telemetry

----------------
Installed an ASP.NET Core HTTPS development certificate.
To trust the certificate, view the instructions: https://aka.ms/dotnet-https-linux

----------------
Write your first app: https://aka.ms/dotnet-hello-world
Find out what's new: https://aka.ms/dotnet-whats-new
Explore documentation: https://aka.ms/dotnet-docs
Report issues and find source on GitHub: https://github.com/dotnet/core
Use 'dotnet --help' to see available commands or visit: https://aka.ms/dotnet-cli
--------------------------------------------------------------------------------------
  Determining projects to restore...
  Restored /tmp/emberfall-filled-vfx-b5rev6os/Validation.csproj (in 57 ms).
Filled VFX recipe checks: 23858
PASS: 84210 production filled allocation/animated-vertex/coverage checks (managed, not GPU)
PASS: 34 production visual-child/root-invariance and sword-endpoint checks (managed, not GPU)
PASS: 6378 production secondary-field placement/animated extent/cache checks (managed, not GPU)
PASS: old-order mutation fails actual mobile retained-base allocation; no Unity/GPU execution
PASS: visual-writing-logical-root negative control fails the production transform invariant
PASS: legacy rotating whole-piece coverage toggle fails the actual near-wall field test
