Blender 4.3.2
Read blend: "/workspace/emberfall_win/ArtSource/BlenderSpellBases/Reusable-Spell-Volumes.blend"
Fra:1 Mem:13.32M (Peak 13.32M) | Time:00:00.00 | Mem:0.00M, Peak:0.00M | Scene, ViewLayer | Synchronizing object | Text
Fra:1 Mem:13.39M (Peak 13.39M) | Time:00:00.00 | Mem:0.00M, Peak:0.00M | Scene, ViewLayer | Synchronizing object | Text.001
Fra:1 Mem:13.44M (Peak 13.44M) | Time:00:00.00 | Mem:0.00M, Peak:0.00M | Scene, ViewLayer | Synchronizing object | Text.002
Fra:1 Mem:13.48M (Peak 13.48M) | Time:00:00.00 | Mem:0.00M, Peak:0.00M | Scene, ViewLayer | Synchronizing object | Text.003
Fra:1 Mem:13.52M (Peak 13.52M) | Time:00:00.00 | Mem:0.00M, Peak:0.00M | Scene, ViewLayer | Synchronizing object | Text.004
Fra:1 Mem:13.60M (Peak 13.60M) | Time:00:00.00 | Mem:0.00M, Peak:0.00M | Scene, ViewLayer | Synchronizing object | Text.005
Fra:1 Mem:13.70M (Peak 13.70M) | Time:00:00.00 | Mem:0.00M, Peak:0.00M | Scene, ViewLayer | Synchronizing object | Text.006
Fra:1 Mem:13.75M (Peak 13.75M) | Time:00:00.00 | Mem:0.00M, Peak:0.00M | Scene, ViewLayer | Synchronizing object | Text.007
Fra:1 Mem:13.77M (Peak 13.77M) | Time:00:00.00 | Mem:0.00M, Peak:0.00M | Scene, ViewLayer | Synchronizing object | Text.008
Fra:1 Mem:13.79M (Peak 13.79M) | Time:00:00.00 | Mem:0.00M, Peak:0.00M | Scene, ViewLayer | Synchronizing object | Plane
Fra:1 Mem:13.79M (Peak 13.79M) | Time:00:00.00 | Mem:0.00M, Peak:0.00M | Scene, ViewLayer | Synchronizing object | Vine
Fra:1 Mem:13.80M (Peak 13.80M) | Time:00:00.00 | Mem:0.00M, Peak:0.00M | Scene, ViewLayer | Synchronizing object | Arrow
Fra:1 Mem:13.81M (Peak 13.81M) | Time:00:00.00 | Mem:0.00M, Peak:0.00M | Scene, ViewLayer | Synchronizing object | Rupture
Fra:1 Mem:13.82M (Peak 13.82M) | Time:00:00.00 | Mem:0.00M, Peak:0.00M | Scene, ViewLayer | Synchronizing object | ArcaneShard
Fra:1 Mem:13.82M (Peak 13.82M) | Time:00:00.00 | Mem:0.00M, Peak:0.00M | Scene, ViewLayer | Synchronizing object | Lightning
Fra:1 Mem:13.82M (Peak 13.82M) | Time:00:00.00 | Mem:0.00M, Peak:0.00M | Scene, ViewLayer | Synchronizing object | Sword
Fra:1 Mem:13.83M (Peak 13.83M) | Time:00:00.00 | Mem:0.00M, Peak:0.00M | Scene, ViewLayer | Synchronizing object | Flame
Fra:1 Mem:13.84M (Peak 13.84M) | Time:00:00.00 | Mem:0.00M, Peak:0.00M | Scene, ViewLayer | Synchronizing object | Crystal
Fra:1 Mem:13.84M (Peak 13.84M) | Time:00:00.00 | Mem:0.00M, Peak:0.00M | Scene, ViewLayer | Synchronizing object | Crescent
Fra:1 Mem:13.85M (Peak 13.85M) | Time:00:00.00 | Mem:0.00M, Peak:0.00M | Scene, ViewLayer | Initializing
Fra:1 Mem:11.92M (Peak 13.85M) | Time:00:00.00 | Mem:0.00M, Peak:0.00M | Scene, ViewLayer | Waiting for render to start
Fra:1 Mem:11.92M (Peak 13.85M) | Time:00:00.00 | Mem:0.00M, Peak:0.00M | Scene, ViewLayer | Loading render kernels (may take a few minutes the first time)
Fra:1 Mem:11.92M (Peak 13.85M) | Time:00:00.00 | Mem:0.00M, Peak:0.00M | Scene, ViewLayer | Updating Scene
Fra:1 Mem:11.92M (Peak 13.85M) | Time:00:00.00 | Mem:0.00M, Peak:0.00M | Scene, ViewLayer | Updating Shaders
Fra:1 Mem:12.01M (Peak 13.85M) | Time:00:00.00 | Mem:0.00M, Peak:0.00M | Scene, ViewLayer | Updating Procedurals
Fra:1 Mem:12.01M (Peak 13.85M) | Time:00:00.00 | Mem:0.00M, Peak:0.00M | Scene, ViewLayer | Updating Background
Fra:1 Mem:12.01M (Peak 13.85M) | Time:00:00.00 | Mem:0.00M, Peak:0.00M | Scene, ViewLayer | Updating Camera
Fra:1 Mem:12.01M (Peak 13.85M) | Time:00:00.00 | Mem:0.00M, Peak:0.00M | Scene, ViewLayer | Updating Meshes Flags
Fra:1 Mem:12.01M (Peak 13.85M) | Time:00:00.00 | Mem:0.00M, Peak:0.00M | Scene, ViewLayer | Updating Objects
Fra:1 Mem:12.01M (Peak 13.85M) | Time:00:00.00 | Mem:0.00M, Peak:0.00M | Scene, ViewLayer | Updating Objects | Copying Transformations to device
Fra:1 Mem:12.01M (Peak 13.85M) | Time:00:00.00 | Mem:0.01M, Peak:0.01M | Scene, ViewLayer | Updating Objects | Applying Static Transformations
Fra:1 Mem:12.01M (Peak 13.85M) | Time:00:00.00 | Mem:0.01M, Peak:0.01M | Scene, ViewLayer | Updating Particle Systems
Fra:1 Mem:12.01M (Peak 13.85M) | Time:00:00.00 | Mem:0.01M, Peak:0.01M | Scene, ViewLayer | Updating Particle Systems | Copying Particles to device
Fra:1 Mem:12.01M (Peak 13.85M) | Time:00:00.00 | Mem:0.01M, Peak:0.01M | Scene, ViewLayer | Updating Meshes
Fra:1 Mem:12.09M (Peak 13.85M) | Time:00:00.00 | Mem:0.01M, Peak:0.01M | Scene, ViewLayer | Updating Mesh | Computing attributes
Fra:1 Mem:12.10M (Peak 13.85M) | Time:00:00.00 | Mem:0.01M, Peak:0.01M | Scene, ViewLayer | Updating Mesh | Copying Attributes to device
Fra:1 Mem:12.10M (Peak 13.85M) | Time:00:00.00 | Mem:0.01M, Peak:0.01M | Scene, ViewLayer | Updating Scene BVH | Building
Fra:1 Mem:12.10M (Peak 13.85M) | Time:00:00.00 | Mem:0.01M, Peak:0.01M | Scene, ViewLayer | Updating Scene BVH | Building BVH
Fra:1 Mem:12.10M (Peak 13.85M) | Time:00:00.00 | Mem:0.18M, Peak:0.18M | Scene, ViewLayer | Updating Scene BVH | Building BVH 0%
Fra:1 Mem:12.10M (Peak 13.85M) | Time:00:00.00 | Mem:0.40M, Peak:0.57M | Scene, ViewLayer | Updating Scene BVH | Copying BVH to device
Fra:1 Mem:12.10M (Peak 13.85M) | Time:00:00.00 | Mem:0.40M, Peak:0.57M | Scene, ViewLayer | Updating Mesh | Computing normals
Fra:1 Mem:12.36M (Peak 13.85M) | Time:00:00.00 | Mem:0.40M, Peak:0.57M | Scene, ViewLayer | Updating Mesh | Copying Mesh to device
Fra:1 Mem:12.36M (Peak 13.85M) | Time:00:00.00 | Mem:0.66M, Peak:0.66M | Scene, ViewLayer | Updating Objects Flags
Fra:1 Mem:12.36M (Peak 13.85M) | Time:00:00.00 | Mem:0.66M, Peak:0.66M | Scene, ViewLayer | Updating Primitive Offsets
Fra:1 Mem:12.36M (Peak 13.85M) | Time:00:00.00 | Mem:0.66M, Peak:0.66M | Scene, ViewLayer | Updating Images
Fra:1 Mem:12.36M (Peak 13.85M) | Time:00:00.00 | Mem:0.66M, Peak:0.66M | Scene, ViewLayer | Updating Camera Volume
Fra:1 Mem:12.36M (Peak 13.85M) | Time:00:00.00 | Mem:0.66M, Peak:0.66M | Scene, ViewLayer | Updating Lookup Tables
Fra:1 Mem:12.36M (Peak 13.85M) | Time:00:00.00 | Mem:0.74M, Peak:0.74M | Scene, ViewLayer | Updating Lights
Fra:1 Mem:12.36M (Peak 13.85M) | Time:00:00.00 | Mem:0.74M, Peak:0.74M | Scene, ViewLayer | Updating Lights | Computing tree
Fra:1 Mem:12.36M (Peak 13.85M) | Time:00:00.00 | Mem:0.74M, Peak:0.74M | Scene, ViewLayer | Updating Integrator
Fra:1 Mem:12.36M (Peak 13.85M) | Time:00:00.00 | Mem:0.74M, Peak:0.74M | Scene, ViewLayer | Updating Film
Fra:1 Mem:12.37M (Peak 13.85M) | Time:00:00.00 | Mem:0.66M, Peak:0.74M | Scene, ViewLayer | Updating Lookup Tables
Fra:1 Mem:12.37M (Peak 13.85M) | Time:00:00.00 | Mem:0.75M, Peak:0.75M | Scene, ViewLayer | Updating Baking
Fra:1 Mem:12.37M (Peak 13.85M) | Time:00:00.00 | Mem:0.75M, Peak:0.75M | Scene, ViewLayer | Updating Device | Writing constant memory
Fra:1 Mem:12.37M (Peak 13.85M) | Time:00:00.00 | Mem:0.75M, Peak:0.75M | Scene, ViewLayer | Sample 0/24
Fra:1 Mem:51.81M (Peak 51.81M) | Time:00:00.82 | Remaining:00:18.85 | Mem:40.16M, Peak:40.16M | Scene, ViewLayer | Sample 1/24
Fra:1 Mem:69.32M (Peak 104.36M) | Time:00:14.77 | Mem:40.16M, Peak:40.16M | Scene, ViewLayer | Sample 24/24
Fra:1 Mem:69.32M (Peak 104.36M) | Time:00:14.77 | Mem:40.16M, Peak:40.16M | Scene, ViewLayer | Finished
Saved: '/workspace/emberfall_win/ArtSource/BlenderSpellBases/Spell-Volumes-Preview.png'
Time: 00:15.09 (Saving: 00:00.31)


Blender quit
