Blender 4.3.2
Fra:1 Mem:23.86M (Peak 23.86M) | Time:00:00.00 | Mem:0.00M, Peak:0.00M | Scene, ViewLayer | Synchronizing object | Filled spell surface / Landing base
Fra:1 Mem:23.86M (Peak 23.86M) | Time:00:00.00 | Mem:0.00M, Peak:0.00M | Scene, ViewLayer | Synchronizing object | Text
Fra:1 Mem:24.00M (Peak 24.00M) | Time:00:00.00 | Mem:0.00M, Peak:0.00M | Scene, ViewLayer | Synchronizing object | Filled spell surface / Landing base.001
Fra:1 Mem:24.02M (Peak 24.02M) | Time:00:00.00 | Mem:0.00M, Peak:0.00M | Scene, ViewLayer | Synchronizing object | Filled spell surface / Contact flash.001
Fra:1 Mem:24.02M (Peak 24.02M) | Time:00:00.00 | Mem:0.00M, Peak:0.00M | Scene, ViewLayer | Synchronizing object | Text.001
Fra:1 Mem:24.04M (Peak 24.04M) | Time:00:00.00 | Mem:0.00M, Peak:0.00M | Scene, ViewLayer | Synchronizing object | Filled spell surface / Repeated ornament.001
Fra:1 Mem:24.10M (Peak 24.10M) | Time:00:00.00 | Mem:0.00M, Peak:0.00M | Scene, ViewLayer | Synchronizing object | Filled spell surface / Repeated ornament.002
Fra:1 Mem:24.10M (Peak 24.10M) | Time:00:00.00 | Mem:0.00M, Peak:0.00M | Scene, ViewLayer | Synchronizing object | Filled spell surface / Repeated ornament.004
Fra:1 Mem:24.14M (Peak 24.14M) | Time:00:00.00 | Mem:0.00M, Peak:0.00M | Scene, ViewLayer | Synchronizing object | Filled spell surface / Landing base.002
Fra:1 Mem:24.15M (Peak 24.15M) | Time:00:00.00 | Mem:0.00M, Peak:0.00M | Scene, ViewLayer | Synchronizing object | Filled spell surface / Primary Ice.002
Fra:1 Mem:24.16M (Peak 24.16M) | Time:00:00.00 | Mem:0.00M, Peak:0.00M | Scene, ViewLayer | Synchronizing object | Filled spell surface / Repeated ornament.005
Fra:1 Mem:24.17M (Peak 24.17M) | Time:00:00.00 | Mem:0.00M, Peak:0.00M | Scene, ViewLayer | Synchronizing object | Text.002
Fra:1 Mem:24.19M (Peak 24.19M) | Time:00:00.00 | Mem:0.00M, Peak:0.00M | Scene, ViewLayer | Synchronizing object | Filled spell surface / Repeated ornament.006
Fra:1 Mem:24.20M (Peak 24.20M) | Time:00:00.00 | Mem:0.00M, Peak:0.00M | Scene, ViewLayer | Synchronizing object | Filled spell surface / Repeated ornament.007
Fra:1 Mem:24.25M (Peak 24.25M) | Time:00:00.00 | Mem:0.00M, Peak:0.00M | Scene, ViewLayer | Synchronizing object | Filled spell surface / Repeated ornament.008
Fra:1 Mem:24.30M (Peak 24.30M) | Time:00:00.00 | Mem:0.00M, Peak:0.00M | Scene, ViewLayer | Synchronizing object | Filled spell surface / Landing base.003
Fra:1 Mem:24.31M (Peak 24.31M) | Time:00:00.00 | Mem:0.00M, Peak:0.00M | Scene, ViewLayer | Synchronizing object | Filled spell surface / Primary Ice.003
Fra:1 Mem:24.32M (Peak 24.32M) | Time:00:00.00 | Mem:0.00M, Peak:0.00M | Scene, ViewLayer | Synchronizing object | Filled spell surface / Contact flash.003
Fra:1 Mem:24.36M (Peak 24.36M) | Time:00:00.00 | Mem:0.00M, Peak:0.00M | Scene, ViewLayer | Synchronizing object | Filled spell surface / Repeated ornament.009
Fra:1 Mem:24.37M (Peak 24.37M) | Time:00:00.00 | Mem:0.00M, Peak:0.00M | Scene, ViewLayer | Synchronizing object | Filled spell surface / Repeated ornament.010
Fra:1 Mem:24.37M (Peak 24.37M) | Time:00:00.00 | Mem:0.00M, Peak:0.00M | Scene, ViewLayer | Synchronizing object | Filled spell surface / Repeated ornament.012
Fra:1 Mem:24.45M (Peak 24.45M) | Time:00:00.00 | Mem:0.00M, Peak:0.00M | Scene, ViewLayer | Synchronizing object | Filled spell surface / Landing base.004
Fra:1 Mem:24.46M (Peak 24.46M) | Time:00:00.00 | Mem:0.00M, Peak:0.00M | Scene, ViewLayer | Synchronizing object | Filled spell surface / Primary Fire
Fra:1 Mem:24.47M (Peak 24.47M) | Time:00:00.00 | Mem:0.00M, Peak:0.00M | Scene, ViewLayer | Synchronizing object | Text.004
Fra:1 Mem:24.57M (Peak 24.57M) | Time:00:00.00 | Mem:0.00M, Peak:0.00M | Scene, ViewLayer | Synchronizing object | Filled spell surface / Repeated ornament.013
Fra:1 Mem:24.63M (Peak 24.63M) | Time:00:00.00 | Mem:0.00M, Peak:0.00M | Scene, ViewLayer | Synchronizing object | Filled spell surface / Landing base.005
Fra:1 Mem:24.64M (Peak 24.64M) | Time:00:00.00 | Mem:0.00M, Peak:0.00M | Scene, ViewLayer | Synchronizing object | Filled spell surface / Primary Fire.001
Fra:1 Mem:24.65M (Peak 24.65M) | Time:00:00.00 | Mem:0.00M, Peak:0.00M | Scene, ViewLayer | Synchronizing object | Filled spell surface / Contact flash.005
Fra:1 Mem:24.71M (Peak 24.71M) | Time:00:00.00 | Mem:0.00M, Peak:0.00M | Scene, ViewLayer | Synchronizing object | Text.005
Fra:1 Mem:24.74M (Peak 24.74M) | Time:00:00.00 | Mem:0.00M, Peak:0.00M | Scene, ViewLayer | Synchronizing object | Filled spell surface / Repeated ornament.014
Fra:1 Mem:24.79M (Peak 24.79M) | Time:00:00.00 | Mem:0.00M, Peak:0.00M | Scene, ViewLayer | Synchronizing object | Filled spell surface / Repeated ornament.015
Fra:1 Mem:24.81M (Peak 24.81M) | Time:00:00.00 | Mem:0.00M, Peak:0.00M | Scene, ViewLayer | Synchronizing object | Filled spell surface / Repeated ornament.016
Fra:1 Mem:24.81M (Peak 24.81M) | Time:00:00.00 | Mem:0.00M, Peak:0.00M | Scene, ViewLayer | Synchronizing object | Filled spell surface / Repeated ornament.017
Fra:1 Mem:24.84M (Peak 24.84M) | Time:00:00.00 | Mem:0.00M, Peak:0.00M | Scene, ViewLayer | Synchronizing object | Filled spell surface / Landing base.006
Fra:1 Mem:24.84M (Peak 24.84M) | Time:00:00.00 | Mem:0.00M, Peak:0.00M | Scene, ViewLayer | Synchronizing object | Filled spell surface / Primary Fire.002
Fra:1 Mem:24.88M (Peak 24.88M) | Time:00:00.00 | Mem:0.00M, Peak:0.00M | Scene, ViewLayer | Synchronizing object | Filled spell surface / Contact flash.006
Fra:1 Mem:24.93M (Peak 24.93M) | Time:00:00.00 | Mem:0.00M, Peak:0.00M | Scene, ViewLayer | Synchronizing object | Text.006
Fra:1 Mem:24.93M (Peak 24.93M) | Time:00:00.00 | Mem:0.00M, Peak:0.00M | Scene, ViewLayer | Synchronizing object | Filled spell surface / Repeated ornament.018
Fra:1 Mem:25.02M (Peak 25.02M) | Time:00:00.00 | Mem:0.00M, Peak:0.00M | Scene, ViewLayer | Synchronizing object | Filled spell surface / Repeated ornament.019
Fra:1 Mem:25.02M (Peak 25.02M) | Time:00:00.00 | Mem:0.00M, Peak:0.00M | Scene, ViewLayer | Synchronizing object | Filled spell surface / Repeated ornament.020
Fra:1 Mem:25.05M (Peak 25.05M) | Time:00:00.00 | Mem:0.00M, Peak:0.00M | Scene, ViewLayer | Synchronizing object | Filled spell surface / Repeated ornament.021
Fra:1 Mem:25.06M (Peak 25.06M) | Time:00:00.00 | Mem:0.00M, Peak:0.00M | Scene, ViewLayer | Synchronizing object | Filled spell surface / Landing base.007
Fra:1 Mem:25.08M (Peak 25.08M) | Time:00:00.00 | Mem:0.00M, Peak:0.00M | Scene, ViewLayer | Synchronizing object | Filled spell surface / Primary Fire.003
Fra:1 Mem:25.12M (Peak 25.12M) | Time:00:00.00 | Mem:0.00M, Peak:0.00M | Scene, ViewLayer | Synchronizing object | Filled spell surface / Contact flash.007
Fra:1 Mem:25.12M (Peak 25.12M) | Time:00:00.00 | Mem:0.00M, Peak:0.00M | Scene, ViewLayer | Synchronizing object | Filled spell surface / Repeated ornament.022
Fra:1 Mem:25.21M (Peak 25.21M) | Time:00:00.00 | Mem:0.00M, Peak:0.00M | Scene, ViewLayer | Synchronizing object | Filled spell surface / Repeated ornament.023
Fra:1 Mem:25.23M (Peak 25.23M) | Time:00:00.00 | Mem:0.00M, Peak:0.00M | Scene, ViewLayer | Synchronizing object | Filled spell surface / Repeated ornament.024
Fra:1 Mem:25.25M (Peak 25.25M) | Time:00:00.00 | Mem:0.00M, Peak:0.00M | Scene, ViewLayer | Synchronizing object | Filled spell surface / Repeated ornament.025
Fra:1 Mem:25.28M (Peak 25.28M) | Time:00:00.00 | Mem:0.00M, Peak:0.00M | Scene, ViewLayer | Synchronizing object | Plane
Fra:1 Mem:25.28M (Peak 25.28M) | Time:00:00.00 | Mem:0.00M, Peak:0.00M | Scene, ViewLayer | Initializing
Fra:1 Mem:19.49M (Peak 25.28M) | Time:00:00.00 | Mem:0.00M, Peak:0.00M | Scene, ViewLayer | Waiting for render to start
Fra:1 Mem:19.49M (Peak 25.28M) | Time:00:00.00 | Mem:0.00M, Peak:0.00M | Scene, ViewLayer | Loading render kernels (may take a few minutes the first time)
Fra:1 Mem:19.49M (Peak 25.28M) | Time:00:00.00 | Mem:0.00M, Peak:0.00M | Scene, ViewLayer | Updating Scene
Fra:1 Mem:19.49M (Peak 25.28M) | Time:00:00.00 | Mem:0.00M, Peak:0.00M | Scene, ViewLayer | Updating Shaders
Fra:1 Mem:19.61M (Peak 25.28M) | Time:00:00.00 | Mem:0.04M, Peak:0.04M | Scene, ViewLayer | Updating Procedurals
Fra:1 Mem:19.61M (Peak 25.28M) | Time:00:00.00 | Mem:0.04M, Peak:0.04M | Scene, ViewLayer | Updating Background
Fra:1 Mem:19.61M (Peak 25.28M) | Time:00:00.00 | Mem:0.04M, Peak:0.04M | Scene, ViewLayer | Updating Camera
Fra:1 Mem:19.61M (Peak 25.28M) | Time:00:00.00 | Mem:0.04M, Peak:0.04M | Scene, ViewLayer | Updating Meshes Flags
Fra:1 Mem:19.61M (Peak 25.28M) | Time:00:00.00 | Mem:0.04M, Peak:0.04M | Scene, ViewLayer | Updating Objects
Fra:1 Mem:19.61M (Peak 25.28M) | Time:00:00.00 | Mem:0.04M, Peak:0.04M | Scene, ViewLayer | Updating Objects | Copying Transformations to device
Fra:1 Mem:19.62M (Peak 25.28M) | Time:00:00.00 | Mem:0.05M, Peak:0.05M | Scene, ViewLayer | Updating Objects | Applying Static Transformations
Fra:1 Mem:19.62M (Peak 25.28M) | Time:00:00.00 | Mem:0.05M, Peak:0.05M | Scene, ViewLayer | Updating Particle Systems
Fra:1 Mem:19.62M (Peak 25.28M) | Time:00:00.00 | Mem:0.05M, Peak:0.05M | Scene, ViewLayer | Updating Particle Systems | Copying Particles to device
Fra:1 Mem:19.62M (Peak 25.28M) | Time:00:00.00 | Mem:0.05M, Peak:0.05M | Scene, ViewLayer | Updating Meshes
Fra:1 Mem:19.78M (Peak 25.28M) | Time:00:00.00 | Mem:0.05M, Peak:0.05M | Scene, ViewLayer | Updating Mesh | Computing attributes
Fra:1 Mem:19.90M (Peak 25.28M) | Time:00:00.00 | Mem:0.05M, Peak:0.05M | Scene, ViewLayer | Updating Mesh | Copying Attributes to device
Fra:1 Mem:19.89M (Peak 25.28M) | Time:00:00.00 | Mem:0.16M, Peak:0.16M | Scene, ViewLayer | Updating Scene BVH | Building
Fra:1 Mem:19.90M (Peak 25.28M) | Time:00:00.00 | Mem:0.16M, Peak:0.16M | Scene, ViewLayer | Updating Scene BVH | Building BVH
Fra:1 Mem:19.90M (Peak 25.28M) | Time:00:00.00 | Mem:0.48M, Peak:0.48M | Scene, ViewLayer | Updating Scene BVH | Building BVH 0%
Fra:1 Mem:19.90M (Peak 25.28M) | Time:00:00.01 | Mem:0.87M, Peak:1.19M | Scene, ViewLayer | Updating Scene BVH | Copying BVH to device
Fra:1 Mem:19.90M (Peak 25.28M) | Time:00:00.01 | Mem:0.87M, Peak:1.19M | Scene, ViewLayer | Updating Mesh | Computing normals
Fra:1 Mem:20.56M (Peak 25.28M) | Time:00:00.01 | Mem:0.87M, Peak:1.19M | Scene, ViewLayer | Updating Mesh | Copying Mesh to device
Fra:1 Mem:20.56M (Peak 25.28M) | Time:00:00.01 | Mem:1.53M, Peak:1.53M | Scene, ViewLayer | Updating Objects Flags
Fra:1 Mem:20.56M (Peak 25.28M) | Time:00:00.01 | Mem:1.53M, Peak:1.53M | Scene, ViewLayer | Updating Primitive Offsets
Fra:1 Mem:20.56M (Peak 25.28M) | Time:00:00.01 | Mem:1.53M, Peak:1.53M | Scene, ViewLayer | Updating Images
Fra:1 Mem:20.56M (Peak 25.28M) | Time:00:00.01 | Mem:1.53M, Peak:1.53M | Scene, ViewLayer | Updating Camera Volume
Fra:1 Mem:20.56M (Peak 25.28M) | Time:00:00.01 | Mem:1.53M, Peak:1.53M | Scene, ViewLayer | Updating Lookup Tables
Fra:1 Mem:20.56M (Peak 25.28M) | Time:00:00.01 | Mem:1.61M, Peak:1.61M | Scene, ViewLayer | Updating Lights
Fra:1 Mem:20.56M (Peak 25.28M) | Time:00:00.01 | Mem:1.61M, Peak:1.61M | Scene, ViewLayer | Updating Lights | Computing tree
Fra:1 Mem:20.56M (Peak 25.28M) | Time:00:00.01 | Mem:1.61M, Peak:1.61M | Scene, ViewLayer | Updating Integrator
Fra:1 Mem:20.56M (Peak 25.28M) | Time:00:00.01 | Mem:1.61M, Peak:1.61M | Scene, ViewLayer | Updating Film
Fra:1 Mem:20.56M (Peak 25.28M) | Time:00:00.01 | Mem:1.53M, Peak:1.61M | Scene, ViewLayer | Updating Lookup Tables
Fra:1 Mem:20.56M (Peak 25.28M) | Time:00:00.01 | Mem:1.61M, Peak:1.61M | Scene, ViewLayer | Updating Baking
Fra:1 Mem:20.56M (Peak 25.28M) | Time:00:00.01 | Mem:1.61M, Peak:1.61M | Scene, ViewLayer | Updating Device | Writing constant memory
Fra:1 Mem:20.56M (Peak 25.28M) | Time:00:00.01 | Mem:1.61M, Peak:1.61M | Scene, ViewLayer | Sample 0/24
Fra:1 Mem:91.66M (Peak 91.66M) | Time:00:00.71 | Remaining:00:16.25 | Mem:72.68M, Peak:72.68M | Scene, ViewLayer | Sample 1/24
Fra:1 Mem:123.24M (Peak 186.42M) | Time:00:15.20 | Mem:72.68M, Peak:72.68M | Scene, ViewLayer | Sample 24/24
Fra:1 Mem:123.24M (Peak 186.42M) | Time:00:15.20 | Mem:72.68M, Peak:72.68M | Scene, ViewLayer | Finished
Saved: '/workspace/emberfall_win/ArtSource/BlenderSpellBases/Primary-Beats-Preview.png'
Time: 00:15.51 (Saving: 00:00.30)


Blender quit
