Blender 4.3.2
Fra:1 Mem:25.18M (Peak 25.18M) | Time:00:00.00 | Mem:0.00M, Peak:0.00M | Scene, ViewLayer | Synchronizing object | Plane
Fra:1 Mem:25.18M (Peak 25.18M) | Time:00:00.00 | Mem:0.00M, Peak:0.00M | Scene, ViewLayer | Synchronizing object | Text
Fra:1 Mem:25.22M (Peak 25.22M) | Time:00:00.00 | Mem:0.00M, Peak:0.00M | Scene, ViewLayer | Synchronizing object | Text.001
Fra:1 Mem:25.25M (Peak 25.25M) | Time:00:00.00 | Mem:0.00M, Peak:0.00M | Scene, ViewLayer | Synchronizing object | Text.002
Fra:1 Mem:25.30M (Peak 25.30M) | Time:00:00.00 | Mem:0.00M, Peak:0.00M | Scene, ViewLayer | Synchronizing object | Text.003
Fra:1 Mem:25.39M (Peak 25.39M) | Time:00:00.00 | Mem:0.00M, Peak:0.00M | Scene, ViewLayer | Synchronizing object | Text.004
Fra:1 Mem:25.53M (Peak 25.53M) | Time:00:00.00 | Mem:0.00M, Peak:0.00M | Scene, ViewLayer | Synchronizing object | Slime Body
Fra:1 Mem:25.57M (Peak 25.57M) | Time:00:00.00 | Mem:0.00M, Peak:0.00M | Scene, ViewLayer | Synchronizing object | Slime Crown
Fra:1 Mem:25.61M (Peak 25.61M) | Time:00:00.00 | Mem:0.00M, Peak:0.00M | Scene, ViewLayer | Synchronizing object | Eye White
Fra:1 Mem:25.65M (Peak 25.65M) | Time:00:00.00 | Mem:0.00M, Peak:0.00M | Scene, ViewLayer | Synchronizing object | Eye Pupil
Fra:1 Mem:25.69M (Peak 25.69M) | Time:00:00.00 | Mem:0.00M, Peak:0.00M | Scene, ViewLayer | Synchronizing object | Eye White.001
Fra:1 Mem:25.73M (Peak 25.73M) | Time:00:00.00 | Mem:0.00M, Peak:0.00M | Scene, ViewLayer | Synchronizing object | Eye Pupil.001
Fra:1 Mem:25.76M (Peak 25.76M) | Time:00:00.00 | Mem:0.00M, Peak:0.00M | Scene, ViewLayer | Synchronizing object | Smile
Fra:1 Mem:25.80M (Peak 25.80M) | Time:00:00.00 | Mem:0.00M, Peak:0.00M | Scene, ViewLayer | Synchronizing object | Slime soft highlight
Fra:1 Mem:25.83M (Peak 25.83M) | Time:00:00.00 | Mem:0.00M, Peak:0.00M | Scene, ViewLayer | Synchronizing object | Knee Guard.005
Fra:1 Mem:25.83M (Peak 25.83M) | Time:00:00.00 | Mem:0.00M, Peak:0.00M | Scene, ViewLayer | Synchronizing object | Spirit Core
Fra:1 Mem:25.88M (Peak 25.88M) | Time:00:00.00 | Mem:0.00M, Peak:0.00M | Scene, ViewLayer | Synchronizing object | Spirit Crown
Fra:1 Mem:25.91M (Peak 25.91M) | Time:00:00.00 | Mem:0.00M, Peak:0.00M | Scene, ViewLayer | Synchronizing object | Shin Guard.005
Fra:1 Mem:25.94M (Peak 25.94M) | Time:00:00.00 | Mem:0.00M, Peak:0.00M | Scene, ViewLayer | Synchronizing object | Spirit Eyes
Fra:1 Mem:25.98M (Peak 25.98M) | Time:00:00.00 | Mem:0.00M, Peak:0.00M | Scene, ViewLayer | Synchronizing object | Boot.005
Fra:1 Mem:26.00M (Peak 26.00M) | Time:00:00.00 | Mem:0.00M, Peak:0.00M | Scene, ViewLayer | Synchronizing object | Spirit Eyes.001
Fra:1 Mem:26.03M (Peak 26.03M) | Time:00:00.00 | Mem:0.00M, Peak:0.00M | Scene, ViewLayer | Synchronizing object | Trouser.005
Fra:1 Mem:26.08M (Peak 26.08M) | Time:00:00.00 | Mem:0.00M, Peak:0.00M | Scene, ViewLayer | Synchronizing object | Knee Guard.004
Fra:1 Mem:26.11M (Peak 26.11M) | Time:00:00.00 | Mem:0.00M, Peak:0.00M | Scene, ViewLayer | Synchronizing object | Shin Guard.004
Fra:1 Mem:26.13M (Peak 26.13M) | Time:00:00.00 | Mem:0.00M, Peak:0.00M | Scene, ViewLayer | Synchronizing object | Spirit Tail
Fra:1 Mem:26.18M (Peak 26.18M) | Time:00:00.00 | Mem:0.00M, Peak:0.00M | Scene, ViewLayer | Synchronizing object | Boot.004
Fra:1 Mem:26.20M (Peak 26.20M) | Time:00:00.00 | Mem:0.00M, Peak:0.00M | Scene, ViewLayer | Synchronizing object | Spirit Tail.001
Fra:1 Mem:26.22M (Peak 26.22M) | Time:00:00.00 | Mem:0.00M, Peak:0.00M | Scene, ViewLayer | Synchronizing object | Trouser.004
Fra:1 Mem:26.27M (Peak 26.27M) | Time:00:00.01 | Mem:0.00M, Peak:0.00M | Scene, ViewLayer | Synchronizing object | Spirit Tail.002
Fra:1 Mem:26.29M (Peak 26.29M) | Time:00:00.01 | Mem:0.00M, Peak:0.00M | Scene, ViewLayer | Synchronizing object | Guardian crown spike.001
Fra:1 Mem:26.31M (Peak 26.31M) | Time:00:00.01 | Mem:0.00M, Peak:0.00M | Scene, ViewLayer | Synchronizing object | Guardian crown spike
Fra:1 Mem:26.31M (Peak 26.31M) | Time:00:00.01 | Mem:0.00M, Peak:0.00M | Scene, ViewLayer | Synchronizing object | Crown Crystal.001
Fra:1 Mem:26.31M (Peak 26.31M) | Time:00:00.01 | Mem:0.00M, Peak:0.00M | Scene, ViewLayer | Synchronizing object | Spirit swept horn
Fra:1 Mem:26.35M (Peak 26.35M) | Time:00:00.01 | Mem:0.00M, Peak:0.00M | Scene, ViewLayer | Synchronizing object | Spirit swept horn.001
Fra:1 Mem:26.35M (Peak 26.35M) | Time:00:00.01 | Mem:0.00M, Peak:0.00M | Scene, ViewLayer | Synchronizing object | Breastplate
Fra:1 Mem:26.38M (Peak 26.38M) | Time:00:00.01 | Mem:0.00M, Peak:0.00M | Scene, ViewLayer | Synchronizing object | Iron Crown.001
Fra:1 Mem:26.43M (Peak 26.43M) | Time:00:00.01 | Mem:0.00M, Peak:0.00M | Scene, ViewLayer | Synchronizing object | Belt
Fra:1 Mem:26.46M (Peak 26.46M) | Time:00:00.01 | Mem:0.00M, Peak:0.00M | Scene, ViewLayer | Synchronizing object | Stone Horn.003
Fra:1 Mem:26.50M (Peak 26.50M) | Time:00:00.01 | Mem:0.00M, Peak:0.00M | Scene, ViewLayer | Synchronizing object | Buckle
Fra:1 Mem:26.53M (Peak 26.53M) | Time:00:00.01 | Mem:0.00M, Peak:0.00M | Scene, ViewLayer | Synchronizing object | Stone Horn.002
Fra:1 Mem:26.56M (Peak 26.56M) | Time:00:00.01 | Mem:0.00M, Peak:0.00M | Scene, ViewLayer | Synchronizing object | Pauldrons
Fra:1 Mem:26.60M (Peak 26.60M) | Time:00:00.01 | Mem:0.00M, Peak:0.00M | Scene, ViewLayer | Synchronizing object | Sleeve
Fra:1 Mem:26.62M (Peak 26.62M) | Time:00:00.01 | Mem:0.00M, Peak:0.00M | Scene, ViewLayer | Synchronizing object | Eyes R.002
Fra:1 Mem:26.68M (Peak 26.68M) | Time:00:00.01 | Mem:0.00M, Peak:0.00M | Scene, ViewLayer | Synchronizing object | Glove
Fra:1 Mem:26.67M (Peak 26.68M) | Time:00:00.01 | Mem:0.00M, Peak:0.00M | Scene, ViewLayer | Synchronizing object | Eyes L.002
Fra:1 Mem:26.74M (Peak 26.74M) | Time:00:00.01 | Mem:0.00M, Peak:0.00M | Scene, ViewLayer | Synchronizing object | Forearm Bracer
Fra:1 Mem:26.76M (Peak 26.76M) | Time:00:00.01 | Mem:0.00M, Peak:0.00M | Scene, ViewLayer | Synchronizing object | Head.002
Fra:1 Mem:26.81M (Peak 26.81M) | Time:00:00.01 | Mem:0.00M, Peak:0.00M | Scene, ViewLayer | Synchronizing object | Cuff Trim
Fra:1 Mem:26.82M (Peak 26.82M) | Time:00:00.01 | Mem:0.00M, Peak:0.00M | Scene, ViewLayer | Synchronizing object | Guardian ember crystal.001
Fra:1 Mem:26.85M (Peak 26.85M) | Time:00:00.01 | Mem:0.00M, Peak:0.00M | Scene, ViewLayer | Synchronizing object | Pauldrons.001
Fra:1 Mem:26.89M (Peak 26.89M) | Time:00:00.01 | Mem:0.00M, Peak:0.00M | Scene, ViewLayer | Synchronizing object | Guardian chest plate.001
Fra:1 Mem:26.89M (Peak 26.89M) | Time:00:00.01 | Mem:0.00M, Peak:0.00M | Scene, ViewLayer | Synchronizing object | Sleeve.001
Fra:1 Mem:26.93M (Peak 26.93M) | Time:00:00.01 | Mem:0.00M, Peak:0.00M | Scene, ViewLayer | Synchronizing object | Cuff Trim.005
Fra:1 Mem:26.94M (Peak 26.94M) | Time:00:00.01 | Mem:0.00M, Peak:0.00M | Scene, ViewLayer | Synchronizing object | Forearm Bracer.005
Fra:1 Mem:26.97M (Peak 26.97M) | Time:00:00.01 | Mem:0.00M, Peak:0.00M | Scene, ViewLayer | Synchronizing object | Glove.001
Fra:1 Mem:27.01M (Peak 27.01M) | Time:00:00.01 | Mem:0.00M, Peak:0.00M | Scene, ViewLayer | Synchronizing object | Guardian layered pauldron.003
Fra:1 Mem:27.03M (Peak 27.03M) | Time:00:00.01 | Mem:0.00M, Peak:0.00M | Scene, ViewLayer | Synchronizing object | Goblin Knife
Fra:1 Mem:27.04M (Peak 27.04M) | Time:00:00.01 | Mem:0.00M, Peak:0.00M | Scene, ViewLayer | Synchronizing object | Great Hammer.001
Fra:1 Mem:27.07M (Peak 27.07M) | Time:00:00.01 | Mem:0.00M, Peak:0.00M | Scene, ViewLayer | Synchronizing object | Forearm Bracer.001
Fra:1 Mem:27.10M (Peak 27.10M) | Time:00:00.01 | Mem:0.00M, Peak:0.00M | Scene, ViewLayer | Synchronizing object | Hammer Grip.001
Fra:1 Mem:27.12M (Peak 27.12M) | Time:00:00.01 | Mem:0.00M, Peak:0.00M | Scene, ViewLayer | Synchronizing object | Glove.005
Fra:1 Mem:27.16M (Peak 27.16M) | Time:00:00.01 | Mem:0.00M, Peak:0.00M | Scene, ViewLayer | Synchronizing object | Cuff Trim.001
Fra:1 Mem:27.17M (Peak 27.17M) | Time:00:00.01 | Mem:0.00M, Peak:0.00M | Scene, ViewLayer | Synchronizing object | Sleeve.005
Fra:1 Mem:27.20M (Peak 27.20M) | Time:00:00.01 | Mem:0.00M, Peak:0.00M | Scene, ViewLayer | Synchronizing object | Head
Fra:1 Mem:27.24M (Peak 27.24M) | Time:00:00.01 | Mem:0.00M, Peak:0.00M | Scene, ViewLayer | Synchronizing object | Pauldrons.005
Fra:1 Mem:27.27M (Peak 27.27M) | Time:00:00.01 | Mem:0.00M, Peak:0.00M | Scene, ViewLayer | Synchronizing object | Eyes L
Fra:1 Mem:27.29M (Peak 27.29M) | Time:00:00.01 | Mem:0.00M, Peak:0.00M | Scene, ViewLayer | Synchronizing object | Cuff Trim.004
Fra:1 Mem:27.31M (Peak 27.31M) | Time:00:00.01 | Mem:0.00M, Peak:0.00M | Scene, ViewLayer | Synchronizing object | Forearm Bracer.004
Fra:1 Mem:27.35M (Peak 27.35M) | Time:00:00.01 | Mem:0.00M, Peak:0.00M | Scene, ViewLayer | Synchronizing object | Eyes R
Fra:1 Mem:27.38M (Peak 27.38M) | Time:00:00.01 | Mem:0.00M, Peak:0.00M | Scene, ViewLayer | Synchronizing object | Guardian layered pauldron.002
Fra:1 Mem:27.40M (Peak 27.40M) | Time:00:00.01 | Mem:0.00M, Peak:0.00M | Scene, ViewLayer | Synchronizing object | Long Ear
Fra:1 Mem:27.40M (Peak 27.40M) | Time:00:00.01 | Mem:0.00M, Peak:0.00M | Scene, ViewLayer | Synchronizing object | Glove.004
Fra:1 Mem:27.43M (Peak 27.43M) | Time:00:00.01 | Mem:0.00M, Peak:0.00M | Scene, ViewLayer | Synchronizing object | Long Ear.001
Fra:1 Mem:27.44M (Peak 27.44M) | Time:00:00.01 | Mem:0.00M, Peak:0.00M | Scene, ViewLayer | Synchronizing object | Leather Cap
Fra:1 Mem:27.48M (Peak 27.48M) | Time:00:00.01 | Mem:0.00M, Peak:0.00M | Scene, ViewLayer | Synchronizing object | Goblin brow left
Fra:1 Mem:27.52M (Peak 27.52M) | Time:00:00.01 | Mem:0.00M, Peak:0.00M | Scene, ViewLayer | Synchronizing object | Goblin brow right
Fra:1 Mem:27.55M (Peak 27.55M) | Time:00:00.01 | Mem:0.00M, Peak:0.00M | Scene, ViewLayer | Synchronizing object | Sleeve.004
Fra:1 Mem:27.59M (Peak 27.59M) | Time:00:00.01 | Mem:0.00M, Peak:0.00M | Scene, ViewLayer | Synchronizing object | Goblin nose
Fra:1 Mem:27.62M (Peak 27.62M) | Time:00:00.01 | Mem:0.00M, Peak:0.00M | Scene, ViewLayer | Synchronizing object | Pauldrons.004
Fra:1 Mem:27.66M (Peak 27.66M) | Time:00:00.01 | Mem:0.00M, Peak:0.00M | Scene, ViewLayer | Synchronizing object | Trouser
Fra:1 Mem:27.66M (Peak 27.66M) | Time:00:00.01 | Mem:0.00M, Peak:0.00M | Scene, ViewLayer | Synchronizing object | Buckle.002
Fra:1 Mem:27.72M (Peak 27.72M) | Time:00:00.01 | Mem:0.00M, Peak:0.00M | Scene, ViewLayer | Synchronizing object | Belt.002
Fra:1 Mem:27.74M (Peak 27.74M) | Time:00:00.01 | Mem:0.00M, Peak:0.00M | Scene, ViewLayer | Synchronizing object | Boot
Fra:1 Mem:27.77M (Peak 27.77M) | Time:00:00.01 | Mem:0.00M, Peak:0.00M | Scene, ViewLayer | Synchronizing object | Shin Guard
Fra:1 Mem:27.78M (Peak 27.78M) | Time:00:00.01 | Mem:0.00M, Peak:0.00M | Scene, ViewLayer | Synchronizing object | Breastplate.002
Fra:1 Mem:27.83M (Peak 27.83M) | Time:00:00.01 | Mem:0.00M, Peak:0.00M | Scene, ViewLayer | Synchronizing object | Knee Guard.003
Fra:1 Mem:27.86M (Peak 27.86M) | Time:00:00.01 | Mem:0.00M, Peak:0.00M | Scene, ViewLayer | Synchronizing object | Knee Guard
Fra:1 Mem:27.90M (Peak 27.90M) | Time:00:00.01 | Mem:0.00M, Peak:0.00M | Scene, ViewLayer | Synchronizing object | Shin Guard.003
Fra:1 Mem:27.93M (Peak 27.93M) | Time:00:00.01 | Mem:0.00M, Peak:0.00M | Scene, ViewLayer | Synchronizing object | Trouser.001
Fra:1 Mem:27.97M (Peak 27.97M) | Time:00:00.01 | Mem:0.00M, Peak:0.00M | Scene, ViewLayer | Synchronizing object | Boot.003
Fra:1 Mem:28.00M (Peak 28.00M) | Time:00:00.01 | Mem:0.00M, Peak:0.00M | Scene, ViewLayer | Synchronizing object | Boot.001
Fra:1 Mem:28.01M (Peak 28.01M) | Time:00:00.01 | Mem:0.00M, Peak:0.00M | Scene, ViewLayer | Synchronizing object | Trouser.003
Fra:1 Mem:28.05M (Peak 28.05M) | Time:00:00.01 | Mem:0.00M, Peak:0.00M | Scene, ViewLayer | Synchronizing object | Knee Guard.002
Fra:1 Mem:28.09M (Peak 28.09M) | Time:00:00.01 | Mem:0.00M, Peak:0.00M | Scene, ViewLayer | Synchronizing object | Shin Guard.001
Fra:1 Mem:28.12M (Peak 28.12M) | Time:00:00.01 | Mem:0.00M, Peak:0.00M | Scene, ViewLayer | Synchronizing object | Knee Guard.001
Fra:1 Mem:28.16M (Peak 28.16M) | Time:00:00.01 | Mem:0.00M, Peak:0.00M | Scene, ViewLayer | Synchronizing object | Breastplate.001
Fra:1 Mem:28.19M (Peak 28.19M) | Time:00:00.01 | Mem:0.00M, Peak:0.00M | Scene, ViewLayer | Synchronizing object | Belt.001
Fra:1 Mem:28.22M (Peak 28.22M) | Time:00:00.01 | Mem:0.00M, Peak:0.00M | Scene, ViewLayer | Synchronizing object | Buckle.001
Fra:1 Mem:28.24M (Peak 28.24M) | Time:00:00.01 | Mem:0.00M, Peak:0.00M | Scene, ViewLayer | Synchronizing object | Pauldrons.002
Fra:1 Mem:28.27M (Peak 28.27M) | Time:00:00.01 | Mem:0.00M, Peak:0.00M | Scene, ViewLayer | Synchronizing object | Sleeve.002
Fra:1 Mem:28.31M (Peak 28.31M) | Time:00:00.01 | Mem:0.00M, Peak:0.00M | Scene, ViewLayer | Synchronizing object | Glove.002
Fra:1 Mem:28.32M (Peak 28.32M) | Time:00:00.01 | Mem:0.00M, Peak:0.00M | Scene, ViewLayer | Synchronizing object | Shin Guard.002
Fra:1 Mem:28.37M (Peak 28.37M) | Time:00:00.01 | Mem:0.00M, Peak:0.00M | Scene, ViewLayer | Synchronizing object | Guardian layered pauldron
Fra:1 Mem:28.38M (Peak 28.38M) | Time:00:00.01 | Mem:0.00M, Peak:0.00M | Scene, ViewLayer | Synchronizing object | Forearm Bracer.002
Fra:1 Mem:28.43M (Peak 28.43M) | Time:00:00.01 | Mem:0.00M, Peak:0.00M | Scene, ViewLayer | Synchronizing object | Boot.002
Fra:1 Mem:28.43M (Peak 28.43M) | Time:00:00.01 | Mem:0.00M, Peak:0.00M | Scene, ViewLayer | Synchronizing object | Cuff Trim.002
Fra:1 Mem:28.46M (Peak 28.46M) | Time:00:00.01 | Mem:0.00M, Peak:0.00M | Scene, ViewLayer | Synchronizing object | Trouser.002
Fra:1 Mem:28.46M (Peak 28.46M) | Time:00:00.01 | Mem:0.00M, Peak:0.00M | Scene, ViewLayer | Synchronizing object | Pauldrons.003
Fra:1 Mem:28.51M (Peak 28.51M) | Time:00:00.01 | Mem:0.00M, Peak:0.00M | Scene, ViewLayer | Synchronizing object | Sleeve.003
Fra:1 Mem:28.55M (Peak 28.55M) | Time:00:00.01 | Mem:0.00M, Peak:0.00M | Scene, ViewLayer | Synchronizing object | Crown Crystal
Fra:1 Mem:28.59M (Peak 28.59M) | Time:00:00.01 | Mem:0.00M, Peak:0.00M | Scene, ViewLayer | Synchronizing object | Glove.003
Fra:1 Mem:28.62M (Peak 28.62M) | Time:00:00.01 | Mem:0.00M, Peak:0.00M | Scene, ViewLayer | Synchronizing object | Iron Crown
Fra:1 Mem:28.67M (Peak 28.67M) | Time:00:00.01 | Mem:0.00M, Peak:0.00M | Scene, ViewLayer | Synchronizing object | Hammer Grip
Fra:1 Mem:28.69M (Peak 28.69M) | Time:00:00.01 | Mem:0.00M, Peak:0.00M | Scene, ViewLayer | Synchronizing object | Great Hammer
Fra:1 Mem:28.71M (Peak 28.71M) | Time:00:00.01 | Mem:0.00M, Peak:0.00M | Scene, ViewLayer | Synchronizing object | Stone Horn.001
Fra:1 Mem:28.76M (Peak 28.76M) | Time:00:00.01 | Mem:0.00M, Peak:0.00M | Scene, ViewLayer | Synchronizing object | Guardian layered pauldron.001
Fra:1 Mem:28.77M (Peak 28.77M) | Time:00:00.01 | Mem:0.00M, Peak:0.00M | Scene, ViewLayer | Synchronizing object | Forearm Bracer.003
Fra:1 Mem:28.78M (Peak 28.78M) | Time:00:00.01 | Mem:0.00M, Peak:0.00M | Scene, ViewLayer | Synchronizing object | Stone Horn
Fra:1 Mem:28.84M (Peak 28.84M) | Time:00:00.01 | Mem:0.00M, Peak:0.00M | Scene, ViewLayer | Synchronizing object | Eyes R.001
Fra:1 Mem:28.87M (Peak 28.87M) | Time:00:00.01 | Mem:0.00M, Peak:0.00M | Scene, ViewLayer | Synchronizing object | Cuff Trim.003
Fra:1 Mem:28.89M (Peak 28.89M) | Time:00:00.01 | Mem:0.00M, Peak:0.00M | Scene, ViewLayer | Synchronizing object | Guardian chest plate
Fra:1 Mem:28.90M (Peak 28.90M) | Time:00:00.01 | Mem:0.00M, Peak:0.00M | Scene, ViewLayer | Synchronizing object | Eyes L.001
Fra:1 Mem:28.93M (Peak 28.93M) | Time:00:00.01 | Mem:0.00M, Peak:0.00M | Scene, ViewLayer | Synchronizing object | Guardian ember crystal
Fra:1 Mem:28.97M (Peak 28.97M) | Time:00:00.01 | Mem:0.00M, Peak:0.00M | Scene, ViewLayer | Synchronizing object | Head.001
Fra:1 Mem:29.01M (Peak 29.01M) | Time:00:00.01 | Mem:0.00M, Peak:0.00M | Scene, ViewLayer | Initializing
Fra:1 Mem:23.00M (Peak 29.01M) | Time:00:00.01 | Mem:0.00M, Peak:0.00M | Scene, ViewLayer | Waiting for render to start
Fra:1 Mem:23.00M (Peak 29.01M) | Time:00:00.01 | Mem:0.00M, Peak:0.00M | Scene, ViewLayer | Loading render kernels (may take a few minutes the first time)
Fra:1 Mem:23.00M (Peak 29.01M) | Time:00:00.01 | Mem:0.00M, Peak:0.00M | Scene, ViewLayer | Updating Scene
Fra:1 Mem:23.00M (Peak 29.01M) | Time:00:00.01 | Mem:0.00M, Peak:0.00M | Scene, ViewLayer | Updating Shaders
Fra:1 Mem:23.10M (Peak 29.01M) | Time:00:00.01 | Mem:0.02M, Peak:0.02M | Scene, ViewLayer | Updating Procedurals
Fra:1 Mem:23.10M (Peak 29.01M) | Time:00:00.01 | Mem:0.02M, Peak:0.02M | Scene, ViewLayer | Updating Background
Fra:1 Mem:23.10M (Peak 29.01M) | Time:00:00.01 | Mem:0.02M, Peak:0.02M | Scene, ViewLayer | Updating Camera
Fra:1 Mem:23.10M (Peak 29.01M) | Time:00:00.01 | Mem:0.02M, Peak:0.02M | Scene, ViewLayer | Updating Meshes Flags
Fra:1 Mem:23.10M (Peak 29.01M) | Time:00:00.01 | Mem:0.02M, Peak:0.02M | Scene, ViewLayer | Updating Objects
Fra:1 Mem:23.10M (Peak 29.01M) | Time:00:00.01 | Mem:0.02M, Peak:0.02M | Scene, ViewLayer | Updating Objects | Copying Transformations to device
Fra:1 Mem:23.13M (Peak 29.01M) | Time:00:00.01 | Mem:0.05M, Peak:0.05M | Scene, ViewLayer | Updating Objects | Applying Static Transformations
Fra:1 Mem:23.13M (Peak 29.01M) | Time:00:00.01 | Mem:0.05M, Peak:0.05M | Scene, ViewLayer | Updating Particle Systems
Fra:1 Mem:23.13M (Peak 29.01M) | Time:00:00.01 | Mem:0.05M, Peak:0.05M | Scene, ViewLayer | Updating Particle Systems | Copying Particles to device
Fra:1 Mem:23.13M (Peak 29.01M) | Time:00:00.01 | Mem:0.05M, Peak:0.05M | Scene, ViewLayer | Updating Meshes
Fra:1 Mem:23.68M (Peak 29.01M) | Time:00:00.01 | Mem:0.05M, Peak:0.05M | Scene, ViewLayer | Updating Mesh | Computing attributes
Fra:1 Mem:24.05M (Peak 29.01M) | Time:00:00.01 | Mem:0.06M, Peak:0.06M | Scene, ViewLayer | Updating Mesh | Copying Attributes to device
Fra:1 Mem:24.03M (Peak 29.01M) | Time:00:00.01 | Mem:0.40M, Peak:0.40M | Scene, ViewLayer | Updating Scene BVH | Building
Fra:1 Mem:24.04M (Peak 29.01M) | Time:00:00.01 | Mem:0.40M, Peak:0.40M | Scene, ViewLayer | Updating Scene BVH | Building BVH
Fra:1 Mem:24.04M (Peak 29.01M) | Time:00:00.01 | Mem:1.50M, Peak:1.50M | Scene, ViewLayer | Updating Scene BVH | Building BVH 0%
Fra:1 Mem:24.04M (Peak 29.01M) | Time:00:00.02 | Mem:2.70M, Peak:3.80M | Scene, ViewLayer | Updating Scene BVH | Copying BVH to device
Fra:1 Mem:24.04M (Peak 29.01M) | Time:00:00.02 | Mem:2.70M, Peak:3.80M | Scene, ViewLayer | Updating Mesh | Computing normals
Fra:1 Mem:25.64M (Peak 29.01M) | Time:00:00.02 | Mem:2.70M, Peak:3.80M | Scene, ViewLayer | Updating Mesh | Copying Mesh to device
Fra:1 Mem:25.64M (Peak 29.01M) | Time:00:00.02 | Mem:4.31M, Peak:4.31M | Scene, ViewLayer | Updating Objects Flags
Fra:1 Mem:25.64M (Peak 29.01M) | Time:00:00.02 | Mem:4.31M, Peak:4.31M | Scene, ViewLayer | Updating Primitive Offsets
Fra:1 Mem:25.64M (Peak 29.01M) | Time:00:00.02 | Mem:4.31M, Peak:4.31M | Scene, ViewLayer | Updating Images
Fra:1 Mem:25.64M (Peak 29.01M) | Time:00:00.02 | Mem:4.31M, Peak:4.31M | Scene, ViewLayer | Updating Camera Volume
Fra:1 Mem:25.64M (Peak 29.01M) | Time:00:00.02 | Mem:4.31M, Peak:4.31M | Scene, ViewLayer | Updating Lookup Tables
Fra:1 Mem:25.64M (Peak 29.01M) | Time:00:00.02 | Mem:4.39M, Peak:4.39M | Scene, ViewLayer | Updating Lights
Fra:1 Mem:25.64M (Peak 29.01M) | Time:00:00.02 | Mem:4.39M, Peak:4.39M | Scene, ViewLayer | Updating Lights | Computing tree
Fra:1 Mem:25.64M (Peak 29.01M) | Time:00:00.02 | Mem:4.39M, Peak:4.39M | Scene, ViewLayer | Updating Integrator
Fra:1 Mem:25.64M (Peak 29.01M) | Time:00:00.02 | Mem:4.39M, Peak:4.39M | Scene, ViewLayer | Updating Film
Fra:1 Mem:25.65M (Peak 29.01M) | Time:00:00.02 | Mem:4.31M, Peak:4.39M | Scene, ViewLayer | Updating Lookup Tables
Fra:1 Mem:25.65M (Peak 29.01M) | Time:00:00.02 | Mem:4.40M, Peak:4.40M | Scene, ViewLayer | Updating Baking
Fra:1 Mem:25.65M (Peak 29.01M) | Time:00:00.02 | Mem:4.40M, Peak:4.40M | Scene, ViewLayer | Updating Device | Writing constant memory
Fra:1 Mem:25.65M (Peak 29.01M) | Time:00:00.02 | Mem:4.40M, Peak:4.40M | Scene, ViewLayer | Sample 0/24
Fra:1 Mem:61.36M (Peak 61.36M) | Time:00:00.84 | Remaining:00:18.79 | Mem:40.10M, Peak:40.10M | Scene, ViewLayer | Sample 1/24
Fra:1 Mem:77.24M (Peak 108.97M) | Time:00:22.87 | Mem:40.10M, Peak:40.10M | Scene, ViewLayer | Sample 24/24
Fra:1 Mem:77.24M (Peak 108.97M) | Time:00:22.87 | Mem:40.10M, Peak:40.10M | Scene, ViewLayer | Finished
Saved: 'ArtSource/EnemySilhouettes/After/Enemies-front.png'
Time: 00:23.48 (Saving: 00:00.60)

Fra:1 Mem:29.19M (Peak 29.19M) | Time:00:00.02 | Mem:0.00M, Peak:0.00M | Scene, ViewLayer | Synchronizing object | Text
Fra:1 Mem:29.23M (Peak 29.23M) | Time:00:00.02 | Mem:0.00M, Peak:0.00M | Scene, ViewLayer | Synchronizing object | Text.001
Fra:1 Mem:29.26M (Peak 29.26M) | Time:00:00.02 | Mem:0.00M, Peak:0.00M | Scene, ViewLayer | Synchronizing object | Text.002
Fra:1 Mem:29.31M (Peak 29.31M) | Time:00:00.02 | Mem:0.00M, Peak:0.00M | Scene, ViewLayer | Synchronizing object | Text.003
Fra:1 Mem:29.40M (Peak 29.40M) | Time:00:00.02 | Mem:0.00M, Peak:0.00M | Scene, ViewLayer | Synchronizing object | Text.004
Fra:1 Mem:29.57M (Peak 29.57M) | Time:00:00.02 | Mem:0.00M, Peak:0.00M | Scene, ViewLayer | Synchronizing object | Knee Guard.005
Fra:1 Mem:29.60M (Peak 29.60M) | Time:00:00.02 | Mem:0.00M, Peak:0.00M | Scene, ViewLayer | Synchronizing object | Shin Guard.005
Fra:1 Mem:29.64M (Peak 29.64M) | Time:00:00.02 | Mem:0.00M, Peak:0.00M | Scene, ViewLayer | Synchronizing object | Boot.005
Fra:1 Mem:29.66M (Peak 29.66M) | Time:00:00.02 | Mem:0.00M, Peak:0.00M | Scene, ViewLayer | Synchronizing object | Trouser.005
Fra:1 Mem:29.70M (Peak 29.70M) | Time:00:00.02 | Mem:0.00M, Peak:0.00M | Scene, ViewLayer | Synchronizing object | Knee Guard.004
Fra:1 Mem:29.73M (Peak 29.73M) | Time:00:00.02 | Mem:0.00M, Peak:0.00M | Scene, ViewLayer | Synchronizing object | Shin Guard.004
Fra:1 Mem:29.77M (Peak 29.77M) | Time:00:00.02 | Mem:0.00M, Peak:0.00M | Scene, ViewLayer | Synchronizing object | Boot.004
Fra:1 Mem:29.79M (Peak 29.79M) | Time:00:00.02 | Mem:0.00M, Peak:0.00M | Scene, ViewLayer | Synchronizing object | Trouser.004
Fra:1 Mem:29.82M (Peak 29.82M) | Time:00:00.02 | Mem:0.00M, Peak:0.00M | Scene, ViewLayer | Synchronizing object | Guardian crown spike.001
Fra:1 Mem:29.83M (Peak 29.83M) | Time:00:00.02 | Mem:0.00M, Peak:0.00M | Scene, ViewLayer | Synchronizing object | Guardian crown spike
Fra:1 Mem:29.83M (Peak 29.83M) | Time:00:00.02 | Mem:0.00M, Peak:0.00M | Scene, ViewLayer | Synchronizing object | Crown Crystal.001
Fra:1 Mem:29.87M (Peak 29.87M) | Time:00:00.02 | Mem:0.00M, Peak:0.00M | Scene, ViewLayer | Synchronizing object | Iron Crown.001
Fra:1 Mem:29.92M (Peak 29.92M) | Time:00:00.02 | Mem:0.00M, Peak:0.00M | Scene, ViewLayer | Synchronizing object | Stone Horn.003
Fra:1 Mem:29.96M (Peak 29.96M) | Time:00:00.02 | Mem:0.00M, Peak:0.00M | Scene, ViewLayer | Synchronizing object | Stone Horn.002
Fra:1 Mem:29.99M (Peak 29.99M) | Time:00:00.02 | Mem:0.00M, Peak:0.00M | Scene, ViewLayer | Synchronizing object | Eyes R.002
Fra:1 Mem:30.03M (Peak 30.03M) | Time:00:00.02 | Mem:0.00M, Peak:0.00M | Scene, ViewLayer | Synchronizing object | Eyes L.002
Fra:1 Mem:30.06M (Peak 30.06M) | Time:00:00.02 | Mem:0.00M, Peak:0.00M | Scene, ViewLayer | Synchronizing object | Head.002
Fra:1 Mem:30.10M (Peak 30.10M) | Time:00:00.02 | Mem:0.00M, Peak:0.00M | Scene, ViewLayer | Synchronizing object | Guardian ember crystal.001
Fra:1 Mem:30.13M (Peak 30.13M) | Time:00:00.02 | Mem:0.00M, Peak:0.00M | Scene, ViewLayer | Synchronizing object | Guardian chest plate.001
Fra:1 Mem:30.15M (Peak 30.15M) | Time:00:00.02 | Mem:0.00M, Peak:0.00M | Scene, ViewLayer | Synchronizing object | Cuff Trim.005
Fra:1 Mem:30.16M (Peak 30.16M) | Time:00:00.02 | Mem:0.00M, Peak:0.00M | Scene, ViewLayer | Synchronizing object | Forearm Bracer.005
Fra:1 Mem:30.20M (Peak 30.20M) | Time:00:00.02 | Mem:0.00M, Peak:0.00M | Scene, ViewLayer | Synchronizing object | Guardian layered pauldron.003
Fra:1 Mem:30.21M (Peak 30.21M) | Time:00:00.02 | Mem:0.00M, Peak:0.00M | Scene, ViewLayer | Synchronizing object | Great Hammer.001
Fra:1 Mem:30.23M (Peak 30.23M) | Time:00:00.02 | Mem:0.00M, Peak:0.00M | Scene, ViewLayer | Synchronizing object | Hammer Grip.001
Fra:1 Mem:30.25M (Peak 30.25M) | Time:00:00.02 | Mem:0.00M, Peak:0.00M | Scene, ViewLayer | Synchronizing object | Glove.005
Fra:1 Mem:30.28M (Peak 30.28M) | Time:00:00.02 | Mem:0.00M, Peak:0.00M | Scene, ViewLayer | Synchronizing object | Sleeve.005
Fra:1 Mem:30.32M (Peak 30.32M) | Time:00:00.02 | Mem:0.00M, Peak:0.00M | Scene, ViewLayer | Synchronizing object | Pauldrons.005
Fra:1 Mem:30.35M (Peak 30.35M) | Time:00:00.02 | Mem:0.00M, Peak:0.00M | Scene, ViewLayer | Synchronizing object | Cuff Trim.004
Fra:1 Mem:30.36M (Peak 30.36M) | Time:00:00.02 | Mem:0.00M, Peak:0.00M | Scene, ViewLayer | Synchronizing object | Forearm Bracer.004
Fra:1 Mem:30.39M (Peak 30.39M) | Time:00:00.02 | Mem:0.00M, Peak:0.00M | Scene, ViewLayer | Synchronizing object | Guardian layered pauldron.002
Fra:1 Mem:30.40M (Peak 30.40M) | Time:00:00.02 | Mem:0.00M, Peak:0.00M | Scene, ViewLayer | Synchronizing object | Glove.004
Fra:1 Mem:30.44M (Peak 30.44M) | Time:00:00.02 | Mem:0.00M, Peak:0.00M | Scene, ViewLayer | Synchronizing object | Sleeve.004
Fra:1 Mem:30.48M (Peak 30.48M) | Time:00:00.02 | Mem:0.00M, Peak:0.00M | Scene, ViewLayer | Synchronizing object | Pauldrons.004
Fra:1 Mem:30.50M (Peak 30.50M) | Time:00:00.02 | Mem:0.00M, Peak:0.00M | Scene, ViewLayer | Synchronizing object | Buckle.002
Fra:1 Mem:30.53M (Peak 30.53M) | Time:00:00.02 | Mem:0.00M, Peak:0.00M | Scene, ViewLayer | Synchronizing object | Belt.002
Fra:1 Mem:30.56M (Peak 30.56M) | Time:00:00.02 | Mem:0.00M, Peak:0.00M | Scene, ViewLayer | Synchronizing object | Breastplate.002
Fra:1 Mem:30.59M (Peak 30.59M) | Time:00:00.02 | Mem:0.00M, Peak:0.00M | Scene, ViewLayer | Synchronizing object | Knee Guard.003
Fra:1 Mem:30.62M (Peak 30.62M) | Time:00:00.02 | Mem:0.00M, Peak:0.00M | Scene, ViewLayer | Synchronizing object | Shin Guard.003
Fra:1 Mem:30.66M (Peak 30.66M) | Time:00:00.02 | Mem:0.00M, Peak:0.00M | Scene, ViewLayer | Synchronizing object | Boot.003
Fra:1 Mem:30.68M (Peak 30.68M) | Time:00:00.02 | Mem:0.00M, Peak:0.00M | Scene, ViewLayer | Synchronizing object | Trouser.003
Fra:1 Mem:30.72M (Peak 30.72M) | Time:00:00.02 | Mem:0.00M, Peak:0.00M | Scene, ViewLayer | Synchronizing object | Knee Guard.002
Fra:1 Mem:30.75M (Peak 30.75M) | Time:00:00.02 | Mem:0.00M, Peak:0.00M | Scene, ViewLayer | Synchronizing object | Shin Guard.002
Fra:1 Mem:30.79M (Peak 30.79M) | Time:00:00.02 | Mem:0.00M, Peak:0.00M | Scene, ViewLayer | Synchronizing object | Boot.002
Fra:1 Mem:30.81M (Peak 30.81M) | Time:00:00.02 | Mem:0.00M, Peak:0.00M | Scene, ViewLayer | Synchronizing object | Trouser.002
Fra:1 Mem:30.84M (Peak 30.84M) | Time:00:00.02 | Mem:0.00M, Peak:0.00M | Scene, ViewLayer | Synchronizing object | Crown Crystal
Fra:1 Mem:30.88M (Peak 30.88M) | Time:00:00.02 | Mem:0.00M, Peak:0.00M | Scene, ViewLayer | Synchronizing object | Iron Crown
Fra:1 Mem:30.93M (Peak 30.93M) | Time:00:00.02 | Mem:0.00M, Peak:0.00M | Scene, ViewLayer | Synchronizing object | Stone Horn.001
Fra:1 Mem:30.97M (Peak 30.97M) | Time:00:00.02 | Mem:0.00M, Peak:0.00M | Scene, ViewLayer | Synchronizing object | Stone Horn
Fra:1 Mem:31.01M (Peak 31.01M) | Time:00:00.02 | Mem:0.00M, Peak:0.00M | Scene, ViewLayer | Synchronizing object | Eyes R.001
Fra:1 Mem:31.04M (Peak 31.04M) | Time:00:00.02 | Mem:0.00M, Peak:0.00M | Scene, ViewLayer | Synchronizing object | Eyes L.001
Fra:1 Mem:31.08M (Peak 31.08M) | Time:00:00.02 | Mem:0.00M, Peak:0.00M | Scene, ViewLayer | Synchronizing object | Head.001
Fra:1 Mem:31.11M (Peak 31.11M) | Time:00:00.02 | Mem:0.00M, Peak:0.00M | Scene, ViewLayer | Synchronizing object | Guardian ember crystal
Fra:1 Mem:31.14M (Peak 31.14M) | Time:00:00.02 | Mem:0.00M, Peak:0.00M | Scene, ViewLayer | Synchronizing object | Guardian chest plate
Fra:1 Mem:31.16M (Peak 31.16M) | Time:00:00.02 | Mem:0.00M, Peak:0.00M | Scene, ViewLayer | Synchronizing object | Cuff Trim.003
Fra:1 Mem:31.17M (Peak 31.17M) | Time:00:00.02 | Mem:0.00M, Peak:0.00M | Scene, ViewLayer | Synchronizing object | Forearm Bracer.003
Fra:1 Mem:31.21M (Peak 31.21M) | Time:00:00.02 | Mem:0.00M, Peak:0.00M | Scene, ViewLayer | Synchronizing object | Guardian layered pauldron.001
Fra:1 Mem:31.22M (Peak 31.22M) | Time:00:00.02 | Mem:0.00M, Peak:0.00M | Scene, ViewLayer | Synchronizing object | Great Hammer
Fra:1 Mem:31.24M (Peak 31.24M) | Time:00:00.02 | Mem:0.00M, Peak:0.00M | Scene, ViewLayer | Synchronizing object | Plane
Fra:1 Mem:31.24M (Peak 31.24M) | Time:00:00.02 | Mem:0.00M, Peak:0.00M | Scene, ViewLayer | Synchronizing object | Slime Body
Fra:1 Mem:31.28M (Peak 31.28M) | Time:00:00.02 | Mem:0.00M, Peak:0.00M | Scene, ViewLayer | Synchronizing object | Slime Crown
Fra:1 Mem:31.31M (Peak 31.31M) | Time:00:00.02 | Mem:0.00M, Peak:0.00M | Scene, ViewLayer | Synchronizing object | Eye White
Fra:1 Mem:31.35M (Peak 31.35M) | Time:00:00.02 | Mem:0.00M, Peak:0.00M | Scene, ViewLayer | Synchronizing object | Eye Pupil
Fra:1 Mem:31.38M (Peak 31.38M) | Time:00:00.02 | Mem:0.00M, Peak:0.00M | Scene, ViewLayer | Synchronizing object | Eye White.001
Fra:1 Mem:31.42M (Peak 31.42M) | Time:00:00.02 | Mem:0.00M, Peak:0.00M | Scene, ViewLayer | Synchronizing object | Eye Pupil.001
Fra:1 Mem:31.45M (Peak 31.45M) | Time:00:00.02 | Mem:0.00M, Peak:0.00M | Scene, ViewLayer | Synchronizing object | Smile
Fra:1 Mem:31.48M (Peak 31.48M) | Time:00:00.02 | Mem:0.00M, Peak:0.00M | Scene, ViewLayer | Synchronizing object | Slime soft highlight
Fra:1 Mem:31.52M (Peak 31.52M) | Time:00:00.02 | Mem:0.00M, Peak:0.00M | Scene, ViewLayer | Synchronizing object | Spirit Core
Fra:1 Mem:31.53M (Peak 31.53M) | Time:00:00.02 | Mem:0.00M, Peak:0.00M | Scene, ViewLayer | Synchronizing object | Spirit Crown
Fra:1 Mem:31.56M (Peak 31.56M) | Time:00:00.02 | Mem:0.00M, Peak:0.00M | Scene, ViewLayer | Synchronizing object | Spirit Eyes
Fra:1 Mem:31.60M (Peak 31.60M) | Time:00:00.02 | Mem:0.00M, Peak:0.00M | Scene, ViewLayer | Synchronizing object | Spirit Eyes.001
Fra:1 Mem:31.63M (Peak 31.63M) | Time:00:00.02 | Mem:0.00M, Peak:0.00M | Scene, ViewLayer | Synchronizing object | Spirit Tail
Fra:1 Mem:31.67M (Peak 31.67M) | Time:00:00.02 | Mem:0.00M, Peak:0.00M | Scene, ViewLayer | Synchronizing object | Spirit Tail.001
Fra:1 Mem:31.70M (Peak 31.70M) | Time:00:00.02 | Mem:0.00M, Peak:0.00M | Scene, ViewLayer | Synchronizing object | Spirit Tail.002
Fra:1 Mem:31.73M (Peak 31.73M) | Time:00:00.02 | Mem:0.00M, Peak:0.00M | Scene, ViewLayer | Synchronizing object | Spirit swept horn
Fra:1 Mem:31.74M (Peak 31.74M) | Time:00:00.02 | Mem:0.00M, Peak:0.00M | Scene, ViewLayer | Synchronizing object | Spirit swept horn.001
Fra:1 Mem:31.74M (Peak 31.74M) | Time:00:00.02 | Mem:0.00M, Peak:0.00M | Scene, ViewLayer | Synchronizing object | Breastplate
Fra:1 Mem:31.77M (Peak 31.77M) | Time:00:00.02 | Mem:0.00M, Peak:0.00M | Scene, ViewLayer | Synchronizing object | Belt
Fra:1 Mem:31.80M (Peak 31.80M) | Time:00:00.02 | Mem:0.00M, Peak:0.00M | Scene, ViewLayer | Synchronizing object | Buckle
Fra:1 Mem:31.83M (Peak 31.83M) | Time:00:00.02 | Mem:0.00M, Peak:0.00M | Scene, ViewLayer | Synchronizing object | Pauldrons
Fra:1 Mem:31.86M (Peak 31.86M) | Time:00:00.02 | Mem:0.00M, Peak:0.00M | Scene, ViewLayer | Synchronizing object | Sleeve
Fra:1 Mem:31.89M (Peak 31.89M) | Time:00:00.02 | Mem:0.00M, Peak:0.00M | Scene, ViewLayer | Synchronizing object | Glove
Fra:1 Mem:31.93M (Peak 31.93M) | Time:00:00.02 | Mem:0.00M, Peak:0.00M | Scene, ViewLayer | Synchronizing object | Forearm Bracer
Fra:1 Mem:31.97M (Peak 31.97M) | Time:00:00.02 | Mem:0.00M, Peak:0.00M | Scene, ViewLayer | Synchronizing object | Cuff Trim
Fra:1 Mem:31.98M (Peak 31.98M) | Time:00:00.02 | Mem:0.00M, Peak:0.00M | Scene, ViewLayer | Synchronizing object | Pauldrons.001
Fra:1 Mem:32.00M (Peak 32.00M) | Time:00:00.02 | Mem:0.00M, Peak:0.00M | Scene, ViewLayer | Synchronizing object | Sleeve.001
Fra:1 Mem:32.04M (Peak 32.04M) | Time:00:00.02 | Mem:0.00M, Peak:0.00M | Scene, ViewLayer | Synchronizing object | Glove.001
Fra:1 Mem:32.08M (Peak 32.08M) | Time:00:00.02 | Mem:0.00M, Peak:0.00M | Scene, ViewLayer | Synchronizing object | Goblin Knife
Fra:1 Mem:32.09M (Peak 32.09M) | Time:00:00.02 | Mem:0.00M, Peak:0.00M | Scene, ViewLayer | Synchronizing object | Forearm Bracer.001
Fra:1 Mem:32.13M (Peak 32.13M) | Time:00:00.02 | Mem:0.00M, Peak:0.00M | Scene, ViewLayer | Synchronizing object | Cuff Trim.001
Fra:1 Mem:32.14M (Peak 32.14M) | Time:00:00.02 | Mem:0.00M, Peak:0.00M | Scene, ViewLayer | Synchronizing object | Head
Fra:1 Mem:32.18M (Peak 32.18M) | Time:00:00.02 | Mem:0.00M, Peak:0.00M | Scene, ViewLayer | Synchronizing object | Eyes L
Fra:1 Mem:32.21M (Peak 32.21M) | Time:00:00.02 | Mem:0.00M, Peak:0.00M | Scene, ViewLayer | Synchronizing object | Eyes R
Fra:1 Mem:32.25M (Peak 32.25M) | Time:00:00.02 | Mem:0.00M, Peak:0.00M | Scene, ViewLayer | Synchronizing object | Long Ear
Fra:1 Mem:32.25M (Peak 32.25M) | Time:00:00.02 | Mem:0.00M, Peak:0.00M | Scene, ViewLayer | Synchronizing object | Long Ear.001
Fra:1 Mem:32.26M (Peak 32.26M) | Time:00:00.02 | Mem:0.00M, Peak:0.00M | Scene, ViewLayer | Synchronizing object | Leather Cap
Fra:1 Mem:32.30M (Peak 32.30M) | Time:00:00.02 | Mem:0.00M, Peak:0.00M | Scene, ViewLayer | Synchronizing object | Goblin brow left
Fra:1 Mem:32.33M (Peak 32.33M) | Time:00:00.02 | Mem:0.00M, Peak:0.00M | Scene, ViewLayer | Synchronizing object | Goblin brow right
Fra:1 Mem:32.37M (Peak 32.37M) | Time:00:00.02 | Mem:0.00M, Peak:0.00M | Scene, ViewLayer | Synchronizing object | Goblin nose
Fra:1 Mem:32.40M (Peak 32.40M) | Time:00:00.02 | Mem:0.00M, Peak:0.00M | Scene, ViewLayer | Synchronizing object | Trouser
Fra:1 Mem:32.44M (Peak 32.44M) | Time:00:00.02 | Mem:0.00M, Peak:0.00M | Scene, ViewLayer | Synchronizing object | Boot
Fra:1 Mem:32.46M (Peak 32.46M) | Time:00:00.02 | Mem:0.00M, Peak:0.00M | Scene, ViewLayer | Synchronizing object | Shin Guard
Fra:1 Mem:32.50M (Peak 32.50M) | Time:00:00.02 | Mem:0.00M, Peak:0.00M | Scene, ViewLayer | Synchronizing object | Knee Guard
Fra:1 Mem:32.53M (Peak 32.53M) | Time:00:00.02 | Mem:0.00M, Peak:0.00M | Scene, ViewLayer | Synchronizing object | Trouser.001
Fra:1 Mem:32.57M (Peak 32.57M) | Time:00:00.02 | Mem:0.00M, Peak:0.00M | Scene, ViewLayer | Synchronizing object | Boot.001
Fra:1 Mem:32.59M (Peak 32.59M) | Time:00:00.02 | Mem:0.00M, Peak:0.00M | Scene, ViewLayer | Synchronizing object | Shin Guard.001
Fra:1 Mem:32.62M (Peak 32.62M) | Time:00:00.02 | Mem:0.00M, Peak:0.00M | Scene, ViewLayer | Synchronizing object | Knee Guard.001
Fra:1 Mem:32.66M (Peak 32.66M) | Time:00:00.02 | Mem:0.00M, Peak:0.00M | Scene, ViewLayer | Synchronizing object | Breastplate.001
Fra:1 Mem:32.69M (Peak 32.69M) | Time:00:00.02 | Mem:0.00M, Peak:0.00M | Scene, ViewLayer | Synchronizing object | Belt.001
Fra:1 Mem:32.72M (Peak 32.72M) | Time:00:00.02 | Mem:0.00M, Peak:0.00M | Scene, ViewLayer | Synchronizing object | Buckle.001
Fra:1 Mem:32.74M (Peak 32.74M) | Time:00:00.02 | Mem:0.00M, Peak:0.00M | Scene, ViewLayer | Synchronizing object | Pauldrons.002
Fra:1 Mem:32.77M (Peak 32.77M) | Time:00:00.02 | Mem:0.00M, Peak:0.00M | Scene, ViewLayer | Synchronizing object | Sleeve.002
Fra:1 Mem:32.81M (Peak 32.81M) | Time:00:00.02 | Mem:0.00M, Peak:0.00M | Scene, ViewLayer | Synchronizing object | Glove.002
Fra:1 Mem:32.84M (Peak 32.84M) | Time:00:00.02 | Mem:0.00M, Peak:0.00M | Scene, ViewLayer | Synchronizing object | Guardian layered pauldron
Fra:1 Mem:32.85M (Peak 32.85M) | Time:00:00.02 | Mem:0.00M, Peak:0.00M | Scene, ViewLayer | Synchronizing object | Forearm Bracer.002
Fra:1 Mem:32.89M (Peak 32.89M) | Time:00:00.02 | Mem:0.00M, Peak:0.00M | Scene, ViewLayer | Synchronizing object | Cuff Trim.002
Fra:1 Mem:32.90M (Peak 32.90M) | Time:00:00.02 | Mem:0.00M, Peak:0.00M | Scene, ViewLayer | Synchronizing object | Pauldrons.003
Fra:1 Mem:32.93M (Peak 32.93M) | Time:00:00.02 | Mem:0.00M, Peak:0.00M | Scene, ViewLayer | Synchronizing object | Sleeve.003
Fra:1 Mem:32.97M (Peak 32.97M) | Time:00:00.02 | Mem:0.00M, Peak:0.00M | Scene, ViewLayer | Synchronizing object | Glove.003
Fra:1 Mem:33.00M (Peak 33.00M) | Time:00:00.02 | Mem:0.00M, Peak:0.00M | Scene, ViewLayer | Synchronizing object | Hammer Grip
Fra:1 Mem:33.02M (Peak 33.02M) | Time:00:00.03 | Mem:0.00M, Peak:0.00M | Scene, ViewLayer | Initializing
Fra:1 Mem:27.01M (Peak 33.02M) | Time:00:00.05 | Mem:0.00M, Peak:0.00M | Scene, ViewLayer | Waiting for render to start
Fra:1 Mem:27.01M (Peak 33.02M) | Time:00:00.05 | Mem:0.00M, Peak:0.00M | Scene, ViewLayer | Loading render kernels (may take a few minutes the first time)
Fra:1 Mem:27.01M (Peak 33.02M) | Time:00:00.05 | Mem:0.00M, Peak:0.00M | Scene, ViewLayer | Updating Scene
Fra:1 Mem:27.01M (Peak 33.02M) | Time:00:00.05 | Mem:0.00M, Peak:0.00M | Scene, ViewLayer | Updating Shaders
Fra:1 Mem:27.11M (Peak 33.02M) | Time:00:00.05 | Mem:0.02M, Peak:0.02M | Scene, ViewLayer | Updating Procedurals
Fra:1 Mem:27.11M (Peak 33.02M) | Time:00:00.05 | Mem:0.02M, Peak:0.02M | Scene, ViewLayer | Updating Background
Fra:1 Mem:27.11M (Peak 33.02M) | Time:00:00.05 | Mem:0.02M, Peak:0.02M | Scene, ViewLayer | Updating Camera
Fra:1 Mem:27.11M (Peak 33.02M) | Time:00:00.05 | Mem:0.02M, Peak:0.02M | Scene, ViewLayer | Updating Meshes Flags
Fra:1 Mem:27.11M (Peak 33.02M) | Time:00:00.05 | Mem:0.02M, Peak:0.02M | Scene, ViewLayer | Updating Objects
Fra:1 Mem:27.11M (Peak 33.02M) | Time:00:00.05 | Mem:0.02M, Peak:0.02M | Scene, ViewLayer | Updating Objects | Copying Transformations to device
Fra:1 Mem:27.14M (Peak 33.02M) | Time:00:00.05 | Mem:0.05M, Peak:0.05M | Scene, ViewLayer | Updating Objects | Applying Static Transformations
Fra:1 Mem:27.14M (Peak 33.02M) | Time:00:00.06 | Mem:0.05M, Peak:0.05M | Scene, ViewLayer | Updating Particle Systems
Fra:1 Mem:27.14M (Peak 33.02M) | Time:00:00.06 | Mem:0.05M, Peak:0.05M | Scene, ViewLayer | Updating Particle Systems | Copying Particles to device
Fra:1 Mem:27.14M (Peak 33.02M) | Time:00:00.06 | Mem:0.05M, Peak:0.05M | Scene, ViewLayer | Updating Meshes
Fra:1 Mem:27.69M (Peak 33.02M) | Time:00:00.06 | Mem:0.05M, Peak:0.05M | Scene, ViewLayer | Updating Mesh | Computing attributes
Fra:1 Mem:28.06M (Peak 33.02M) | Time:00:00.06 | Mem:0.06M, Peak:0.06M | Scene, ViewLayer | Updating Mesh | Copying Attributes to device
Fra:1 Mem:28.05M (Peak 33.02M) | Time:00:00.06 | Mem:0.40M, Peak:0.40M | Scene, ViewLayer | Updating Scene BVH | Building
Fra:1 Mem:28.05M (Peak 33.02M) | Time:00:00.06 | Mem:0.40M, Peak:0.40M | Scene, ViewLayer | Updating Scene BVH | Building BVH
Fra:1 Mem:28.05M (Peak 33.02M) | Time:00:00.06 | Mem:1.50M, Peak:1.50M | Scene, ViewLayer | Updating Scene BVH | Building BVH 0%
Fra:1 Mem:28.05M (Peak 33.02M) | Time:00:00.09 | Mem:2.70M, Peak:3.80M | Scene, ViewLayer | Updating Scene BVH | Copying BVH to device
Fra:1 Mem:28.05M (Peak 33.02M) | Time:00:00.09 | Mem:2.70M, Peak:3.80M | Scene, ViewLayer | Updating Mesh | Computing normals
Fra:1 Mem:29.65M (Peak 33.02M) | Time:00:00.09 | Mem:2.70M, Peak:3.80M | Scene, ViewLayer | Updating Mesh | Copying Mesh to device
Fra:1 Mem:29.65M (Peak 33.02M) | Time:00:00.09 | Mem:4.31M, Peak:4.31M | Scene, ViewLayer | Updating Objects Flags
Fra:1 Mem:29.65M (Peak 33.02M) | Time:00:00.09 | Mem:4.31M, Peak:4.31M | Scene, ViewLayer | Updating Primitive Offsets
Fra:1 Mem:29.65M (Peak 33.02M) | Time:00:00.09 | Mem:4.31M, Peak:4.31M | Scene, ViewLayer | Updating Images
Fra:1 Mem:29.65M (Peak 33.02M) | Time:00:00.09 | Mem:4.31M, Peak:4.31M | Scene, ViewLayer | Updating Camera Volume
Fra:1 Mem:29.65M (Peak 33.02M) | Time:00:00.09 | Mem:4.31M, Peak:4.31M | Scene, ViewLayer | Updating Lookup Tables
Fra:1 Mem:29.65M (Peak 33.02M) | Time:00:00.09 | Mem:4.39M, Peak:4.39M | Scene, ViewLayer | Updating Lights
Fra:1 Mem:29.65M (Peak 33.02M) | Time:00:00.09 | Mem:4.39M, Peak:4.39M | Scene, ViewLayer | Updating Lights | Computing tree
Fra:1 Mem:29.66M (Peak 33.02M) | Time:00:00.09 | Mem:4.39M, Peak:4.39M | Scene, ViewLayer | Updating Integrator
Fra:1 Mem:29.66M (Peak 33.02M) | Time:00:00.09 | Mem:4.39M, Peak:4.39M | Scene, ViewLayer | Updating Film
Fra:1 Mem:29.66M (Peak 33.02M) | Time:00:00.09 | Mem:4.31M, Peak:4.39M | Scene, ViewLayer | Updating Lookup Tables
Fra:1 Mem:29.66M (Peak 33.02M) | Time:00:00.09 | Mem:4.40M, Peak:4.40M | Scene, ViewLayer | Updating Baking
Fra:1 Mem:29.66M (Peak 33.02M) | Time:00:00.09 | Mem:4.40M, Peak:4.40M | Scene, ViewLayer | Updating Device | Writing constant memory
Fra:1 Mem:29.66M (Peak 33.02M) | Time:00:00.09 | Mem:4.40M, Peak:4.40M | Scene, ViewLayer | Sample 0/24
Fra:1 Mem:65.38M (Peak 65.38M) | Time:00:02.92 | Remaining:01:05.17 | Mem:40.10M, Peak:40.10M | Scene, ViewLayer | Sample 1/24
Fra:1 Mem:65.38M (Peak 65.38M) | Time:00:22.89 | Remaining:00:37.99 | Mem:40.10M, Peak:40.10M | Scene, ViewLayer | Sample 9/24
Fra:1 Mem:65.38M (Peak 65.38M) | Time:00:32.76 | Remaining:00:13.45 | Mem:40.10M, Peak:40.10M | Scene, ViewLayer | Sample 17/24
Fra:1 Mem:81.25M (Peak 112.99M) | Time:00:41.16 | Mem:40.10M, Peak:40.10M | Scene, ViewLayer | Sample 24/24
Fra:1 Mem:81.25M (Peak 112.99M) | Time:00:41.16 | Mem:40.10M, Peak:40.10M | Scene, ViewLayer | Finished
Saved: 'ArtSource/EnemySilhouettes/After/Enemies-back.png'
Time: 00:41.49 (Saving: 00:00.32)


Blender quit
