Blender 4.3.2
Fra:1 Mem:25.27M (Peak 25.27M) | Time:00:00.00 | Mem:0.00M, Peak:0.00M | Scene, ViewLayer | Synchronizing object | Plane
Fra:1 Mem:25.27M (Peak 25.27M) | Time:00:00.00 | Mem:0.00M, Peak:0.00M | Scene, ViewLayer | Synchronizing object | Text
Fra:1 Mem:25.32M (Peak 25.32M) | Time:00:00.00 | Mem:0.00M, Peak:0.00M | Scene, ViewLayer | Synchronizing object | Text.001
Fra:1 Mem:25.35M (Peak 25.35M) | Time:00:00.00 | Mem:0.00M, Peak:0.00M | Scene, ViewLayer | Synchronizing object | Text.002
Fra:1 Mem:25.40M (Peak 25.40M) | Time:00:00.00 | Mem:0.00M, Peak:0.00M | Scene, ViewLayer | Synchronizing object | Text.003
Fra:1 Mem:25.48M (Peak 25.48M) | Time:00:00.00 | Mem:0.00M, Peak:0.00M | Scene, ViewLayer | Synchronizing object | Text.004
Fra:1 Mem:25.62M (Peak 25.62M) | Time:00:00.00 | Mem:0.00M, Peak:0.00M | Scene, ViewLayer | Synchronizing object | Slime Body
Fra:1 Mem:25.67M (Peak 25.67M) | Time:00:00.00 | Mem:0.00M, Peak:0.00M | Scene, ViewLayer | Synchronizing object | Slime Crown
Fra:1 Mem:25.70M (Peak 25.70M) | Time:00:00.00 | Mem:0.00M, Peak:0.00M | Scene, ViewLayer | Synchronizing object | Eye White
Fra:1 Mem:25.74M (Peak 25.74M) | Time:00:00.00 | Mem:0.00M, Peak:0.00M | Scene, ViewLayer | Synchronizing object | Eye Pupil
Fra:1 Mem:25.78M (Peak 25.78M) | Time:00:00.00 | Mem:0.00M, Peak:0.00M | Scene, ViewLayer | Synchronizing object | Eye White.001
Fra:1 Mem:25.82M (Peak 25.82M) | Time:00:00.00 | Mem:0.00M, Peak:0.00M | Scene, ViewLayer | Synchronizing object | Eye Pupil.001
Fra:1 Mem:25.85M (Peak 25.85M) | Time:00:00.00 | Mem:0.00M, Peak:0.00M | Scene, ViewLayer | Synchronizing object | Smile
Fra:1 Mem:25.89M (Peak 25.89M) | Time:00:00.00 | Mem:0.00M, Peak:0.00M | Scene, ViewLayer | Synchronizing object | Slime soft highlight
Fra:1 Mem:25.92M (Peak 25.92M) | Time:00:00.00 | Mem:0.00M, Peak:0.00M | Scene, ViewLayer | Synchronizing object | Spirit Core
Fra:1 Mem:25.94M (Peak 25.94M) | Time:00:00.00 | Mem:0.00M, Peak:0.00M | Scene, ViewLayer | Synchronizing object | Spirit Crown
Fra:1 Mem:25.98M (Peak 25.98M) | Time:00:00.00 | Mem:0.00M, Peak:0.00M | Scene, ViewLayer | Synchronizing object | Spirit Eyes
Fra:1 Mem:26.01M (Peak 26.01M) | Time:00:00.00 | Mem:0.00M, Peak:0.00M | Scene, ViewLayer | Synchronizing object | Knee Guard.005
Fra:1 Mem:26.02M (Peak 26.02M) | Time:00:00.00 | Mem:0.00M, Peak:0.00M | Scene, ViewLayer | Synchronizing object | Spirit Eyes.001
Fra:1 Mem:26.08M (Peak 26.08M) | Time:00:00.00 | Mem:0.00M, Peak:0.00M | Scene, ViewLayer | Synchronizing object | Shin Guard.005
Fra:1 Mem:26.09M (Peak 26.09M) | Time:00:00.00 | Mem:0.00M, Peak:0.00M | Scene, ViewLayer | Synchronizing object | Spirit Tail
Fra:1 Mem:26.16M (Peak 26.16M) | Time:00:00.00 | Mem:0.00M, Peak:0.00M | Scene, ViewLayer | Synchronizing object | Boot.005
Fra:1 Mem:26.16M (Peak 26.16M) | Time:00:00.00 | Mem:0.00M, Peak:0.00M | Scene, ViewLayer | Synchronizing object | Spirit Tail.001
Fra:1 Mem:26.20M (Peak 26.20M) | Time:00:00.00 | Mem:0.00M, Peak:0.00M | Scene, ViewLayer | Synchronizing object | Trouser.005
Fra:1 Mem:26.24M (Peak 26.24M) | Time:00:00.00 | Mem:0.00M, Peak:0.00M | Scene, ViewLayer | Synchronizing object | Spirit Tail.002
Fra:1 Mem:26.26M (Peak 26.26M) | Time:00:00.00 | Mem:0.00M, Peak:0.00M | Scene, ViewLayer | Synchronizing object | Knee Guard.004
Fra:1 Mem:26.31M (Peak 26.31M) | Time:00:00.01 | Mem:0.00M, Peak:0.00M | Scene, ViewLayer | Synchronizing object | Spirit swept horn
Fra:1 Mem:26.31M (Peak 26.31M) | Time:00:00.01 | Mem:0.00M, Peak:0.00M | Scene, ViewLayer | Synchronizing object | Shin Guard.004
Fra:1 Mem:26.34M (Peak 26.34M) | Time:00:00.01 | Mem:0.00M, Peak:0.00M | Scene, ViewLayer | Synchronizing object | Spirit swept horn.001
Fra:1 Mem:26.35M (Peak 26.35M) | Time:00:00.01 | Mem:0.00M, Peak:0.00M | Scene, ViewLayer | Synchronizing object | Breastplate
Fra:1 Mem:26.38M (Peak 26.38M) | Time:00:00.01 | Mem:0.00M, Peak:0.00M | Scene, ViewLayer | Synchronizing object | Boot.004
Fra:1 Mem:26.40M (Peak 26.40M) | Time:00:00.01 | Mem:0.00M, Peak:0.00M | Scene, ViewLayer | Synchronizing object | Belt
Fra:1 Mem:26.41M (Peak 26.41M) | Time:00:00.01 | Mem:0.00M, Peak:0.00M | Scene, ViewLayer | Synchronizing object | Trouser.004
Fra:1 Mem:26.46M (Peak 26.46M) | Time:00:00.01 | Mem:0.00M, Peak:0.00M | Scene, ViewLayer | Synchronizing object | Buckle
Fra:1 Mem:26.48M (Peak 26.48M) | Time:00:00.01 | Mem:0.00M, Peak:0.00M | Scene, ViewLayer | Synchronizing object | Guardian crown spike.001
Fra:1 Mem:26.50M (Peak 26.50M) | Time:00:00.01 | Mem:0.00M, Peak:0.00M | Scene, ViewLayer | Synchronizing object | Guardian crown spike
Fra:1 Mem:26.50M (Peak 26.50M) | Time:00:00.01 | Mem:0.00M, Peak:0.00M | Scene, ViewLayer | Synchronizing object | Crown Crystal.001
Fra:1 Mem:26.53M (Peak 26.53M) | Time:00:00.01 | Mem:0.00M, Peak:0.00M | Scene, ViewLayer | Synchronizing object | Pauldrons
Fra:1 Mem:26.57M (Peak 26.57M) | Time:00:00.01 | Mem:0.00M, Peak:0.00M | Scene, ViewLayer | Synchronizing object | Iron Crown.001
Fra:1 Mem:26.58M (Peak 26.58M) | Time:00:00.01 | Mem:0.00M, Peak:0.00M | Scene, ViewLayer | Synchronizing object | Sleeve
Fra:1 Mem:26.63M (Peak 26.63M) | Time:00:00.01 | Mem:0.00M, Peak:0.00M | Scene, ViewLayer | Synchronizing object | Stone Horn.003
Fra:1 Mem:26.67M (Peak 26.67M) | Time:00:00.01 | Mem:0.00M, Peak:0.00M | Scene, ViewLayer | Synchronizing object | Glove
Fra:1 Mem:26.70M (Peak 26.70M) | Time:00:00.01 | Mem:0.00M, Peak:0.00M | Scene, ViewLayer | Synchronizing object | Stone Horn.002
Fra:1 Mem:26.74M (Peak 26.74M) | Time:00:00.01 | Mem:0.00M, Peak:0.00M | Scene, ViewLayer | Synchronizing object | Forearm Bracer
Fra:1 Mem:26.77M (Peak 26.77M) | Time:00:00.01 | Mem:0.00M, Peak:0.00M | Scene, ViewLayer | Synchronizing object | Eyes R.002
Fra:1 Mem:26.81M (Peak 26.81M) | Time:00:00.01 | Mem:0.00M, Peak:0.00M | Scene, ViewLayer | Synchronizing object | Cuff Trim
Fra:1 Mem:26.82M (Peak 26.82M) | Time:00:00.01 | Mem:0.00M, Peak:0.00M | Scene, ViewLayer | Synchronizing object | Eyes L.002
Fra:1 Mem:26.85M (Peak 26.85M) | Time:00:00.01 | Mem:0.00M, Peak:0.00M | Scene, ViewLayer | Synchronizing object | Pauldrons.001
Fra:1 Mem:26.89M (Peak 26.89M) | Time:00:00.01 | Mem:0.00M, Peak:0.00M | Scene, ViewLayer | Synchronizing object | Head.002
Fra:1 Mem:26.91M (Peak 26.91M) | Time:00:00.01 | Mem:0.00M, Peak:0.00M | Scene, ViewLayer | Synchronizing object | Sleeve.001
Fra:1 Mem:26.96M (Peak 26.96M) | Time:00:00.01 | Mem:0.00M, Peak:0.00M | Scene, ViewLayer | Synchronizing object | Guardian ember crystal.001
Fra:1 Mem:26.99M (Peak 26.99M) | Time:00:00.01 | Mem:0.00M, Peak:0.00M | Scene, ViewLayer | Synchronizing object | Glove.001
Fra:1 Mem:27.02M (Peak 27.02M) | Time:00:00.01 | Mem:0.00M, Peak:0.00M | Scene, ViewLayer | Synchronizing object | Guardian chest plate.001
Fra:1 Mem:27.05M (Peak 27.05M) | Time:00:00.01 | Mem:0.00M, Peak:0.00M | Scene, ViewLayer | Synchronizing object | Goblin Knife
Fra:1 Mem:27.08M (Peak 27.08M) | Time:00:00.01 | Mem:0.00M, Peak:0.00M | Scene, ViewLayer | Synchronizing object | Cuff Trim.005
Fra:1 Mem:27.10M (Peak 27.10M) | Time:00:00.01 | Mem:0.00M, Peak:0.00M | Scene, ViewLayer | Synchronizing object | Forearm Bracer.005
Fra:1 Mem:27.13M (Peak 27.13M) | Time:00:00.01 | Mem:0.00M, Peak:0.00M | Scene, ViewLayer | Synchronizing object | Forearm Bracer.001
Fra:1 Mem:27.17M (Peak 27.17M) | Time:00:00.01 | Mem:0.00M, Peak:0.00M | Scene, ViewLayer | Synchronizing object | Guardian layered pauldron.003
Fra:1 Mem:27.20M (Peak 27.20M) | Time:00:00.01 | Mem:0.00M, Peak:0.00M | Scene, ViewLayer | Synchronizing object | Cuff Trim.001
Fra:1 Mem:27.20M (Peak 27.20M) | Time:00:00.01 | Mem:0.00M, Peak:0.00M | Scene, ViewLayer | Synchronizing object | Great Hammer.001
Fra:1 Mem:27.24M (Peak 27.24M) | Time:00:00.01 | Mem:0.00M, Peak:0.00M | Scene, ViewLayer | Synchronizing object | Head
Fra:1 Mem:27.27M (Peak 27.27M) | Time:00:00.01 | Mem:0.00M, Peak:0.00M | Scene, ViewLayer | Synchronizing object | Hammer Grip.001
Fra:1 Mem:27.29M (Peak 27.29M) | Time:00:00.01 | Mem:0.00M, Peak:0.00M | Scene, ViewLayer | Synchronizing object | Glove.005
Fra:1 Mem:27.32M (Peak 27.32M) | Time:00:00.01 | Mem:0.00M, Peak:0.00M | Scene, ViewLayer | Synchronizing object | Eyes L
Fra:1 Mem:27.35M (Peak 27.35M) | Time:00:00.01 | Mem:0.00M, Peak:0.00M | Scene, ViewLayer | Synchronizing object | Sleeve.005
Fra:1 Mem:27.39M (Peak 27.39M) | Time:00:00.01 | Mem:0.00M, Peak:0.00M | Scene, ViewLayer | Synchronizing object | Eyes R
Fra:1 Mem:27.42M (Peak 27.42M) | Time:00:00.01 | Mem:0.00M, Peak:0.00M | Scene, ViewLayer | Synchronizing object | Pauldrons.005
Fra:1 Mem:27.45M (Peak 27.45M) | Time:00:00.01 | Mem:0.00M, Peak:0.00M | Scene, ViewLayer | Synchronizing object | Cuff Trim.004
Fra:1 Mem:27.47M (Peak 27.47M) | Time:00:00.01 | Mem:0.00M, Peak:0.00M | Scene, ViewLayer | Synchronizing object | Long Ear
Fra:1 Mem:27.48M (Peak 27.48M) | Time:00:00.01 | Mem:0.00M, Peak:0.00M | Scene, ViewLayer | Synchronizing object | Forearm Bracer.004
Fra:1 Mem:27.54M (Peak 27.54M) | Time:00:00.01 | Mem:0.00M, Peak:0.00M | Scene, ViewLayer | Synchronizing object | Long Ear.001
Fra:1 Mem:27.56M (Peak 27.56M) | Time:00:00.01 | Mem:0.00M, Peak:0.00M | Scene, ViewLayer | Synchronizing object | Guardian layered pauldron.002
Fra:1 Mem:27.61M (Peak 27.61M) | Time:00:00.01 | Mem:0.00M, Peak:0.00M | Scene, ViewLayer | Synchronizing object | Glove.004
Fra:1 Mem:27.61M (Peak 27.61M) | Time:00:00.01 | Mem:0.00M, Peak:0.00M | Scene, ViewLayer | Synchronizing object | Leather Cap
Fra:1 Mem:27.67M (Peak 27.67M) | Time:00:00.01 | Mem:0.00M, Peak:0.00M | Scene, ViewLayer | Synchronizing object | Sleeve.004
Fra:1 Mem:27.67M (Peak 27.67M) | Time:00:00.01 | Mem:0.00M, Peak:0.00M | Scene, ViewLayer | Synchronizing object | Goblin brow left
Fra:1 Mem:27.74M (Peak 27.74M) | Time:00:00.01 | Mem:0.00M, Peak:0.00M | Scene, ViewLayer | Synchronizing object | Pauldrons.004
Fra:1 Mem:27.77M (Peak 27.77M) | Time:00:00.01 | Mem:0.00M, Peak:0.00M | Scene, ViewLayer | Synchronizing object | Goblin brow right
Fra:1 Mem:27.80M (Peak 27.80M) | Time:00:00.01 | Mem:0.00M, Peak:0.00M | Scene, ViewLayer | Synchronizing object | Buckle.002
Fra:1 Mem:27.84M (Peak 27.84M) | Time:00:00.01 | Mem:0.00M, Peak:0.00M | Scene, ViewLayer | Synchronizing object | Belt.002
Fra:1 Mem:27.84M (Peak 27.84M) | Time:00:00.01 | Mem:0.00M, Peak:0.00M | Scene, ViewLayer | Synchronizing object | Goblin nose
Fra:1 Mem:27.90M (Peak 27.90M) | Time:00:00.01 | Mem:0.00M, Peak:0.00M | Scene, ViewLayer | Synchronizing object | Breastplate.002
Fra:1 Mem:27.93M (Peak 27.93M) | Time:00:00.01 | Mem:0.00M, Peak:0.00M | Scene, ViewLayer | Synchronizing object | Trouser
Fra:1 Mem:27.94M (Peak 27.94M) | Time:00:00.01 | Mem:0.00M, Peak:0.00M | Scene, ViewLayer | Synchronizing object | Knee Guard.003
Fra:1 Mem:28.00M (Peak 28.00M) | Time:00:00.01 | Mem:0.00M, Peak:0.00M | Scene, ViewLayer | Synchronizing object | Shin Guard.003
Fra:1 Mem:28.01M (Peak 28.01M) | Time:00:00.01 | Mem:0.00M, Peak:0.00M | Scene, ViewLayer | Synchronizing object | Boot
Fra:1 Mem:28.05M (Peak 28.05M) | Time:00:00.01 | Mem:0.00M, Peak:0.00M | Scene, ViewLayer | Synchronizing object | Shin Guard
Fra:1 Mem:28.08M (Peak 28.08M) | Time:00:00.01 | Mem:0.00M, Peak:0.00M | Scene, ViewLayer | Synchronizing object | Boot.003
Fra:1 Mem:28.11M (Peak 28.11M) | Time:00:00.01 | Mem:0.00M, Peak:0.00M | Scene, ViewLayer | Synchronizing object | Trouser.003
Fra:1 Mem:28.15M (Peak 28.15M) | Time:00:00.01 | Mem:0.00M, Peak:0.00M | Scene, ViewLayer | Synchronizing object | Knee Guard
Fra:1 Mem:28.18M (Peak 28.18M) | Time:00:00.01 | Mem:0.00M, Peak:0.00M | Scene, ViewLayer | Synchronizing object | Knee Guard.002
Fra:1 Mem:28.22M (Peak 28.22M) | Time:00:00.01 | Mem:0.00M, Peak:0.00M | Scene, ViewLayer | Synchronizing object | Trouser.001
Fra:1 Mem:28.24M (Peak 28.24M) | Time:00:00.01 | Mem:0.00M, Peak:0.00M | Scene, ViewLayer | Synchronizing object | Shin Guard.002
Fra:1 Mem:28.29M (Peak 28.29M) | Time:00:00.01 | Mem:0.00M, Peak:0.00M | Scene, ViewLayer | Synchronizing object | Boot.001
Fra:1 Mem:28.30M (Peak 28.30M) | Time:00:00.01 | Mem:0.00M, Peak:0.00M | Scene, ViewLayer | Synchronizing object | Boot.002
Fra:1 Mem:28.33M (Peak 28.33M) | Time:00:00.01 | Mem:0.00M, Peak:0.00M | Scene, ViewLayer | Synchronizing object | Shin Guard.001
Fra:1 Mem:28.34M (Peak 28.34M) | Time:00:00.01 | Mem:0.00M, Peak:0.00M | Scene, ViewLayer | Synchronizing object | Trouser.002
Fra:1 Mem:28.41M (Peak 28.41M) | Time:00:00.01 | Mem:0.00M, Peak:0.00M | Scene, ViewLayer | Synchronizing object | Crown Crystal
Fra:1 Mem:28.40M (Peak 28.41M) | Time:00:00.01 | Mem:0.00M, Peak:0.00M | Scene, ViewLayer | Synchronizing object | Knee Guard.001
Fra:1 Mem:28.47M (Peak 28.47M) | Time:00:00.01 | Mem:0.00M, Peak:0.00M | Scene, ViewLayer | Synchronizing object | Iron Crown
Fra:1 Mem:28.49M (Peak 28.49M) | Time:00:00.01 | Mem:0.00M, Peak:0.00M | Scene, ViewLayer | Synchronizing object | Breastplate.001
Fra:1 Mem:28.54M (Peak 28.54M) | Time:00:00.01 | Mem:0.00M, Peak:0.00M | Scene, ViewLayer | Synchronizing object | Stone Horn.001
Fra:1 Mem:28.53M (Peak 28.54M) | Time:00:00.01 | Mem:0.00M, Peak:0.00M | Scene, ViewLayer | Synchronizing object | Belt.001
Fra:1 Mem:28.60M (Peak 28.60M) | Time:00:00.01 | Mem:0.00M, Peak:0.00M | Scene, ViewLayer | Synchronizing object | Buckle.001
Fra:1 Mem:28.60M (Peak 28.60M) | Time:00:00.01 | Mem:0.00M, Peak:0.00M | Scene, ViewLayer | Synchronizing object | Stone Horn
Fra:1 Mem:28.66M (Peak 28.66M) | Time:00:00.01 | Mem:0.00M, Peak:0.00M | Scene, ViewLayer | Synchronizing object | Pauldrons.002
Fra:1 Mem:28.68M (Peak 28.68M) | Time:00:00.01 | Mem:0.00M, Peak:0.00M | Scene, ViewLayer | Synchronizing object | Eyes R.001
Fra:1 Mem:28.72M (Peak 28.72M) | Time:00:00.01 | Mem:0.00M, Peak:0.00M | Scene, ViewLayer | Synchronizing object | Sleeve.002
Fra:1 Mem:28.75M (Peak 28.75M) | Time:00:00.01 | Mem:0.00M, Peak:0.00M | Scene, ViewLayer | Synchronizing object | Eyes L.001
Fra:1 Mem:28.80M (Peak 28.80M) | Time:00:00.01 | Mem:0.00M, Peak:0.00M | Scene, ViewLayer | Synchronizing object | Head.001
Fra:1 Mem:28.80M (Peak 28.80M) | Time:00:00.01 | Mem:0.00M, Peak:0.00M | Scene, ViewLayer | Synchronizing object | Glove.002
Fra:1 Mem:28.86M (Peak 28.86M) | Time:00:00.01 | Mem:0.00M, Peak:0.00M | Scene, ViewLayer | Synchronizing object | Guardian ember crystal
Fra:1 Mem:28.89M (Peak 28.89M) | Time:00:00.01 | Mem:0.00M, Peak:0.00M | Scene, ViewLayer | Synchronizing object | Guardian layered pauldron
Fra:1 Mem:28.93M (Peak 28.93M) | Time:00:00.01 | Mem:0.00M, Peak:0.00M | Scene, ViewLayer | Synchronizing object | Guardian chest plate
Fra:1 Mem:28.95M (Peak 28.95M) | Time:00:00.01 | Mem:0.00M, Peak:0.00M | Scene, ViewLayer | Synchronizing object | Forearm Bracer.002
Fra:1 Mem:28.99M (Peak 28.99M) | Time:00:00.01 | Mem:0.00M, Peak:0.00M | Scene, ViewLayer | Synchronizing object | Cuff Trim.003
Fra:1 Mem:29.00M (Peak 29.00M) | Time:00:00.01 | Mem:0.00M, Peak:0.00M | Scene, ViewLayer | Synchronizing object | Forearm Bracer.003
Fra:1 Mem:29.03M (Peak 29.03M) | Time:00:00.01 | Mem:0.00M, Peak:0.00M | Scene, ViewLayer | Synchronizing object | Cuff Trim.002
Fra:1 Mem:29.05M (Peak 29.05M) | Time:00:00.01 | Mem:0.00M, Peak:0.00M | Scene, ViewLayer | Synchronizing object | Pauldrons.003
Fra:1 Mem:29.07M (Peak 29.07M) | Time:00:00.01 | Mem:0.00M, Peak:0.00M | Scene, ViewLayer | Synchronizing object | Guardian layered pauldron.001
Fra:1 Mem:29.11M (Peak 29.11M) | Time:00:00.01 | Mem:0.00M, Peak:0.00M | Scene, ViewLayer | Synchronizing object | Sleeve.003
Fra:1 Mem:29.14M (Peak 29.14M) | Time:00:00.01 | Mem:0.00M, Peak:0.00M | Scene, ViewLayer | Synchronizing object | Great Hammer
Fra:1 Mem:29.17M (Peak 29.17M) | Time:00:00.01 | Mem:0.00M, Peak:0.00M | Scene, ViewLayer | Synchronizing object | Hammer Grip
Fra:1 Mem:29.19M (Peak 29.19M) | Time:00:00.01 | Mem:0.00M, Peak:0.00M | Scene, ViewLayer | Synchronizing object | Glove.003
Fra:1 Mem:29.23M (Peak 29.23M) | Time:00:00.01 | Mem:0.00M, Peak:0.00M | Scene, ViewLayer | Initializing
Fra:1 Mem:23.22M (Peak 29.23M) | Time:00:00.01 | Mem:0.00M, Peak:0.00M | Scene, ViewLayer | Waiting for render to start
Fra:1 Mem:23.22M (Peak 29.23M) | Time:00:00.01 | Mem:0.00M, Peak:0.00M | Scene, ViewLayer | Loading render kernels (may take a few minutes the first time)
Fra:1 Mem:23.22M (Peak 29.23M) | Time:00:00.01 | Mem:0.00M, Peak:0.00M | Scene, ViewLayer | Updating Scene
Fra:1 Mem:23.22M (Peak 29.23M) | Time:00:00.01 | Mem:0.00M, Peak:0.00M | Scene, ViewLayer | Updating Shaders
Fra:1 Mem:23.32M (Peak 29.23M) | Time:00:00.01 | Mem:0.02M, Peak:0.02M | Scene, ViewLayer | Updating Procedurals
Fra:1 Mem:23.32M (Peak 29.23M) | Time:00:00.01 | Mem:0.02M, Peak:0.02M | Scene, ViewLayer | Updating Background
Fra:1 Mem:23.32M (Peak 29.23M) | Time:00:00.01 | Mem:0.02M, Peak:0.02M | Scene, ViewLayer | Updating Camera
Fra:1 Mem:23.32M (Peak 29.23M) | Time:00:00.01 | Mem:0.02M, Peak:0.02M | Scene, ViewLayer | Updating Meshes Flags
Fra:1 Mem:23.32M (Peak 29.23M) | Time:00:00.01 | Mem:0.02M, Peak:0.02M | Scene, ViewLayer | Updating Objects
Fra:1 Mem:23.32M (Peak 29.23M) | Time:00:00.01 | Mem:0.02M, Peak:0.02M | Scene, ViewLayer | Updating Objects | Copying Transformations to device
Fra:1 Mem:23.35M (Peak 29.23M) | Time:00:00.01 | Mem:0.05M, Peak:0.05M | Scene, ViewLayer | Updating Objects | Applying Static Transformations
Fra:1 Mem:23.35M (Peak 29.23M) | Time:00:00.01 | Mem:0.05M, Peak:0.05M | Scene, ViewLayer | Updating Particle Systems
Fra:1 Mem:23.35M (Peak 29.23M) | Time:00:00.01 | Mem:0.05M, Peak:0.05M | Scene, ViewLayer | Updating Particle Systems | Copying Particles to device
Fra:1 Mem:23.35M (Peak 29.23M) | Time:00:00.01 | Mem:0.05M, Peak:0.05M | Scene, ViewLayer | Updating Meshes
Fra:1 Mem:23.94M (Peak 29.23M) | Time:00:00.01 | Mem:0.05M, Peak:0.05M | Scene, ViewLayer | Updating Mesh | Computing attributes
Fra:1 Mem:24.31M (Peak 29.23M) | Time:00:00.01 | Mem:0.06M, Peak:0.06M | Scene, ViewLayer | Updating Mesh | Copying Attributes to device
Fra:1 Mem:24.29M (Peak 29.23M) | Time:00:00.01 | Mem:0.40M, Peak:0.40M | Scene, ViewLayer | Updating Scene BVH | Building
Fra:1 Mem:24.29M (Peak 29.23M) | Time:00:00.01 | Mem:0.40M, Peak:0.40M | Scene, ViewLayer | Updating Scene BVH | Building BVH
Fra:1 Mem:24.29M (Peak 29.23M) | Time:00:00.01 | Mem:1.58M, Peak:1.58M | Scene, ViewLayer | Updating Scene BVH | Building BVH 0%
Fra:1 Mem:24.29M (Peak 29.23M) | Time:00:00.02 | Mem:2.87M, Peak:4.05M | Scene, ViewLayer | Updating Scene BVH | Copying BVH to device
Fra:1 Mem:24.29M (Peak 29.23M) | Time:00:00.02 | Mem:2.87M, Peak:4.05M | Scene, ViewLayer | Updating Mesh | Computing normals
Fra:1 Mem:25.93M (Peak 29.23M) | Time:00:00.02 | Mem:2.87M, Peak:4.05M | Scene, ViewLayer | Updating Mesh | Copying Mesh to device
Fra:1 Mem:25.93M (Peak 29.23M) | Time:00:00.02 | Mem:4.51M, Peak:4.51M | Scene, ViewLayer | Updating Objects Flags
Fra:1 Mem:25.93M (Peak 29.23M) | Time:00:00.02 | Mem:4.51M, Peak:4.51M | Scene, ViewLayer | Updating Primitive Offsets
Fra:1 Mem:25.94M (Peak 29.23M) | Time:00:00.02 | Mem:4.51M, Peak:4.51M | Scene, ViewLayer | Updating Images
Fra:1 Mem:25.94M (Peak 29.23M) | Time:00:00.02 | Mem:4.51M, Peak:4.51M | Scene, ViewLayer | Updating Camera Volume
Fra:1 Mem:25.94M (Peak 29.23M) | Time:00:00.02 | Mem:4.51M, Peak:4.51M | Scene, ViewLayer | Updating Lookup Tables
Fra:1 Mem:25.94M (Peak 29.23M) | Time:00:00.02 | Mem:4.59M, Peak:4.59M | Scene, ViewLayer | Updating Lights
Fra:1 Mem:25.94M (Peak 29.23M) | Time:00:00.02 | Mem:4.59M, Peak:4.59M | Scene, ViewLayer | Updating Lights | Computing tree
Fra:1 Mem:25.94M (Peak 29.23M) | Time:00:00.02 | Mem:4.59M, Peak:4.59M | Scene, ViewLayer | Updating Integrator
Fra:1 Mem:25.94M (Peak 29.23M) | Time:00:00.02 | Mem:4.59M, Peak:4.59M | Scene, ViewLayer | Updating Film
Fra:1 Mem:25.94M (Peak 29.23M) | Time:00:00.02 | Mem:4.51M, Peak:4.59M | Scene, ViewLayer | Updating Lookup Tables
Fra:1 Mem:25.94M (Peak 29.23M) | Time:00:00.02 | Mem:4.60M, Peak:4.60M | Scene, ViewLayer | Updating Baking
Fra:1 Mem:25.94M (Peak 29.23M) | Time:00:00.02 | Mem:4.60M, Peak:4.60M | Scene, ViewLayer | Updating Device | Writing constant memory
Fra:1 Mem:25.94M (Peak 29.23M) | Time:00:00.02 | Mem:4.60M, Peak:4.60M | Scene, ViewLayer | Sample 0/24
Fra:1 Mem:61.66M (Peak 61.66M) | Time:00:00.83 | Remaining:00:18.72 | Mem:40.30M, Peak:40.30M | Scene, ViewLayer | Sample 1/24
Fra:1 Mem:77.53M (Peak 109.27M) | Time:00:17.85 | Mem:40.30M, Peak:40.30M | Scene, ViewLayer | Sample 24/24
Fra:1 Mem:77.53M (Peak 109.27M) | Time:00:17.85 | Mem:40.30M, Peak:40.30M | Scene, ViewLayer | Finished
Saved: 'ArtSource/EnemySilhouettes/Before/Enemies-front.png'
Time: 00:18.09 (Saving: 00:00.23)

Fra:1 Mem:29.48M (Peak 29.48M) | Time:00:00.00 | Mem:0.00M, Peak:0.00M | Scene, ViewLayer | Synchronizing object | Plane
Fra:1 Mem:29.48M (Peak 29.48M) | Time:00:00.00 | Mem:0.00M, Peak:0.00M | Scene, ViewLayer | Synchronizing object | Text
Fra:1 Mem:29.52M (Peak 29.52M) | Time:00:00.00 | Mem:0.00M, Peak:0.00M | Scene, ViewLayer | Synchronizing object | Text.001
Fra:1 Mem:29.55M (Peak 29.55M) | Time:00:00.00 | Mem:0.00M, Peak:0.00M | Scene, ViewLayer | Synchronizing object | Text.002
Fra:1 Mem:29.60M (Peak 29.60M) | Time:00:00.00 | Mem:0.00M, Peak:0.00M | Scene, ViewLayer | Synchronizing object | Text.003
Fra:1 Mem:29.69M (Peak 29.69M) | Time:00:00.00 | Mem:0.00M, Peak:0.00M | Scene, ViewLayer | Synchronizing object | Text.004
Fra:1 Mem:29.83M (Peak 29.83M) | Time:00:00.00 | Mem:0.00M, Peak:0.00M | Scene, ViewLayer | Synchronizing object | Slime Body
Fra:1 Mem:29.87M (Peak 29.87M) | Time:00:00.00 | Mem:0.00M, Peak:0.00M | Scene, ViewLayer | Synchronizing object | Slime Crown
Fra:1 Mem:29.90M (Peak 29.90M) | Time:00:00.00 | Mem:0.00M, Peak:0.00M | Scene, ViewLayer | Synchronizing object | Eye White
Fra:1 Mem:29.94M (Peak 29.94M) | Time:00:00.00 | Mem:0.00M, Peak:0.00M | Scene, ViewLayer | Synchronizing object | Eye Pupil
Fra:1 Mem:29.98M (Peak 29.98M) | Time:00:00.00 | Mem:0.00M, Peak:0.00M | Scene, ViewLayer | Synchronizing object | Eye White.001
Fra:1 Mem:30.02M (Peak 30.02M) | Time:00:00.00 | Mem:0.00M, Peak:0.00M | Scene, ViewLayer | Synchronizing object | Eye Pupil.001
Fra:1 Mem:30.05M (Peak 30.05M) | Time:00:00.00 | Mem:0.00M, Peak:0.00M | Scene, ViewLayer | Synchronizing object | Smile
Fra:1 Mem:30.09M (Peak 30.09M) | Time:00:00.00 | Mem:0.00M, Peak:0.00M | Scene, ViewLayer | Synchronizing object | Slime soft highlight
Fra:1 Mem:30.12M (Peak 30.12M) | Time:00:00.00 | Mem:0.00M, Peak:0.00M | Scene, ViewLayer | Synchronizing object | Spirit Core
Fra:1 Mem:30.14M (Peak 30.14M) | Time:00:00.00 | Mem:0.00M, Peak:0.00M | Scene, ViewLayer | Synchronizing object | Spirit Crown
Fra:1 Mem:30.17M (Peak 30.17M) | Time:00:00.00 | Mem:0.00M, Peak:0.00M | Scene, ViewLayer | Synchronizing object | Spirit Eyes
Fra:1 Mem:30.21M (Peak 30.21M) | Time:00:00.00 | Mem:0.00M, Peak:0.00M | Scene, ViewLayer | Synchronizing object | Spirit Eyes.001
Fra:1 Mem:30.25M (Peak 30.25M) | Time:00:00.00 | Mem:0.00M, Peak:0.00M | Scene, ViewLayer | Synchronizing object | Spirit Tail
Fra:1 Mem:30.28M (Peak 30.28M) | Time:00:00.00 | Mem:0.00M, Peak:0.00M | Scene, ViewLayer | Synchronizing object | Knee Guard.005
Fra:1 Mem:30.29M (Peak 30.29M) | Time:00:00.00 | Mem:0.00M, Peak:0.00M | Scene, ViewLayer | Synchronizing object | Spirit Tail.001
Fra:1 Mem:30.35M (Peak 30.35M) | Time:00:00.00 | Mem:0.00M, Peak:0.00M | Scene, ViewLayer | Synchronizing object | Spirit Tail.002
Fra:1 Mem:30.38M (Peak 30.38M) | Time:00:00.00 | Mem:0.00M, Peak:0.00M | Scene, ViewLayer | Synchronizing object | Shin Guard.005
Fra:1 Mem:30.42M (Peak 30.42M) | Time:00:00.00 | Mem:0.00M, Peak:0.00M | Scene, ViewLayer | Synchronizing object | Spirit swept horn
Fra:1 Mem:30.42M (Peak 30.42M) | Time:00:00.00 | Mem:0.00M, Peak:0.00M | Scene, ViewLayer | Synchronizing object | Spirit swept horn.001
Fra:1 Mem:30.43M (Peak 30.43M) | Time:00:00.00 | Mem:0.00M, Peak:0.00M | Scene, ViewLayer | Synchronizing object | Breastplate
Fra:1 Mem:30.45M (Peak 30.45M) | Time:00:00.01 | Mem:0.00M, Peak:0.00M | Scene, ViewLayer | Synchronizing object | Boot.005
Fra:1 Mem:30.48M (Peak 30.48M) | Time:00:00.01 | Mem:0.00M, Peak:0.00M | Scene, ViewLayer | Synchronizing object | Belt
Fra:1 Mem:30.48M (Peak 30.48M) | Time:00:00.01 | Mem:0.00M, Peak:0.00M | Scene, ViewLayer | Synchronizing object | Trouser.005
Fra:1 Mem:30.54M (Peak 30.54M) | Time:00:00.01 | Mem:0.00M, Peak:0.00M | Scene, ViewLayer | Synchronizing object | Buckle
Fra:1 Mem:30.56M (Peak 30.56M) | Time:00:00.01 | Mem:0.00M, Peak:0.00M | Scene, ViewLayer | Synchronizing object | Knee Guard.004
Fra:1 Mem:30.60M (Peak 30.60M) | Time:00:00.01 | Mem:0.00M, Peak:0.00M | Scene, ViewLayer | Synchronizing object | Pauldrons
Fra:1 Mem:30.64M (Peak 30.64M) | Time:00:00.01 | Mem:0.00M, Peak:0.00M | Scene, ViewLayer | Synchronizing object | Shin Guard.004
Fra:1 Mem:30.64M (Peak 30.64M) | Time:00:00.01 | Mem:0.00M, Peak:0.00M | Scene, ViewLayer | Synchronizing object | Sleeve
Fra:1 Mem:30.71M (Peak 30.71M) | Time:00:00.01 | Mem:0.00M, Peak:0.00M | Scene, ViewLayer | Synchronizing object | Boot.004
Fra:1 Mem:30.71M (Peak 30.71M) | Time:00:00.01 | Mem:0.00M, Peak:0.00M | Scene, ViewLayer | Synchronizing object | Glove
Fra:1 Mem:30.76M (Peak 30.76M) | Time:00:00.01 | Mem:0.00M, Peak:0.00M | Scene, ViewLayer | Synchronizing object | Trouser.004
Fra:1 Mem:30.79M (Peak 30.79M) | Time:00:00.01 | Mem:0.00M, Peak:0.00M | Scene, ViewLayer | Synchronizing object | Forearm Bracer
Fra:1 Mem:30.83M (Peak 30.83M) | Time:00:00.01 | Mem:0.00M, Peak:0.00M | Scene, ViewLayer | Synchronizing object | Guardian crown spike.001
Fra:1 Mem:30.84M (Peak 30.84M) | Time:00:00.01 | Mem:0.00M, Peak:0.00M | Scene, ViewLayer | Synchronizing object | Guardian crown spike
Fra:1 Mem:30.85M (Peak 30.85M) | Time:00:00.01 | Mem:0.00M, Peak:0.00M | Scene, ViewLayer | Synchronizing object | Crown Crystal.001
Fra:1 Mem:30.85M (Peak 30.85M) | Time:00:00.01 | Mem:0.00M, Peak:0.00M | Scene, ViewLayer | Synchronizing object | Cuff Trim
Fra:1 Mem:30.89M (Peak 30.89M) | Time:00:00.01 | Mem:0.00M, Peak:0.00M | Scene, ViewLayer | Synchronizing object | Pauldrons.001
Fra:1 Mem:30.92M (Peak 30.92M) | Time:00:00.01 | Mem:0.00M, Peak:0.00M | Scene, ViewLayer | Synchronizing object | Iron Crown.001
Fra:1 Mem:30.94M (Peak 30.94M) | Time:00:00.01 | Mem:0.00M, Peak:0.00M | Scene, ViewLayer | Synchronizing object | Sleeve.001
Fra:1 Mem:30.98M (Peak 30.98M) | Time:00:00.01 | Mem:0.00M, Peak:0.00M | Scene, ViewLayer | Synchronizing object | Stone Horn.003
Fra:1 Mem:31.01M (Peak 31.01M) | Time:00:00.01 | Mem:0.00M, Peak:0.00M | Scene, ViewLayer | Synchronizing object | Glove.001
Fra:1 Mem:31.05M (Peak 31.05M) | Time:00:00.01 | Mem:0.00M, Peak:0.00M | Scene, ViewLayer | Synchronizing object | Stone Horn.002
Fra:1 Mem:31.08M (Peak 31.08M) | Time:00:00.01 | Mem:0.00M, Peak:0.00M | Scene, ViewLayer | Synchronizing object | Goblin Knife
Fra:1 Mem:31.13M (Peak 31.13M) | Time:00:00.01 | Mem:0.00M, Peak:0.00M | Scene, ViewLayer | Synchronizing object | Eyes R.002
Fra:1 Mem:31.12M (Peak 31.13M) | Time:00:00.01 | Mem:0.00M, Peak:0.00M | Scene, ViewLayer | Synchronizing object | Forearm Bracer.001
Fra:1 Mem:31.19M (Peak 31.19M) | Time:00:00.01 | Mem:0.00M, Peak:0.00M | Scene, ViewLayer | Synchronizing object | Eyes L.002
Fra:1 Mem:31.22M (Peak 31.22M) | Time:00:00.01 | Mem:0.00M, Peak:0.00M | Scene, ViewLayer | Synchronizing object | Cuff Trim.001
Fra:1 Mem:31.24M (Peak 31.24M) | Time:00:00.01 | Mem:0.00M, Peak:0.00M | Scene, ViewLayer | Synchronizing object | Head
Fra:1 Mem:31.26M (Peak 31.26M) | Time:00:00.01 | Mem:0.00M, Peak:0.00M | Scene, ViewLayer | Synchronizing object | Head.002
Fra:1 Mem:31.30M (Peak 31.30M) | Time:00:00.01 | Mem:0.00M, Peak:0.00M | Scene, ViewLayer | Synchronizing object | Eyes L
Fra:1 Mem:31.33M (Peak 31.33M) | Time:00:00.01 | Mem:0.00M, Peak:0.00M | Scene, ViewLayer | Synchronizing object | Guardian ember crystal.001
Fra:1 Mem:31.38M (Peak 31.38M) | Time:00:00.01 | Mem:0.00M, Peak:0.00M | Scene, ViewLayer | Synchronizing object | Eyes R
Fra:1 Mem:31.40M (Peak 31.40M) | Time:00:00.01 | Mem:0.00M, Peak:0.00M | Scene, ViewLayer | Synchronizing object | Guardian chest plate.001
Fra:1 Mem:31.44M (Peak 31.44M) | Time:00:00.01 | Mem:0.00M, Peak:0.00M | Scene, ViewLayer | Synchronizing object | Cuff Trim.005
Fra:1 Mem:31.45M (Peak 31.45M) | Time:00:00.01 | Mem:0.00M, Peak:0.00M | Scene, ViewLayer | Synchronizing object | Long Ear
Fra:1 Mem:31.48M (Peak 31.48M) | Time:00:00.01 | Mem:0.00M, Peak:0.00M | Scene, ViewLayer | Synchronizing object | Forearm Bracer.005
Fra:1 Mem:31.52M (Peak 31.52M) | Time:00:00.01 | Mem:0.00M, Peak:0.00M | Scene, ViewLayer | Synchronizing object | Long Ear.001
Fra:1 Mem:31.55M (Peak 31.55M) | Time:00:00.01 | Mem:0.00M, Peak:0.00M | Scene, ViewLayer | Synchronizing object | Guardian layered pauldron.003
Fra:1 Mem:31.59M (Peak 31.59M) | Time:00:00.01 | Mem:0.00M, Peak:0.00M | Scene, ViewLayer | Synchronizing object | Leather Cap
Fra:1 Mem:31.61M (Peak 31.61M) | Time:00:00.01 | Mem:0.00M, Peak:0.00M | Scene, ViewLayer | Synchronizing object | Great Hammer.001
Fra:1 Mem:31.65M (Peak 31.65M) | Time:00:00.01 | Mem:0.00M, Peak:0.00M | Scene, ViewLayer | Synchronizing object | Goblin brow left
Fra:1 Mem:31.67M (Peak 31.67M) | Time:00:00.01 | Mem:0.00M, Peak:0.00M | Scene, ViewLayer | Synchronizing object | Hammer Grip.001
Fra:1 Mem:31.69M (Peak 31.69M) | Time:00:00.01 | Mem:0.00M, Peak:0.00M | Scene, ViewLayer | Synchronizing object | Glove.005
Fra:1 Mem:31.73M (Peak 31.73M) | Time:00:00.01 | Mem:0.00M, Peak:0.00M | Scene, ViewLayer | Synchronizing object | Goblin brow right
Fra:1 Mem:31.76M (Peak 31.76M) | Time:00:00.01 | Mem:0.00M, Peak:0.00M | Scene, ViewLayer | Synchronizing object | Sleeve.005
Fra:1 Mem:31.78M (Peak 31.78M) | Time:00:00.01 | Mem:0.00M, Peak:0.00M | Scene, ViewLayer | Synchronizing object | Goblin nose
Fra:1 Mem:31.81M (Peak 31.81M) | Time:00:00.01 | Mem:0.00M, Peak:0.00M | Scene, ViewLayer | Synchronizing object | Trouser
Fra:1 Mem:31.85M (Peak 31.85M) | Time:00:00.01 | Mem:0.00M, Peak:0.00M | Scene, ViewLayer | Synchronizing object | Boot
Fra:1 Mem:31.89M (Peak 31.89M) | Time:00:00.01 | Mem:0.00M, Peak:0.00M | Scene, ViewLayer | Synchronizing object | Shin Guard
Fra:1 Mem:31.93M (Peak 31.93M) | Time:00:00.01 | Mem:0.00M, Peak:0.00M | Scene, ViewLayer | Synchronizing object | Pauldrons.005
Fra:1 Mem:31.96M (Peak 31.96M) | Time:00:00.01 | Mem:0.00M, Peak:0.00M | Scene, ViewLayer | Synchronizing object | Knee Guard
Fra:1 Mem:31.98M (Peak 31.98M) | Time:00:00.01 | Mem:0.00M, Peak:0.00M | Scene, ViewLayer | Synchronizing object | Cuff Trim.004
Fra:1 Mem:32.00M (Peak 32.00M) | Time:00:00.01 | Mem:0.00M, Peak:0.00M | Scene, ViewLayer | Synchronizing object | Forearm Bracer.004
Fra:1 Mem:32.04M (Peak 32.04M) | Time:00:00.01 | Mem:0.00M, Peak:0.00M | Scene, ViewLayer | Synchronizing object | Trouser.001
Fra:1 Mem:32.08M (Peak 32.08M) | Time:00:00.01 | Mem:0.00M, Peak:0.00M | Scene, ViewLayer | Synchronizing object | Guardian layered pauldron.002
Fra:1 Mem:32.11M (Peak 32.11M) | Time:00:00.01 | Mem:0.00M, Peak:0.00M | Scene, ViewLayer | Synchronizing object | Boot.001
Fra:1 Mem:32.13M (Peak 32.13M) | Time:00:00.01 | Mem:0.00M, Peak:0.00M | Scene, ViewLayer | Synchronizing object | Glove.004
Fra:1 Mem:32.16M (Peak 32.16M) | Time:00:00.01 | Mem:0.00M, Peak:0.00M | Scene, ViewLayer | Synchronizing object | Shin Guard.001
Fra:1 Mem:32.20M (Peak 32.20M) | Time:00:00.01 | Mem:0.00M, Peak:0.00M | Scene, ViewLayer | Synchronizing object | Sleeve.004
Fra:1 Mem:32.23M (Peak 32.23M) | Time:00:00.01 | Mem:0.00M, Peak:0.00M | Scene, ViewLayer | Synchronizing object | Knee Guard.001
Fra:1 Mem:32.27M (Peak 32.27M) | Time:00:00.01 | Mem:0.00M, Peak:0.00M | Scene, ViewLayer | Synchronizing object | Pauldrons.004
Fra:1 Mem:32.29M (Peak 32.29M) | Time:00:00.01 | Mem:0.00M, Peak:0.00M | Scene, ViewLayer | Synchronizing object | Breastplate.001
Fra:1 Mem:32.32M (Peak 32.32M) | Time:00:00.01 | Mem:0.00M, Peak:0.00M | Scene, ViewLayer | Synchronizing object | Buckle.002
Fra:1 Mem:32.35M (Peak 32.35M) | Time:00:00.01 | Mem:0.00M, Peak:0.00M | Scene, ViewLayer | Synchronizing object | Belt.001
Fra:1 Mem:32.38M (Peak 32.38M) | Time:00:00.01 | Mem:0.00M, Peak:0.00M | Scene, ViewLayer | Synchronizing object | Belt.002
Fra:1 Mem:32.40M (Peak 32.40M) | Time:00:00.01 | Mem:0.00M, Peak:0.00M | Scene, ViewLayer | Synchronizing object | Buckle.001
Fra:1 Mem:32.45M (Peak 32.45M) | Time:00:00.01 | Mem:0.00M, Peak:0.00M | Scene, ViewLayer | Synchronizing object | Breastplate.002
Fra:1 Mem:32.46M (Peak 32.46M) | Time:00:00.01 | Mem:0.00M, Peak:0.00M | Scene, ViewLayer | Synchronizing object | Pauldrons.002
Fra:1 Mem:32.50M (Peak 32.50M) | Time:00:00.01 | Mem:0.00M, Peak:0.00M | Scene, ViewLayer | Synchronizing object | Knee Guard.003
Fra:1 Mem:32.52M (Peak 32.52M) | Time:00:00.01 | Mem:0.00M, Peak:0.00M | Scene, ViewLayer | Synchronizing object | Sleeve.002
Fra:1 Mem:32.57M (Peak 32.57M) | Time:00:00.01 | Mem:0.00M, Peak:0.00M | Scene, ViewLayer | Synchronizing object | Shin Guard.003
Fra:1 Mem:32.60M (Peak 32.60M) | Time:00:00.01 | Mem:0.00M, Peak:0.00M | Scene, ViewLayer | Synchronizing object | Glove.002
Fra:1 Mem:32.64M (Peak 32.64M) | Time:00:00.01 | Mem:0.00M, Peak:0.00M | Scene, ViewLayer | Synchronizing object | Boot.003
Fra:1 Mem:32.66M (Peak 32.66M) | Time:00:00.01 | Mem:0.00M, Peak:0.00M | Scene, ViewLayer | Synchronizing object | Guardian layered pauldron
Fra:1 Mem:32.69M (Peak 32.69M) | Time:00:00.01 | Mem:0.00M, Peak:0.00M | Scene, ViewLayer | Synchronizing object | Trouser.003
Fra:1 Mem:32.72M (Peak 32.72M) | Time:00:00.01 | Mem:0.00M, Peak:0.00M | Scene, ViewLayer | Synchronizing object | Forearm Bracer.002
Fra:1 Mem:32.76M (Peak 32.76M) | Time:00:00.01 | Mem:0.00M, Peak:0.00M | Scene, ViewLayer | Synchronizing object | Knee Guard.002
Fra:1 Mem:32.80M (Peak 32.80M) | Time:00:00.01 | Mem:0.00M, Peak:0.00M | Scene, ViewLayer | Synchronizing object | Cuff Trim.002
Fra:1 Mem:32.81M (Peak 32.81M) | Time:00:00.01 | Mem:0.00M, Peak:0.00M | Scene, ViewLayer | Synchronizing object | Shin Guard.002
Fra:1 Mem:32.84M (Peak 32.84M) | Time:00:00.01 | Mem:0.00M, Peak:0.00M | Scene, ViewLayer | Synchronizing object | Pauldrons.003
Fra:1 Mem:32.88M (Peak 32.88M) | Time:00:00.01 | Mem:0.00M, Peak:0.00M | Scene, ViewLayer | Synchronizing object | Boot.002
Fra:1 Mem:32.88M (Peak 32.88M) | Time:00:00.01 | Mem:0.00M, Peak:0.00M | Scene, ViewLayer | Synchronizing object | Sleeve.003
Fra:1 Mem:32.93M (Peak 32.93M) | Time:00:00.01 | Mem:0.00M, Peak:0.00M | Scene, ViewLayer | Synchronizing object | Trouser.002
Fra:1 Mem:32.96M (Peak 32.96M) | Time:00:00.01 | Mem:0.00M, Peak:0.00M | Scene, ViewLayer | Synchronizing object | Glove.003
Fra:1 Mem:32.99M (Peak 32.99M) | Time:00:00.01 | Mem:0.00M, Peak:0.00M | Scene, ViewLayer | Synchronizing object | Crown Crystal
Fra:1 Mem:33.04M (Peak 33.04M) | Time:00:00.01 | Mem:0.00M, Peak:0.00M | Scene, ViewLayer | Synchronizing object | Hammer Grip
Fra:1 Mem:33.04M (Peak 33.04M) | Time:00:00.01 | Mem:0.00M, Peak:0.00M | Scene, ViewLayer | Synchronizing object | Iron Crown
Fra:1 Mem:33.07M (Peak 33.07M) | Time:00:00.01 | Mem:0.00M, Peak:0.00M | Scene, ViewLayer | Synchronizing object | Great Hammer
Fra:1 Mem:33.10M (Peak 33.10M) | Time:00:00.01 | Mem:0.00M, Peak:0.00M | Scene, ViewLayer | Synchronizing object | Stone Horn.001
Fra:1 Mem:33.14M (Peak 33.14M) | Time:00:00.01 | Mem:0.00M, Peak:0.00M | Scene, ViewLayer | Synchronizing object | Guardian layered pauldron.001
Fra:1 Mem:33.18M (Peak 33.18M) | Time:00:00.01 | Mem:0.00M, Peak:0.00M | Scene, ViewLayer | Synchronizing object | Stone Horn
Fra:1 Mem:33.19M (Peak 33.19M) | Time:00:00.01 | Mem:0.00M, Peak:0.00M | Scene, ViewLayer | Synchronizing object | Forearm Bracer.003
Fra:1 Mem:33.24M (Peak 33.24M) | Time:00:00.01 | Mem:0.00M, Peak:0.00M | Scene, ViewLayer | Synchronizing object | Eyes R.001
Fra:1 Mem:33.28M (Peak 33.28M) | Time:00:00.01 | Mem:0.00M, Peak:0.00M | Scene, ViewLayer | Synchronizing object | Cuff Trim.003
Fra:1 Mem:33.30M (Peak 33.30M) | Time:00:00.01 | Mem:0.00M, Peak:0.00M | Scene, ViewLayer | Synchronizing object | Eyes L.001
Fra:1 Mem:33.30M (Peak 33.30M) | Time:00:00.01 | Mem:0.00M, Peak:0.00M | Scene, ViewLayer | Synchronizing object | Guardian chest plate
Fra:1 Mem:33.36M (Peak 33.36M) | Time:00:00.01 | Mem:0.00M, Peak:0.00M | Scene, ViewLayer | Synchronizing object | Guardian ember crystal
Fra:1 Mem:33.38M (Peak 33.38M) | Time:00:00.01 | Mem:0.00M, Peak:0.00M | Scene, ViewLayer | Synchronizing object | Head.001
Fra:1 Mem:33.43M (Peak 33.43M) | Time:00:00.01 | Mem:0.00M, Peak:0.00M | Scene, ViewLayer | Initializing
Fra:1 Mem:27.42M (Peak 33.43M) | Time:00:00.01 | Mem:0.00M, Peak:0.00M | Scene, ViewLayer | Waiting for render to start
Fra:1 Mem:27.42M (Peak 33.43M) | Time:00:00.01 | Mem:0.00M, Peak:0.00M | Scene, ViewLayer | Loading render kernels (may take a few minutes the first time)
Fra:1 Mem:27.42M (Peak 33.43M) | Time:00:00.01 | Mem:0.00M, Peak:0.00M | Scene, ViewLayer | Updating Scene
Fra:1 Mem:27.42M (Peak 33.43M) | Time:00:00.01 | Mem:0.00M, Peak:0.00M | Scene, ViewLayer | Updating Shaders
Fra:1 Mem:27.52M (Peak 33.43M) | Time:00:00.01 | Mem:0.02M, Peak:0.02M | Scene, ViewLayer | Updating Procedurals
Fra:1 Mem:27.52M (Peak 33.43M) | Time:00:00.01 | Mem:0.02M, Peak:0.02M | Scene, ViewLayer | Updating Background
Fra:1 Mem:27.52M (Peak 33.43M) | Time:00:00.01 | Mem:0.02M, Peak:0.02M | Scene, ViewLayer | Updating Camera
Fra:1 Mem:27.52M (Peak 33.43M) | Time:00:00.01 | Mem:0.02M, Peak:0.02M | Scene, ViewLayer | Updating Meshes Flags
Fra:1 Mem:27.52M (Peak 33.43M) | Time:00:00.01 | Mem:0.02M, Peak:0.02M | Scene, ViewLayer | Updating Objects
Fra:1 Mem:27.52M (Peak 33.43M) | Time:00:00.01 | Mem:0.02M, Peak:0.02M | Scene, ViewLayer | Updating Objects | Copying Transformations to device
Fra:1 Mem:27.55M (Peak 33.43M) | Time:00:00.01 | Mem:0.05M, Peak:0.05M | Scene, ViewLayer | Updating Objects | Applying Static Transformations
Fra:1 Mem:27.55M (Peak 33.43M) | Time:00:00.01 | Mem:0.05M, Peak:0.05M | Scene, ViewLayer | Updating Particle Systems
Fra:1 Mem:27.55M (Peak 33.43M) | Time:00:00.01 | Mem:0.05M, Peak:0.05M | Scene, ViewLayer | Updating Particle Systems | Copying Particles to device
Fra:1 Mem:27.55M (Peak 33.43M) | Time:00:00.01 | Mem:0.05M, Peak:0.05M | Scene, ViewLayer | Updating Meshes
Fra:1 Mem:28.14M (Peak 33.43M) | Time:00:00.01 | Mem:0.05M, Peak:0.05M | Scene, ViewLayer | Updating Mesh | Computing attributes
Fra:1 Mem:28.51M (Peak 33.43M) | Time:00:00.01 | Mem:0.06M, Peak:0.06M | Scene, ViewLayer | Updating Mesh | Copying Attributes to device
Fra:1 Mem:28.49M (Peak 33.43M) | Time:00:00.01 | Mem:0.40M, Peak:0.40M | Scene, ViewLayer | Updating Scene BVH | Building
Fra:1 Mem:28.49M (Peak 33.43M) | Time:00:00.01 | Mem:0.40M, Peak:0.40M | Scene, ViewLayer | Updating Scene BVH | Building BVH
Fra:1 Mem:28.49M (Peak 33.43M) | Time:00:00.01 | Mem:1.58M, Peak:1.58M | Scene, ViewLayer | Updating Scene BVH | Building BVH 0%
Fra:1 Mem:28.49M (Peak 33.43M) | Time:00:00.02 | Mem:2.87M, Peak:4.05M | Scene, ViewLayer | Updating Scene BVH | Copying BVH to device
Fra:1 Mem:28.49M (Peak 33.43M) | Time:00:00.02 | Mem:2.87M, Peak:4.05M | Scene, ViewLayer | Updating Mesh | Computing normals
Fra:1 Mem:30.14M (Peak 33.43M) | Time:00:00.02 | Mem:2.87M, Peak:4.05M | Scene, ViewLayer | Updating Mesh | Copying Mesh to device
Fra:1 Mem:30.14M (Peak 33.43M) | Time:00:00.02 | Mem:4.51M, Peak:4.51M | Scene, ViewLayer | Updating Objects Flags
Fra:1 Mem:30.14M (Peak 33.43M) | Time:00:00.02 | Mem:4.51M, Peak:4.51M | Scene, ViewLayer | Updating Primitive Offsets
Fra:1 Mem:30.14M (Peak 33.43M) | Time:00:00.02 | Mem:4.51M, Peak:4.51M | Scene, ViewLayer | Updating Images
Fra:1 Mem:30.14M (Peak 33.43M) | Time:00:00.02 | Mem:4.51M, Peak:4.51M | Scene, ViewLayer | Updating Camera Volume
Fra:1 Mem:30.14M (Peak 33.43M) | Time:00:00.02 | Mem:4.51M, Peak:4.51M | Scene, ViewLayer | Updating Lookup Tables
Fra:1 Mem:30.14M (Peak 33.43M) | Time:00:00.02 | Mem:4.59M, Peak:4.59M | Scene, ViewLayer | Updating Lights
Fra:1 Mem:30.14M (Peak 33.43M) | Time:00:00.02 | Mem:4.59M, Peak:4.59M | Scene, ViewLayer | Updating Lights | Computing tree
Fra:1 Mem:30.14M (Peak 33.43M) | Time:00:00.02 | Mem:4.59M, Peak:4.59M | Scene, ViewLayer | Updating Integrator
Fra:1 Mem:30.14M (Peak 33.43M) | Time:00:00.02 | Mem:4.59M, Peak:4.59M | Scene, ViewLayer | Updating Film
Fra:1 Mem:30.14M (Peak 33.43M) | Time:00:00.02 | Mem:4.51M, Peak:4.59M | Scene, ViewLayer | Updating Lookup Tables
Fra:1 Mem:30.14M (Peak 33.43M) | Time:00:00.02 | Mem:4.60M, Peak:4.60M | Scene, ViewLayer | Updating Baking
Fra:1 Mem:30.14M (Peak 33.43M) | Time:00:00.02 | Mem:4.60M, Peak:4.60M | Scene, ViewLayer | Updating Device | Writing constant memory
Fra:1 Mem:30.15M (Peak 33.43M) | Time:00:00.02 | Mem:4.60M, Peak:4.60M | Scene, ViewLayer | Sample 0/24
Fra:1 Mem:65.86M (Peak 65.86M) | Time:00:00.85 | Remaining:00:19.02 | Mem:40.30M, Peak:40.30M | Scene, ViewLayer | Sample 1/24
Fra:1 Mem:81.73M (Peak 113.47M) | Time:00:17.74 | Mem:40.30M, Peak:40.30M | Scene, ViewLayer | Sample 24/24
Fra:1 Mem:81.73M (Peak 113.47M) | Time:00:17.74 | Mem:40.30M, Peak:40.30M | Scene, ViewLayer | Finished
Saved: 'ArtSource/EnemySilhouettes/Before/Enemies-back.png'
Time: 00:17.86 (Saving: 00:00.12)


Blender quit
