Blender 4.3.2
Fra:1 Mem:17.23M (Peak 17.23M) | Time:00:00.00 | Mem:0.00M, Peak:0.00M | Scene, ViewLayer | Synchronizing object | Knee Guard.001
Fra:1 Mem:17.26M (Peak 17.26M) | Time:00:00.00 | Mem:0.00M, Peak:0.00M | Scene, ViewLayer | Synchronizing object | Shin Guard.001
Fra:1 Mem:17.30M (Peak 17.30M) | Time:00:00.00 | Mem:0.00M, Peak:0.00M | Scene, ViewLayer | Synchronizing object | Boot.001
Fra:1 Mem:17.32M (Peak 17.32M) | Time:00:00.00 | Mem:0.00M, Peak:0.00M | Scene, ViewLayer | Synchronizing object | Trouser.001
Fra:1 Mem:17.35M (Peak 17.35M) | Time:00:00.00 | Mem:0.00M, Peak:0.00M | Scene, ViewLayer | Synchronizing object | Knee Guard
Fra:1 Mem:17.39M (Peak 17.39M) | Time:00:00.00 | Mem:0.00M, Peak:0.00M | Scene, ViewLayer | Synchronizing object | Shin Guard
Fra:1 Mem:17.42M (Peak 17.42M) | Time:00:00.00 | Mem:0.00M, Peak:0.00M | Scene, ViewLayer | Synchronizing object | Boot
Fra:1 Mem:17.44M (Peak 17.44M) | Time:00:00.00 | Mem:0.00M, Peak:0.00M | Scene, ViewLayer | Synchronizing object | Trouser
Fra:1 Mem:17.48M (Peak 17.48M) | Time:00:00.00 | Mem:0.00M, Peak:0.00M | Scene, ViewLayer | Synchronizing object | Crown Crystal
Fra:1 Mem:17.48M (Peak 17.48M) | Time:00:00.01 | Mem:0.00M, Peak:0.00M | Scene, ViewLayer | Synchronizing object | Actual y=0 reference plane
Fra:1 Mem:17.48M (Peak 17.48M) | Time:00:00.01 | Mem:0.00M, Peak:0.00M | Scene, ViewLayer | Synchronizing object | Breastplate
Fra:1 Mem:17.51M (Peak 17.51M) | Time:00:00.01 | Mem:0.00M, Peak:0.00M | Scene, ViewLayer | Synchronizing object | Belt
Fra:1 Mem:17.54M (Peak 17.54M) | Time:00:00.01 | Mem:0.00M, Peak:0.00M | Scene, ViewLayer | Synchronizing object | Buckle
Fra:1 Mem:17.57M (Peak 17.57M) | Time:00:00.01 | Mem:0.00M, Peak:0.00M | Scene, ViewLayer | Synchronizing object | Pauldrons
Fra:1 Mem:17.59M (Peak 17.59M) | Time:00:00.01 | Mem:0.00M, Peak:0.00M | Scene, ViewLayer | Synchronizing object | Sleeve
Fra:1 Mem:17.63M (Peak 17.63M) | Time:00:00.01 | Mem:0.00M, Peak:0.00M | Scene, ViewLayer | Synchronizing object | Glove
Fra:1 Mem:17.67M (Peak 17.67M) | Time:00:00.01 | Mem:0.00M, Peak:0.00M | Scene, ViewLayer | Synchronizing object | Guardian layered pauldron
Fra:1 Mem:17.68M (Peak 17.68M) | Time:00:00.01 | Mem:0.00M, Peak:0.00M | Scene, ViewLayer | Synchronizing object | Forearm Bracer
Fra:1 Mem:17.71M (Peak 17.71M) | Time:00:00.01 | Mem:0.00M, Peak:0.00M | Scene, ViewLayer | Synchronizing object | Cuff Trim
Fra:1 Mem:17.72M (Peak 17.72M) | Time:00:00.01 | Mem:0.00M, Peak:0.00M | Scene, ViewLayer | Synchronizing object | Pauldrons.001
Fra:1 Mem:17.75M (Peak 17.75M) | Time:00:00.01 | Mem:0.00M, Peak:0.00M | Scene, ViewLayer | Synchronizing object | Sleeve.001
Fra:1 Mem:17.79M (Peak 17.79M) | Time:00:00.01 | Mem:0.00M, Peak:0.00M | Scene, ViewLayer | Synchronizing object | Glove.001
Fra:1 Mem:17.82M (Peak 17.82M) | Time:00:00.01 | Mem:0.00M, Peak:0.00M | Scene, ViewLayer | Synchronizing object | Hammer Grip
Fra:1 Mem:17.84M (Peak 17.84M) | Time:00:00.01 | Mem:0.00M, Peak:0.00M | Scene, ViewLayer | Synchronizing object | Great Hammer
Fra:1 Mem:17.86M (Peak 17.86M) | Time:00:00.01 | Mem:0.00M, Peak:0.00M | Scene, ViewLayer | Synchronizing object | Guardian layered pauldron.001
Fra:1 Mem:17.88M (Peak 17.88M) | Time:00:00.01 | Mem:0.00M, Peak:0.00M | Scene, ViewLayer | Synchronizing object | Forearm Bracer.001
Fra:1 Mem:17.91M (Peak 17.91M) | Time:00:00.01 | Mem:0.00M, Peak:0.00M | Scene, ViewLayer | Synchronizing object | Cuff Trim.001
Fra:1 Mem:17.92M (Peak 17.92M) | Time:00:00.01 | Mem:0.00M, Peak:0.00M | Scene, ViewLayer | Synchronizing object | Guardian chest plate
Fra:1 Mem:17.94M (Peak 17.94M) | Time:00:00.01 | Mem:0.00M, Peak:0.00M | Scene, ViewLayer | Synchronizing object | Guardian ember crystal
Fra:1 Mem:17.97M (Peak 17.97M) | Time:00:00.01 | Mem:0.00M, Peak:0.00M | Scene, ViewLayer | Synchronizing object | Head
Fra:1 Mem:18.01M (Peak 18.01M) | Time:00:00.01 | Mem:0.00M, Peak:0.00M | Scene, ViewLayer | Synchronizing object | Eyes L
Fra:1 Mem:18.04M (Peak 18.04M) | Time:00:00.01 | Mem:0.00M, Peak:0.00M | Scene, ViewLayer | Synchronizing object | Eyes R
Fra:1 Mem:18.08M (Peak 18.08M) | Time:00:00.01 | Mem:0.00M, Peak:0.00M | Scene, ViewLayer | Synchronizing object | Stone Horn
Fra:1 Mem:18.11M (Peak 18.11M) | Time:00:00.01 | Mem:0.00M, Peak:0.00M | Scene, ViewLayer | Synchronizing object | Stone Horn.001
Fra:1 Mem:18.15M (Peak 18.15M) | Time:00:00.01 | Mem:0.00M, Peak:0.00M | Scene, ViewLayer | Synchronizing object | Iron Crown
Fra:1 Mem:18.24M (Peak 18.24M) | Time:00:00.01 | Mem:0.00M, Peak:0.00M | Scene, ViewLayer | Initializing
Fra:1 Mem:15.58M (Peak 18.24M) | Time:00:00.01 | Mem:0.00M, Peak:0.00M | Scene, ViewLayer | Waiting for render to start
Fra:1 Mem:15.58M (Peak 18.24M) | Time:00:00.01 | Mem:0.00M, Peak:0.00M | Scene, ViewLayer | Loading render kernels (may take a few minutes the first time)
Fra:1 Mem:15.58M (Peak 18.24M) | Time:00:00.01 | Mem:0.00M, Peak:0.00M | Scene, ViewLayer | Updating Scene
Fra:1 Mem:15.58M (Peak 18.24M) | Time:00:00.01 | Mem:0.00M, Peak:0.00M | Scene, ViewLayer | Updating Shaders
Fra:1 Mem:15.69M (Peak 18.24M) | Time:00:00.01 | Mem:0.02M, Peak:0.02M | Scene, ViewLayer | Updating Procedurals
Fra:1 Mem:15.69M (Peak 18.24M) | Time:00:00.01 | Mem:0.02M, Peak:0.02M | Scene, ViewLayer | Updating Background
Fra:1 Mem:15.69M (Peak 18.24M) | Time:00:00.01 | Mem:0.02M, Peak:0.02M | Scene, ViewLayer | Updating Camera
Fra:1 Mem:15.69M (Peak 18.24M) | Time:00:00.01 | Mem:0.02M, Peak:0.02M | Scene, ViewLayer | Updating Meshes Flags
Fra:1 Mem:15.69M (Peak 18.24M) | Time:00:00.01 | Mem:0.02M, Peak:0.02M | Scene, ViewLayer | Updating Objects
Fra:1 Mem:15.69M (Peak 18.24M) | Time:00:00.01 | Mem:0.02M, Peak:0.02M | Scene, ViewLayer | Updating Objects | Copying Transformations to device
Fra:1 Mem:15.70M (Peak 18.24M) | Time:00:00.01 | Mem:0.03M, Peak:0.03M | Scene, ViewLayer | Updating Objects | Applying Static Transformations
Fra:1 Mem:15.70M (Peak 18.24M) | Time:00:00.01 | Mem:0.03M, Peak:0.03M | Scene, ViewLayer | Updating Particle Systems
Fra:1 Mem:15.70M (Peak 18.24M) | Time:00:00.01 | Mem:0.03M, Peak:0.03M | Scene, ViewLayer | Updating Particle Systems | Copying Particles to device
Fra:1 Mem:15.70M (Peak 18.24M) | Time:00:00.01 | Mem:0.03M, Peak:0.03M | Scene, ViewLayer | Updating Meshes
Fra:1 Mem:15.84M (Peak 18.24M) | Time:00:00.01 | Mem:0.03M, Peak:0.03M | Scene, ViewLayer | Updating Mesh | Computing attributes
Fra:1 Mem:15.94M (Peak 18.24M) | Time:00:00.01 | Mem:0.03M, Peak:0.03M | Scene, ViewLayer | Updating Mesh | Copying Attributes to device
Fra:1 Mem:15.94M (Peak 18.24M) | Time:00:00.01 | Mem:0.13M, Peak:0.13M | Scene, ViewLayer | Updating Scene BVH | Building
Fra:1 Mem:15.94M (Peak 18.24M) | Time:00:00.01 | Mem:0.13M, Peak:0.13M | Scene, ViewLayer | Updating Scene BVH | Building BVH
Fra:1 Mem:15.94M (Peak 18.24M) | Time:00:00.01 | Mem:0.42M, Peak:0.42M | Scene, ViewLayer | Updating Scene BVH | Building BVH 0%
Fra:1 Mem:15.94M (Peak 18.24M) | Time:00:00.02 | Mem:0.74M, Peak:1.03M | Scene, ViewLayer | Updating Scene BVH | Copying BVH to device
Fra:1 Mem:15.94M (Peak 18.24M) | Time:00:00.02 | Mem:0.74M, Peak:1.03M | Scene, ViewLayer | Updating Mesh | Computing normals
Fra:1 Mem:16.37M (Peak 18.24M) | Time:00:00.02 | Mem:0.74M, Peak:1.03M | Scene, ViewLayer | Updating Mesh | Copying Mesh to device
Fra:1 Mem:16.37M (Peak 18.24M) | Time:00:00.02 | Mem:1.17M, Peak:1.17M | Scene, ViewLayer | Updating Objects Flags
Fra:1 Mem:16.37M (Peak 18.24M) | Time:00:00.02 | Mem:1.17M, Peak:1.17M | Scene, ViewLayer | Updating Primitive Offsets
Fra:1 Mem:16.37M (Peak 18.24M) | Time:00:00.02 | Mem:1.17M, Peak:1.17M | Scene, ViewLayer | Updating Images
Fra:1 Mem:16.37M (Peak 18.24M) | Time:00:00.02 | Mem:1.17M, Peak:1.17M | Scene, ViewLayer | Updating Camera Volume
Fra:1 Mem:16.37M (Peak 18.24M) | Time:00:00.02 | Mem:1.17M, Peak:1.17M | Scene, ViewLayer | Updating Lookup Tables
Fra:1 Mem:16.37M (Peak 18.24M) | Time:00:00.02 | Mem:1.25M, Peak:1.25M | Scene, ViewLayer | Updating Lights
Fra:1 Mem:16.37M (Peak 18.24M) | Time:00:00.02 | Mem:1.25M, Peak:1.25M | Scene, ViewLayer | Updating Lights | Computing tree
Fra:1 Mem:16.37M (Peak 18.24M) | Time:00:00.02 | Mem:1.25M, Peak:1.25M | Scene, ViewLayer | Updating Integrator
Fra:1 Mem:16.37M (Peak 18.24M) | Time:00:00.02 | Mem:1.25M, Peak:1.25M | Scene, ViewLayer | Updating Film
Fra:1 Mem:16.37M (Peak 18.24M) | Time:00:00.02 | Mem:1.17M, Peak:1.25M | Scene, ViewLayer | Updating Lookup Tables
Fra:1 Mem:16.37M (Peak 18.24M) | Time:00:00.02 | Mem:1.25M, Peak:1.25M | Scene, ViewLayer | Updating Baking
Fra:1 Mem:16.37M (Peak 18.24M) | Time:00:00.02 | Mem:1.25M, Peak:1.25M | Scene, ViewLayer | Updating Device | Writing constant memory
Fra:1 Mem:16.37M (Peak 18.24M) | Time:00:00.02 | Mem:1.25M, Peak:1.25M | Scene, ViewLayer | Sample 0/32
Fra:1 Mem:38.70M (Peak 38.70M) | Time:00:02.26 | Remaining:01:09.45 | Mem:23.57M, Peak:23.57M | Scene, ViewLayer | Sample 1/32
Fra:1 Mem:38.70M (Peak 38.70M) | Time:00:24.73 | Remaining:00:21.80 | Mem:23.57M, Peak:23.57M | Scene, ViewLayer | Sample 17/32
Fra:1 Mem:48.62M (Peak 68.45M) | Time:00:39.12 | Mem:23.57M, Peak:23.57M | Scene, ViewLayer | Sample 32/32
Fra:1 Mem:48.62M (Peak 68.45M) | Time:00:39.12 | Mem:23.57M, Peak:23.57M | Scene, ViewLayer | Finished
Saved: 'ArtSource/EnemySilhouettes/Down/GuardianDown-Low.png'
Time: 00:39.38 (Saving: 00:00.25)

Fra:1 Mem:17.74M (Peak 17.74M) | Time:00:00.00 | Mem:0.00M, Peak:0.00M | Scene, ViewLayer | Synchronizing object | Knee Guard.001
Fra:1 Mem:17.76M (Peak 17.76M) | Time:00:00.00 | Mem:0.00M, Peak:0.00M | Scene, ViewLayer | Synchronizing object | Shin Guard.001
Fra:1 Mem:17.78M (Peak 17.78M) | Time:00:00.00 | Mem:0.00M, Peak:0.00M | Scene, ViewLayer | Synchronizing object | Boot.001
Fra:1 Mem:17.79M (Peak 17.79M) | Time:00:00.00 | Mem:0.00M, Peak:0.00M | Scene, ViewLayer | Synchronizing object | Trouser.001
Fra:1 Mem:17.81M (Peak 17.81M) | Time:00:00.00 | Mem:0.00M, Peak:0.00M | Scene, ViewLayer | Synchronizing object | Knee Guard
Fra:1 Mem:17.82M (Peak 17.82M) | Time:00:00.00 | Mem:0.00M, Peak:0.00M | Scene, ViewLayer | Synchronizing object | Shin Guard
Fra:1 Mem:17.84M (Peak 17.84M) | Time:00:00.00 | Mem:0.00M, Peak:0.00M | Scene, ViewLayer | Synchronizing object | Boot
Fra:1 Mem:17.85M (Peak 17.85M) | Time:00:00.00 | Mem:0.00M, Peak:0.00M | Scene, ViewLayer | Synchronizing object | Trouser
Fra:1 Mem:17.87M (Peak 17.87M) | Time:00:00.00 | Mem:0.00M, Peak:0.00M | Scene, ViewLayer | Synchronizing object | Crown Crystal
Fra:1 Mem:17.89M (Peak 17.89M) | Time:00:00.00 | Mem:0.00M, Peak:0.00M | Scene, ViewLayer | Synchronizing object | Iron Crown
Fra:1 Mem:17.92M (Peak 17.92M) | Time:00:00.00 | Mem:0.00M, Peak:0.00M | Scene, ViewLayer | Synchronizing object | Stone Horn.001
Fra:1 Mem:17.94M (Peak 17.94M) | Time:00:00.00 | Mem:0.00M, Peak:0.00M | Scene, ViewLayer | Synchronizing object | Stone Horn
Fra:1 Mem:17.96M (Peak 17.96M) | Time:00:00.00 | Mem:0.00M, Peak:0.00M | Scene, ViewLayer | Synchronizing object | Eyes R
Fra:1 Mem:17.97M (Peak 17.97M) | Time:00:00.00 | Mem:0.00M, Peak:0.00M | Scene, ViewLayer | Synchronizing object | Eyes L
Fra:1 Mem:17.99M (Peak 17.99M) | Time:00:00.00 | Mem:0.00M, Peak:0.00M | Scene, ViewLayer | Synchronizing object | Head
Fra:1 Mem:18.01M (Peak 18.01M) | Time:00:00.00 | Mem:0.00M, Peak:0.00M | Scene, ViewLayer | Synchronizing object | Guardian ember crystal
Fra:1 Mem:18.02M (Peak 18.02M) | Time:00:00.00 | Mem:0.00M, Peak:0.00M | Scene, ViewLayer | Synchronizing object | Guardian chest plate
Fra:1 Mem:18.03M (Peak 18.03M) | Time:00:00.00 | Mem:0.00M, Peak:0.00M | Scene, ViewLayer | Synchronizing object | Cuff Trim.001
Fra:1 Mem:18.04M (Peak 18.04M) | Time:00:00.00 | Mem:0.00M, Peak:0.00M | Scene, ViewLayer | Synchronizing object | Forearm Bracer.001
Fra:1 Mem:18.06M (Peak 18.06M) | Time:00:00.00 | Mem:0.00M, Peak:0.00M | Scene, ViewLayer | Synchronizing object | Guardian layered pauldron.001
Fra:1 Mem:18.06M (Peak 18.06M) | Time:00:00.00 | Mem:0.00M, Peak:0.00M | Scene, ViewLayer | Synchronizing object | Great Hammer
Fra:1 Mem:18.08M (Peak 18.08M) | Time:00:00.00 | Mem:0.00M, Peak:0.00M | Scene, ViewLayer | Synchronizing object | Hammer Grip
Fra:1 Mem:18.09M (Peak 18.09M) | Time:00:00.00 | Mem:0.00M, Peak:0.00M | Scene, ViewLayer | Synchronizing object | Glove.001
Fra:1 Mem:18.10M (Peak 18.10M) | Time:00:00.00 | Mem:0.00M, Peak:0.00M | Scene, ViewLayer | Synchronizing object | Sleeve.001
Fra:1 Mem:18.12M (Peak 18.12M) | Time:00:00.00 | Mem:0.00M, Peak:0.00M | Scene, ViewLayer | Synchronizing object | Pauldrons.001
Fra:1 Mem:18.14M (Peak 18.14M) | Time:00:00.00 | Mem:0.00M, Peak:0.00M | Scene, ViewLayer | Synchronizing object | Cuff Trim
Fra:1 Mem:18.15M (Peak 18.15M) | Time:00:00.00 | Mem:0.00M, Peak:0.00M | Scene, ViewLayer | Synchronizing object | Forearm Bracer
Fra:1 Mem:18.16M (Peak 18.16M) | Time:00:00.00 | Mem:0.00M, Peak:0.00M | Scene, ViewLayer | Synchronizing object | Guardian layered pauldron
Fra:1 Mem:18.17M (Peak 18.17M) | Time:00:00.00 | Mem:0.00M, Peak:0.00M | Scene, ViewLayer | Synchronizing object | Glove
Fra:1 Mem:18.19M (Peak 18.19M) | Time:00:00.00 | Mem:0.00M, Peak:0.00M | Scene, ViewLayer | Synchronizing object | Sleeve
Fra:1 Mem:18.20M (Peak 18.20M) | Time:00:00.00 | Mem:0.00M, Peak:0.00M | Scene, ViewLayer | Synchronizing object | Pauldrons
Fra:1 Mem:18.22M (Peak 18.22M) | Time:00:00.00 | Mem:0.00M, Peak:0.00M | Scene, ViewLayer | Synchronizing object | Buckle
Fra:1 Mem:18.24M (Peak 18.24M) | Time:00:00.00 | Mem:0.00M, Peak:0.00M | Scene, ViewLayer | Synchronizing object | Belt
Fra:1 Mem:18.25M (Peak 18.25M) | Time:00:00.00 | Mem:0.00M, Peak:0.00M | Scene, ViewLayer | Synchronizing object | Breastplate
Fra:1 Mem:18.27M (Peak 18.27M) | Time:00:00.00 | Mem:0.00M, Peak:0.00M | Scene, ViewLayer | Synchronizing object | Actual y=0 reference plane
Fra:1 Mem:18.27M (Peak 18.27M) | Time:00:00.00 | Mem:0.00M, Peak:0.00M | Scene, ViewLayer | Initializing
Fra:1 Mem:15.60M (Peak 18.27M) | Time:00:00.00 | Mem:0.00M, Peak:0.00M | Scene, ViewLayer | Waiting for render to start
Fra:1 Mem:15.60M (Peak 18.27M) | Time:00:00.00 | Mem:0.00M, Peak:0.00M | Scene, ViewLayer | Loading render kernels (may take a few minutes the first time)
Fra:1 Mem:15.60M (Peak 18.27M) | Time:00:00.00 | Mem:0.00M, Peak:0.00M | Scene, ViewLayer | Updating Scene
Fra:1 Mem:15.60M (Peak 18.27M) | Time:00:00.00 | Mem:0.00M, Peak:0.00M | Scene, ViewLayer | Updating Shaders
Fra:1 Mem:15.71M (Peak 18.27M) | Time:00:00.00 | Mem:0.02M, Peak:0.02M | Scene, ViewLayer | Updating Procedurals
Fra:1 Mem:15.71M (Peak 18.27M) | Time:00:00.00 | Mem:0.02M, Peak:0.02M | Scene, ViewLayer | Updating Background
Fra:1 Mem:15.71M (Peak 18.27M) | Time:00:00.00 | Mem:0.02M, Peak:0.02M | Scene, ViewLayer | Updating Camera
Fra:1 Mem:15.71M (Peak 18.27M) | Time:00:00.00 | Mem:0.02M, Peak:0.02M | Scene, ViewLayer | Updating Meshes Flags
Fra:1 Mem:15.71M (Peak 18.27M) | Time:00:00.00 | Mem:0.02M, Peak:0.02M | Scene, ViewLayer | Updating Objects
Fra:1 Mem:15.71M (Peak 18.27M) | Time:00:00.00 | Mem:0.02M, Peak:0.02M | Scene, ViewLayer | Updating Objects | Copying Transformations to device
Fra:1 Mem:15.72M (Peak 18.27M) | Time:00:00.00 | Mem:0.03M, Peak:0.03M | Scene, ViewLayer | Updating Objects | Applying Static Transformations
Fra:1 Mem:15.72M (Peak 18.27M) | Time:00:00.00 | Mem:0.03M, Peak:0.03M | Scene, ViewLayer | Updating Particle Systems
Fra:1 Mem:15.72M (Peak 18.27M) | Time:00:00.00 | Mem:0.03M, Peak:0.03M | Scene, ViewLayer | Updating Particle Systems | Copying Particles to device
Fra:1 Mem:15.72M (Peak 18.27M) | Time:00:00.00 | Mem:0.03M, Peak:0.03M | Scene, ViewLayer | Updating Meshes
Fra:1 Mem:15.86M (Peak 18.27M) | Time:00:00.00 | Mem:0.03M, Peak:0.03M | Scene, ViewLayer | Updating Mesh | Computing attributes
Fra:1 Mem:15.96M (Peak 18.27M) | Time:00:00.00 | Mem:0.03M, Peak:0.03M | Scene, ViewLayer | Updating Mesh | Copying Attributes to device
Fra:1 Mem:15.96M (Peak 18.27M) | Time:00:00.00 | Mem:0.13M, Peak:0.13M | Scene, ViewLayer | Updating Scene BVH | Building
Fra:1 Mem:15.96M (Peak 18.27M) | Time:00:00.00 | Mem:0.13M, Peak:0.13M | Scene, ViewLayer | Updating Scene BVH | Building BVH
Fra:1 Mem:15.96M (Peak 18.27M) | Time:00:00.00 | Mem:0.42M, Peak:0.42M | Scene, ViewLayer | Updating Scene BVH | Building BVH 0%
Fra:1 Mem:15.96M (Peak 18.27M) | Time:00:00.00 | Mem:0.74M, Peak:1.03M | Scene, ViewLayer | Updating Scene BVH | Copying BVH to device
Fra:1 Mem:15.96M (Peak 18.27M) | Time:00:00.00 | Mem:0.74M, Peak:1.03M | Scene, ViewLayer | Updating Mesh | Computing normals
Fra:1 Mem:16.38M (Peak 18.27M) | Time:00:00.00 | Mem:0.74M, Peak:1.03M | Scene, ViewLayer | Updating Mesh | Copying Mesh to device
Fra:1 Mem:16.38M (Peak 18.27M) | Time:00:00.00 | Mem:1.17M, Peak:1.17M | Scene, ViewLayer | Updating Objects Flags
Fra:1 Mem:16.38M (Peak 18.27M) | Time:00:00.00 | Mem:1.17M, Peak:1.17M | Scene, ViewLayer | Updating Primitive Offsets
Fra:1 Mem:16.38M (Peak 18.27M) | Time:00:00.00 | Mem:1.17M, Peak:1.17M | Scene, ViewLayer | Updating Images
Fra:1 Mem:16.38M (Peak 18.27M) | Time:00:00.00 | Mem:1.17M, Peak:1.17M | Scene, ViewLayer | Updating Camera Volume
Fra:1 Mem:16.38M (Peak 18.27M) | Time:00:00.00 | Mem:1.17M, Peak:1.17M | Scene, ViewLayer | Updating Lookup Tables
Fra:1 Mem:16.38M (Peak 18.27M) | Time:00:00.00 | Mem:1.25M, Peak:1.25M | Scene, ViewLayer | Updating Lights
Fra:1 Mem:16.39M (Peak 18.27M) | Time:00:00.00 | Mem:1.25M, Peak:1.25M | Scene, ViewLayer | Updating Lights | Computing tree
Fra:1 Mem:16.39M (Peak 18.27M) | Time:00:00.00 | Mem:1.25M, Peak:1.25M | Scene, ViewLayer | Updating Integrator
Fra:1 Mem:16.39M (Peak 18.27M) | Time:00:00.00 | Mem:1.25M, Peak:1.25M | Scene, ViewLayer | Updating Film
Fra:1 Mem:16.39M (Peak 18.27M) | Time:00:00.00 | Mem:1.17M, Peak:1.25M | Scene, ViewLayer | Updating Lookup Tables
Fra:1 Mem:16.39M (Peak 18.27M) | Time:00:00.00 | Mem:1.25M, Peak:1.25M | Scene, ViewLayer | Updating Baking
Fra:1 Mem:16.39M (Peak 18.27M) | Time:00:00.00 | Mem:1.25M, Peak:1.25M | Scene, ViewLayer | Updating Device | Writing constant memory
Fra:1 Mem:16.39M (Peak 18.27M) | Time:00:00.00 | Mem:1.25M, Peak:1.25M | Scene, ViewLayer | Sample 0/32
Fra:1 Mem:38.71M (Peak 38.71M) | Time:00:01.02 | Remaining:00:31.57 | Mem:23.57M, Peak:23.57M | Scene, ViewLayer | Sample 1/32
Fra:1 Mem:48.63M (Peak 68.47M) | Time:00:26.72 | Mem:23.57M, Peak:23.57M | Scene, ViewLayer | Sample 32/32
Fra:1 Mem:48.63M (Peak 68.47M) | Time:00:26.72 | Mem:23.57M, Peak:23.57M | Scene, ViewLayer | Finished
Saved: 'ArtSource/EnemySilhouettes/Down/GuardianDown-Side.png'
Time: 00:26.94 (Saving: 00:00.21)

Info: Saved "GuardianDown-Support.blend"

Blender quit
