Blender 4.3.2
Fra:1 Mem:21.43M (Peak 21.43M) | Time:00:00.00 | Mem:0.00M, Peak:0.00M | Scene, ViewLayer | Synchronizing object | Plane
Fra:1 Mem:21.43M (Peak 21.43M) | Time:00:00.00 | Mem:0.00M, Peak:0.00M | Scene, ViewLayer | Synchronizing object | Belt
Fra:1 Mem:21.44M (Peak 21.44M) | Time:00:00.00 | Mem:0.00M, Peak:0.00M | Scene, ViewLayer | Synchronizing object | Buckle
Fra:1 Mem:21.52M (Peak 21.52M) | Time:00:00.00 | Mem:0.00M, Peak:0.00M | Scene, ViewLayer | Synchronizing object | Pauldrons
Fra:1 Mem:21.55M (Peak 21.55M) | Time:00:00.00 | Mem:0.00M, Peak:0.00M | Scene, ViewLayer | Synchronizing object | Glove
Fra:1 Mem:21.58M (Peak 21.58M) | Time:00:00.00 | Mem:0.00M, Peak:0.00M | Scene, ViewLayer | Synchronizing object | Shield Boss
Fra:1 Mem:21.63M (Peak 21.63M) | Time:00:00.00 | Mem:0.00M, Peak:0.00M | Scene, ViewLayer | Synchronizing object | Forearm Bracer
Fra:1 Mem:21.64M (Peak 21.64M) | Time:00:00.00 | Mem:0.00M, Peak:0.00M | Scene, ViewLayer | Synchronizing object | Cuff Trim
Fra:1 Mem:21.68M (Peak 21.68M) | Time:00:00.00 | Mem:0.00M, Peak:0.00M | Scene, ViewLayer | Synchronizing object | Shield Inlay
Fra:1 Mem:21.70M (Peak 21.70M) | Time:00:00.00 | Mem:0.00M, Peak:0.00M | Scene, ViewLayer | Synchronizing object | Shield Inlay.001
Fra:1 Mem:21.77M (Peak 21.77M) | Time:00:00.00 | Mem:0.00M, Peak:0.00M | Scene, ViewLayer | Synchronizing object | Pauldrons.001
Fra:1 Mem:21.80M (Peak 21.80M) | Time:00:00.00 | Mem:0.00M, Peak:0.00M | Scene, ViewLayer | Synchronizing object | Filled spell surface / Repeated ornament.002
Fra:1 Mem:21.81M (Peak 21.81M) | Time:00:00.00 | Mem:0.00M, Peak:0.00M | Scene, ViewLayer | Synchronizing object | Glove.001
Fra:1 Mem:21.84M (Peak 21.84M) | Time:00:00.00 | Mem:0.00M, Peak:0.00M | Scene, ViewLayer | Synchronizing object | Forearm Bracer.001
Fra:1 Mem:21.86M (Peak 21.86M) | Time:00:00.00 | Mem:0.00M, Peak:0.00M | Scene, ViewLayer | Synchronizing object | Cuff Trim.001
Fra:1 Mem:21.94M (Peak 21.94M) | Time:00:00.00 | Mem:0.00M, Peak:0.00M | Scene, ViewLayer | Synchronizing object | Filled spell surface / Repeated ornament.001
Fra:1 Mem:21.94M (Peak 21.94M) | Time:00:00.00 | Mem:0.00M, Peak:0.00M | Scene, ViewLayer | Synchronizing object | Wrapped Hilt
Fra:1 Mem:21.97M (Peak 21.97M) | Time:00:00.00 | Mem:0.00M, Peak:0.00M | Scene, ViewLayer | Synchronizing object | Gold Pommel
Fra:1 Mem:21.97M (Peak 21.97M) | Time:00:00.00 | Mem:0.00M, Peak:0.00M | Scene, ViewLayer | Synchronizing object | Crossguard
Fra:1 Mem:22.01M (Peak 22.01M) | Time:00:00.00 | Mem:0.00M, Peak:0.00M | Scene, ViewLayer | Synchronizing object | Forged Sword
Fra:1 Mem:22.02M (Peak 22.02M) | Time:00:00.00 | Mem:0.00M, Peak:0.00M | Scene, ViewLayer | Synchronizing object | Blade Fuller
Fra:1 Mem:22.03M (Peak 22.03M) | Time:00:00.00 | Mem:0.00M, Peak:0.00M | Scene, ViewLayer | Synchronizing object | Tailored Cloak
Fra:1 Mem:22.07M (Peak 22.07M) | Time:00:00.00 | Mem:0.00M, Peak:0.00M | Scene, ViewLayer | Synchronizing object | Collar
Fra:1 Mem:22.10M (Peak 22.10M) | Time:00:00.00 | Mem:0.00M, Peak:0.00M | Scene, ViewLayer | Synchronizing object | Cuirass
Fra:1 Mem:22.11M (Peak 22.11M) | Time:00:00.00 | Mem:0.00M, Peak:0.00M | Scene, ViewLayer | Synchronizing object | Knee Guard.001
Fra:1 Mem:22.12M (Peak 22.12M) | Time:00:00.00 | Mem:0.00M, Peak:0.00M | Scene, ViewLayer | Synchronizing object | Overlapping Armor.002
Fra:1 Mem:22.25M (Peak 22.25M) | Time:00:00.00 | Mem:0.00M, Peak:0.00M | Scene, ViewLayer | Synchronizing object | Chest Crest
Fra:1 Mem:22.27M (Peak 22.27M) | Time:00:00.00 | Mem:0.00M, Peak:0.00M | Scene, ViewLayer | Synchronizing object | Armor Tasset
Fra:1 Mem:22.28M (Peak 22.28M) | Time:00:00.00 | Mem:0.00M, Peak:0.00M | Scene, ViewLayer | Synchronizing object | Shin Guard.001
Fra:1 Mem:22.29M (Peak 22.29M) | Time:00:00.00 | Mem:0.00M, Peak:0.00M | Scene, ViewLayer | Synchronizing object | Head
Fra:1 Mem:22.37M (Peak 22.37M) | Time:00:00.00 | Mem:0.00M, Peak:0.00M | Scene, ViewLayer | Synchronizing object | Eyes L
Fra:1 Mem:22.40M (Peak 22.40M) | Time:00:00.00 | Mem:0.00M, Peak:0.00M | Scene, ViewLayer | Synchronizing object | Eyes R
Fra:1 Mem:22.41M (Peak 22.41M) | Time:00:00.00 | Mem:0.00M, Peak:0.00M | Scene, ViewLayer | Synchronizing object | Helmet
Fra:1 Mem:22.47M (Peak 22.47M) | Time:00:00.00 | Mem:0.00M, Peak:0.00M | Scene, ViewLayer | Synchronizing object | Helmet Crest
Fra:1 Mem:22.47M (Peak 22.47M) | Time:00:00.00 | Mem:0.00M, Peak:0.00M | Scene, ViewLayer | Synchronizing object | Nose Guard
Fra:1 Mem:22.52M (Peak 22.52M) | Time:00:00.00 | Mem:0.00M, Peak:0.00M | Scene, ViewLayer | Synchronizing object | Hair Side Lock
Fra:1 Mem:22.55M (Peak 22.55M) | Time:00:00.00 | Mem:0.00M, Peak:0.00M | Scene, ViewLayer | Synchronizing object | Ear
Fra:1 Mem:22.56M (Peak 22.56M) | Time:00:00.00 | Mem:0.00M, Peak:0.00M | Scene, ViewLayer | Synchronizing object | Hair Side Lock.001
Fra:1 Mem:22.63M (Peak 22.63M) | Time:00:00.00 | Mem:0.00M, Peak:0.00M | Scene, ViewLayer | Synchronizing object | Ear.001
Fra:1 Mem:22.67M (Peak 22.67M) | Time:00:00.00 | Mem:0.00M, Peak:0.00M | Scene, ViewLayer | Synchronizing object | Nose
Fra:1 Mem:22.69M (Peak 22.69M) | Time:00:00.00 | Mem:0.00M, Peak:0.00M | Scene, ViewLayer | Synchronizing object | Helmet Cheek Guard
Fra:1 Mem:22.72M (Peak 22.72M) | Time:00:00.00 | Mem:0.00M, Peak:0.00M | Scene, ViewLayer | Synchronizing object | Helmet Cheek Guard.001
Fra:1 Mem:22.80M (Peak 22.80M) | Time:00:00.00 | Mem:0.00M, Peak:0.00M | Scene, ViewLayer | Synchronizing object | Trouser
Fra:1 Mem:22.82M (Peak 22.82M) | Time:00:00.00 | Mem:0.00M, Peak:0.00M | Scene, ViewLayer | Synchronizing object | Shin Guard
Fra:1 Mem:22.83M (Peak 22.83M) | Time:00:00.00 | Mem:0.00M, Peak:0.00M | Scene, ViewLayer | Synchronizing object | Boot.001
Fra:1 Mem:22.93M (Peak 22.93M) | Time:00:00.00 | Mem:0.00M, Peak:0.00M | Scene, ViewLayer | Synchronizing object | Trouser.001
Fra:1 Mem:22.99M (Peak 22.99M) | Time:00:00.00 | Mem:0.00M, Peak:0.00M | Scene, ViewLayer | Initializing
Fra:1 Mem:18.82M (Peak 22.99M) | Time:00:00.01 | Mem:0.00M, Peak:0.00M | Scene, ViewLayer | Waiting for render to start
Fra:1 Mem:18.82M (Peak 22.99M) | Time:00:00.01 | Mem:0.00M, Peak:0.00M | Scene, ViewLayer | Loading render kernels (may take a few minutes the first time)
Fra:1 Mem:18.82M (Peak 22.99M) | Time:00:00.01 | Mem:0.00M, Peak:0.00M | Scene, ViewLayer | Updating Scene
Fra:1 Mem:18.82M (Peak 22.99M) | Time:00:00.01 | Mem:0.00M, Peak:0.00M | Scene, ViewLayer | Updating Shaders
Fra:1 Mem:18.94M (Peak 22.99M) | Time:00:00.01 | Mem:0.04M, Peak:0.04M | Scene, ViewLayer | Updating Procedurals
Fra:1 Mem:18.94M (Peak 22.99M) | Time:00:00.01 | Mem:0.04M, Peak:0.04M | Scene, ViewLayer | Updating Background
Fra:1 Mem:18.94M (Peak 22.99M) | Time:00:00.01 | Mem:0.04M, Peak:0.04M | Scene, ViewLayer | Updating Camera
Fra:1 Mem:18.94M (Peak 22.99M) | Time:00:00.01 | Mem:0.04M, Peak:0.04M | Scene, ViewLayer | Updating Meshes Flags
Fra:1 Mem:18.94M (Peak 22.99M) | Time:00:00.01 | Mem:0.04M, Peak:0.04M | Scene, ViewLayer | Updating Objects
Fra:1 Mem:18.94M (Peak 22.99M) | Time:00:00.01 | Mem:0.04M, Peak:0.04M | Scene, ViewLayer | Updating Objects | Copying Transformations to device
Fra:1 Mem:18.95M (Peak 22.99M) | Time:00:00.01 | Mem:0.05M, Peak:0.05M | Scene, ViewLayer | Updating Objects | Applying Static Transformations
Fra:1 Mem:18.95M (Peak 22.99M) | Time:00:00.01 | Mem:0.05M, Peak:0.05M | Scene, ViewLayer | Updating Particle Systems
Fra:1 Mem:18.95M (Peak 22.99M) | Time:00:00.01 | Mem:0.05M, Peak:0.05M | Scene, ViewLayer | Updating Particle Systems | Copying Particles to device
Fra:1 Mem:18.95M (Peak 22.99M) | Time:00:00.01 | Mem:0.05M, Peak:0.05M | Scene, ViewLayer | Updating Meshes
Fra:1 Mem:19.19M (Peak 22.99M) | Time:00:00.01 | Mem:0.05M, Peak:0.05M | Scene, ViewLayer | Updating Mesh | Computing attributes
Fra:1 Mem:19.33M (Peak 22.99M) | Time:00:00.01 | Mem:0.05M, Peak:0.05M | Scene, ViewLayer | Updating Mesh | Copying Attributes to device
Fra:1 Mem:19.33M (Peak 22.99M) | Time:00:00.01 | Mem:0.19M, Peak:0.19M | Scene, ViewLayer | Updating Scene BVH | Building
Fra:1 Mem:19.33M (Peak 22.99M) | Time:00:00.01 | Mem:0.19M, Peak:0.19M | Scene, ViewLayer | Updating Scene BVH | Building BVH
Fra:1 Mem:19.33M (Peak 22.99M) | Time:00:00.01 | Mem:0.66M, Peak:0.66M | Scene, ViewLayer | Updating Scene BVH | Building BVH 0%
Fra:1 Mem:19.33M (Peak 22.99M) | Time:00:00.01 | Mem:1.23M, Peak:1.70M | Scene, ViewLayer | Updating Scene BVH | Copying BVH to device
Fra:1 Mem:19.33M (Peak 22.99M) | Time:00:00.01 | Mem:1.23M, Peak:1.70M | Scene, ViewLayer | Updating Mesh | Computing normals
Fra:1 Mem:19.97M (Peak 22.99M) | Time:00:00.01 | Mem:1.23M, Peak:1.70M | Scene, ViewLayer | Updating Mesh | Copying Mesh to device
Fra:1 Mem:19.97M (Peak 22.99M) | Time:00:00.01 | Mem:1.87M, Peak:1.87M | Scene, ViewLayer | Updating Objects Flags
Fra:1 Mem:19.97M (Peak 22.99M) | Time:00:00.01 | Mem:1.87M, Peak:1.87M | Scene, ViewLayer | Updating Primitive Offsets
Fra:1 Mem:19.97M (Peak 22.99M) | Time:00:00.01 | Mem:1.87M, Peak:1.87M | Scene, ViewLayer | Updating Images
Fra:1 Mem:19.97M (Peak 22.99M) | Time:00:00.01 | Mem:1.87M, Peak:1.87M | Scene, ViewLayer | Updating Camera Volume
Fra:1 Mem:19.97M (Peak 22.99M) | Time:00:00.01 | Mem:1.87M, Peak:1.87M | Scene, ViewLayer | Updating Lookup Tables
Fra:1 Mem:19.97M (Peak 22.99M) | Time:00:00.01 | Mem:1.96M, Peak:1.96M | Scene, ViewLayer | Updating Lights
Fra:1 Mem:19.97M (Peak 22.99M) | Time:00:00.01 | Mem:1.96M, Peak:1.96M | Scene, ViewLayer | Updating Lights | Computing tree
Fra:1 Mem:19.98M (Peak 22.99M) | Time:00:00.01 | Mem:1.96M, Peak:1.96M | Scene, ViewLayer | Updating Integrator
Fra:1 Mem:19.98M (Peak 22.99M) | Time:00:00.01 | Mem:1.96M, Peak:1.96M | Scene, ViewLayer | Updating Film
Fra:1 Mem:19.98M (Peak 22.99M) | Time:00:00.01 | Mem:1.88M, Peak:1.96M | Scene, ViewLayer | Updating Lookup Tables
Fra:1 Mem:19.98M (Peak 22.99M) | Time:00:00.01 | Mem:1.96M, Peak:1.96M | Scene, ViewLayer | Updating Baking
Fra:1 Mem:19.98M (Peak 22.99M) | Time:00:00.01 | Mem:1.96M, Peak:1.96M | Scene, ViewLayer | Updating Device | Writing constant memory
Fra:1 Mem:19.98M (Peak 22.99M) | Time:00:00.01 | Mem:1.96M, Peak:1.96M | Scene, ViewLayer | Sample 0/32
Fra:1 Mem:31.96M (Peak 31.96M) | Time:00:00.15 | Remaining:00:04.24 | Mem:13.91M, Peak:13.91M | Scene, ViewLayer | Sample 1/32
Fra:1 Mem:37.27M (Peak 47.89M) | Time:00:04.04 | Mem:13.91M, Peak:13.91M | Scene, ViewLayer | Sample 32/32
Fra:1 Mem:37.27M (Peak 47.89M) | Time:00:04.04 | Mem:13.91M, Peak:13.91M | Scene, ViewLayer | Finished
Saved: '/workspace/scratch/blender-upgrade/f6-coverage/ArtSource/DefenseIdentity/Before-guard.png'
Time: 00:04.19 (Saving: 00:00.14)

Fra:1 Mem:25.39M (Peak 25.39M) | Time:00:00.00 | Mem:0.00M, Peak:0.00M | Scene, ViewLayer | Synchronizing object | Plane
Fra:1 Mem:25.40M (Peak 25.40M) | Time:00:00.00 | Mem:0.00M, Peak:0.00M | Scene, ViewLayer | Synchronizing object | Buckle
Fra:1 Mem:25.41M (Peak 25.41M) | Time:00:00.00 | Mem:0.00M, Peak:0.00M | Scene, ViewLayer | Synchronizing object | Pauldrons
Fra:1 Mem:25.48M (Peak 25.48M) | Time:00:00.00 | Mem:0.00M, Peak:0.00M | Scene, ViewLayer | Synchronizing object | Glove
Fra:1 Mem:25.54M (Peak 25.54M) | Time:00:00.00 | Mem:0.00M, Peak:0.00M | Scene, ViewLayer | Synchronizing object | Round Shield
Fra:1 Mem:25.57M (Peak 25.57M) | Time:00:00.00 | Mem:0.00M, Peak:0.00M | Scene, ViewLayer | Synchronizing object | Shield Boss
Fra:1 Mem:25.57M (Peak 25.57M) | Time:00:00.00 | Mem:0.00M, Peak:0.00M | Scene, ViewLayer | Synchronizing object | Forearm Bracer
Fra:1 Mem:25.61M (Peak 25.61M) | Time:00:00.00 | Mem:0.00M, Peak:0.00M | Scene, ViewLayer | Synchronizing object | Cuff Trim
Fra:1 Mem:25.67M (Peak 25.67M) | Time:00:00.00 | Mem:0.00M, Peak:0.00M | Scene, ViewLayer | Synchronizing object | Shield Inlay
Fra:1 Mem:25.69M (Peak 25.69M) | Time:00:00.00 | Mem:0.00M, Peak:0.00M | Scene, ViewLayer | Synchronizing object | Shield Inlay.001
Fra:1 Mem:25.70M (Peak 25.70M) | Time:00:00.00 | Mem:0.00M, Peak:0.00M | Scene, ViewLayer | Synchronizing object | Pauldrons.001
Fra:1 Mem:25.75M (Peak 25.75M) | Time:00:00.00 | Mem:0.00M, Peak:0.00M | Scene, ViewLayer | Synchronizing object | Filled spell surface / Repeated ornament.002
Fra:1 Mem:25.78M (Peak 25.78M) | Time:00:00.00 | Mem:0.00M, Peak:0.00M | Scene, ViewLayer | Synchronizing object | Sleeve.001
Fra:1 Mem:25.78M (Peak 25.78M) | Time:00:00.00 | Mem:0.00M, Peak:0.00M | Scene, ViewLayer | Synchronizing object | Forearm Bracer.001
Fra:1 Mem:25.86M (Peak 25.86M) | Time:00:00.00 | Mem:0.00M, Peak:0.00M | Scene, ViewLayer | Synchronizing object | Cuff Trim.001
Fra:1 Mem:25.89M (Peak 25.89M) | Time:00:00.00 | Mem:0.00M, Peak:0.00M | Scene, ViewLayer | Synchronizing object | Filled spell surface / Repeated ornament.001
Fra:1 Mem:25.92M (Peak 25.92M) | Time:00:00.00 | Mem:0.00M, Peak:0.00M | Scene, ViewLayer | Synchronizing object | Wrapped Hilt
Fra:1 Mem:25.93M (Peak 25.93M) | Time:00:00.00 | Mem:0.00M, Peak:0.00M | Scene, ViewLayer | Synchronizing object | Gold Pommel
Fra:1 Mem:25.94M (Peak 25.94M) | Time:00:00.00 | Mem:0.00M, Peak:0.00M | Scene, ViewLayer | Synchronizing object | Crossguard
Fra:1 Mem:25.96M (Peak 25.96M) | Time:00:00.00 | Mem:0.00M, Peak:0.00M | Scene, ViewLayer | Synchronizing object | Forged Sword
Fra:1 Mem:25.98M (Peak 25.98M) | Time:00:00.00 | Mem:0.00M, Peak:0.00M | Scene, ViewLayer | Synchronizing object | Blade Fuller
Fra:1 Mem:26.02M (Peak 26.02M) | Time:00:00.00 | Mem:0.00M, Peak:0.00M | Scene, ViewLayer | Synchronizing object | Filled spell surface / Repeated ornament
Fra:1 Mem:26.02M (Peak 26.02M) | Time:00:00.00 | Mem:0.00M, Peak:0.00M | Scene, ViewLayer | Synchronizing object | Collar
Fra:1 Mem:26.03M (Peak 26.03M) | Time:00:00.00 | Mem:0.00M, Peak:0.00M | Scene, ViewLayer | Synchronizing object | Cuirass
Fra:1 Mem:26.08M (Peak 26.08M) | Time:00:00.00 | Mem:0.00M, Peak:0.00M | Scene, ViewLayer | Synchronizing object | Overlapping Armor
Fra:1 Mem:26.11M (Peak 26.11M) | Time:00:00.00 | Mem:0.00M, Peak:0.00M | Scene, ViewLayer | Synchronizing object | Overlapping Armor.001
Fra:1 Mem:26.12M (Peak 26.12M) | Time:00:00.00 | Mem:0.00M, Peak:0.00M | Scene, ViewLayer | Synchronizing object | Overlapping Armor.002
Fra:1 Mem:26.14M (Peak 26.14M) | Time:00:00.00 | Mem:0.00M, Peak:0.00M | Scene, ViewLayer | Synchronizing object | Chest Crest
Fra:1 Mem:26.18M (Peak 26.18M) | Time:00:00.00 | Mem:0.00M, Peak:0.00M | Scene, ViewLayer | Synchronizing object | Armor Tasset
Fra:1 Mem:26.26M (Peak 26.26M) | Time:00:00.00 | Mem:0.00M, Peak:0.00M | Scene, ViewLayer | Synchronizing object | Armor Tasset.001
Fra:1 Mem:26.28M (Peak 26.28M) | Time:00:00.00 | Mem:0.00M, Peak:0.00M | Scene, ViewLayer | Synchronizing object | Eyes L
Fra:1 Mem:26.29M (Peak 26.29M) | Time:00:00.00 | Mem:0.00M, Peak:0.00M | Scene, ViewLayer | Synchronizing object | Eyes R
Fra:1 Mem:26.39M (Peak 26.39M) | Time:00:00.00 | Mem:0.00M, Peak:0.00M | Scene, ViewLayer | Synchronizing object | Shin Guard.001
Fra:1 Mem:26.43M (Peak 26.43M) | Time:00:00.00 | Mem:0.00M, Peak:0.00M | Scene, ViewLayer | Synchronizing object | Helmet
Fra:1 Mem:26.46M (Peak 26.46M) | Time:00:00.00 | Mem:0.00M, Peak:0.00M | Scene, ViewLayer | Synchronizing object | Helmet Crest
Fra:1 Mem:26.46M (Peak 26.46M) | Time:00:00.00 | Mem:0.00M, Peak:0.00M | Scene, ViewLayer | Synchronizing object | Hair Side Lock
Fra:1 Mem:26.52M (Peak 26.52M) | Time:00:00.00 | Mem:0.00M, Peak:0.00M | Scene, ViewLayer | Synchronizing object | Ear
Fra:1 Mem:26.59M (Peak 26.59M) | Time:00:00.00 | Mem:0.00M, Peak:0.00M | Scene, ViewLayer | Synchronizing object | Boot.001
Fra:1 Mem:26.61M (Peak 26.61M) | Time:00:00.00 | Mem:0.00M, Peak:0.00M | Scene, ViewLayer | Synchronizing object | Hair Side Lock.001
Fra:1 Mem:26.62M (Peak 26.62M) | Time:00:00.00 | Mem:0.00M, Peak:0.00M | Scene, ViewLayer | Synchronizing object | Ear.001
Fra:1 Mem:26.65M (Peak 26.65M) | Time:00:00.00 | Mem:0.00M, Peak:0.00M | Scene, ViewLayer | Synchronizing object | Nose
Fra:1 Mem:26.70M (Peak 26.70M) | Time:00:00.00 | Mem:0.00M, Peak:0.00M | Scene, ViewLayer | Synchronizing object | Trouser.001
Fra:1 Mem:26.73M (Peak 26.73M) | Time:00:00.00 | Mem:0.00M, Peak:0.00M | Scene, ViewLayer | Synchronizing object | Helmet Cheek Guard
Fra:1 Mem:26.78M (Peak 26.78M) | Time:00:00.00 | Mem:0.00M, Peak:0.00M | Scene, ViewLayer | Synchronizing object | Helmet Cheek Guard.001
Fra:1 Mem:26.79M (Peak 26.79M) | Time:00:00.00 | Mem:0.00M, Peak:0.00M | Scene, ViewLayer | Synchronizing object | Boot
Fra:1 Mem:26.85M (Peak 26.85M) | Time:00:00.00 | Mem:0.00M, Peak:0.00M | Scene, ViewLayer | Synchronizing object | Knee Guard
Fra:1 Mem:26.87M (Peak 26.87M) | Time:00:00.00 | Mem:0.00M, Peak:0.00M | Scene, ViewLayer | Synchronizing object | Shin Guard
Fra:1 Mem:26.95M (Peak 26.95M) | Time:00:00.00 | Mem:0.00M, Peak:0.00M | Scene, ViewLayer | Initializing
Fra:1 Mem:22.78M (Peak 26.95M) | Time:00:00.00 | Mem:0.00M, Peak:0.00M | Scene, ViewLayer | Waiting for render to start
Fra:1 Mem:22.78M (Peak 26.95M) | Time:00:00.00 | Mem:0.00M, Peak:0.00M | Scene, ViewLayer | Loading render kernels (may take a few minutes the first time)
Fra:1 Mem:22.78M (Peak 26.95M) | Time:00:00.00 | Mem:0.00M, Peak:0.00M | Scene, ViewLayer | Updating Scene
Fra:1 Mem:22.78M (Peak 26.95M) | Time:00:00.00 | Mem:0.00M, Peak:0.00M | Scene, ViewLayer | Updating Shaders
Fra:1 Mem:22.90M (Peak 26.95M) | Time:00:00.00 | Mem:0.04M, Peak:0.04M | Scene, ViewLayer | Updating Procedurals
Fra:1 Mem:22.90M (Peak 26.95M) | Time:00:00.00 | Mem:0.04M, Peak:0.04M | Scene, ViewLayer | Updating Background
Fra:1 Mem:22.90M (Peak 26.95M) | Time:00:00.00 | Mem:0.04M, Peak:0.04M | Scene, ViewLayer | Updating Camera
Fra:1 Mem:22.90M (Peak 26.95M) | Time:00:00.00 | Mem:0.04M, Peak:0.04M | Scene, ViewLayer | Updating Meshes Flags
Fra:1 Mem:22.90M (Peak 26.95M) | Time:00:00.00 | Mem:0.04M, Peak:0.04M | Scene, ViewLayer | Updating Objects
Fra:1 Mem:22.90M (Peak 26.95M) | Time:00:00.00 | Mem:0.04M, Peak:0.04M | Scene, ViewLayer | Updating Objects | Copying Transformations to device
Fra:1 Mem:22.92M (Peak 26.95M) | Time:00:00.00 | Mem:0.05M, Peak:0.05M | Scene, ViewLayer | Updating Objects | Applying Static Transformations
Fra:1 Mem:22.92M (Peak 26.95M) | Time:00:00.00 | Mem:0.05M, Peak:0.05M | Scene, ViewLayer | Updating Particle Systems
Fra:1 Mem:22.92M (Peak 26.95M) | Time:00:00.00 | Mem:0.05M, Peak:0.05M | Scene, ViewLayer | Updating Particle Systems | Copying Particles to device
Fra:1 Mem:22.92M (Peak 26.95M) | Time:00:00.00 | Mem:0.05M, Peak:0.05M | Scene, ViewLayer | Updating Meshes
Fra:1 Mem:23.15M (Peak 26.95M) | Time:00:00.00 | Mem:0.05M, Peak:0.05M | Scene, ViewLayer | Updating Mesh | Computing attributes
Fra:1 Mem:23.30M (Peak 26.95M) | Time:00:00.00 | Mem:0.05M, Peak:0.05M | Scene, ViewLayer | Updating Mesh | Copying Attributes to device
Fra:1 Mem:23.29M (Peak 26.95M) | Time:00:00.00 | Mem:0.19M, Peak:0.19M | Scene, ViewLayer | Updating Scene BVH | Building
Fra:1 Mem:23.29M (Peak 26.95M) | Time:00:00.00 | Mem:0.19M, Peak:0.19M | Scene, ViewLayer | Updating Scene BVH | Building BVH
Fra:1 Mem:23.29M (Peak 26.95M) | Time:00:00.00 | Mem:0.66M, Peak:0.66M | Scene, ViewLayer | Updating Scene BVH | Building BVH 0%
Fra:1 Mem:23.29M (Peak 26.95M) | Time:00:00.01 | Mem:1.23M, Peak:1.70M | Scene, ViewLayer | Updating Scene BVH | Copying BVH to device
Fra:1 Mem:23.29M (Peak 26.95M) | Time:00:00.01 | Mem:1.23M, Peak:1.70M | Scene, ViewLayer | Updating Mesh | Computing normals
Fra:1 Mem:23.94M (Peak 26.95M) | Time:00:00.01 | Mem:1.23M, Peak:1.70M | Scene, ViewLayer | Updating Mesh | Copying Mesh to device
Fra:1 Mem:23.94M (Peak 26.95M) | Time:00:00.01 | Mem:1.87M, Peak:1.87M | Scene, ViewLayer | Updating Objects Flags
Fra:1 Mem:23.94M (Peak 26.95M) | Time:00:00.01 | Mem:1.87M, Peak:1.87M | Scene, ViewLayer | Updating Primitive Offsets
Fra:1 Mem:23.94M (Peak 26.95M) | Time:00:00.01 | Mem:1.87M, Peak:1.87M | Scene, ViewLayer | Updating Images
Fra:1 Mem:23.94M (Peak 26.95M) | Time:00:00.01 | Mem:1.87M, Peak:1.87M | Scene, ViewLayer | Updating Camera Volume
Fra:1 Mem:23.94M (Peak 26.95M) | Time:00:00.01 | Mem:1.87M, Peak:1.87M | Scene, ViewLayer | Updating Lookup Tables
Fra:1 Mem:23.94M (Peak 26.95M) | Time:00:00.01 | Mem:1.96M, Peak:1.96M | Scene, ViewLayer | Updating Lights
Fra:1 Mem:23.94M (Peak 26.95M) | Time:00:00.01 | Mem:1.96M, Peak:1.96M | Scene, ViewLayer | Updating Lights | Computing tree
Fra:1 Mem:23.94M (Peak 26.95M) | Time:00:00.01 | Mem:1.96M, Peak:1.96M | Scene, ViewLayer | Updating Integrator
Fra:1 Mem:23.94M (Peak 26.95M) | Time:00:00.01 | Mem:1.96M, Peak:1.96M | Scene, ViewLayer | Updating Film
Fra:1 Mem:23.94M (Peak 26.95M) | Time:00:00.01 | Mem:1.88M, Peak:1.96M | Scene, ViewLayer | Updating Lookup Tables
Fra:1 Mem:23.94M (Peak 26.95M) | Time:00:00.01 | Mem:1.96M, Peak:1.96M | Scene, ViewLayer | Updating Baking
Fra:1 Mem:23.94M (Peak 26.95M) | Time:00:00.01 | Mem:1.96M, Peak:1.96M | Scene, ViewLayer | Updating Device | Writing constant memory
Fra:1 Mem:23.94M (Peak 26.95M) | Time:00:00.01 | Mem:1.96M, Peak:1.96M | Scene, ViewLayer | Sample 0/32
Fra:1 Mem:35.92M (Peak 35.92M) | Time:00:00.14 | Remaining:00:04.29 | Mem:13.91M, Peak:13.91M | Scene, ViewLayer | Sample 1/32
Fra:1 Mem:41.23M (Peak 51.85M) | Time:00:04.58 | Mem:13.91M, Peak:13.91M | Scene, ViewLayer | Sample 32/32
Fra:1 Mem:41.23M (Peak 51.85M) | Time:00:04.58 | Mem:13.91M, Peak:13.91M | Scene, ViewLayer | Finished
Saved: '/workspace/scratch/blender-upgrade/f6-coverage/ArtSource/DefenseIdentity/Before-passive.png'
Time: 00:04.61 (Saving: 00:00.03)

Fra:1 Mem:28.94M (Peak 28.94M) | Time:00:00.00 | Mem:0.00M, Peak:0.00M | Scene, ViewLayer | Synchronizing object | Plane
Fra:1 Mem:28.95M (Peak 28.95M) | Time:00:00.00 | Mem:0.00M, Peak:0.00M | Scene, ViewLayer | Synchronizing object | Buckle
Fra:1 Mem:28.95M (Peak 28.95M) | Time:00:00.00 | Mem:0.00M, Peak:0.00M | Scene, ViewLayer | Synchronizing object | Pauldrons
Fra:1 Mem:29.04M (Peak 29.04M) | Time:00:00.00 | Mem:0.00M, Peak:0.00M | Scene, ViewLayer | Synchronizing object | Sleeve
Fra:1 Mem:29.06M (Peak 29.07M) | Time:00:00.00 | Mem:0.00M, Peak:0.00M | Scene, ViewLayer | Synchronizing object | Glove
Fra:1 Mem:29.09M (Peak 29.09M) | Time:00:00.00 | Mem:0.00M, Peak:0.00M | Scene, ViewLayer | Synchronizing object | Round Shield
Fra:1 Mem:29.14M (Peak 29.14M) | Time:00:00.00 | Mem:0.00M, Peak:0.00M | Scene, ViewLayer | Synchronizing object | Shield Boss
Fra:1 Mem:29.15M (Peak 29.15M) | Time:00:00.00 | Mem:0.00M, Peak:0.00M | Scene, ViewLayer | Synchronizing object | Forearm Bracer
Fra:1 Mem:29.20M (Peak 29.20M) | Time:00:00.00 | Mem:0.00M, Peak:0.00M | Scene, ViewLayer | Synchronizing object | Shield Inlay
Fra:1 Mem:29.21M (Peak 29.21M) | Time:00:00.00 | Mem:0.00M, Peak:0.00M | Scene, ViewLayer | Synchronizing object | Filled spell surface / Identity preparation
Fra:1 Mem:29.27M (Peak 29.27M) | Time:00:00.00 | Mem:0.00M, Peak:0.00M | Scene, ViewLayer | Synchronizing object | Shield Inlay.001
Fra:1 Mem:29.31M (Peak 29.31M) | Time:00:00.00 | Mem:0.00M, Peak:0.00M | Scene, ViewLayer | Synchronizing object | Pauldrons.001
Fra:1 Mem:29.34M (Peak 29.34M) | Time:00:00.00 | Mem:0.00M, Peak:0.00M | Scene, ViewLayer | Synchronizing object | Sleeve.001
Fra:1 Mem:29.42M (Peak 29.42M) | Time:00:00.00 | Mem:0.00M, Peak:0.00M | Scene, ViewLayer | Synchronizing object | Glove.001
Fra:1 Mem:29.42M (Peak 29.42M) | Time:00:00.00 | Mem:0.00M, Peak:0.00M | Scene, ViewLayer | Synchronizing object | Knee Guard.001
Fra:1 Mem:29.50M (Peak 29.50M) | Time:00:00.00 | Mem:0.00M, Peak:0.00M | Scene, ViewLayer | Synchronizing object | Wrapped Hilt
Fra:1 Mem:29.54M (Peak 29.54M) | Time:00:00.00 | Mem:0.00M, Peak:0.00M | Scene, ViewLayer | Synchronizing object | Gold Pommel
Fra:1 Mem:29.57M (Peak 29.57M) | Time:00:00.00 | Mem:0.00M, Peak:0.00M | Scene, ViewLayer | Synchronizing object | Crossguard
Fra:1 Mem:29.58M (Peak 29.58M) | Time:00:00.00 | Mem:0.00M, Peak:0.00M | Scene, ViewLayer | Synchronizing object | Blade Fuller
Fra:1 Mem:29.62M (Peak 29.62M) | Time:00:00.00 | Mem:0.00M, Peak:0.00M | Scene, ViewLayer | Synchronizing object | Shin Guard.001
Fra:1 Mem:29.66M (Peak 29.66M) | Time:00:00.00 | Mem:0.00M, Peak:0.00M | Scene, ViewLayer | Synchronizing object | Tailored Cloak
Fra:1 Mem:29.67M (Peak 29.67M) | Time:00:00.00 | Mem:0.00M, Peak:0.00M | Scene, ViewLayer | Synchronizing object | Collar
Fra:1 Mem:29.69M (Peak 29.69M) | Time:00:00.00 | Mem:0.00M, Peak:0.00M | Scene, ViewLayer | Synchronizing object | Overlapping Armor
Fra:1 Mem:29.75M (Peak 29.75M) | Time:00:00.00 | Mem:0.00M, Peak:0.00M | Scene, ViewLayer | Synchronizing object | Overlapping Armor.001
Fra:1 Mem:29.78M (Peak 29.78M) | Time:00:00.00 | Mem:0.00M, Peak:0.00M | Scene, ViewLayer | Synchronizing object | Chest Crest
Fra:1 Mem:29.79M (Peak 29.79M) | Time:00:00.00 | Mem:0.00M, Peak:0.00M | Scene, ViewLayer | Synchronizing object | Armor Tasset
Fra:1 Mem:29.87M (Peak 29.87M) | Time:00:00.00 | Mem:0.00M, Peak:0.00M | Scene, ViewLayer | Synchronizing object | Trouser.001
Fra:1 Mem:29.87M (Peak 29.87M) | Time:00:00.00 | Mem:0.00M, Peak:0.00M | Scene, ViewLayer | Synchronizing object | Armor Tasset.001
Fra:1 Mem:29.87M (Peak 29.87M) | Time:00:00.00 | Mem:0.00M, Peak:0.00M | Scene, ViewLayer | Synchronizing object | Head
Fra:1 Mem:29.93M (Peak 29.93M) | Time:00:00.00 | Mem:0.00M, Peak:0.00M | Scene, ViewLayer | Synchronizing object | Eyes L
Fra:1 Mem:30.02M (Peak 30.02M) | Time:00:00.00 | Mem:0.00M, Peak:0.00M | Scene, ViewLayer | Synchronizing object | Eyes R
Fra:1 Mem:30.03M (Peak 30.03M) | Time:00:00.00 | Mem:0.00M, Peak:0.00M | Scene, ViewLayer | Synchronizing object | Helmet
Fra:1 Mem:30.06M (Peak 30.06M) | Time:00:00.00 | Mem:0.00M, Peak:0.00M | Scene, ViewLayer | Synchronizing object | Helmet Crest
Fra:1 Mem:30.10M (Peak 30.10M) | Time:00:00.00 | Mem:0.00M, Peak:0.00M | Scene, ViewLayer | Synchronizing object | Nose Guard
Fra:1 Mem:30.18M (Peak 30.18M) | Time:00:00.00 | Mem:0.00M, Peak:0.00M | Scene, ViewLayer | Synchronizing object | Hair Side Lock
Fra:1 Mem:30.20M (Peak 30.20M) | Time:00:00.00 | Mem:0.00M, Peak:0.00M | Scene, ViewLayer | Synchronizing object | Ear
Fra:1 Mem:30.22M (Peak 30.22M) | Time:00:00.00 | Mem:0.00M, Peak:0.00M | Scene, ViewLayer | Synchronizing object | Shin Guard
Fra:1 Mem:30.27M (Peak 30.27M) | Time:00:00.00 | Mem:0.00M, Peak:0.00M | Scene, ViewLayer | Synchronizing object | Hair Side Lock.001
Fra:1 Mem:30.28M (Peak 30.28M) | Time:00:00.00 | Mem:0.00M, Peak:0.00M | Scene, ViewLayer | Synchronizing object | Ear.001
Fra:1 Mem:30.36M (Peak 30.36M) | Time:00:00.00 | Mem:0.00M, Peak:0.00M | Scene, ViewLayer | Synchronizing object | Nose
Fra:1 Mem:30.36M (Peak 30.36M) | Time:00:00.00 | Mem:0.00M, Peak:0.00M | Scene, ViewLayer | Synchronizing object | Boot
Fra:1 Mem:30.39M (Peak 30.39M) | Time:00:00.00 | Mem:0.00M, Peak:0.00M | Scene, ViewLayer | Synchronizing object | Helmet Cheek Guard
Fra:1 Mem:30.42M (Peak 30.42M) | Time:00:00.00 | Mem:0.00M, Peak:0.00M | Scene, ViewLayer | Synchronizing object | Helmet Cheek Guard.001
Fra:1 Mem:30.44M (Peak 30.44M) | Time:00:00.00 | Mem:0.00M, Peak:0.00M | Scene, ViewLayer | Synchronizing object | Trouser
Fra:1 Mem:30.52M (Peak 30.52M) | Time:00:00.00 | Mem:0.00M, Peak:0.00M | Scene, ViewLayer | Initializing
Fra:1 Mem:26.51M (Peak 30.52M) | Time:00:00.00 | Mem:0.00M, Peak:0.00M | Scene, ViewLayer | Waiting for render to start
Fra:1 Mem:26.51M (Peak 30.52M) | Time:00:00.00 | Mem:0.00M, Peak:0.00M | Scene, ViewLayer | Loading render kernels (may take a few minutes the first time)
Fra:1 Mem:26.51M (Peak 30.52M) | Time:00:00.00 | Mem:0.00M, Peak:0.00M | Scene, ViewLayer | Updating Scene
Fra:1 Mem:26.51M (Peak 30.52M) | Time:00:00.00 | Mem:0.00M, Peak:0.00M | Scene, ViewLayer | Updating Shaders
Fra:1 Mem:26.63M (Peak 30.52M) | Time:00:00.00 | Mem:0.04M, Peak:0.04M | Scene, ViewLayer | Updating Procedurals
Fra:1 Mem:26.63M (Peak 30.52M) | Time:00:00.00 | Mem:0.04M, Peak:0.04M | Scene, ViewLayer | Updating Background
Fra:1 Mem:26.63M (Peak 30.52M) | Time:00:00.00 | Mem:0.04M, Peak:0.04M | Scene, ViewLayer | Updating Camera
Fra:1 Mem:26.63M (Peak 30.52M) | Time:00:00.00 | Mem:0.04M, Peak:0.04M | Scene, ViewLayer | Updating Meshes Flags
Fra:1 Mem:26.63M (Peak 30.52M) | Time:00:00.00 | Mem:0.04M, Peak:0.04M | Scene, ViewLayer | Updating Objects
Fra:1 Mem:26.63M (Peak 30.52M) | Time:00:00.00 | Mem:0.04M, Peak:0.04M | Scene, ViewLayer | Updating Objects | Copying Transformations to device
Fra:1 Mem:26.64M (Peak 30.52M) | Time:00:00.00 | Mem:0.05M, Peak:0.05M | Scene, ViewLayer | Updating Objects | Applying Static Transformations
Fra:1 Mem:26.64M (Peak 30.52M) | Time:00:00.00 | Mem:0.05M, Peak:0.05M | Scene, ViewLayer | Updating Particle Systems
Fra:1 Mem:26.64M (Peak 30.52M) | Time:00:00.00 | Mem:0.05M, Peak:0.05M | Scene, ViewLayer | Updating Particle Systems | Copying Particles to device
Fra:1 Mem:26.64M (Peak 30.52M) | Time:00:00.00 | Mem:0.05M, Peak:0.05M | Scene, ViewLayer | Updating Meshes
Fra:1 Mem:26.87M (Peak 30.52M) | Time:00:00.00 | Mem:0.05M, Peak:0.05M | Scene, ViewLayer | Updating Mesh | Computing attributes
Fra:1 Mem:27.02M (Peak 30.52M) | Time:00:00.00 | Mem:0.05M, Peak:0.05M | Scene, ViewLayer | Updating Mesh | Copying Attributes to device
Fra:1 Mem:27.01M (Peak 30.52M) | Time:00:00.00 | Mem:0.19M, Peak:0.19M | Scene, ViewLayer | Updating Scene BVH | Building
Fra:1 Mem:27.01M (Peak 30.52M) | Time:00:00.00 | Mem:0.19M, Peak:0.19M | Scene, ViewLayer | Updating Scene BVH | Building BVH
Fra:1 Mem:27.01M (Peak 30.52M) | Time:00:00.00 | Mem:0.65M, Peak:0.65M | Scene, ViewLayer | Updating Scene BVH | Building BVH 0%
Fra:1 Mem:27.01M (Peak 30.52M) | Time:00:00.00 | Mem:1.21M, Peak:1.67M | Scene, ViewLayer | Updating Scene BVH | Copying BVH to device
Fra:1 Mem:27.01M (Peak 30.52M) | Time:00:00.00 | Mem:1.21M, Peak:1.67M | Scene, ViewLayer | Updating Mesh | Computing normals
Fra:1 Mem:27.67M (Peak 30.52M) | Time:00:00.00 | Mem:1.21M, Peak:1.67M | Scene, ViewLayer | Updating Mesh | Copying Mesh to device
Fra:1 Mem:27.67M (Peak 30.52M) | Time:00:00.00 | Mem:1.87M, Peak:1.87M | Scene, ViewLayer | Updating Objects Flags
Fra:1 Mem:27.67M (Peak 30.52M) | Time:00:00.00 | Mem:1.87M, Peak:1.87M | Scene, ViewLayer | Updating Primitive Offsets
Fra:1 Mem:27.67M (Peak 30.52M) | Time:00:00.00 | Mem:1.87M, Peak:1.87M | Scene, ViewLayer | Updating Images
Fra:1 Mem:27.67M (Peak 30.52M) | Time:00:00.00 | Mem:1.87M, Peak:1.87M | Scene, ViewLayer | Updating Camera Volume
Fra:1 Mem:27.67M (Peak 30.52M) | Time:00:00.00 | Mem:1.87M, Peak:1.87M | Scene, ViewLayer | Updating Lookup Tables
Fra:1 Mem:27.67M (Peak 30.52M) | Time:00:00.00 | Mem:1.95M, Peak:1.95M | Scene, ViewLayer | Updating Lights
Fra:1 Mem:27.67M (Peak 30.52M) | Time:00:00.00 | Mem:1.95M, Peak:1.95M | Scene, ViewLayer | Updating Lights | Computing tree
Fra:1 Mem:27.67M (Peak 30.52M) | Time:00:00.00 | Mem:1.95M, Peak:1.95M | Scene, ViewLayer | Updating Integrator
Fra:1 Mem:27.67M (Peak 30.52M) | Time:00:00.00 | Mem:1.95M, Peak:1.95M | Scene, ViewLayer | Updating Film
Fra:1 Mem:27.68M (Peak 30.52M) | Time:00:00.00 | Mem:1.87M, Peak:1.95M | Scene, ViewLayer | Updating Lookup Tables
Fra:1 Mem:27.68M (Peak 30.52M) | Time:00:00.00 | Mem:1.95M, Peak:1.95M | Scene, ViewLayer | Updating Baking
Fra:1 Mem:27.68M (Peak 30.52M) | Time:00:00.00 | Mem:1.95M, Peak:1.95M | Scene, ViewLayer | Updating Device | Writing constant memory
Fra:1 Mem:27.68M (Peak 30.52M) | Time:00:00.00 | Mem:1.95M, Peak:1.95M | Scene, ViewLayer | Sample 0/32
Fra:1 Mem:39.65M (Peak 39.65M) | Time:00:00.12 | Remaining:00:03.72 | Mem:13.90M, Peak:13.90M | Scene, ViewLayer | Sample 1/32
Fra:1 Mem:44.96M (Peak 55.58M) | Time:00:03.96 | Mem:13.90M, Peak:13.90M | Scene, ViewLayer | Sample 32/32
Fra:1 Mem:44.96M (Peak 55.58M) | Time:00:03.96 | Mem:13.90M, Peak:13.90M | Scene, ViewLayer | Finished
Saved: '/workspace/scratch/blender-upgrade/f6-coverage/ArtSource/DefenseIdentity/After-guard.png'
Time: 00:03.99 (Saving: 00:00.03)

Fra:1 Mem:32.80M (Peak 32.80M) | Time:00:00.00 | Mem:0.00M, Peak:0.00M | Scene, ViewLayer | Synchronizing object | Plane
Fra:1 Mem:32.80M (Peak 32.80M) | Time:00:00.00 | Mem:0.00M, Peak:0.00M | Scene, ViewLayer | Synchronizing object | Breastplate
Fra:1 Mem:32.80M (Peak 32.80M) | Time:00:00.00 | Mem:0.00M, Peak:0.00M | Scene, ViewLayer | Synchronizing object | Pauldrons
Fra:1 Mem:32.89M (Peak 32.89M) | Time:00:00.00 | Mem:0.00M, Peak:0.00M | Scene, ViewLayer | Synchronizing object | Sleeve
Fra:1 Mem:32.95M (Peak 32.95M) | Time:00:00.00 | Mem:0.00M, Peak:0.00M | Scene, ViewLayer | Synchronizing object | Glove
Fra:1 Mem:32.96M (Peak 32.96M) | Time:00:00.00 | Mem:0.00M, Peak:0.00M | Scene, ViewLayer | Synchronizing object | Shield Boss
Fra:1 Mem:32.98M (Peak 32.98M) | Time:00:00.00 | Mem:0.00M, Peak:0.00M | Scene, ViewLayer | Synchronizing object | Forearm Bracer
Fra:1 Mem:33.07M (Peak 33.07M) | Time:00:00.00 | Mem:0.00M, Peak:0.00M | Scene, ViewLayer | Synchronizing object | Cuff Trim
Fra:1 Mem:33.08M (Peak 33.08M) | Time:00:00.00 | Mem:0.00M, Peak:0.00M | Scene, ViewLayer | Synchronizing object | Shield Inlay
Fra:1 Mem:33.09M (Peak 33.09M) | Time:00:00.00 | Mem:0.00M, Peak:0.00M | Scene, ViewLayer | Synchronizing object | Shield Inlay.001
Fra:1 Mem:33.14M (Peak 33.14M) | Time:00:00.00 | Mem:0.00M, Peak:0.00M | Scene, ViewLayer | Synchronizing object | Pauldrons.001
Fra:1 Mem:33.16M (Peak 33.16M) | Time:00:00.00 | Mem:0.00M, Peak:0.00M | Scene, ViewLayer | Synchronizing object | Sleeve.001
Fra:1 Mem:33.19M (Peak 33.19M) | Time:00:00.00 | Mem:0.00M, Peak:0.00M | Scene, ViewLayer | Synchronizing object | Filled spell surface / Identity preparation
Fra:1 Mem:33.21M (Peak 33.21M) | Time:00:00.00 | Mem:0.00M, Peak:0.00M | Scene, ViewLayer | Synchronizing object | Cuff Trim.001
Fra:1 Mem:33.27M (Peak 33.27M) | Time:00:00.00 | Mem:0.00M, Peak:0.00M | Scene, ViewLayer | Synchronizing object | Gold Pommel
Fra:1 Mem:33.40M (Peak 33.40M) | Time:00:00.00 | Mem:0.00M, Peak:0.00M | Scene, ViewLayer | Synchronizing object | Knee Guard.001
Fra:1 Mem:33.43M (Peak 33.43M) | Time:00:00.00 | Mem:0.00M, Peak:0.00M | Scene, ViewLayer | Synchronizing object | Crossguard
Fra:1 Mem:33.44M (Peak 33.44M) | Time:00:00.00 | Mem:0.00M, Peak:0.00M | Scene, ViewLayer | Synchronizing object | Blade Fuller
Fra:1 Mem:33.44M (Peak 33.44M) | Time:00:00.00 | Mem:0.00M, Peak:0.00M | Scene, ViewLayer | Synchronizing object | Collar
Fra:1 Mem:33.49M (Peak 33.49M) | Time:00:00.00 | Mem:0.00M, Peak:0.00M | Scene, ViewLayer | Synchronizing object | Cuirass
Fra:1 Mem:33.51M (Peak 33.51M) | Time:00:00.00 | Mem:0.00M, Peak:0.00M | Scene, ViewLayer | Synchronizing object | Overlapping Armor
Fra:1 Mem:33.61M (Peak 33.61M) | Time:00:00.00 | Mem:0.00M, Peak:0.00M | Scene, ViewLayer | Synchronizing object | Overlapping Armor.001
Fra:1 Mem:33.61M (Peak 33.61M) | Time:00:00.00 | Mem:0.00M, Peak:0.00M | Scene, ViewLayer | Synchronizing object | Overlapping Armor.002
Fra:1 Mem:33.65M (Peak 33.65M) | Time:00:00.00 | Mem:0.00M, Peak:0.00M | Scene, ViewLayer | Synchronizing object | Chest Crest
Fra:1 Mem:33.66M (Peak 33.66M) | Time:00:00.00 | Mem:0.00M, Peak:0.00M | Scene, ViewLayer | Synchronizing object | Armor Tasset
Fra:1 Mem:33.72M (Peak 33.72M) | Time:00:00.00 | Mem:0.00M, Peak:0.00M | Scene, ViewLayer | Synchronizing object | Boot.001
Fra:1 Mem:33.73M (Peak 33.73M) | Time:00:00.00 | Mem:0.00M, Peak:0.00M | Scene, ViewLayer | Synchronizing object | Armor Tasset.001
Fra:1 Mem:33.77M (Peak 33.77M) | Time:00:00.00 | Mem:0.00M, Peak:0.00M | Scene, ViewLayer | Synchronizing object | Head
Fra:1 Mem:33.78M (Peak 33.78M) | Time:00:00.00 | Mem:0.00M, Peak:0.00M | Scene, ViewLayer | Synchronizing object | Eyes L
Fra:1 Mem:33.80M (Peak 33.80M) | Time:00:00.00 | Mem:0.00M, Peak:0.00M | Scene, ViewLayer | Synchronizing object | Eyes R
Fra:1 Mem:33.89M (Peak 33.89M) | Time:00:00.00 | Mem:0.00M, Peak:0.00M | Scene, ViewLayer | Synchronizing object | Helmet
Fra:1 Mem:33.92M (Peak 33.92M) | Time:00:00.00 | Mem:0.00M, Peak:0.00M | Scene, ViewLayer | Synchronizing object | Helmet Crest
Fra:1 Mem:33.96M (Peak 33.96M) | Time:00:00.00 | Mem:0.00M, Peak:0.00M | Scene, ViewLayer | Synchronizing object | Nose Guard
Fra:1 Mem:33.97M (Peak 33.97M) | Time:00:00.00 | Mem:0.00M, Peak:0.00M | Scene, ViewLayer | Synchronizing object | Hair Side Lock
Fra:1 Mem:34.01M (Peak 34.01M) | Time:00:00.00 | Mem:0.00M, Peak:0.00M | Scene, ViewLayer | Synchronizing object | Knee Guard
Fra:1 Mem:34.04M (Peak 34.04M) | Time:00:00.00 | Mem:0.00M, Peak:0.00M | Scene, ViewLayer | Synchronizing object | Ear
Fra:1 Mem:34.09M (Peak 34.09M) | Time:00:00.00 | Mem:0.00M, Peak:0.00M | Scene, ViewLayer | Synchronizing object | Hair Side Lock.001
Fra:1 Mem:34.15M (Peak 34.15M) | Time:00:00.00 | Mem:0.00M, Peak:0.00M | Scene, ViewLayer | Synchronizing object | Shin Guard
Fra:1 Mem:34.15M (Peak 34.15M) | Time:00:00.00 | Mem:0.00M, Peak:0.00M | Scene, ViewLayer | Synchronizing object | Ear.001
Fra:1 Mem:34.19M (Peak 34.19M) | Time:00:00.00 | Mem:0.00M, Peak:0.00M | Scene, ViewLayer | Synchronizing object | Helmet Cheek Guard
Fra:1 Mem:34.27M (Peak 34.27M) | Time:00:00.00 | Mem:0.00M, Peak:0.00M | Scene, ViewLayer | Synchronizing object | Helmet Cheek Guard.001
Fra:1 Mem:34.28M (Peak 34.28M) | Time:00:00.00 | Mem:0.00M, Peak:0.00M | Scene, ViewLayer | Synchronizing object | Trouser
Fra:1 Mem:34.37M (Peak 34.37M) | Time:00:00.00 | Mem:0.00M, Peak:0.00M | Scene, ViewLayer | Initializing
Fra:1 Mem:30.36M (Peak 34.37M) | Time:00:00.00 | Mem:0.00M, Peak:0.00M | Scene, ViewLayer | Waiting for render to start
Fra:1 Mem:30.36M (Peak 34.37M) | Time:00:00.00 | Mem:0.00M, Peak:0.00M | Scene, ViewLayer | Loading render kernels (may take a few minutes the first time)
Fra:1 Mem:30.36M (Peak 34.37M) | Time:00:00.00 | Mem:0.00M, Peak:0.00M | Scene, ViewLayer | Updating Scene
Fra:1 Mem:30.36M (Peak 34.37M) | Time:00:00.00 | Mem:0.00M, Peak:0.00M | Scene, ViewLayer | Updating Shaders
Fra:1 Mem:30.48M (Peak 34.37M) | Time:00:00.00 | Mem:0.04M, Peak:0.04M | Scene, ViewLayer | Updating Procedurals
Fra:1 Mem:30.48M (Peak 34.37M) | Time:00:00.00 | Mem:0.04M, Peak:0.04M | Scene, ViewLayer | Updating Background
Fra:1 Mem:30.48M (Peak 34.37M) | Time:00:00.00 | Mem:0.04M, Peak:0.04M | Scene, ViewLayer | Updating Camera
Fra:1 Mem:30.48M (Peak 34.37M) | Time:00:00.00 | Mem:0.04M, Peak:0.04M | Scene, ViewLayer | Updating Meshes Flags
Fra:1 Mem:30.48M (Peak 34.37M) | Time:00:00.00 | Mem:0.04M, Peak:0.04M | Scene, ViewLayer | Updating Objects
Fra:1 Mem:30.48M (Peak 34.37M) | Time:00:00.00 | Mem:0.04M, Peak:0.04M | Scene, ViewLayer | Updating Objects | Copying Transformations to device
Fra:1 Mem:30.49M (Peak 34.37M) | Time:00:00.00 | Mem:0.05M, Peak:0.05M | Scene, ViewLayer | Updating Objects | Applying Static Transformations
Fra:1 Mem:30.49M (Peak 34.37M) | Time:00:00.00 | Mem:0.05M, Peak:0.05M | Scene, ViewLayer | Updating Particle Systems
Fra:1 Mem:30.49M (Peak 34.37M) | Time:00:00.00 | Mem:0.05M, Peak:0.05M | Scene, ViewLayer | Updating Particle Systems | Copying Particles to device
Fra:1 Mem:30.49M (Peak 34.37M) | Time:00:00.00 | Mem:0.05M, Peak:0.05M | Scene, ViewLayer | Updating Meshes
Fra:1 Mem:30.73M (Peak 34.37M) | Time:00:00.00 | Mem:0.05M, Peak:0.05M | Scene, ViewLayer | Updating Mesh | Computing attributes
Fra:1 Mem:30.88M (Peak 34.37M) | Time:00:00.00 | Mem:0.05M, Peak:0.05M | Scene, ViewLayer | Updating Mesh | Copying Attributes to device
Fra:1 Mem:30.87M (Peak 34.37M) | Time:00:00.00 | Mem:0.19M, Peak:0.19M | Scene, ViewLayer | Updating Scene BVH | Building
Fra:1 Mem:30.87M (Peak 34.37M) | Time:00:00.00 | Mem:0.19M, Peak:0.19M | Scene, ViewLayer | Updating Scene BVH | Building BVH
Fra:1 Mem:30.87M (Peak 34.37M) | Time:00:00.00 | Mem:0.65M, Peak:0.65M | Scene, ViewLayer | Updating Scene BVH | Building BVH 0%
Fra:1 Mem:30.87M (Peak 34.37M) | Time:00:00.00 | Mem:1.21M, Peak:1.67M | Scene, ViewLayer | Updating Scene BVH | Copying BVH to device
Fra:1 Mem:30.87M (Peak 34.37M) | Time:00:00.00 | Mem:1.21M, Peak:1.67M | Scene, ViewLayer | Updating Mesh | Computing normals
Fra:1 Mem:31.53M (Peak 34.37M) | Time:00:00.00 | Mem:1.21M, Peak:1.67M | Scene, ViewLayer | Updating Mesh | Copying Mesh to device
Fra:1 Mem:31.53M (Peak 34.37M) | Time:00:00.00 | Mem:1.87M, Peak:1.87M | Scene, ViewLayer | Updating Objects Flags
Fra:1 Mem:31.53M (Peak 34.37M) | Time:00:00.00 | Mem:1.87M, Peak:1.87M | Scene, ViewLayer | Updating Primitive Offsets
Fra:1 Mem:31.53M (Peak 34.37M) | Time:00:00.00 | Mem:1.87M, Peak:1.87M | Scene, ViewLayer | Updating Images
Fra:1 Mem:31.53M (Peak 34.37M) | Time:00:00.00 | Mem:1.87M, Peak:1.87M | Scene, ViewLayer | Updating Camera Volume
Fra:1 Mem:31.53M (Peak 34.37M) | Time:00:00.00 | Mem:1.87M, Peak:1.87M | Scene, ViewLayer | Updating Lookup Tables
Fra:1 Mem:31.53M (Peak 34.37M) | Time:00:00.00 | Mem:1.95M, Peak:1.95M | Scene, ViewLayer | Updating Lights
Fra:1 Mem:31.53M (Peak 34.37M) | Time:00:00.00 | Mem:1.95M, Peak:1.95M | Scene, ViewLayer | Updating Lights | Computing tree
Fra:1 Mem:31.53M (Peak 34.37M) | Time:00:00.00 | Mem:1.95M, Peak:1.95M | Scene, ViewLayer | Updating Integrator
Fra:1 Mem:31.53M (Peak 34.37M) | Time:00:00.00 | Mem:1.95M, Peak:1.95M | Scene, ViewLayer | Updating Film
Fra:1 Mem:31.53M (Peak 34.37M) | Time:00:00.00 | Mem:1.87M, Peak:1.95M | Scene, ViewLayer | Updating Lookup Tables
Fra:1 Mem:31.53M (Peak 34.37M) | Time:00:00.00 | Mem:1.95M, Peak:1.95M | Scene, ViewLayer | Updating Baking
Fra:1 Mem:31.53M (Peak 34.37M) | Time:00:00.00 | Mem:1.95M, Peak:1.95M | Scene, ViewLayer | Updating Device | Writing constant memory
Fra:1 Mem:31.53M (Peak 34.37M) | Time:00:00.00 | Mem:1.95M, Peak:1.95M | Scene, ViewLayer | Sample 0/32
Fra:1 Mem:43.51M (Peak 43.51M) | Time:00:00.12 | Remaining:00:03.74 | Mem:13.90M, Peak:13.90M | Scene, ViewLayer | Sample 1/32
Fra:1 Mem:48.82M (Peak 59.44M) | Time:00:04.82 | Mem:13.90M, Peak:13.90M | Scene, ViewLayer | Sample 32/32
Fra:1 Mem:48.82M (Peak 59.44M) | Time:00:04.82 | Mem:13.90M, Peak:13.90M | Scene, ViewLayer | Finished
Saved: '/workspace/scratch/blender-upgrade/f6-coverage/ArtSource/DefenseIdentity/After-passive.png'
Time: 00:04.92 (Saving: 00:00.09)


Blender quit
