
TEST SkillIdentityCallsiteProductionTests.py
PASS actual Healing event -> real authored ProtectionCage, all4 hero classes, heal11 and rank3 energy8 preserved; managed, not Unity.
PASS actual SkillChargeController Begin/pause/cancel/release/epoch/disable -> actual AdvancedSkillVfx -> loaded typed mesh:4 families, no leftover effect/lease, release once. Managed, not Unity.
PASS actual ChainLightning and actual Summoner slot0 production body:damage/immune/zero/corpse/kill/empty; observed IdentityContact priorities/counts; dynamic chain line retained without fake hit. Observable rendering boundary, not Unity.
PASS source hook contracts: actual health reduction gates lightning/contract endpoint feedback; dynamic lightning line retained; release/cancel owner retained.
PASS negative control: typed charge leaves no effect or lease after cancel
PASS negative control: chain only actual health decrease routes contact
PASS negative control: impulse only actual health decrease routes contact

TEST AuthoredSpellIntegrationTests.py
PASS 264314 actual authored resource -> decoder -> FilledSkillVfx -> lease/clip/motion/tier/fallback/cleanup checks; managed, not Unity.
PASS negative control: AuthoredSpellBases.cs real loaded anchored landing
PASS negative control: FilledSkillVfx.cs actual authored tier cap
PASS negative control: AnchoredImpactMesh.cs authored anchored vertex stays on visible side

TEST ArrowBatchGenerationProductionTests.py
/tmp/arrow-batch-generation-ag38fms6/SequenceProbe.cs(15,33): warning CS0169: The field 'SequenceProbe.forward' is never used [/tmp/arrow-batch-generation-ag38fms6/Test.csproj]
/tmp/arrow-batch-generation-ag38fms6/SequenceProbe.cs(15,42): warning CS0649: Field 'SequenceProbe.origin' is never assigned to, and will always have its default value [/tmp/arrow-batch-generation-ag38fms6/Test.csproj]
PASS 114 real persistent sequence/lease-eviction/re-rent generation assertions with full new-rental state snapshots; managed, not Unity.
PASS removing only rental-generation guard fails actual stale sequence Update/full snapshot despite same owner and same castId.
PASS removing lease callback generation guard fails full protected new-rental snapshot.

TEST StatusFeedbackProductionTests.py
/tmp/status-feedback-i89_1ukn/Fixture.cs(45,505): warning CS0414: The field 'PlayerController.focusTime' is assigned but its value is never used [/tmp/status-feedback-i89_1ukn/Test.csproj]
PASS actual poison->consume->aura clear->same-frame reapply chain; burn/frost basic-hit third-contact feedback. Damage budget, energy and receipt checks retained. Managed only, no Unity GPU validation.

PASS compiled negative control: poison-clear-missing
PASS compiled negative control: false-frost-feedback
