Blender 4.3.2
Fra:1 Mem:14.90M (Peak 14.90M) | Time:00:00.00 | Mem:0.00M, Peak:0.00M | Scene, ViewLayer | Synchronizing object | Text
Fra:1 Mem:15.09M (Peak 15.09M) | Time:00:00.00 | Mem:0.00M, Peak:0.00M | Scene, ViewLayer | Synchronizing object | Text.001
Fra:1 Mem:15.27M (Peak 15.27M) | Time:00:00.00 | Mem:0.00M, Peak:0.00M | Scene, ViewLayer | Synchronizing object | Text.002
Fra:1 Mem:15.38M (Peak 15.38M) | Time:00:00.00 | Mem:0.00M, Peak:0.00M | Scene, ViewLayer | Synchronizing object | Filled spell surface / Identity preparation
Fra:1 Mem:15.51M (Peak 15.51M) | Time:00:00.00 | Mem:0.00M, Peak:0.00M | Scene, ViewLayer | Synchronizing object | Filled spell surface / Identity preparation.001
Fra:1 Mem:15.59M (Peak 15.59M) | Time:00:00.00 | Mem:0.00M, Peak:0.00M | Scene, ViewLayer | Synchronizing object | Filled spell surface / Identity preparation.002
Fra:1 Mem:15.66M (Peak 15.66M) | Time:00:00.00 | Mem:0.00M, Peak:0.00M | Scene, ViewLayer | Synchronizing object | Text.003
Fra:1 Mem:15.97M (Peak 15.97M) | Time:00:00.00 | Mem:0.00M, Peak:0.00M | Scene, ViewLayer | Synchronizing object | Filled spell surface / Identity preparation.003
Fra:1 Mem:16.04M (Peak 16.04M) | Time:00:00.00 | Mem:0.00M, Peak:0.00M | Scene, ViewLayer | Synchronizing object | Plane
Fra:1 Mem:16.04M (Peak 16.04M) | Time:00:00.00 | Mem:0.00M, Peak:0.00M | Scene, ViewLayer | Initializing
Fra:1 Mem:13.20M (Peak 16.04M) | Time:00:00.00 | Mem:0.00M, Peak:0.00M | Scene, ViewLayer | Waiting for render to start
Fra:1 Mem:13.20M (Peak 16.04M) | Time:00:00.00 | Mem:0.00M, Peak:0.00M | Scene, ViewLayer | Loading render kernels (may take a few minutes the first time)
Fra:1 Mem:13.20M (Peak 16.04M) | Time:00:00.00 | Mem:0.00M, Peak:0.00M | Scene, ViewLayer | Updating Scene
Fra:1 Mem:13.20M (Peak 16.04M) | Time:00:00.00 | Mem:0.00M, Peak:0.00M | Scene, ViewLayer | Updating Shaders
Fra:1 Mem:13.29M (Peak 16.04M) | Time:00:00.01 | Mem:0.00M, Peak:0.00M | Scene, ViewLayer | Updating Procedurals
Fra:1 Mem:13.29M (Peak 16.04M) | Time:00:00.01 | Mem:0.00M, Peak:0.00M | Scene, ViewLayer | Updating Background
Fra:1 Mem:13.29M (Peak 16.04M) | Time:00:00.01 | Mem:0.00M, Peak:0.00M | Scene, ViewLayer | Updating Camera
Fra:1 Mem:13.29M (Peak 16.04M) | Time:00:00.01 | Mem:0.00M, Peak:0.00M | Scene, ViewLayer | Updating Meshes Flags
Fra:1 Mem:13.29M (Peak 16.04M) | Time:00:00.01 | Mem:0.00M, Peak:0.00M | Scene, ViewLayer | Updating Objects
Fra:1 Mem:13.29M (Peak 16.04M) | Time:00:00.01 | Mem:0.00M, Peak:0.00M | Scene, ViewLayer | Updating Objects | Copying Transformations to device
Fra:1 Mem:13.29M (Peak 16.04M) | Time:00:00.01 | Mem:0.01M, Peak:0.01M | Scene, ViewLayer | Updating Objects | Applying Static Transformations
Fra:1 Mem:13.29M (Peak 16.04M) | Time:00:00.01 | Mem:0.01M, Peak:0.01M | Scene, ViewLayer | Updating Particle Systems
Fra:1 Mem:13.29M (Peak 16.04M) | Time:00:00.01 | Mem:0.01M, Peak:0.01M | Scene, ViewLayer | Updating Particle Systems | Copying Particles to device
Fra:1 Mem:13.29M (Peak 16.04M) | Time:00:00.01 | Mem:0.01M, Peak:0.01M | Scene, ViewLayer | Updating Meshes
Fra:1 Mem:13.44M (Peak 16.04M) | Time:00:00.01 | Mem:0.01M, Peak:0.01M | Scene, ViewLayer | Updating Mesh | Computing attributes
Fra:1 Mem:13.48M (Peak 16.04M) | Time:00:00.01 | Mem:0.01M, Peak:0.01M | Scene, ViewLayer | Updating Mesh | Copying Attributes to device
Fra:1 Mem:13.48M (Peak 16.04M) | Time:00:00.01 | Mem:0.04M, Peak:0.04M | Scene, ViewLayer | Updating Scene BVH | Building
Fra:1 Mem:13.48M (Peak 16.04M) | Time:00:00.01 | Mem:0.04M, Peak:0.04M | Scene, ViewLayer | Updating Scene BVH | Building BVH
Fra:1 Mem:13.48M (Peak 16.04M) | Time:00:00.01 | Mem:0.34M, Peak:0.34M | Scene, ViewLayer | Updating Scene BVH | Building BVH 0%
Fra:1 Mem:13.48M (Peak 16.04M) | Time:00:00.01 | Mem:0.74M, Peak:1.03M | Scene, ViewLayer | Updating Scene BVH | Copying BVH to device
Fra:1 Mem:13.48M (Peak 16.04M) | Time:00:00.01 | Mem:0.74M, Peak:1.03M | Scene, ViewLayer | Updating Mesh | Computing normals
Fra:1 Mem:14.04M (Peak 16.04M) | Time:00:00.01 | Mem:0.74M, Peak:1.03M | Scene, ViewLayer | Updating Mesh | Copying Mesh to device
Fra:1 Mem:14.04M (Peak 16.04M) | Time:00:00.01 | Mem:1.29M, Peak:1.29M | Scene, ViewLayer | Updating Objects Flags
Fra:1 Mem:14.04M (Peak 16.04M) | Time:00:00.01 | Mem:1.29M, Peak:1.29M | Scene, ViewLayer | Updating Primitive Offsets
Fra:1 Mem:14.04M (Peak 16.04M) | Time:00:00.01 | Mem:1.29M, Peak:1.29M | Scene, ViewLayer | Updating Images
Fra:1 Mem:14.04M (Peak 16.04M) | Time:00:00.01 | Mem:1.29M, Peak:1.29M | Scene, ViewLayer | Updating Camera Volume
Fra:1 Mem:14.04M (Peak 16.04M) | Time:00:00.01 | Mem:1.29M, Peak:1.29M | Scene, ViewLayer | Updating Lookup Tables
Fra:1 Mem:14.04M (Peak 16.04M) | Time:00:00.01 | Mem:1.37M, Peak:1.37M | Scene, ViewLayer | Updating Lights
Fra:1 Mem:14.04M (Peak 16.04M) | Time:00:00.01 | Mem:1.37M, Peak:1.37M | Scene, ViewLayer | Updating Lights | Computing tree
Fra:1 Mem:14.04M (Peak 16.04M) | Time:00:00.01 | Mem:1.37M, Peak:1.37M | Scene, ViewLayer | Updating Integrator
Fra:1 Mem:14.04M (Peak 16.04M) | Time:00:00.01 | Mem:1.37M, Peak:1.37M | Scene, ViewLayer | Updating Film
Fra:1 Mem:14.04M (Peak 16.04M) | Time:00:00.01 | Mem:1.29M, Peak:1.37M | Scene, ViewLayer | Updating Lookup Tables
Fra:1 Mem:14.04M (Peak 16.04M) | Time:00:00.01 | Mem:1.38M, Peak:1.38M | Scene, ViewLayer | Updating Baking
Fra:1 Mem:14.04M (Peak 16.04M) | Time:00:00.01 | Mem:1.38M, Peak:1.38M | Scene, ViewLayer | Updating Device | Writing constant memory
Fra:1 Mem:14.04M (Peak 16.04M) | Time:00:00.01 | Mem:1.38M, Peak:1.38M | Scene, ViewLayer | Sample 0/24
Fra:1 Mem:49.93M (Peak 49.93M) | Time:00:00.88 | Remaining:00:20.02 | Mem:37.26M, Peak:37.26M | Scene, ViewLayer | Sample 1/24
Fra:1 Mem:65.88M (Peak 97.77M) | Time:00:15.88 | Mem:37.26M, Peak:37.26M | Scene, ViewLayer | Sample 24/24
Fra:1 Mem:65.88M (Peak 97.77M) | Time:00:15.88 | Mem:37.26M, Peak:37.26M | Scene, ViewLayer | Finished
Saved: '/workspace/scratch/blender-upgrade/f6-coverage/ArtSource/DefenseIdentity/Defense-Actual-Construction.png'
Time: 00:16.72 (Saving: 00:00.83)


Blender quit
