
TEST SkillIdentityCallsiteProductionTests.py
PASS actual Healing event -> real authored ProtectionCage, all4 hero classes, heal11 and rank3 energy8 preserved; managed, not Unity.
PASS actual SkillChargeController Begin/pause/cancel/release/epoch/disable -> actual AdvancedSkillVfx -> loaded typed mesh:4 families, no leftover effect/lease, release once. Managed, not Unity.
PASS actual ChainLightning and actual Summoner slot0 production body:damage/immune/zero/corpse/kill/empty; observed IdentityContact priorities/counts; dynamic chain line retained without fake hit. Observable rendering boundary, not Unity.
PASS source hook contracts: actual health reduction gates lightning/contract endpoint feedback; dynamic lightning line retained; release/cancel owner retained.
PASS negative control: typed charge leaves no effect or lease after cancel
PASS negative control: chain only actual health decrease routes contact
PASS negative control: impulse only actual health decrease routes contact

TEST AuthoredSpellIntegrationTests.py
PASS 264314 actual authored resource -> decoder -> FilledSkillVfx -> lease/clip/motion/tier/fallback/cleanup checks; managed, not Unity.
PASS negative control: AuthoredSpellBases.cs real loaded anchored landing
PASS negative control: FilledSkillVfx.cs actual authored tier cap
PASS negative control: AnchoredImpactMesh.cs authored anchored vertex stays on visible side

TEST DenseFinaleProductionTests.py
PASS: 15 integrated dense actual area/burn-cash/VFX/lease checks, cap12; managed HP/terminal boundary
PASS: compiled old actual cashout priority fails integrated main retention

TEST ArrowBatchGenerationProductionTests.py
/tmp/arrow-batch-generation-o82c7f7j/SequenceProbe.cs(15,33): warning CS0169: The field 'SequenceProbe.forward' is never used [/tmp/arrow-batch-generation-o82c7f7j/Test.csproj]
/tmp/arrow-batch-generation-o82c7f7j/SequenceProbe.cs(15,42): warning CS0649: Field 'SequenceProbe.origin' is never assigned to, and will always have its default value [/tmp/arrow-batch-generation-o82c7f7j/Test.csproj]
PASS 114 real persistent sequence/lease-eviction/re-rent generation assertions with full new-rental state snapshots; managed, not Unity.
PASS removing only rental-generation guard fails actual stale sequence Update/full snapshot despite same owner and same castId.
PASS removing lease callback generation guard fails full protected new-rental snapshot.

TEST BurnFinaleProductionTests.py
PASS: production tail emitter/area source contract excludes finale cash entry (not simulated tail damage)
Scheduled tick checks: 2337
PASS: 118 actual burn finale/owner/epoch/due/cash/player-path checks (managed recipients, not Unity)
PASS: missing-impact-batch compiled and failed exact assertion: actual player area defers prop arbitration until enemy resolution completes
PASS: claimed-not-delivered compiled and failed exact assertion: claimed ticks without actual HP loss never report cash success
PASS: false-contact compiled and failed exact assertion: direct hit keeps priority and dead target cannot receive cash or contact
PASS: missing-final-cash-delivery compiled and failed exact assertion: actual player final branch preserves direct crit damage and adds only noncritical DOT cash
PASS: missing-due-drain compiled and failed exact assertion: due original-strength tick must settle before strongest refresh and future cash
PASS: cash-without-own-burn compiled and failed exact assertion: without existing own burn finale leaves a fresh three-second schedule
PASS: double-frame-advance compiled and failed exact assertion: status Update followed by finale in same frame cannot advance burn clock twice
