Blender 4.3.2
Read blend: "/workspace/emberfall_win/ArtSource/BlenderVfx/Vanguard-Skills.blend"
Fra:1 Mem:10.92M (Peak 10.92M) | Time:00:00.00 | Mem:0.00M, Peak:0.00M | Scene, ViewLayer | Synchronizing object | Crescent.001
Fra:1 Mem:10.92M (Peak 10.92M) | Time:00:00.00 | Mem:0.00M, Peak:0.00M | Scene, ViewLayer | Synchronizing object | Plane
Fra:1 Mem:10.95M (Peak 10.95M) | Time:00:00.00 | Mem:0.00M, Peak:0.00M | Scene, ViewLayer | Synchronizing object | Fault.002
Fra:1 Mem:10.95M (Peak 10.95M) | Time:00:00.00 | Mem:0.00M, Peak:0.00M | Scene, ViewLayer | Synchronizing object | CrescentCore.002
Fra:1 Mem:10.96M (Peak 10.96M) | Time:00:00.00 | Mem:0.00M, Peak:0.00M | Scene, ViewLayer | Synchronizing object | Shard.001
Fra:1 Mem:10.96M (Peak 10.96M) | Time:00:00.00 | Mem:0.00M, Peak:0.00M | Scene, ViewLayer | Synchronizing object | Shard.003
Fra:1 Mem:10.97M (Peak 10.97M) | Time:00:00.00 | Mem:0.00M, Peak:0.00M | Scene, ViewLayer | Initializing
Fra:1 Mem:10.51M (Peak 10.97M) | Time:00:00.00 | Mem:0.00M, Peak:0.00M | Scene, ViewLayer | Waiting for render to start
Fra:1 Mem:10.51M (Peak 10.97M) | Time:00:00.00 | Mem:0.00M, Peak:0.00M | Scene, ViewLayer | Loading render kernels (may take a few minutes the first time)
Fra:1 Mem:10.51M (Peak 10.97M) | Time:00:00.00 | Mem:0.00M, Peak:0.00M | Scene, ViewLayer | Updating Scene
Fra:1 Mem:10.51M (Peak 10.97M) | Time:00:00.00 | Mem:0.00M, Peak:0.00M | Scene, ViewLayer | Updating Shaders
Fra:1 Mem:10.59M (Peak 10.97M) | Time:00:00.00 | Mem:0.00M, Peak:0.00M | Scene, ViewLayer | Updating Procedurals
Fra:1 Mem:10.59M (Peak 10.97M) | Time:00:00.00 | Mem:0.00M, Peak:0.00M | Scene, ViewLayer | Updating Background
Fra:1 Mem:10.59M (Peak 10.97M) | Time:00:00.00 | Mem:0.00M, Peak:0.00M | Scene, ViewLayer | Updating Camera
Fra:1 Mem:10.59M (Peak 10.97M) | Time:00:00.00 | Mem:0.00M, Peak:0.00M | Scene, ViewLayer | Updating Meshes Flags
Fra:1 Mem:10.59M (Peak 10.97M) | Time:00:00.00 | Mem:0.00M, Peak:0.00M | Scene, ViewLayer | Updating Objects
Fra:1 Mem:10.59M (Peak 10.97M) | Time:00:00.00 | Mem:0.00M, Peak:0.00M | Scene, ViewLayer | Updating Objects | Copying Transformations to device
Fra:1 Mem:10.60M (Peak 10.97M) | Time:00:00.00 | Mem:0.00M, Peak:0.00M | Scene, ViewLayer | Updating Objects | Applying Static Transformations
Fra:1 Mem:10.60M (Peak 10.97M) | Time:00:00.00 | Mem:0.00M, Peak:0.00M | Scene, ViewLayer | Updating Particle Systems
Fra:1 Mem:10.60M (Peak 10.97M) | Time:00:00.00 | Mem:0.00M, Peak:0.00M | Scene, ViewLayer | Updating Particle Systems | Copying Particles to device
Fra:1 Mem:10.60M (Peak 10.97M) | Time:00:00.00 | Mem:0.00M, Peak:0.00M | Scene, ViewLayer | Updating Meshes
Fra:1 Mem:10.61M (Peak 10.97M) | Time:00:00.00 | Mem:0.00M, Peak:0.00M | Scene, ViewLayer | Updating Mesh | Computing attributes
Fra:1 Mem:10.61M (Peak 10.97M) | Time:00:00.00 | Mem:0.00M, Peak:0.00M | Scene, ViewLayer | Updating Mesh | Copying Attributes to device
Fra:1 Mem:10.61M (Peak 10.97M) | Time:00:00.00 | Mem:0.00M, Peak:0.00M | Scene, ViewLayer | Updating Scene BVH | Building
Fra:1 Mem:10.61M (Peak 10.97M) | Time:00:00.00 | Mem:0.00M, Peak:0.00M | Scene, ViewLayer | Updating Scene BVH | Building BVH
Fra:1 Mem:10.61M (Peak 10.97M) | Time:00:00.00 | Mem:0.04M, Peak:0.04M | Scene, ViewLayer | Updating Scene BVH | Building BVH 0%
Fra:1 Mem:10.61M (Peak 10.97M) | Time:00:00.00 | Mem:0.07M, Peak:0.10M | Scene, ViewLayer | Updating Scene BVH | Copying BVH to device
Fra:1 Mem:10.61M (Peak 10.97M) | Time:00:00.00 | Mem:0.07M, Peak:0.10M | Scene, ViewLayer | Updating Mesh | Computing normals
Fra:1 Mem:10.65M (Peak 10.97M) | Time:00:00.00 | Mem:0.07M, Peak:0.10M | Scene, ViewLayer | Updating Mesh | Copying Mesh to device
Fra:1 Mem:10.65M (Peak 10.97M) | Time:00:00.00 | Mem:0.11M, Peak:0.11M | Scene, ViewLayer | Updating Objects Flags
Fra:1 Mem:10.65M (Peak 10.97M) | Time:00:00.00 | Mem:0.11M, Peak:0.11M | Scene, ViewLayer | Updating Primitive Offsets
Fra:1 Mem:10.65M (Peak 10.97M) | Time:00:00.00 | Mem:0.11M, Peak:0.11M | Scene, ViewLayer | Updating Images
Fra:1 Mem:10.65M (Peak 10.97M) | Time:00:00.00 | Mem:0.11M, Peak:0.11M | Scene, ViewLayer | Updating Camera Volume
Fra:1 Mem:10.65M (Peak 10.97M) | Time:00:00.00 | Mem:0.11M, Peak:0.11M | Scene, ViewLayer | Updating Lookup Tables
Fra:1 Mem:10.65M (Peak 10.97M) | Time:00:00.00 | Mem:0.19M, Peak:0.19M | Scene, ViewLayer | Updating Lights
Fra:1 Mem:10.65M (Peak 10.97M) | Time:00:00.00 | Mem:0.19M, Peak:0.19M | Scene, ViewLayer | Updating Lights | Computing tree
Fra:1 Mem:10.65M (Peak 10.97M) | Time:00:00.00 | Mem:0.19M, Peak:0.19M | Scene, ViewLayer | Updating Integrator
Fra:1 Mem:10.65M (Peak 10.97M) | Time:00:00.00 | Mem:0.19M, Peak:0.19M | Scene, ViewLayer | Updating Film
Fra:1 Mem:10.65M (Peak 10.97M) | Time:00:00.00 | Mem:0.11M, Peak:0.19M | Scene, ViewLayer | Updating Lookup Tables
Fra:1 Mem:10.65M (Peak 10.97M) | Time:00:00.00 | Mem:0.19M, Peak:0.19M | Scene, ViewLayer | Updating Baking
Fra:1 Mem:10.65M (Peak 10.97M) | Time:00:00.00 | Mem:0.19M, Peak:0.19M | Scene, ViewLayer | Updating Device | Writing constant memory
Fra:1 Mem:10.65M (Peak 10.97M) | Time:00:00.00 | Mem:0.19M, Peak:0.19M | Scene, ViewLayer | Sample 0/16
Fra:1 Mem:35.23M (Peak 35.23M) | Time:00:00.20 | Remaining:00:03.08 | Mem:24.74M, Peak:24.74M | Scene, ViewLayer | Sample 1/16
Fra:1 Mem:46.14M (Peak 67.96M) | Time:00:03.01 | Mem:24.74M, Peak:24.74M | Scene, ViewLayer | Sample 16/16
Fra:1 Mem:46.14M (Peak 67.96M) | Time:00:03.01 | Mem:24.74M, Peak:24.74M | Scene, ViewLayer | Finished
Saved: '/workspace/emberfall_win/ArtSource/BlenderVfx/Authored-Skills-Preview.png'
Time: 00:03.18 (Saving: 00:00.17)


Blender quit
