Blender 4.3.2
Fra:1 Mem:67.92M (Peak 67.92M) | Time:00:00.02 | Mem:0.00M, Peak:0.00M | Scene, ViewLayer | Synchronizing object | Plane
Fra:1 Mem:67.93M (Peak 67.93M) | Time:00:00.02 | Mem:0.00M, Peak:0.00M | Scene, ViewLayer | Synchronizing object | Text
Fra:1 Mem:68.27M (Peak 68.27M) | Time:00:00.02 | Mem:0.00M, Peak:0.00M | Scene, ViewLayer | Synchronizing object | Text.001
Fra:1 Mem:68.66M (Peak 68.66M) | Time:00:00.02 | Mem:0.00M, Peak:0.00M | Scene, ViewLayer | Synchronizing object | Text.002
Fra:1 Mem:68.74M (Peak 68.74M) | Time:00:00.02 | Mem:0.00M, Peak:0.00M | Scene, ViewLayer | Synchronizing object | Text.003
Fra:1 Mem:68.81M (Peak 68.81M) | Time:00:00.02 | Mem:0.00M, Peak:0.00M | Scene, ViewLayer | Synchronizing object | Text.004
Fra:1 Mem:68.88M (Peak 68.88M) | Time:00:00.02 | Mem:0.00M, Peak:0.00M | Scene, ViewLayer | Synchronizing object | Text.005
Fra:1 Mem:68.95M (Peak 68.95M) | Time:00:00.02 | Mem:0.00M, Peak:0.00M | Scene, ViewLayer | Synchronizing object | Text.006
Fra:1 Mem:68.99M (Peak 68.99M) | Time:00:00.02 | Mem:0.00M, Peak:0.00M | Scene, ViewLayer | Synchronizing object | Text.007
Fra:1 Mem:69.04M (Peak 69.04M) | Time:00:00.02 | Mem:0.00M, Peak:0.00M | Scene, ViewLayer | Synchronizing object | Text.008
Fra:1 Mem:69.11M (Peak 69.11M) | Time:00:00.02 | Mem:0.00M, Peak:0.00M | Scene, ViewLayer | Synchronizing object | Text.009
Fra:1 Mem:69.15M (Peak 69.15M) | Time:00:00.02 | Mem:0.00M, Peak:0.00M | Scene, ViewLayer | Synchronizing object | Breastplate
Fra:1 Mem:69.18M (Peak 69.18M) | Time:00:00.02 | Mem:0.00M, Peak:0.00M | Scene, ViewLayer | Synchronizing object | Belt
Fra:1 Mem:69.21M (Peak 69.21M) | Time:00:00.02 | Mem:0.00M, Peak:0.00M | Scene, ViewLayer | Synchronizing object | Buckle
Fra:1 Mem:69.25M (Peak 69.25M) | Time:00:00.02 | Mem:0.00M, Peak:0.00M | Scene, ViewLayer | Synchronizing object | Sleeve
Fra:1 Mem:69.29M (Peak 69.29M) | Time:00:00.02 | Mem:0.00M, Peak:0.00M | Scene, ViewLayer | Synchronizing object | Glove
Fra:1 Mem:69.32M (Peak 69.32M) | Time:00:00.02 | Mem:0.00M, Peak:0.00M | Scene, ViewLayer | Synchronizing object | Round Shield
Fra:1 Mem:69.34M (Peak 69.34M) | Time:00:00.02 | Mem:0.00M, Peak:0.00M | Scene, ViewLayer | Synchronizing object | Shield Boss
Fra:1 Mem:69.37M (Peak 69.37M) | Time:00:00.02 | Mem:0.00M, Peak:0.00M | Scene, ViewLayer | Synchronizing object | Forearm Bracer
Fra:1 Mem:69.42M (Peak 69.42M) | Time:00:00.02 | Mem:0.00M, Peak:0.00M | Scene, ViewLayer | Synchronizing object | Cuff Trim
Fra:1 Mem:69.43M (Peak 69.43M) | Time:00:00.02 | Mem:0.00M, Peak:0.00M | Scene, ViewLayer | Synchronizing object | Shield Inlay
Fra:1 Mem:69.46M (Peak 69.46M) | Time:00:00.02 | Mem:0.00M, Peak:0.00M | Scene, ViewLayer | Synchronizing object | Shield Inlay.001
Fra:1 Mem:69.49M (Peak 69.49M) | Time:00:00.02 | Mem:0.00M, Peak:0.00M | Scene, ViewLayer | Synchronizing object | Shoulder shell
Fra:1 Mem:69.52M (Peak 69.52M) | Time:00:00.02 | Mem:0.00M, Peak:0.00M | Scene, ViewLayer | Synchronizing object | Layered pauldron
Fra:1 Mem:69.56M (Peak 69.56M) | Time:00:00.02 | Mem:0.00M, Peak:0.00M | Scene, ViewLayer | Synchronizing object | Armor horn
Fra:1 Mem:69.60M (Peak 69.60M) | Time:00:00.02 | Mem:0.00M, Peak:0.00M | Scene, ViewLayer | Synchronizing object | Sleeve.001
Fra:1 Mem:69.64M (Peak 69.64M) | Time:00:00.02 | Mem:0.00M, Peak:0.00M | Scene, ViewLayer | Synchronizing object | Glove.001
Fra:1 Mem:69.67M (Peak 69.67M) | Time:00:00.02 | Mem:0.00M, Peak:0.00M | Scene, ViewLayer | Synchronizing object | Forearm Bracer.001
Fra:1 Mem:69.75M (Peak 69.75M) | Time:00:00.03 | Mem:0.00M, Peak:0.00M | Scene, ViewLayer | Synchronizing object | Cuff Trim.001
Fra:1 Mem:69.76M (Peak 69.76M) | Time:00:00.03 | Mem:0.00M, Peak:0.00M | Scene, ViewLayer | Synchronizing object | Wrapped grip
Fra:1 Mem:69.78M (Peak 69.78M) | Time:00:00.03 | Mem:0.00M, Peak:0.00M | Scene, ViewLayer | Synchronizing object | Bowstring reconstruction
Fra:1 Mem:69.80M (Peak 69.80M) | Time:00:00.03 | Mem:0.00M, Peak:0.00M | Scene, ViewLayer | Synchronizing object | Faceted pommel
Fra:1 Mem:69.81M (Peak 69.81M) | Time:00:00.03 | Mem:0.00M, Peak:0.00M | Scene, ViewLayer | Synchronizing object | Swept guard
Fra:1 Mem:69.83M (Peak 69.83M) | Time:00:00.03 | Mem:0.00M, Peak:0.00M | Scene, ViewLayer | Synchronizing object | Tiered blade
Fra:1 Mem:69.83M (Peak 69.83M) | Time:00:00.03 | Mem:0.00M, Peak:0.00M | Scene, ViewLayer | Synchronizing object | Blade spine
Fra:1 Mem:69.83M (Peak 69.83M) | Time:00:00.03 | Mem:0.00M, Peak:0.00M | Scene, ViewLayer | Synchronizing object | Guard wing
Fra:1 Mem:69.84M (Peak 69.84M) | Time:00:00.03 | Mem:0.00M, Peak:0.00M | Scene, ViewLayer | Synchronizing object | Blade fang
Fra:1 Mem:69.84M (Peak 69.84M) | Time:00:00.03 | Mem:0.00M, Peak:0.00M | Scene, ViewLayer | Synchronizing object | Guard wing.001
Fra:1 Mem:69.85M (Peak 69.85M) | Time:00:00.03 | Mem:0.00M, Peak:0.00M | Scene, ViewLayer | Synchronizing object | Blade fang.001
Fra:1 Mem:69.85M (Peak 69.85M) | Time:00:00.03 | Mem:0.00M, Peak:0.00M | Scene, ViewLayer | Synchronizing object | Blade rune
Fra:1 Mem:69.86M (Peak 69.86M) | Time:00:00.03 | Mem:0.00M, Peak:0.00M | Scene, ViewLayer | Synchronizing object | Blade rune.001
Fra:1 Mem:69.86M (Peak 69.86M) | Time:00:00.03 | Mem:0.00M, Peak:0.00M | Scene, ViewLayer | Synchronizing object | Blade rune.002
Fra:1 Mem:69.86M (Peak 69.86M) | Time:00:00.03 | Mem:0.00M, Peak:0.00M | Scene, ViewLayer | Synchronizing object | Forging mark
Fra:1 Mem:69.86M (Peak 69.86M) | Time:00:00.03 | Mem:0.00M, Peak:0.00M | Scene, ViewLayer | Synchronizing object | Forging mark.001
Fra:1 Mem:69.87M (Peak 69.87M) | Time:00:00.03 | Mem:0.00M, Peak:0.00M | Scene, ViewLayer | Synchronizing object | Forging mark.002
Fra:1 Mem:69.87M (Peak 69.87M) | Time:00:00.03 | Mem:0.00M, Peak:0.00M | Scene, ViewLayer | Synchronizing object | Forging mark.003
Fra:1 Mem:69.87M (Peak 69.87M) | Time:00:00.03 | Mem:0.00M, Peak:0.00M | Scene, ViewLayer | Synchronizing object | Forging mark.004
Fra:1 Mem:69.87M (Peak 69.87M) | Time:00:00.03 | Mem:0.00M, Peak:0.00M | Scene, ViewLayer | Synchronizing object | Forging mark.005
Fra:1 Mem:69.88M (Peak 69.88M) | Time:00:00.03 | Mem:0.00M, Peak:0.00M | Scene, ViewLayer | Synchronizing object | Forging mark.006
Fra:1 Mem:69.88M (Peak 69.88M) | Time:00:00.03 | Mem:0.00M, Peak:0.00M | Scene, ViewLayer | Synchronizing object | Forging mark.007
Fra:1 Mem:69.88M (Peak 69.88M) | Time:00:00.03 | Mem:0.00M, Peak:0.00M | Scene, ViewLayer | Synchronizing object | Forging mark.008
Fra:1 Mem:69.88M (Peak 69.88M) | Time:00:00.03 | Mem:0.00M, Peak:0.00M | Scene, ViewLayer | Synchronizing object | Forging mark.009
Fra:1 Mem:69.89M (Peak 69.89M) | Time:00:00.03 | Mem:0.00M, Peak:0.00M | Scene, ViewLayer | Synchronizing object | Weapon aura shard
Fra:1 Mem:69.89M (Peak 69.89M) | Time:00:00.03 | Mem:0.00M, Peak:0.00M | Scene, ViewLayer | Synchronizing object | Weapon aura shard.001
Fra:1 Mem:69.89M (Peak 69.89M) | Time:00:00.03 | Mem:0.00M, Peak:0.00M | Scene, ViewLayer | Synchronizing object | Fashion sword guard
Fra:1 Mem:69.92M (Peak 69.92M) | Time:00:00.03 | Mem:0.00M, Peak:0.00M | Scene, ViewLayer | Synchronizing object | Fashion sword guard.001
Fra:1 Mem:69.94M (Peak 69.94M) | Time:00:00.03 | Mem:0.00M, Peak:0.00M | Scene, ViewLayer | Synchronizing object | Shoulder shell.001
Fra:1 Mem:69.97M (Peak 69.97M) | Time:00:00.03 | Mem:0.00M, Peak:0.00M | Scene, ViewLayer | Synchronizing object | Layered pauldron.001
Fra:1 Mem:70.01M (Peak 70.01M) | Time:00:00.03 | Mem:0.00M, Peak:0.00M | Scene, ViewLayer | Synchronizing object | Armor horn.001
Fra:1 Mem:70.05M (Peak 70.05M) | Time:00:00.03 | Mem:0.00M, Peak:0.00M | Scene, ViewLayer | Synchronizing object | Tailored Cloak
Fra:1 Mem:70.06M (Peak 70.06M) | Time:00:00.03 | Mem:0.00M, Peak:0.00M | Scene, ViewLayer | Synchronizing object | Collar
Fra:1 Mem:70.07M (Peak 70.07M) | Time:00:00.03 | Mem:0.00M, Peak:0.00M | Scene, ViewLayer | Synchronizing object | Knee Guard.011
Fra:1 Mem:70.09M (Peak 70.09M) | Time:00:00.03 | Mem:0.00M, Peak:0.00M | Scene, ViewLayer | Synchronizing object | Head
Fra:1 Mem:70.14M (Peak 70.14M) | Time:00:00.03 | Mem:0.00M, Peak:0.00M | Scene, ViewLayer | Synchronizing object | Shin Guard.011
Fra:1 Mem:70.17M (Peak 70.17M) | Time:00:00.03 | Mem:0.00M, Peak:0.00M | Scene, ViewLayer | Synchronizing object | Eyes L
Fra:1 Mem:70.21M (Peak 70.21M) | Time:00:00.03 | Mem:0.00M, Peak:0.00M | Scene, ViewLayer | Synchronizing object | Boot.013
Fra:1 Mem:70.23M (Peak 70.23M) | Time:00:00.03 | Mem:0.00M, Peak:0.00M | Scene, ViewLayer | Synchronizing object | Eyes R
Fra:1 Mem:70.25M (Peak 70.25M) | Time:00:00.03 | Mem:0.00M, Peak:0.00M | Scene, ViewLayer | Synchronizing object | Trouser.013
Fra:1 Mem:70.30M (Peak 70.30M) | Time:00:00.03 | Mem:0.00M, Peak:0.00M | Scene, ViewLayer | Synchronizing object | Helmet
Fra:1 Mem:70.32M (Peak 70.32M) | Time:00:00.03 | Mem:0.00M, Peak:0.00M | Scene, ViewLayer | Synchronizing object | Knee Guard.010
Fra:1 Mem:70.36M (Peak 70.36M) | Time:00:00.03 | Mem:0.00M, Peak:0.00M | Scene, ViewLayer | Synchronizing object | Helmet Crest
Fra:1 Mem:70.39M (Peak 70.39M) | Time:00:00.03 | Mem:0.00M, Peak:0.00M | Scene, ViewLayer | Synchronizing object | Shin Guard.010
Fra:1 Mem:70.43M (Peak 70.43M) | Time:00:00.03 | Mem:0.00M, Peak:0.00M | Scene, ViewLayer | Synchronizing object | Nose Guard
Fra:1 Mem:70.46M (Peak 70.46M) | Time:00:00.03 | Mem:0.00M, Peak:0.00M | Scene, ViewLayer | Synchronizing object | Boot.012
Fra:1 Mem:70.48M (Peak 70.48M) | Time:00:00.03 | Mem:0.00M, Peak:0.00M | Scene, ViewLayer | Synchronizing object | Hair Side Lock
Fra:1 Mem:70.50M (Peak 70.50M) | Time:00:00.03 | Mem:0.00M, Peak:0.00M | Scene, ViewLayer | Synchronizing object | Trouser.012
Fra:1 Mem:70.55M (Peak 70.55M) | Time:00:00.03 | Mem:0.00M, Peak:0.00M | Scene, ViewLayer | Synchronizing object | Ear
Fra:1 Mem:70.58M (Peak 70.58M) | Time:00:00.03 | Mem:0.00M, Peak:0.00M | Scene, ViewLayer | Synchronizing object | Goblin nose
Fra:1 Mem:70.62M (Peak 70.62M) | Time:00:00.03 | Mem:0.00M, Peak:0.00M | Scene, ViewLayer | Synchronizing object | Goblin brow right
Fra:1 Mem:70.66M (Peak 70.66M) | Time:00:00.03 | Mem:0.00M, Peak:0.00M | Scene, ViewLayer | Synchronizing object | Goblin brow left
Fra:1 Mem:70.69M (Peak 70.69M) | Time:00:00.03 | Mem:0.00M, Peak:0.00M | Scene, ViewLayer | Synchronizing object | Leather Cap
Fra:1 Mem:70.73M (Peak 70.73M) | Time:00:00.03 | Mem:0.00M, Peak:0.00M | Scene, ViewLayer | Synchronizing object | Long Ear.001
Fra:1 Mem:70.73M (Peak 70.73M) | Time:00:00.03 | Mem:0.00M, Peak:0.00M | Scene, ViewLayer | Synchronizing object | Long Ear
Fra:1 Mem:70.74M (Peak 70.74M) | Time:00:00.03 | Mem:0.00M, Peak:0.00M | Scene, ViewLayer | Synchronizing object | Eyes R.006
Fra:1 Mem:70.78M (Peak 70.78M) | Time:00:00.03 | Mem:0.00M, Peak:0.00M | Scene, ViewLayer | Synchronizing object | Eyes L.006
Fra:1 Mem:70.81M (Peak 70.81M) | Time:00:00.03 | Mem:0.00M, Peak:0.00M | Scene, ViewLayer | Synchronizing object | Head.006
Fra:1 Mem:70.85M (Peak 70.85M) | Time:00:00.03 | Mem:0.00M, Peak:0.00M | Scene, ViewLayer | Synchronizing object | Cuff Trim.011
Fra:1 Mem:70.86M (Peak 70.86M) | Time:00:00.03 | Mem:0.00M, Peak:0.00M | Scene, ViewLayer | Synchronizing object | Forearm Bracer.011
Fra:1 Mem:70.89M (Peak 70.89M) | Time:00:00.03 | Mem:0.00M, Peak:0.00M | Scene, ViewLayer | Synchronizing object | Hair Side Lock.001
Fra:1 Mem:70.91M (Peak 70.91M) | Time:00:00.03 | Mem:0.00M, Peak:0.00M | Scene, ViewLayer | Synchronizing object | Goblin Knife
Fra:1 Mem:70.95M (Peak 70.95M) | Time:00:00.03 | Mem:0.00M, Peak:0.00M | Scene, ViewLayer | Synchronizing object | Glove.013
Fra:1 Mem:70.98M (Peak 70.98M) | Time:00:00.03 | Mem:0.00M, Peak:0.00M | Scene, ViewLayer | Synchronizing object | Ear.001
Fra:1 Mem:71.01M (Peak 71.01M) | Time:00:00.03 | Mem:0.00M, Peak:0.00M | Scene, ViewLayer | Synchronizing object | Sleeve.013
Fra:1 Mem:71.06M (Peak 71.06M) | Time:00:00.03 | Mem:0.00M, Peak:0.00M | Scene, ViewLayer | Synchronizing object | Nose
Fra:1 Mem:71.08M (Peak 71.08M) | Time:00:00.03 | Mem:0.00M, Peak:0.00M | Scene, ViewLayer | Synchronizing object | Pauldrons.005
Fra:1 Mem:71.13M (Peak 71.13M) | Time:00:00.03 | Mem:0.00M, Peak:0.00M | Scene, ViewLayer | Synchronizing object | Cuff Trim.010
Fra:1 Mem:71.12M (Peak 71.13M) | Time:00:00.03 | Mem:0.00M, Peak:0.00M | Scene, ViewLayer | Synchronizing object | Helmet Cheek Guard
Fra:1 Mem:71.15M (Peak 71.15M) | Time:00:00.03 | Mem:0.00M, Peak:0.00M | Scene, ViewLayer | Synchronizing object | Forearm Bracer.010
Fra:1 Mem:71.19M (Peak 71.19M) | Time:00:00.03 | Mem:0.00M, Peak:0.00M | Scene, ViewLayer | Synchronizing object | Glove.012
Fra:1 Mem:71.23M (Peak 71.23M) | Time:00:00.03 | Mem:0.00M, Peak:0.00M | Scene, ViewLayer | Synchronizing object | Sleeve.012
Fra:1 Mem:71.24M (Peak 71.24M) | Time:00:00.03 | Mem:0.00M, Peak:0.00M | Scene, ViewLayer | Synchronizing object | Helmet Cheek Guard.001
Fra:1 Mem:71.27M (Peak 71.27M) | Time:00:00.03 | Mem:0.00M, Peak:0.00M | Scene, ViewLayer | Synchronizing object | Raised breastplate
Fra:1 Mem:71.29M (Peak 71.29M) | Time:00:00.03 | Mem:0.00M, Peak:0.00M | Scene, ViewLayer | Synchronizing object | Central crest
Fra:1 Mem:71.35M (Peak 71.35M) | Time:00:00.03 | Mem:0.00M, Peak:0.00M | Scene, ViewLayer | Synchronizing object | Armor rune
Fra:1 Mem:71.38M (Peak 71.38M) | Time:00:00.03 | Mem:0.00M, Peak:0.00M | Scene, ViewLayer | Synchronizing object | Pauldrons.004
Fra:1 Mem:71.41M (Peak 71.41M) | Time:00:00.03 | Mem:0.00M, Peak:0.00M | Scene, ViewLayer | Synchronizing object | Armor rune.001
Fra:1 Mem:71.44M (Peak 71.44M) | Time:00:00.03 | Mem:0.00M, Peak:0.00M | Scene, ViewLayer | Synchronizing object | Buckle.006
Fra:1 Mem:71.48M (Peak 71.48M) | Time:00:00.03 | Mem:0.00M, Peak:0.00M | Scene, ViewLayer | Synchronizing object | Waist plate
Fra:1 Mem:71.51M (Peak 71.51M) | Time:00:00.03 | Mem:0.00M, Peak:0.00M | Scene, ViewLayer | Synchronizing object | Belt.006
Fra:1 Mem:71.53M (Peak 71.53M) | Time:00:00.03 | Mem:0.00M, Peak:0.00M | Scene, ViewLayer | Synchronizing object | Waist plate.001
Fra:1 Mem:71.56M (Peak 71.56M) | Time:00:00.03 | Mem:0.00M, Peak:0.00M | Scene, ViewLayer | Synchronizing object | Breastplate.006
Fra:1 Mem:71.60M (Peak 71.60M) | Time:00:00.03 | Mem:0.00M, Peak:0.00M | Scene, ViewLayer | Synchronizing object | Waist plate.002
Fra:1 Mem:71.60M (Peak 71.60M) | Time:00:00.03 | Mem:0.00M, Peak:0.00M | Scene, ViewLayer | Synchronizing object | Knee Guard.009
Fra:1 Mem:71.66M (Peak 71.66M) | Time:00:00.03 | Mem:0.00M, Peak:0.00M | Scene, ViewLayer | Synchronizing object | Waist plate.003
Fra:1 Mem:71.68M (Peak 71.68M) | Time:00:00.03 | Mem:0.00M, Peak:0.00M | Scene, ViewLayer | Synchronizing object | Shin Guard.009
Fra:1 Mem:71.72M (Peak 71.72M) | Time:00:00.03 | Mem:0.00M, Peak:0.00M | Scene, ViewLayer | Synchronizing object | Armor forging mark
Fra:1 Mem:71.76M (Peak 71.76M) | Time:00:00.03 | Mem:0.00M, Peak:0.00M | Scene, ViewLayer | Synchronizing object | Boot.011
Fra:1 Mem:71.78M (Peak 71.78M) | Time:00:00.03 | Mem:0.00M, Peak:0.00M | Scene, ViewLayer | Synchronizing object | Trouser.011
Fra:1 Mem:71.78M (Peak 71.78M) | Time:00:00.03 | Mem:0.00M, Peak:0.00M | Scene, ViewLayer | Synchronizing object | Armor forging mark.001
Fra:1 Mem:71.85M (Peak 71.85M) | Time:00:00.03 | Mem:0.00M, Peak:0.00M | Scene, ViewLayer | Synchronizing object | Knee Guard.008
Fra:1 Mem:71.87M (Peak 71.87M) | Time:00:00.03 | Mem:0.00M, Peak:0.00M | Scene, ViewLayer | Synchronizing object | Armor forging mark.002
Fra:1 Mem:71.91M (Peak 71.91M) | Time:00:00.03 | Mem:0.00M, Peak:0.00M | Scene, ViewLayer | Synchronizing object | Shin Guard.008
Fra:1 Mem:71.95M (Peak 71.95M) | Time:00:00.03 | Mem:0.00M, Peak:0.00M | Scene, ViewLayer | Synchronizing object | Armor forging mark.003
Fra:1 Mem:71.99M (Peak 71.99M) | Time:00:00.03 | Mem:0.00M, Peak:0.00M | Scene, ViewLayer | Synchronizing object | Boot.010
Fra:1 Mem:72.01M (Peak 72.01M) | Time:00:00.03 | Mem:0.00M, Peak:0.00M | Scene, ViewLayer | Synchronizing object | Armor forging mark.004
Fra:1 Mem:72.01M (Peak 72.01M) | Time:00:00.03 | Mem:0.00M, Peak:0.00M | Scene, ViewLayer | Synchronizing object | Trouser.010
Fra:1 Mem:72.08M (Peak 72.08M) | Time:00:00.03 | Mem:0.00M, Peak:0.00M | Scene, ViewLayer | Synchronizing object | Armor forging mark.005
Fra:1 Mem:72.08M (Peak 72.08M) | Time:00:00.03 | Mem:0.00M, Peak:0.00M | Scene, ViewLayer | Synchronizing object | Crown Crystal
Fra:1 Mem:72.14M (Peak 72.14M) | Time:00:00.03 | Mem:0.00M, Peak:0.00M | Scene, ViewLayer | Synchronizing object | Armor forging mark.006
Fra:1 Mem:72.17M (Peak 72.17M) | Time:00:00.03 | Mem:0.00M, Peak:0.00M | Scene, ViewLayer | Synchronizing object | Iron Crown
Fra:1 Mem:72.23M (Peak 72.23M) | Time:00:00.03 | Mem:0.00M, Peak:0.00M | Scene, ViewLayer | Synchronizing object | Armor forging mark.007
Fra:1 Mem:72.27M (Peak 72.27M) | Time:00:00.03 | Mem:0.00M, Peak:0.00M | Scene, ViewLayer | Synchronizing object | Stone Horn.001
Fra:1 Mem:72.30M (Peak 72.30M) | Time:00:00.03 | Mem:0.00M, Peak:0.00M | Scene, ViewLayer | Synchronizing object | Armor forging mark.008
Fra:1 Mem:72.34M (Peak 72.34M) | Time:00:00.03 | Mem:0.00M, Peak:0.00M | Scene, ViewLayer | Synchronizing object | Stone Horn
Fra:1 Mem:72.38M (Peak 72.38M) | Time:00:00.03 | Mem:0.00M, Peak:0.00M | Scene, ViewLayer | Synchronizing object | Armor forging mark.009
Fra:1 Mem:72.41M (Peak 72.41M) | Time:00:00.03 | Mem:0.00M, Peak:0.00M | Scene, ViewLayer | Synchronizing object | Eyes R.005
Fra:1 Mem:72.44M (Peak 72.44M) | Time:00:00.03 | Mem:0.00M, Peak:0.00M | Scene, ViewLayer | Synchronizing object | Armor heart
Fra:1 Mem:72.48M (Peak 72.48M) | Time:00:00.03 | Mem:0.00M, Peak:0.00M | Scene, ViewLayer | Synchronizing object | Eyes L.005
Fra:1 Mem:72.51M (Peak 72.51M) | Time:00:00.03 | Mem:0.00M, Peak:0.00M | Scene, ViewLayer | Synchronizing object | Bronze outer astrolabe
Fra:1 Mem:72.56M (Peak 72.56M) | Time:00:00.03 | Mem:0.00M, Peak:0.00M | Scene, ViewLayer | Synchronizing object | Head.005
Fra:1 Mem:72.60M (Peak 72.60M) | Time:00:00.03 | Mem:0.00M, Peak:0.00M | Scene, ViewLayer | Synchronizing object | Inclined inner astrolabe
Fra:1 Mem:72.61M (Peak 72.61M) | Time:00:00.03 | Mem:0.00M, Peak:0.00M | Scene, ViewLayer | Synchronizing object | Guardian ember crystal
Fra:1 Mem:72.67M (Peak 72.67M) | Time:00:00.03 | Mem:0.00M, Peak:0.00M | Scene, ViewLayer | Synchronizing object | Guardian chest plate
Fra:1 Mem:72.68M (Peak 72.68M) | Time:00:00.03 | Mem:0.00M, Peak:0.00M | Scene, ViewLayer | Synchronizing object | Cuff Trim.009
Fra:1 Mem:72.70M (Peak 72.70M) | Time:00:00.03 | Mem:0.00M, Peak:0.00M | Scene, ViewLayer | Synchronizing object | Forearm Bracer.009
Fra:1 Mem:72.74M (Peak 72.74M) | Time:00:00.03 | Mem:0.00M, Peak:0.00M | Scene, ViewLayer | Synchronizing object | Star-ring radial vane
Fra:1 Mem:72.76M (Peak 72.76M) | Time:00:00.03 | Mem:0.00M, Peak:0.00M | Scene, ViewLayer | Synchronizing object | Guardian layered pauldron.001
Fra:1 Mem:72.78M (Peak 72.78M) | Time:00:00.03 | Mem:0.00M, Peak:0.00M | Scene, ViewLayer | Synchronizing object | Great Hammer
Fra:1 Mem:72.81M (Peak 72.81M) | Time:00:00.03 | Mem:0.00M, Peak:0.00M | Scene, ViewLayer | Synchronizing object | Star-ring focus crystal
Fra:1 Mem:72.84M (Peak 72.84M) | Time:00:00.03 | Mem:0.00M, Peak:0.00M | Scene, ViewLayer | Synchronizing object | Hammer Grip
Fra:1 Mem:72.86M (Peak 72.86M) | Time:00:00.03 | Mem:0.00M, Peak:0.00M | Scene, ViewLayer | Synchronizing object | Glove.011
Fra:1 Mem:72.89M (Peak 72.89M) | Time:00:00.03 | Mem:0.00M, Peak:0.00M | Scene, ViewLayer | Synchronizing object | Sleeve.011
Fra:1 Mem:72.93M (Peak 72.93M) | Time:00:00.03 | Mem:0.00M, Peak:0.00M | Scene, ViewLayer | Synchronizing object | Star-ring radial vane.001
Fra:1 Mem:72.96M (Peak 72.96M) | Time:00:00.03 | Mem:0.00M, Peak:0.00M | Scene, ViewLayer | Synchronizing object | Pauldrons.003
Fra:1 Mem:73.00M (Peak 73.00M) | Time:00:00.03 | Mem:0.00M, Peak:0.00M | Scene, ViewLayer | Synchronizing object | Star-ring focus crystal.001
Fra:1 Mem:72.99M (Peak 73.00M) | Time:00:00.03 | Mem:0.00M, Peak:0.00M | Scene, ViewLayer | Synchronizing object | Cuff Trim.008
Fra:1 Mem:73.03M (Peak 73.03M) | Time:00:00.03 | Mem:0.00M, Peak:0.00M | Scene, ViewLayer | Synchronizing object | Forearm Bracer.008
Fra:1 Mem:73.07M (Peak 73.07M) | Time:00:00.03 | Mem:0.00M, Peak:0.00M | Scene, ViewLayer | Synchronizing object | Star-ring radial vane.002
Fra:1 Mem:73.10M (Peak 73.10M) | Time:00:00.03 | Mem:0.00M, Peak:0.00M | Scene, ViewLayer | Synchronizing object | Guardian layered pauldron
Fra:1 Mem:73.12M (Peak 73.12M) | Time:00:00.03 | Mem:0.00M, Peak:0.00M | Scene, ViewLayer | Synchronizing object | Glove.010
Fra:1 Mem:73.12M (Peak 73.12M) | Time:00:00.03 | Mem:0.00M, Peak:0.00M | Scene, ViewLayer | Synchronizing object | Star-ring focus crystal.002
Fra:1 Mem:73.18M (Peak 73.18M) | Time:00:00.03 | Mem:0.00M, Peak:0.00M | Scene, ViewLayer | Synchronizing object | Sleeve.010
Fra:1 Mem:73.21M (Peak 73.21M) | Time:00:00.03 | Mem:0.00M, Peak:0.00M | Scene, ViewLayer | Synchronizing object | Star-ring radial vane.003
Fra:1 Mem:73.25M (Peak 73.25M) | Time:00:00.03 | Mem:0.00M, Peak:0.00M | Scene, ViewLayer | Synchronizing object | Pauldrons.002
Fra:1 Mem:73.26M (Peak 73.26M) | Time:00:00.03 | Mem:0.00M, Peak:0.00M | Scene, ViewLayer | Synchronizing object | Star-ring focus crystal.003
Fra:1 Mem:73.31M (Peak 73.31M) | Time:00:00.03 | Mem:0.00M, Peak:0.00M | Scene, ViewLayer | Synchronizing object | Buckle.005
Fra:1 Mem:73.34M (Peak 73.34M) | Time:00:00.03 | Mem:0.00M, Peak:0.00M | Scene, ViewLayer | Synchronizing object | Star-ring radial vane.004
Fra:1 Mem:73.37M (Peak 73.37M) | Time:00:00.03 | Mem:0.00M, Peak:0.00M | Scene, ViewLayer | Synchronizing object | Belt.005
Fra:1 Mem:73.40M (Peak 73.40M) | Time:00:00.03 | Mem:0.00M, Peak:0.00M | Scene, ViewLayer | Synchronizing object | Star-ring focus crystal.004
Fra:1 Mem:73.43M (Peak 73.43M) | Time:00:00.03 | Mem:0.00M, Peak:0.00M | Scene, ViewLayer | Synchronizing object | Breastplate.005
Fra:1 Mem:73.46M (Peak 73.46M) | Time:00:00.03 | Mem:0.00M, Peak:0.00M | Scene, ViewLayer | Synchronizing object | Star-ring radial vane.005
Fra:1 Mem:73.47M (Peak 73.47M) | Time:00:00.03 | Mem:0.00M, Peak:0.00M | Scene, ViewLayer | Synchronizing object | Treant grown shoulder branch.005
Fra:1 Mem:73.52M (Peak 73.52M) | Time:00:00.03 | Mem:0.00M, Peak:0.00M | Scene, ViewLayer | Synchronizing object | Star-ring focus crystal.005
Fra:1 Mem:73.55M (Peak 73.55M) | Time:00:00.03 | Mem:0.00M, Peak:0.00M | Scene, ViewLayer | Synchronizing object | Treant grown shoulder branch.004
Fra:1 Mem:73.59M (Peak 73.59M) | Time:00:00.03 | Mem:0.00M, Peak:0.00M | Scene, ViewLayer | Synchronizing object | Star-ring radial vane.006
Fra:1 Mem:73.62M (Peak 73.62M) | Time:00:00.03 | Mem:0.00M, Peak:0.00M | Scene, ViewLayer | Synchronizing object | Treant grown shoulder branch.003
Fra:1 Mem:73.66M (Peak 73.66M) | Time:00:00.03 | Mem:0.00M, Peak:0.00M | Scene, ViewLayer | Synchronizing object | Star-ring focus crystal.006
Fra:1 Mem:73.70M (Peak 73.70M) | Time:00:00.03 | Mem:0.00M, Peak:0.00M | Scene, ViewLayer | Synchronizing object | Treant grown shoulder branch.002
Fra:1 Mem:73.73M (Peak 73.73M) | Time:00:00.03 | Mem:0.00M, Peak:0.00M | Scene, ViewLayer | Synchronizing object | Star-ring radial vane.007
Fra:1 Mem:73.76M (Peak 73.76M) | Time:00:00.03 | Mem:0.00M, Peak:0.00M | Scene, ViewLayer | Synchronizing object | Treant grown shoulder branch.001
Fra:1 Mem:73.79M (Peak 73.79M) | Time:00:00.03 | Mem:0.00M, Peak:0.00M | Scene, ViewLayer | Synchronizing object | Star-ring focus crystal.007
Fra:1 Mem:73.83M (Peak 73.83M) | Time:00:00.03 | Mem:0.00M, Peak:0.00M | Scene, ViewLayer | Synchronizing object | Treant grown shoulder branch
Fra:1 Mem:73.86M (Peak 73.86M) | Time:00:00.03 | Mem:0.00M, Peak:0.00M | Scene, ViewLayer | Synchronizing object | Wing clasp
Fra:1 Mem:73.91M (Peak 73.91M) | Time:00:00.03 | Mem:0.00M, Peak:0.00M | Scene, ViewLayer | Synchronizing object | Permanent treant contract knot
Fra:1 Mem:73.93M (Peak 73.93M) | Time:00:00.03 | Mem:0.00M, Peak:0.00M | Scene, ViewLayer | Synchronizing object | Trouser
Fra:1 Mem:73.98M (Peak 73.98M) | Time:00:00.03 | Mem:0.00M, Peak:0.00M | Scene, ViewLayer | Synchronizing object | Leaf crown.002
Fra:1 Mem:74.00M (Peak 74.00M) | Time:00:00.03 | Mem:0.00M, Peak:0.00M | Scene, ViewLayer | Synchronizing object | Boot
Fra:1 Mem:74.01M (Peak 74.01M) | Time:00:00.03 | Mem:0.00M, Peak:0.00M | Scene, ViewLayer | Synchronizing object | Leaf crown.001
Fra:1 Mem:74.02M (Peak 74.02M) | Time:00:00.03 | Mem:0.00M, Peak:0.00M | Scene, ViewLayer | Synchronizing object | Shin Guard
Fra:1 Mem:74.07M (Peak 74.07M) | Time:00:00.03 | Mem:0.00M, Peak:0.00M | Scene, ViewLayer | Synchronizing object | Leaf crown
Fra:1 Mem:74.10M (Peak 74.10M) | Time:00:00.03 | Mem:0.00M, Peak:0.00M | Scene, ViewLayer | Synchronizing object | Knee Guard
Fra:1 Mem:74.11M (Peak 74.11M) | Time:00:00.03 | Mem:0.00M, Peak:0.00M | Scene, ViewLayer | Synchronizing object | Glove.009
Fra:1 Mem:74.14M (Peak 74.14M) | Time:00:00.03 | Mem:0.00M, Peak:0.00M | Scene, ViewLayer | Synchronizing object | Sleeve.009
Fra:1 Mem:74.16M (Peak 74.16M) | Time:00:00.03 | Mem:0.00M, Peak:0.00M | Scene, ViewLayer | Synchronizing object | Trouser.001
Fra:1 Mem:74.19M (Peak 74.19M) | Time:00:00.03 | Mem:0.00M, Peak:0.00M | Scene, ViewLayer | Synchronizing object | Pauldrons.001
Fra:1 Mem:74.22M (Peak 74.22M) | Time:00:00.03 | Mem:0.00M, Peak:0.00M | Scene, ViewLayer | Synchronizing object | Glove.008
Fra:1 Mem:74.24M (Peak 74.24M) | Time:00:00.03 | Mem:0.00M, Peak:0.00M | Scene, ViewLayer | Synchronizing object | Boot.001
Fra:1 Mem:74.26M (Peak 74.26M) | Time:00:00.03 | Mem:0.00M, Peak:0.00M | Scene, ViewLayer | Synchronizing object | Sleeve.008
Fra:1 Mem:74.28M (Peak 74.28M) | Time:00:00.03 | Mem:0.00M, Peak:0.00M | Scene, ViewLayer | Synchronizing object | Shin Guard.001
Fra:1 Mem:74.30M (Peak 74.30M) | Time:00:00.03 | Mem:0.00M, Peak:0.00M | Scene, ViewLayer | Synchronizing object | Pauldrons
Fra:1 Mem:74.34M (Peak 74.34M) | Time:00:00.03 | Mem:0.00M, Peak:0.00M | Scene, ViewLayer | Synchronizing object | Boot.009
Fra:1 Mem:74.36M (Peak 74.36M) | Time:00:00.03 | Mem:0.00M, Peak:0.00M | Scene, ViewLayer | Synchronizing object | Knee Guard.001
Fra:1 Mem:74.38M (Peak 74.38M) | Time:00:00.03 | Mem:0.00M, Peak:0.00M | Scene, ViewLayer | Synchronizing object | Trouser.009
Fra:1 Mem:74.41M (Peak 74.41M) | Time:00:00.03 | Mem:0.00M, Peak:0.00M | Scene, ViewLayer | Synchronizing object | Boot.008
Fra:1 Mem:74.43M (Peak 74.43M) | Time:00:00.03 | Mem:0.00M, Peak:0.00M | Scene, ViewLayer | Synchronizing object | Breastplate.001
Fra:1 Mem:74.45M (Peak 74.45M) | Time:00:00.03 | Mem:0.00M, Peak:0.00M | Scene, ViewLayer | Synchronizing object | Trouser.008
Fra:1 Mem:74.49M (Peak 74.49M) | Time:00:00.03 | Mem:0.00M, Peak:0.00M | Scene, ViewLayer | Synchronizing object | Eyes R.004
Fra:1 Mem:74.51M (Peak 74.51M) | Time:00:00.03 | Mem:0.00M, Peak:0.00M | Scene, ViewLayer | Synchronizing object | Belt.001
Fra:1 Mem:74.55M (Peak 74.55M) | Time:00:00.03 | Mem:0.00M, Peak:0.00M | Scene, ViewLayer | Synchronizing object | Eyes L.004
Fra:1 Mem:74.56M (Peak 74.56M) | Time:00:00.03 | Mem:0.00M, Peak:0.00M | Scene, ViewLayer | Synchronizing object | Buckle.001
Fra:1 Mem:74.60M (Peak 74.60M) | Time:00:00.03 | Mem:0.00M, Peak:0.00M | Scene, ViewLayer | Synchronizing object | Head.004
Fra:1 Mem:74.62M (Peak 74.62M) | Time:00:00.03 | Mem:0.00M, Peak:0.00M | Scene, ViewLayer | Synchronizing object | Buckle.004
Fra:1 Mem:74.65M (Peak 74.65M) | Time:00:00.03 | Mem:0.00M, Peak:0.00M | Scene, ViewLayer | Synchronizing object | Belt.004
Fra:1 Mem:74.68M (Peak 74.68M) | Time:00:00.03 | Mem:0.00M, Peak:0.00M | Scene, ViewLayer | Synchronizing object | Breastplate.004
Fra:1 Mem:74.71M (Peak 74.71M) | Time:00:00.03 | Mem:0.00M, Peak:0.00M | Scene, ViewLayer | Synchronizing object | Spirit grown crown vane.005
Fra:1 Mem:74.75M (Peak 74.75M) | Time:00:00.03 | Mem:0.00M, Peak:0.00M | Scene, ViewLayer | Synchronizing object | Sleeve.002
Fra:1 Mem:74.75M (Peak 74.75M) | Time:00:00.03 | Mem:0.00M, Peak:0.00M | Scene, ViewLayer | Synchronizing object | Spirit grown crown vane.004
Fra:1 Mem:74.81M (Peak 74.81M) | Time:00:00.03 | Mem:0.00M, Peak:0.00M | Scene, ViewLayer | Synchronizing object | Spirit grown crown vane.003
Fra:1 Mem:74.83M (Peak 74.83M) | Time:00:00.03 | Mem:0.00M, Peak:0.00M | Scene, ViewLayer | Synchronizing object | Glove.002
Fra:1 Mem:74.87M (Peak 74.87M) | Time:00:00.03 | Mem:0.00M, Peak:0.00M | Scene, ViewLayer | Synchronizing object | Spirit grown crown vane.002
Fra:1 Mem:74.90M (Peak 74.90M) | Time:00:00.03 | Mem:0.00M, Peak:0.00M | Scene, ViewLayer | Synchronizing object | Orb
Fra:1 Mem:74.94M (Peak 74.94M) | Time:00:00.03 | Mem:0.00M, Peak:0.00M | Scene, ViewLayer | Synchronizing object | Spirit grown crown vane.001
Fra:1 Mem:74.96M (Peak 74.96M) | Time:00:00.03 | Mem:0.00M, Peak:0.00M | Scene, ViewLayer | Synchronizing object | Forearm Bracer.002
Fra:1 Mem:75.00M (Peak 75.00M) | Time:00:00.03 | Mem:0.00M, Peak:0.00M | Scene, ViewLayer | Synchronizing object | Spirit grown crown vane
Fra:1 Mem:75.03M (Peak 75.03M) | Time:00:00.03 | Mem:0.00M, Peak:0.00M | Scene, ViewLayer | Synchronizing object | Cuff Trim.002
Fra:1 Mem:75.05M (Peak 75.05M) | Time:00:00.03 | Mem:0.00M, Peak:0.00M | Scene, ViewLayer | Synchronizing object | Permanent spirit contract seal
Fra:1 Mem:75.05M (Peak 75.05M) | Time:00:00.03 | Mem:0.00M, Peak:0.00M | Scene, ViewLayer | Synchronizing object | Tailored shoulder mantle
Fra:1 Mem:75.11M (Peak 75.11M) | Time:00:00.03 | Mem:0.00M, Peak:0.00M | Scene, ViewLayer | Synchronizing object | Sleeve.003
Fra:1 Mem:75.14M (Peak 75.14M) | Time:00:00.03 | Mem:0.00M, Peak:0.00M | Scene, ViewLayer | Synchronizing object | Permanent spirit contract band
Fra:1 Mem:75.19M (Peak 75.19M) | Time:00:00.03 | Mem:0.00M, Peak:0.00M | Scene, ViewLayer | Synchronizing object | Glove.003
Fra:1 Mem:75.20M (Peak 75.20M) | Time:00:00.03 | Mem:0.00M, Peak:0.00M | Scene, ViewLayer | Synchronizing object | Spirit wing.001
Fra:1 Mem:75.22M (Peak 75.22M) | Time:00:00.03 | Mem:0.00M, Peak:0.00M | Scene, ViewLayer | Synchronizing object | Spirit wing
Fra:1 Mem:75.24M (Peak 75.24M) | Time:00:00.03 | Mem:0.00M, Peak:0.00M | Scene, ViewLayer | Synchronizing object | Star crown
Fra:1 Mem:75.25M (Peak 75.25M) | Time:00:00.03 | Mem:0.00M, Peak:0.00M | Scene, ViewLayer | Synchronizing object | Forearm Bracer.003
Fra:1 Mem:75.30M (Peak 75.30M) | Time:00:00.03 | Mem:0.00M, Peak:0.00M | Scene, ViewLayer | Synchronizing object | Star spirit
Fra:1 Mem:75.32M (Peak 75.32M) | Time:00:00.03 | Mem:0.00M, Peak:0.00M | Scene, ViewLayer | Synchronizing object | Knee Guard.007
Fra:1 Mem:75.33M (Peak 75.33M) | Time:00:00.03 | Mem:0.00M, Peak:0.00M | Scene, ViewLayer | Synchronizing object | Cuff Trim.003
Fra:1 Mem:75.36M (Peak 75.36M) | Time:00:00.03 | Mem:0.00M, Peak:0.00M | Scene, ViewLayer | Synchronizing object | Inlaid staff
Fra:1 Mem:75.37M (Peak 75.37M) | Time:00:00.03 | Mem:0.00M, Peak:0.00M | Scene, ViewLayer | Synchronizing object | Staff collar
Fra:1 Mem:75.37M (Peak 75.37M) | Time:00:00.03 | Mem:0.00M, Peak:0.00M | Scene, ViewLayer | Synchronizing object | Shin Guard.007
Fra:1 Mem:75.38M (Peak 75.38M) | Time:00:00.03 | Mem:0.00M, Peak:0.00M | Scene, ViewLayer | Synchronizing object | Focus crystal
Fra:1 Mem:75.42M (Peak 75.42M) | Time:00:00.03 | Mem:0.00M, Peak:0.00M | Scene, ViewLayer | Synchronizing object | Crystal prong
Fra:1 Mem:75.44M (Peak 75.44M) | Time:00:00.03 | Mem:0.00M, Peak:0.00M | Scene, ViewLayer | Synchronizing object | Boot.007
Fra:1 Mem:75.44M (Peak 75.44M) | Time:00:00.03 | Mem:0.00M, Peak:0.00M | Scene, ViewLayer | Synchronizing object | Floating shard
Fra:1 Mem:75.46M (Peak 75.46M) | Time:00:00.03 | Mem:0.00M, Peak:0.00M | Scene, ViewLayer | Synchronizing object | Crystal prong.001
Fra:1 Mem:75.47M (Peak 75.47M) | Time:00:00.03 | Mem:0.00M, Peak:0.00M | Scene, ViewLayer | Synchronizing object | Trouser.007
Fra:1 Mem:75.50M (Peak 75.50M) | Time:00:00.03 | Mem:0.00M, Peak:0.00M | Scene, ViewLayer | Synchronizing object | Floating shard.001
Fra:1 Mem:75.51M (Peak 75.51M) | Time:00:00.03 | Mem:0.00M, Peak:0.00M | Scene, ViewLayer | Synchronizing object | Staff rune
Fra:1 Mem:75.51M (Peak 75.51M) | Time:00:00.03 | Mem:0.00M, Peak:0.00M | Scene, ViewLayer | Synchronizing object | Staff rune.001
Fra:1 Mem:75.52M (Peak 75.52M) | Time:00:00.03 | Mem:0.00M, Peak:0.00M | Scene, ViewLayer | Synchronizing object | Staff rune.002
Fra:1 Mem:75.52M (Peak 75.52M) | Time:00:00.03 | Mem:0.00M, Peak:0.00M | Scene, ViewLayer | Synchronizing object | Knee Guard.006
Fra:1 Mem:75.52M (Peak 75.52M) | Time:00:00.03 | Mem:0.00M, Peak:0.00M | Scene, ViewLayer | Synchronizing object | Staff forging mark
Fra:1 Mem:75.55M (Peak 75.55M) | Time:00:00.03 | Mem:0.00M, Peak:0.00M | Scene, ViewLayer | Synchronizing object | Staff forging mark.001
Fra:1 Mem:75.55M (Peak 75.55M) | Time:00:00.03 | Mem:0.00M, Peak:0.00M | Scene, ViewLayer | Synchronizing object | Staff forging mark.002
Fra:1 Mem:75.56M (Peak 75.56M) | Time:00:00.03 | Mem:0.00M, Peak:0.00M | Scene, ViewLayer | Synchronizing object | Staff forging mark.003
Fra:1 Mem:75.56M (Peak 75.56M) | Time:00:00.03 | Mem:0.00M, Peak:0.00M | Scene, ViewLayer | Synchronizing object | Shin Guard.006
Fra:1 Mem:75.56M (Peak 75.56M) | Time:00:00.03 | Mem:0.00M, Peak:0.00M | Scene, ViewLayer | Synchronizing object | Staff forging mark.004
Fra:1 Mem:75.59M (Peak 75.59M) | Time:00:00.03 | Mem:0.00M, Peak:0.00M | Scene, ViewLayer | Synchronizing object | Staff forging mark.005
Fra:1 Mem:75.60M (Peak 75.60M) | Time:00:00.03 | Mem:0.00M, Peak:0.00M | Scene, ViewLayer | Synchronizing object | Staff forging mark.006
Fra:1 Mem:75.60M (Peak 75.60M) | Time:00:00.03 | Mem:0.00M, Peak:0.00M | Scene, ViewLayer | Synchronizing object | Staff forging mark.007
Fra:1 Mem:75.61M (Peak 75.61M) | Time:00:00.03 | Mem:0.00M, Peak:0.00M | Scene, ViewLayer | Synchronizing object | Staff forging mark.008
Fra:1 Mem:75.61M (Peak 75.61M) | Time:00:00.03 | Mem:0.00M, Peak:0.00M | Scene, ViewLayer | Synchronizing object | Boot.006
Fra:1 Mem:75.61M (Peak 75.61M) | Time:00:00.03 | Mem:0.00M, Peak:0.00M | Scene, ViewLayer | Synchronizing object | Staff forging mark.009
Fra:1 Mem:75.63M (Peak 75.63M) | Time:00:00.03 | Mem:0.00M, Peak:0.00M | Scene, ViewLayer | Synchronizing object | Weapon aura shard.002
Fra:1 Mem:75.63M (Peak 75.63M) | Time:00:00.03 | Mem:0.00M, Peak:0.00M | Scene, ViewLayer | Synchronizing object | Weapon aura shard.003
Fra:1 Mem:75.63M (Peak 75.63M) | Time:00:00.03 | Mem:0.00M, Peak:0.00M | Scene, ViewLayer | Synchronizing object | Trouser.006
Fra:1 Mem:75.64M (Peak 75.64M) | Time:00:00.03 | Mem:0.00M, Peak:0.00M | Scene, ViewLayer | Synchronizing object | Fashion focus collar
Fra:1 Mem:75.68M (Peak 75.68M) | Time:00:00.03 | Mem:0.00M, Peak:0.00M | Scene, ViewLayer | Synchronizing object | Fashion focus fin
Fra:1 Mem:75.71M (Peak 75.71M) | Time:00:00.03 | Mem:0.00M, Peak:0.00M | Scene, ViewLayer | Synchronizing object | Wing clasp.003
Fra:1 Mem:75.71M (Peak 75.71M) | Time:00:00.03 | Mem:0.00M, Peak:0.00M | Scene, ViewLayer | Synchronizing object | Fashion focus fin.001
Fra:1 Mem:75.75M (Peak 75.75M) | Time:00:00.03 | Mem:0.00M, Peak:0.00M | Scene, ViewLayer | Synchronizing object | Tailored shoulder mantle.001
Fra:1 Mem:75.77M (Peak 75.77M) | Time:00:00.03 | Mem:0.00M, Peak:0.00M | Scene, ViewLayer | Synchronizing object | Star-ring focus crystal.031
Fra:1 Mem:75.82M (Peak 75.82M) | Time:00:00.03 | Mem:0.00M, Peak:0.00M | Scene, ViewLayer | Synchronizing object | Tailored Cloak.001
Fra:1 Mem:75.83M (Peak 75.83M) | Time:00:00.03 | Mem:0.00M, Peak:0.00M | Scene, ViewLayer | Synchronizing object | Star-ring radial vane.031
Fra:1 Mem:75.85M (Peak 75.85M) | Time:00:00.03 | Mem:0.00M, Peak:0.00M | Scene, ViewLayer | Synchronizing object | Collar.001
Fra:1 Mem:75.87M (Peak 75.87M) | Time:00:00.03 | Mem:0.00M, Peak:0.00M | Scene, ViewLayer | Synchronizing object | Head.001
Fra:1 Mem:75.91M (Peak 75.91M) | Time:00:00.03 | Mem:0.00M, Peak:0.00M | Scene, ViewLayer | Synchronizing object | Star-ring focus crystal.030
Fra:1 Mem:75.94M (Peak 75.94M) | Time:00:00.03 | Mem:0.00M, Peak:0.00M | Scene, ViewLayer | Synchronizing object | Eyes L.001
Fra:1 Mem:75.97M (Peak 75.97M) | Time:00:00.03 | Mem:0.00M, Peak:0.00M | Scene, ViewLayer | Synchronizing object | Star-ring radial vane.030
Fra:1 Mem:76.01M (Peak 76.01M) | Time:00:00.03 | Mem:0.00M, Peak:0.00M | Scene, ViewLayer | Synchronizing object | Eyes R.001
Fra:1 Mem:76.03M (Peak 76.03M) | Time:00:00.03 | Mem:0.00M, Peak:0.00M | Scene, ViewLayer | Synchronizing object | Star-ring focus crystal.029
Fra:1 Mem:76.07M (Peak 76.07M) | Time:00:00.03 | Mem:0.00M, Peak:0.00M | Scene, ViewLayer | Synchronizing object | Hat Brim
Fra:1 Mem:76.09M (Peak 76.09M) | Time:00:00.03 | Mem:0.00M, Peak:0.00M | Scene, ViewLayer | Synchronizing object | Star-ring radial vane.029
Fra:1 Mem:76.11M (Peak 76.11M) | Time:00:00.03 | Mem:0.00M, Peak:0.00M | Scene, ViewLayer | Synchronizing object | Hat Gem
Fra:1 Mem:76.15M (Peak 76.15M) | Time:00:00.03 | Mem:0.00M, Peak:0.00M | Scene, ViewLayer | Synchronizing object | Star-ring focus crystal.028
Fra:1 Mem:76.18M (Peak 76.18M) | Time:00:00.03 | Mem:0.00M, Peak:0.00M | Scene, ViewLayer | Synchronizing object | Hair Side Lock.002
Fra:1 Mem:76.21M (Peak 76.21M) | Time:00:00.03 | Mem:0.00M, Peak:0.00M | Scene, ViewLayer | Synchronizing object | Ear.002
Fra:1 Mem:76.25M (Peak 76.25M) | Time:00:00.03 | Mem:0.00M, Peak:0.00M | Scene, ViewLayer | Synchronizing object | Hair Side Lock.003
Fra:1 Mem:76.30M (Peak 76.30M) | Time:00:00.03 | Mem:0.00M, Peak:0.00M | Scene, ViewLayer | Synchronizing object | Ear.003
Fra:1 Mem:76.31M (Peak 76.31M) | Time:00:00.03 | Mem:0.00M, Peak:0.00M | Scene, ViewLayer | Synchronizing object | Star-ring radial vane.028
Fra:1 Mem:76.36M (Peak 76.36M) | Time:00:00.03 | Mem:0.00M, Peak:0.00M | Scene, ViewLayer | Synchronizing object | Nose.001
Fra:1 Mem:76.38M (Peak 76.38M) | Time:00:00.03 | Mem:0.00M, Peak:0.00M | Scene, ViewLayer | Synchronizing object | Star-ring focus crystal.027
Fra:1 Mem:76.43M (Peak 76.43M) | Time:00:00.03 | Mem:0.00M, Peak:0.00M | Scene, ViewLayer | Synchronizing object | Pointed Wizard Hat
Fra:1 Mem:76.44M (Peak 76.44M) | Time:00:00.03 | Mem:0.00M, Peak:0.00M | Scene, ViewLayer | Synchronizing object | Star-ring radial vane.027
Fra:1 Mem:76.45M (Peak 76.45M) | Time:00:00.03 | Mem:0.00M, Peak:0.00M | Scene, ViewLayer | Synchronizing object | Scholar rear high collar
Fra:1 Mem:76.49M (Peak 76.49M) | Time:00:00.03 | Mem:0.00M, Peak:0.00M | Scene, ViewLayer | Synchronizing object | Star-ring focus crystal.026
Fra:1 Mem:76.52M (Peak 76.52M) | Time:00:00.03 | Mem:0.00M, Peak:0.00M | Scene, ViewLayer | Synchronizing object | Scholar rear high collar.001
Fra:1 Mem:76.55M (Peak 76.55M) | Time:00:00.03 | Mem:0.00M, Peak:0.00M | Scene, ViewLayer | Synchronizing object | Star-ring radial vane.026
Fra:1 Mem:76.58M (Peak 76.58M) | Time:00:00.03 | Mem:0.00M, Peak:0.00M | Scene, ViewLayer | Synchronizing object | Equipped robe skirt
Fra:1 Mem:76.59M (Peak 76.59M) | Time:00:00.03 | Mem:0.00M, Peak:0.00M | Scene, ViewLayer | Synchronizing object | Embroidered robe panel
Fra:1 Mem:76.61M (Peak 76.61M) | Time:00:00.03 | Mem:0.00M, Peak:0.00M | Scene, ViewLayer | Synchronizing object | Star-ring focus crystal.025
Fra:1 Mem:76.61M (Peak 76.61M) | Time:00:00.03 | Mem:0.00M, Peak:0.00M | Scene, ViewLayer | Synchronizing object | Robe metal seam
Fra:1 Mem:76.67M (Peak 76.67M) | Time:00:00.03 | Mem:0.00M, Peak:0.00M | Scene, ViewLayer | Synchronizing object | Star-ring radial vane.025
Fra:1 Mem:76.67M (Peak 76.67M) | Time:00:00.03 | Mem:0.00M, Peak:0.00M | Scene, ViewLayer | Synchronizing object | Embroidered robe panel.001
Fra:1 Mem:76.71M (Peak 76.71M) | Time:00:00.03 | Mem:0.00M, Peak:0.00M | Scene, ViewLayer | Synchronizing object | Robe metal seam.001
Fra:1 Mem:76.73M (Peak 76.73M) | Time:00:00.03 | Mem:0.00M, Peak:0.00M | Scene, ViewLayer | Synchronizing object | Star-ring focus crystal.024
Fra:1 Mem:76.77M (Peak 76.77M) | Time:00:00.03 | Mem:0.00M, Peak:0.00M | Scene, ViewLayer | Synchronizing object | Costume fastening
Fra:1 Mem:76.80M (Peak 76.80M) | Time:00:00.03 | Mem:0.00M, Peak:0.00M | Scene, ViewLayer | Synchronizing object | Star-ring radial vane.024
Fra:1 Mem:76.83M (Peak 76.83M) | Time:00:00.03 | Mem:0.00M, Peak:0.00M | Scene, ViewLayer | Synchronizing object | Scholar split side lining
Fra:1 Mem:76.86M (Peak 76.86M) | Time:00:00.03 | Mem:0.00M, Peak:0.00M | Scene, ViewLayer | Synchronizing object | Inclined inner astrolabe.003
Fra:1 Mem:76.91M (Peak 76.91M) | Time:00:00.03 | Mem:0.00M, Peak:0.00M | Scene, ViewLayer | Synchronizing object | Raised scholar collar
Fra:1 Mem:76.94M (Peak 76.94M) | Time:00:00.03 | Mem:0.00M, Peak:0.00M | Scene, ViewLayer | Synchronizing object | Bronze outer astrolabe.003
Fra:1 Mem:76.95M (Peak 76.95M) | Time:00:00.03 | Mem:0.00M, Peak:0.00M | Scene, ViewLayer | Synchronizing object | Split scholar rear stole
Fra:1 Mem:77.02M (Peak 77.02M) | Time:00:00.03 | Mem:0.00M, Peak:0.00M | Scene, ViewLayer | Synchronizing object | Arch scholar star ray
Fra:1 Mem:77.05M (Peak 77.05M) | Time:00:00.03 | Mem:0.00M, Peak:0.00M | Scene, ViewLayer | Synchronizing object | Forked contract bough.001
Fra:1 Mem:77.09M (Peak 77.09M) | Time:00:00.03 | Mem:0.00M, Peak:0.00M | Scene, ViewLayer | Synchronizing object | Scholar split side lining.001
Fra:1 Mem:77.12M (Peak 77.12M) | Time:00:00.03 | Mem:0.00M, Peak:0.00M | Scene, ViewLayer | Synchronizing object | Forked contract bough
Fra:1 Mem:77.15M (Peak 77.15M) | Time:00:00.03 | Mem:0.00M, Peak:0.00M | Scene, ViewLayer | Synchronizing object | Raised scholar collar.001
Fra:1 Mem:77.18M (Peak 77.18M) | Time:00:00.03 | Mem:0.00M, Peak:0.00M | Scene, ViewLayer | Synchronizing object | Contract branch ring
Fra:1 Mem:77.21M (Peak 77.21M) | Time:00:00.03 | Mem:0.00M, Peak:0.00M | Scene, ViewLayer | Synchronizing object | Split scholar rear stole.001
Fra:1 Mem:77.26M (Peak 77.26M) | Time:00:00.03 | Mem:0.00M, Peak:0.00M | Scene, ViewLayer | Synchronizing object | Arch scholar star ray.001
Fra:1 Mem:77.28M (Peak 77.28M) | Time:00:00.03 | Mem:0.00M, Peak:0.00M | Scene, ViewLayer | Synchronizing object | Elder contract split clasp.001
Fra:1 Mem:77.32M (Peak 77.32M) | Time:00:00.03 | Mem:0.00M, Peak:0.00M | Scene, ViewLayer | Synchronizing object | Scholar orbit yoke
Fra:1 Mem:77.36M (Peak 77.36M) | Time:00:00.03 | Mem:0.00M, Peak:0.00M | Scene, ViewLayer | Synchronizing object | Elder contract split clasp
Fra:1 Mem:77.40M (Peak 77.40M) | Time:00:00.03 | Mem:0.00M, Peak:0.00M | Scene, ViewLayer | Synchronizing object | Hanging contract tablet.001
Fra:1 Mem:77.42M (Peak 77.42M) | Time:00:00.03 | Mem:0.00M, Peak:0.00M | Scene, ViewLayer | Synchronizing object | Arch scholar under-robe hem
Fra:1 Mem:77.46M (Peak 77.46M) | Time:00:00.03 | Mem:0.00M, Peak:0.00M | Scene, ViewLayer | Synchronizing object | Split contract shawl tail.001
Fra:1 Mem:77.48M (Peak 77.48M) | Time:00:00.03 | Mem:0.00M, Peak:0.00M | Scene, ViewLayer | Synchronizing object | Stitched star-chart point
Fra:1 Mem:77.52M (Peak 77.52M) | Time:00:00.03 | Mem:0.00M, Peak:0.00M | Scene, ViewLayer | Synchronizing object | Hanging contract tablet
Fra:1 Mem:77.54M (Peak 77.54M) | Time:00:00.03 | Mem:0.00M, Peak:0.00M | Scene, ViewLayer | Synchronizing object | Stitched star-chart point.001
Fra:1 Mem:77.57M (Peak 77.57M) | Time:00:00.03 | Mem:0.00M, Peak:0.00M | Scene, ViewLayer | Synchronizing object | Split contract shawl tail
Fra:1 Mem:77.60M (Peak 77.60M) | Time:00:00.03 | Mem:0.00M, Peak:0.00M | Scene, ViewLayer | Synchronizing object | Stitched star-chart point.002
Fra:1 Mem:77.63M (Peak 77.63M) | Time:00:00.03 | Mem:0.00M, Peak:0.00M | Scene, ViewLayer | Synchronizing object | Costume fastening.002
Fra:1 Mem:77.66M (Peak 77.66M) | Time:00:00.03 | Mem:0.00M, Peak:0.00M | Scene, ViewLayer | Synchronizing object | Astrolabe chest frame
Fra:1 Mem:77.71M (Peak 77.71M) | Time:00:00.03 | Mem:0.00M, Peak:0.00M | Scene, ViewLayer | Synchronizing object | Contract chest crystal
Fra:1 Mem:77.72M (Peak 77.72M) | Time:00:00.03 | Mem:0.00M, Peak:0.00M | Scene, ViewLayer | Synchronizing object | Spirit ritual bib
Fra:1 Mem:77.75M (Peak 77.75M) | Time:00:00.03 | Mem:0.00M, Peak:0.00M | Scene, ViewLayer | Synchronizing object | Master chart collar fin
Fra:1 Mem:77.78M (Peak 77.78M) | Time:00:00.03 | Mem:0.00M, Peak:0.00M | Scene, ViewLayer | Synchronizing object | Elder contract crown branch.001
Fra:1 Mem:77.81M (Peak 77.81M) | Time:00:00.03 | Mem:0.00M, Peak:0.00M | Scene, ViewLayer | Synchronizing object | Master chart collar fin.001
Fra:1 Mem:77.85M (Peak 77.85M) | Time:00:00.03 | Mem:0.00M, Peak:0.00M | Scene, ViewLayer | Synchronizing object | Contract crown outer fork.001
Fra:1 Mem:77.85M (Peak 77.85M) | Time:00:00.03 | Mem:0.00M, Peak:0.00M | Scene, ViewLayer | Synchronizing object | Bronze outer astrolabe.001
Fra:1 Mem:77.92M (Peak 77.92M) | Time:00:00.03 | Mem:0.00M, Peak:0.00M | Scene, ViewLayer | Synchronizing object | Elder contract crown branch
Fra:1 Mem:77.97M (Peak 77.97M) | Time:00:00.03 | Mem:0.00M, Peak:0.00M | Scene, ViewLayer | Synchronizing object | Contract crown outer fork
Fra:1 Mem:78.00M (Peak 78.00M) | Time:00:00.03 | Mem:0.00M, Peak:0.00M | Scene, ViewLayer | Synchronizing object | Inclined inner astrolabe.001
Fra:1 Mem:78.05M (Peak 78.05M) | Time:00:00.03 | Mem:0.00M, Peak:0.00M | Scene, ViewLayer | Synchronizing object | Moonstone circlet
Fra:1 Mem:78.09M (Peak 78.09M) | Time:00:00.03 | Mem:0.00M, Peak:0.00M | Scene, ViewLayer | Synchronizing object | Star-ring radial vane.008
Fra:1 Mem:78.11M (Peak 78.11M) | Time:00:00.03 | Mem:0.00M, Peak:0.00M | Scene, ViewLayer | Synchronizing object | Spirit antler branch.001
Fra:1 Mem:78.14M (Peak 78.14M) | Time:00:00.03 | Mem:0.00M, Peak:0.00M | Scene, ViewLayer | Synchronizing object | Spirit antler.001
Fra:1 Mem:78.16M (Peak 78.16M) | Time:00:00.03 | Mem:0.00M, Peak:0.00M | Scene, ViewLayer | Synchronizing object | Star-ring focus crystal.008
Fra:1 Mem:78.19M (Peak 78.19M) | Time:00:00.03 | Mem:0.00M, Peak:0.00M | Scene, ViewLayer | Synchronizing object | Spirit antler branch
Fra:1 Mem:78.21M (Peak 78.21M) | Time:00:00.03 | Mem:0.00M, Peak:0.00M | Scene, ViewLayer | Synchronizing object | Spirit antler
Fra:1 Mem:78.22M (Peak 78.22M) | Time:00:00.03 | Mem:0.00M, Peak:0.00M | Scene, ViewLayer | Synchronizing object | Star-ring radial vane.009
Fra:1 Mem:78.26M (Peak 78.26M) | Time:00:00.03 | Mem:0.00M, Peak:0.00M | Scene, ViewLayer | Synchronizing object | Nose.003
Fra:1 Mem:78.29M (Peak 78.29M) | Time:00:00.03 | Mem:0.00M, Peak:0.00M | Scene, ViewLayer | Synchronizing object | Star-ring focus crystal.009
Fra:1 Mem:78.33M (Peak 78.33M) | Time:00:00.03 | Mem:0.00M, Peak:0.00M | Scene, ViewLayer | Synchronizing object | Ear.007
Fra:1 Mem:78.36M (Peak 78.36M) | Time:00:00.03 | Mem:0.00M, Peak:0.00M | Scene, ViewLayer | Synchronizing object | Star-ring radial vane.010
Fra:1 Mem:78.39M (Peak 78.39M) | Time:00:00.03 | Mem:0.00M, Peak:0.00M | Scene, ViewLayer | Synchronizing object | Hair Side Lock.007
Fra:1 Mem:78.43M (Peak 78.43M) | Time:00:00.03 | Mem:0.00M, Peak:0.00M | Scene, ViewLayer | Synchronizing object | Star-ring focus crystal.010
Fra:1 Mem:78.46M (Peak 78.46M) | Time:00:00.03 | Mem:0.00M, Peak:0.00M | Scene, ViewLayer | Synchronizing object | Ear.006
Fra:1 Mem:78.50M (Peak 78.50M) | Time:00:00.03 | Mem:0.00M, Peak:0.00M | Scene, ViewLayer | Synchronizing object | Star-ring radial vane.011
Fra:1 Mem:78.52M (Peak 78.52M) | Time:00:00.03 | Mem:0.00M, Peak:0.00M | Scene, ViewLayer | Synchronizing object | Hair Side Lock.006
Fra:1 Mem:78.56M (Peak 78.56M) | Time:00:00.03 | Mem:0.00M, Peak:0.00M | Scene, ViewLayer | Synchronizing object | Star-ring focus crystal.011
Fra:1 Mem:78.60M (Peak 78.60M) | Time:00:00.03 | Mem:0.00M, Peak:0.00M | Scene, ViewLayer | Synchronizing object | Eyes R.003
Fra:1 Mem:78.64M (Peak 78.64M) | Time:00:00.03 | Mem:0.00M, Peak:0.00M | Scene, ViewLayer | Synchronizing object | Eyes L.003
Fra:1 Mem:78.67M (Peak 78.67M) | Time:00:00.03 | Mem:0.00M, Peak:0.00M | Scene, ViewLayer | Synchronizing object | Head.003
Fra:1 Mem:78.71M (Peak 78.71M) | Time:00:00.03 | Mem:0.00M, Peak:0.00M | Scene, ViewLayer | Synchronizing object | Collar.003
Fra:1 Mem:78.72M (Peak 78.72M) | Time:00:00.03 | Mem:0.00M, Peak:0.00M | Scene, ViewLayer | Synchronizing object | Star-ring radial vane.012
Fra:1 Mem:78.72M (Peak 78.72M) | Time:00:00.03 | Mem:0.00M, Peak:0.00M | Scene, ViewLayer | Synchronizing object | Tailored Cloak.003
Fra:1 Mem:78.76M (Peak 78.76M) | Time:00:00.03 | Mem:0.00M, Peak:0.00M | Scene, ViewLayer | Synchronizing object | Master contract leaf.001
Fra:1 Mem:78.76M (Peak 78.76M) | Time:00:00.03 | Mem:0.00M, Peak:0.00M | Scene, ViewLayer | Synchronizing object | Star-ring focus crystal.012
Fra:1 Mem:78.79M (Peak 78.79M) | Time:00:00.03 | Mem:0.00M, Peak:0.00M | Scene, ViewLayer | Synchronizing object | Divided contract shoulder fan.001
Fra:1 Mem:78.80M (Peak 78.80M) | Time:00:00.03 | Mem:0.00M, Peak:0.00M | Scene, ViewLayer | Synchronizing object | Tiered leaf shoulder.005
Fra:1 Mem:78.81M (Peak 78.81M) | Time:00:00.03 | Mem:0.00M, Peak:0.00M | Scene, ViewLayer | Synchronizing object | Tiered leaf shoulder.004
Fra:1 Mem:78.82M (Peak 78.82M) | Time:00:00.03 | Mem:0.00M, Peak:0.00M | Scene, ViewLayer | Synchronizing object | Star-ring radial vane.013
Fra:1 Mem:78.84M (Peak 78.84M) | Time:00:00.03 | Mem:0.00M, Peak:0.00M | Scene, ViewLayer | Synchronizing object | Tiered leaf shoulder.003
Fra:1 Mem:78.85M (Peak 78.85M) | Time:00:00.03 | Mem:0.00M, Peak:0.00M | Scene, ViewLayer | Synchronizing object | Fashion focus fin.003
Fra:1 Mem:78.87M (Peak 78.87M) | Time:00:00.03 | Mem:0.00M, Peak:0.00M | Scene, ViewLayer | Synchronizing object | Star-ring focus crystal.013
Fra:1 Mem:78.89M (Peak 78.89M) | Time:00:00.03 | Mem:0.00M, Peak:0.00M | Scene, ViewLayer | Synchronizing object | Fashion focus fin.002
Fra:1 Mem:78.92M (Peak 78.92M) | Time:00:00.03 | Mem:0.00M, Peak:0.00M | Scene, ViewLayer | Synchronizing object | Fashion focus collar.001
Fra:1 Mem:78.94M (Peak 78.94M) | Time:00:00.03 | Mem:0.00M, Peak:0.00M | Scene, ViewLayer | Synchronizing object | Star-ring radial vane.014
Fra:1 Mem:78.94M (Peak 78.94M) | Time:00:00.03 | Mem:0.00M, Peak:0.00M | Scene, ViewLayer | Synchronizing object | Weapon aura shard.007
Fra:1 Mem:78.97M (Peak 78.97M) | Time:00:00.03 | Mem:0.00M, Peak:0.00M | Scene, ViewLayer | Synchronizing object | Weapon aura shard.006
Fra:1 Mem:78.97M (Peak 78.97M) | Time:00:00.03 | Mem:0.00M, Peak:0.00M | Scene, ViewLayer | Synchronizing object | Staff forging mark.019
Fra:1 Mem:78.98M (Peak 78.98M) | Time:00:00.03 | Mem:0.00M, Peak:0.00M | Scene, ViewLayer | Synchronizing object | Staff forging mark.018
Fra:1 Mem:78.98M (Peak 78.98M) | Time:00:00.03 | Mem:0.00M, Peak:0.00M | Scene, ViewLayer | Synchronizing object | Star-ring focus crystal.014
Fra:1 Mem:78.98M (Peak 78.98M) | Time:00:00.03 | Mem:0.00M, Peak:0.00M | Scene, ViewLayer | Synchronizing object | Staff forging mark.017
Fra:1 Mem:79.01M (Peak 79.01M) | Time:00:00.03 | Mem:0.00M, Peak:0.00M | Scene, ViewLayer | Synchronizing object | Staff forging mark.016
Fra:1 Mem:79.01M (Peak 79.01M) | Time:00:00.03 | Mem:0.00M, Peak:0.00M | Scene, ViewLayer | Synchronizing object | Staff forging mark.015
Fra:1 Mem:79.01M (Peak 79.01M) | Time:00:00.03 | Mem:0.00M, Peak:0.00M | Scene, ViewLayer | Synchronizing object | Staff forging mark.014
Fra:1 Mem:79.02M (Peak 79.02M) | Time:00:00.03 | Mem:0.00M, Peak:0.00M | Scene, ViewLayer | Synchronizing object | Star-ring radial vane.015
Fra:1 Mem:79.02M (Peak 79.02M) | Time:00:00.03 | Mem:0.00M, Peak:0.00M | Scene, ViewLayer | Synchronizing object | Staff forging mark.013
Fra:1 Mem:79.04M (Peak 79.04M) | Time:00:00.03 | Mem:0.00M, Peak:0.00M | Scene, ViewLayer | Synchronizing object | Staff forging mark.012
Fra:1 Mem:79.05M (Peak 79.05M) | Time:00:00.03 | Mem:0.00M, Peak:0.00M | Scene, ViewLayer | Synchronizing object | Staff forging mark.011
Fra:1 Mem:79.05M (Peak 79.05M) | Time:00:00.03 | Mem:0.00M, Peak:0.00M | Scene, ViewLayer | Synchronizing object | Star-ring focus crystal.015
Fra:1 Mem:79.08M (Peak 79.08M) | Time:00:00.03 | Mem:0.00M, Peak:0.00M | Scene, ViewLayer | Synchronizing object | Staff forging mark.010
Fra:1 Mem:79.09M (Peak 79.09M) | Time:00:00.03 | Mem:0.00M, Peak:0.00M | Scene, ViewLayer | Synchronizing object | Staff rune.005
Fra:1 Mem:79.10M (Peak 79.10M) | Time:00:00.03 | Mem:0.00M, Peak:0.00M | Scene, ViewLayer | Synchronizing object | Staff rune.004
Fra:1 Mem:79.09M (Peak 79.10M) | Time:00:00.03 | Mem:0.00M, Peak:0.00M | Scene, ViewLayer | Synchronizing object | Wing clasp.001
Fra:1 Mem:79.12M (Peak 79.12M) | Time:00:00.03 | Mem:0.00M, Peak:0.00M | Scene, ViewLayer | Synchronizing object | Staff rune.003
Fra:1 Mem:79.13M (Peak 79.13M) | Time:00:00.03 | Mem:0.00M, Peak:0.00M | Scene, ViewLayer | Synchronizing object | Floating shard.003
Fra:1 Mem:79.13M (Peak 79.13M) | Time:00:00.03 | Mem:0.00M, Peak:0.00M | Scene, ViewLayer | Synchronizing object | Crystal prong.003
Fra:1 Mem:79.14M (Peak 79.14M) | Time:00:00.03 | Mem:0.00M, Peak:0.00M | Scene, ViewLayer | Synchronizing object | Trouser.002
Fra:1 Mem:79.16M (Peak 79.16M) | Time:00:00.03 | Mem:0.00M, Peak:0.00M | Scene, ViewLayer | Synchronizing object | Floating shard.002
Fra:1 Mem:79.18M (Peak 79.18M) | Time:00:00.03 | Mem:0.00M, Peak:0.00M | Scene, ViewLayer | Synchronizing object | Crystal prong.002
Fra:1 Mem:79.19M (Peak 79.19M) | Time:00:00.03 | Mem:0.00M, Peak:0.00M | Scene, ViewLayer | Synchronizing object | Focus crystal.001
Fra:1 Mem:79.21M (Peak 79.21M) | Time:00:00.03 | Mem:0.00M, Peak:0.00M | Scene, ViewLayer | Synchronizing object | Boot.002
Fra:1 Mem:79.23M (Peak 79.23M) | Time:00:00.03 | Mem:0.00M, Peak:0.00M | Scene, ViewLayer | Synchronizing object | Staff collar.001
Fra:1 Mem:79.24M (Peak 79.24M) | Time:00:00.03 | Mem:0.00M, Peak:0.00M | Scene, ViewLayer | Synchronizing object | Shin Guard.002
Fra:1 Mem:79.24M (Peak 79.24M) | Time:00:00.03 | Mem:0.00M, Peak:0.00M | Scene, ViewLayer | Synchronizing object | Inlaid staff.001
Fra:1 Mem:79.27M (Peak 79.27M) | Time:00:00.03 | Mem:0.00M, Peak:0.00M | Scene, ViewLayer | Synchronizing object | Cuff Trim.007
Fra:1 Mem:79.29M (Peak 79.29M) | Time:00:00.03 | Mem:0.00M, Peak:0.00M | Scene, ViewLayer | Synchronizing object | Forearm Bracer.007
Fra:1 Mem:79.32M (Peak 79.32M) | Time:00:00.03 | Mem:0.00M, Peak:0.00M | Scene, ViewLayer | Synchronizing object | Knee Guard.002
Fra:1 Mem:79.36M (Peak 79.36M) | Time:00:00.03 | Mem:0.00M, Peak:0.00M | Scene, ViewLayer | Synchronizing object | Glove.007
Fra:1 Mem:79.37M (Peak 79.37M) | Time:00:00.03 | Mem:0.00M, Peak:0.00M | Scene, ViewLayer | Synchronizing object | Trouser.003
Fra:1 Mem:79.43M (Peak 79.43M) | Time:00:00.03 | Mem:0.00M, Peak:0.00M | Scene, ViewLayer | Synchronizing object | Sleeve.007
Fra:1 Mem:79.45M (Peak 79.45M) | Time:00:00.03 | Mem:0.00M, Peak:0.00M | Scene, ViewLayer | Synchronizing object | Boot.003
Fra:1 Mem:79.49M (Peak 79.49M) | Time:00:00.03 | Mem:0.00M, Peak:0.00M | Scene, ViewLayer | Synchronizing object | Shin Guard.003
Fra:1 Mem:79.52M (Peak 79.52M) | Time:00:00.03 | Mem:0.00M, Peak:0.00M | Scene, ViewLayer | Synchronizing object | Master contract leaf
Fra:1 Mem:79.53M (Peak 79.53M) | Time:00:00.03 | Mem:0.00M, Peak:0.00M | Scene, ViewLayer | Synchronizing object | Divided contract shoulder fan
Fra:1 Mem:79.54M (Peak 79.54M) | Time:00:00.03 | Mem:0.00M, Peak:0.00M | Scene, ViewLayer | Synchronizing object | Knee Guard.003
Fra:1 Mem:79.54M (Peak 79.54M) | Time:00:00.03 | Mem:0.00M, Peak:0.00M | Scene, ViewLayer | Synchronizing object | Tiered leaf shoulder.002
Fra:1 Mem:79.58M (Peak 79.58M) | Time:00:00.03 | Mem:0.00M, Peak:0.00M | Scene, ViewLayer | Synchronizing object | Tiered leaf shoulder.001
Fra:1 Mem:79.58M (Peak 79.58M) | Time:00:00.03 | Mem:0.00M, Peak:0.00M | Scene, ViewLayer | Synchronizing object | Breastplate.002
Fra:1 Mem:79.61M (Peak 79.61M) | Time:00:00.03 | Mem:0.00M, Peak:0.00M | Scene, ViewLayer | Synchronizing object | Tiered leaf shoulder
Fra:1 Mem:79.62M (Peak 79.62M) | Time:00:00.03 | Mem:0.00M, Peak:0.00M | Scene, ViewLayer | Synchronizing object | Cuff Trim.006
Fra:1 Mem:79.64M (Peak 79.64M) | Time:00:00.03 | Mem:0.00M, Peak:0.00M | Scene, ViewLayer | Synchronizing object | Belt.002
Fra:1 Mem:79.64M (Peak 79.64M) | Time:00:00.03 | Mem:0.00M, Peak:0.00M | Scene, ViewLayer | Synchronizing object | Forearm Bracer.006
Fra:1 Mem:79.70M (Peak 79.70M) | Time:00:00.03 | Mem:0.00M, Peak:0.00M | Scene, ViewLayer | Synchronizing object | Buckle.002
Fra:1 Mem:79.73M (Peak 79.73M) | Time:00:00.03 | Mem:0.00M, Peak:0.00M | Scene, ViewLayer | Synchronizing object | Orb.001
Fra:1 Mem:79.77M (Peak 79.77M) | Time:00:00.03 | Mem:0.00M, Peak:0.00M | Scene, ViewLayer | Synchronizing object | Sleeve.004
Fra:1 Mem:79.80M (Peak 79.80M) | Time:00:00.03 | Mem:0.00M, Peak:0.00M | Scene, ViewLayer | Synchronizing object | Glove.006
Fra:1 Mem:79.84M (Peak 79.84M) | Time:00:00.03 | Mem:0.00M, Peak:0.00M | Scene, ViewLayer | Synchronizing object | Glove.004
Fra:1 Mem:79.85M (Peak 79.85M) | Time:00:00.03 | Mem:0.00M, Peak:0.00M | Scene, ViewLayer | Synchronizing object | Sleeve.006
Fra:1 Mem:79.91M (Peak 79.91M) | Time:00:00.03 | Mem:0.00M, Peak:0.00M | Scene, ViewLayer | Synchronizing object | Forearm Bracer.004
Fra:1 Mem:79.94M (Peak 79.94M) | Time:00:00.03 | Mem:0.00M, Peak:0.00M | Scene, ViewLayer | Synchronizing object | Buckle.003
Fra:1 Mem:79.99M (Peak 79.99M) | Time:00:00.03 | Mem:0.00M, Peak:0.00M | Scene, ViewLayer | Synchronizing object | Cuff Trim.004
Fra:1 Mem:79.98M (Peak 79.99M) | Time:00:00.03 | Mem:0.00M, Peak:0.00M | Scene, ViewLayer | Synchronizing object | Belt.003
Fra:1 Mem:80.02M (Peak 80.02M) | Time:00:00.03 | Mem:0.00M, Peak:0.00M | Scene, ViewLayer | Synchronizing object | Arrow rest
Fra:1 Mem:80.02M (Peak 80.02M) | Time:00:00.03 | Mem:0.00M, Peak:0.00M | Scene, ViewLayer | Synchronizing object | Bow grip
Fra:1 Mem:80.03M (Peak 80.03M) | Time:00:00.03 | Mem:0.00M, Peak:0.00M | Scene, ViewLayer | Synchronizing object | Breastplate.003
Fra:1 Mem:80.03M (Peak 80.03M) | Time:00:00.03 | Mem:0.00M, Peak:0.00M | Scene, ViewLayer | Synchronizing object | Layered bow limb
Fra:1 Mem:80.04M (Peak 80.04M) | Time:00:00.03 | Mem:0.00M, Peak:0.00M | Scene, ViewLayer | Synchronizing object | Layered bow limb.001
Fra:1 Mem:80.05M (Peak 80.05M) | Time:00:00.03 | Mem:0.00M, Peak:0.00M | Scene, ViewLayer | Synchronizing object | Layered bow limb.002
Fra:1 Mem:80.06M (Peak 80.06M) | Time:00:00.03 | Mem:0.00M, Peak:0.00M | Scene, ViewLayer | Synchronizing object | Layered bow limb.003
Fra:1 Mem:80.07M (Peak 80.07M) | Time:00:00.03 | Mem:0.00M, Peak:0.00M | Scene, ViewLayer | Synchronizing object | Bow tip
Fra:1 Mem:80.07M (Peak 80.07M) | Time:00:00.03 | Mem:0.00M, Peak:0.00M | Scene, ViewLayer | Synchronizing object | Bow horn
Fra:1 Mem:80.07M (Peak 80.07M) | Time:00:00.03 | Mem:0.00M, Peak:0.00M | Scene, ViewLayer | Synchronizing object | Layered bow limb.004
Fra:1 Mem:80.08M (Peak 80.08M) | Time:00:00.03 | Mem:0.00M, Peak:0.00M | Scene, ViewLayer | Synchronizing object | Layered bow limb.005
Fra:1 Mem:80.09M (Peak 80.09M) | Time:00:00.03 | Mem:0.00M, Peak:0.00M | Scene, ViewLayer | Synchronizing object | Layered bow limb.006
Fra:1 Mem:80.11M (Peak 80.11M) | Time:00:00.03 | Mem:0.00M, Peak:0.00M | Scene, ViewLayer | Synchronizing object | Layered bow limb.007
Fra:1 Mem:80.13M (Peak 80.13M) | Time:00:00.03 | Mem:0.00M, Peak:0.00M | Scene, ViewLayer | Synchronizing object | Bow tip.001
Fra:1 Mem:80.14M (Peak 80.14M) | Time:00:00.03 | Mem:0.00M, Peak:0.00M | Scene, ViewLayer | Synchronizing object | Bow horn.001
Fra:1 Mem:80.15M (Peak 80.15M) | Time:00:00.03 | Mem:0.00M, Peak:0.00M | Scene, ViewLayer | Synchronizing object | Knee Guard.005
Fra:1 Mem:80.16M (Peak 80.16M) | Time:00:00.03 | Mem:0.00M, Peak:0.00M | Scene, ViewLayer | Synchronizing object | Bow focus
Fra:1 Mem:80.18M (Peak 80.18M) | Time:00:00.03 | Mem:0.00M, Peak:0.00M | Scene, ViewLayer | Synchronizing object | Bow forging mark
Fra:1 Mem:80.18M (Peak 80.18M) | Time:00:00.03 | Mem:0.00M, Peak:0.00M | Scene, ViewLayer | Synchronizing object | Bow forging mark.001
Fra:1 Mem:80.19M (Peak 80.19M) | Time:00:00.03 | Mem:0.00M, Peak:0.00M | Scene, ViewLayer | Synchronizing object | Bow forging mark.002
Fra:1 Mem:80.19M (Peak 80.19M) | Time:00:00.03 | Mem:0.00M, Peak:0.00M | Scene, ViewLayer | Synchronizing object | Bow forging mark.003
Fra:1 Mem:80.19M (Peak 80.19M) | Time:00:00.03 | Mem:0.00M, Peak:0.00M | Scene, ViewLayer | Synchronizing object | Shin Guard.005
Fra:1 Mem:80.20M (Peak 80.20M) | Time:00:00.03 | Mem:0.00M, Peak:0.00M | Scene, ViewLayer | Synchronizing object | Bow forging mark.004
Fra:1 Mem:80.22M (Peak 80.22M) | Time:00:00.03 | Mem:0.00M, Peak:0.00M | Scene, ViewLayer | Synchronizing object | Bow forging mark.005
Fra:1 Mem:80.23M (Peak 80.23M) | Time:00:00.03 | Mem:0.00M, Peak:0.00M | Scene, ViewLayer | Synchronizing object | Bow forging mark.006
Fra:1 Mem:80.23M (Peak 80.23M) | Time:00:00.03 | Mem:0.00M, Peak:0.00M | Scene, ViewLayer | Synchronizing object | Bow forging mark.007
Fra:1 Mem:80.24M (Peak 80.24M) | Time:00:00.03 | Mem:0.00M, Peak:0.00M | Scene, ViewLayer | Synchronizing object | Bow forging mark.008
Fra:1 Mem:80.24M (Peak 80.24M) | Time:00:00.03 | Mem:0.00M, Peak:0.00M | Scene, ViewLayer | Synchronizing object | Boot.005
Fra:1 Mem:80.24M (Peak 80.24M) | Time:00:00.03 | Mem:0.00M, Peak:0.00M | Scene, ViewLayer | Synchronizing object | Bow forging mark.009
Fra:1 Mem:80.26M (Peak 80.26M) | Time:00:00.03 | Mem:0.00M, Peak:0.00M | Scene, ViewLayer | Synchronizing object | Weapon aura shard.004
Fra:1 Mem:80.26M (Peak 80.26M) | Time:00:00.03 | Mem:0.00M, Peak:0.00M | Scene, ViewLayer | Synchronizing object | Trouser.005
Fra:1 Mem:80.28M (Peak 80.28M) | Time:00:00.03 | Mem:0.00M, Peak:0.00M | Scene, ViewLayer | Synchronizing object | Weapon aura shard.005
Fra:1 Mem:80.30M (Peak 80.30M) | Time:00:00.03 | Mem:0.00M, Peak:0.00M | Scene, ViewLayer | Synchronizing object | Fashion bow limb crest
Fra:1 Mem:80.31M (Peak 80.31M) | Time:00:00.03 | Mem:0.00M, Peak:0.00M | Scene, ViewLayer | Synchronizing object | Fashion bow limb crest.001
Fra:1 Mem:80.33M (Peak 80.33M) | Time:00:00.03 | Mem:0.00M, Peak:0.00M | Scene, ViewLayer | Synchronizing object | Knee Guard.004
Fra:1 Mem:80.36M (Peak 80.36M) | Time:00:00.03 | Mem:0.00M, Peak:0.00M | Scene, ViewLayer | Synchronizing object | Tailored shoulder mantle.002
Fra:1 Mem:80.40M (Peak 80.40M) | Time:00:00.04 | Mem:0.00M, Peak:0.00M | Scene, ViewLayer | Synchronizing object | Shin Guard.004
Fra:1 Mem:80.41M (Peak 80.41M) | Time:00:00.04 | Mem:0.00M, Peak:0.00M | Scene, ViewLayer | Synchronizing object | Master hunter raised left guard
Fra:1 Mem:80.47M (Peak 80.47M) | Time:00:00.04 | Mem:0.00M, Peak:0.00M | Scene, ViewLayer | Synchronizing object | Layered ranger arm guard
Fra:1 Mem:80.47M (Peak 80.47M) | Time:00:00.04 | Mem:0.00M, Peak:0.00M | Scene, ViewLayer | Synchronizing object | Boot.004
Fra:1 Mem:80.51M (Peak 80.51M) | Time:00:00.04 | Mem:0.00M, Peak:0.00M | Scene, ViewLayer | Synchronizing object | Trouser.004
Fra:1 Mem:80.54M (Peak 80.54M) | Time:00:00.04 | Mem:0.00M, Peak:0.00M | Scene, ViewLayer | Synchronizing object | Layered ranger arm guard.001
Fra:1 Mem:80.58M (Peak 80.58M) | Time:00:00.04 | Mem:0.00M, Peak:0.00M | Scene, ViewLayer | Synchronizing object | Wing clasp.002
Fra:1 Mem:80.59M (Peak 80.59M) | Time:00:00.04 | Mem:0.00M, Peak:0.00M | Scene, ViewLayer | Synchronizing object | Master ranger feather crest
Fra:1 Mem:80.62M (Peak 80.62M) | Time:00:00.04 | Mem:0.00M, Peak:0.00M | Scene, ViewLayer | Synchronizing object | Sleeve.005
Fra:1 Mem:80.66M (Peak 80.66M) | Time:00:00.04 | Mem:0.00M, Peak:0.00M | Scene, ViewLayer | Synchronizing object | Star-ring focus crystal.023
Fra:1 Mem:80.69M (Peak 80.69M) | Time:00:00.04 | Mem:0.00M, Peak:0.00M | Scene, ViewLayer | Synchronizing object | Glove.005
Fra:1 Mem:80.73M (Peak 80.73M) | Time:00:00.04 | Mem:0.00M, Peak:0.00M | Scene, ViewLayer | Synchronizing object | Star-ring radial vane.023
Fra:1 Mem:80.76M (Peak 80.76M) | Time:00:00.04 | Mem:0.00M, Peak:0.00M | Scene, ViewLayer | Synchronizing object | Forearm Bracer.005
Fra:1 Mem:80.79M (Peak 80.79M) | Time:00:00.04 | Mem:0.00M, Peak:0.00M | Scene, ViewLayer | Synchronizing object | Star-ring focus crystal.022
Fra:1 Mem:80.83M (Peak 80.83M) | Time:00:00.04 | Mem:0.00M, Peak:0.00M | Scene, ViewLayer | Synchronizing object | Cuff Trim.005
Fra:1 Mem:80.84M (Peak 80.84M) | Time:00:00.04 | Mem:0.00M, Peak:0.00M | Scene, ViewLayer | Synchronizing object | Star-ring radial vane.022
Fra:1 Mem:80.85M (Peak 80.85M) | Time:00:00.04 | Mem:0.00M, Peak:0.00M | Scene, ViewLayer | Synchronizing object | Tailored Cloak.002
Fra:1 Mem:80.88M (Peak 80.88M) | Time:00:00.04 | Mem:0.00M, Peak:0.00M | Scene, ViewLayer | Synchronizing object | Quiver
Fra:1 Mem:80.91M (Peak 80.91M) | Time:00:00.04 | Mem:0.00M, Peak:0.00M | Scene, ViewLayer | Synchronizing object | Star-ring focus crystal.021
Fra:1 Mem:80.96M (Peak 80.96M) | Time:00:00.04 | Mem:0.00M, Peak:0.00M | Scene, ViewLayer | Synchronizing object | Spare Arrow
Fra:1 Mem:80.98M (Peak 80.98M) | Time:00:00.04 | Mem:0.00M, Peak:0.00M | Scene, ViewLayer | Synchronizing object | Star-ring radial vane.021
Fra:1 Mem:80.98M (Peak 80.98M) | Time:00:00.04 | Mem:0.00M, Peak:0.00M | Scene, ViewLayer | Synchronizing object | Spare Arrow.001
Fra:1 Mem:81.01M (Peak 81.01M) | Time:00:00.04 | Mem:0.00M, Peak:0.00M | Scene, ViewLayer | Synchronizing object | Spare Arrow.002
Fra:1 Mem:81.03M (Peak 81.03M) | Time:00:00.04 | Mem:0.00M, Peak:0.00M | Scene, ViewLayer | Synchronizing object | Star-ring focus crystal.020
Fra:1 Mem:81.04M (Peak 81.04M) | Time:00:00.04 | Mem:0.00M, Peak:0.00M | Scene, ViewLayer | Synchronizing object | Collar.002
Fra:1 Mem:81.07M (Peak 81.07M) | Time:00:00.04 | Mem:0.00M, Peak:0.00M | Scene, ViewLayer | Synchronizing object | Scarf
Fra:1 Mem:81.10M (Peak 81.10M) | Time:00:00.04 | Mem:0.00M, Peak:0.00M | Scene, ViewLayer | Synchronizing object | Star-ring radial vane.020
Fra:1 Mem:81.13M (Peak 81.13M) | Time:00:00.04 | Mem:0.00M, Peak:0.00M | Scene, ViewLayer | Synchronizing object | Scarf Tail
Fra:1 Mem:81.16M (Peak 81.16M) | Time:00:00.04 | Mem:0.00M, Peak:0.00M | Scene, ViewLayer | Synchronizing object | Star-ring focus crystal.019
Fra:1 Mem:81.19M (Peak 81.19M) | Time:00:00.04 | Mem:0.00M, Peak:0.00M | Scene, ViewLayer | Synchronizing object | Head.002
Fra:1 Mem:81.23M (Peak 81.23M) | Time:00:00.04 | Mem:0.00M, Peak:0.00M | Scene, ViewLayer | Synchronizing object | Star-ring radial vane.019
Fra:1 Mem:81.26M (Peak 81.26M) | Time:00:00.04 | Mem:0.00M, Peak:0.00M | Scene, ViewLayer | Synchronizing object | Eyes L.002
Fra:1 Mem:81.29M (Peak 81.29M) | Time:00:00.04 | Mem:0.00M, Peak:0.00M | Scene, ViewLayer | Synchronizing object | Star-ring focus crystal.018
Fra:1 Mem:81.33M (Peak 81.33M) | Time:00:00.04 | Mem:0.00M, Peak:0.00M | Scene, ViewLayer | Synchronizing object | Eyes R.002
Fra:1 Mem:81.36M (Peak 81.36M) | Time:00:00.04 | Mem:0.00M, Peak:0.00M | Scene, ViewLayer | Synchronizing object | Star-ring radial vane.018
Fra:1 Mem:81.39M (Peak 81.39M) | Time:00:00.04 | Mem:0.00M, Peak:0.00M | Scene, ViewLayer | Synchronizing object | Forest Hood
Fra:1 Mem:81.43M (Peak 81.43M) | Time:00:00.04 | Mem:0.00M, Peak:0.00M | Scene, ViewLayer | Synchronizing object | Star-ring focus crystal.017
Fra:1 Mem:81.47M (Peak 81.47M) | Time:00:00.04 | Mem:0.00M, Peak:0.00M | Scene, ViewLayer | Synchronizing object | Feather
Fra:1 Mem:81.50M (Peak 81.50M) | Time:00:00.04 | Mem:0.00M, Peak:0.00M | Scene, ViewLayer | Synchronizing object | Star-ring radial vane.017
Fra:1 Mem:81.53M (Peak 81.53M) | Time:00:00.04 | Mem:0.00M, Peak:0.00M | Scene, ViewLayer | Synchronizing object | Hair Side Lock.004
Fra:1 Mem:81.57M (Peak 81.57M) | Time:00:00.04 | Mem:0.00M, Peak:0.00M | Scene, ViewLayer | Synchronizing object | Star-ring focus crystal.016
Fra:1 Mem:81.61M (Peak 81.61M) | Time:00:00.04 | Mem:0.00M, Peak:0.00M | Scene, ViewLayer | Synchronizing object | Ear.004
Fra:1 Mem:81.63M (Peak 81.63M) | Time:00:00.04 | Mem:0.00M, Peak:0.00M | Scene, ViewLayer | Synchronizing object | Star-ring radial vane.016
Fra:1 Mem:81.67M (Peak 81.67M) | Time:00:00.04 | Mem:0.00M, Peak:0.00M | Scene, ViewLayer | Synchronizing object | Hair Side Lock.005
Fra:1 Mem:81.69M (Peak 81.69M) | Time:00:00.04 | Mem:0.00M, Peak:0.00M | Scene, ViewLayer | Synchronizing object | Inclined inner astrolabe.002
Fra:1 Mem:81.75M (Peak 81.75M) | Time:00:00.04 | Mem:0.00M, Peak:0.00M | Scene, ViewLayer | Synchronizing object | Ear.005
Fra:1 Mem:81.79M (Peak 81.79M) | Time:00:00.04 | Mem:0.00M, Peak:0.00M | Scene, ViewLayer | Synchronizing object | Bronze outer astrolabe.002
Fra:1 Mem:81.83M (Peak 81.83M) | Time:00:00.04 | Mem:0.00M, Peak:0.00M | Scene, ViewLayer | Synchronizing object | Nose.002
Fra:1 Mem:81.87M (Peak 81.87M) | Time:00:00.04 | Mem:0.00M, Peak:0.00M | Scene, ViewLayer | Synchronizing object | Ranger clasp.001
Fra:1 Mem:81.90M (Peak 81.90M) | Time:00:00.04 | Mem:0.00M, Peak:0.00M | Scene, ViewLayer | Synchronizing object | Asymmetric leather chest wrap
Fra:1 Mem:81.91M (Peak 81.91M) | Time:00:00.04 | Mem:0.00M, Peak:0.00M | Scene, ViewLayer | Synchronizing object | Ranger clasp
Fra:1 Mem:81.94M (Peak 81.94M) | Time:00:00.04 | Mem:0.00M, Peak:0.00M | Scene, ViewLayer | Synchronizing object | Master hunter quiver rail.001
Fra:1 Mem:81.97M (Peak 81.97M) | Time:00:00.04 | Mem:0.00M, Peak:0.00M | Scene, ViewLayer | Synchronizing object | Master hunter quiver rail
Fra:1 Mem:82.02M (Peak 82.02M) | Time:00:00.04 | Mem:0.00M, Peak:0.00M | Scene, ViewLayer | Synchronizing object | Hunter layered hip tab.002
Fra:1 Mem:82.04M (Peak 82.04M) | Time:00:00.04 | Mem:0.00M, Peak:0.00M | Scene, ViewLayer | Synchronizing object | Costume fastening.001
Fra:1 Mem:82.08M (Peak 82.08M) | Time:00:00.04 | Mem:0.00M, Peak:0.00M | Scene, ViewLayer | Synchronizing object | Hunter layered hip tab.001
Fra:1 Mem:82.11M (Peak 82.11M) | Time:00:00.04 | Mem:0.00M, Peak:0.00M | Scene, ViewLayer | Synchronizing object | Hunter quiver harness
Fra:1 Mem:82.14M (Peak 82.14M) | Time:00:00.04 | Mem:0.00M, Peak:0.00M | Scene, ViewLayer | Synchronizing object | Hunter layered hip tab
Fra:1 Mem:82.17M (Peak 82.17M) | Time:00:00.04 | Mem:0.00M, Peak:0.00M | Scene, ViewLayer | Synchronizing object | Hunter quiver retaining hoop
Fra:1 Mem:82.20M (Peak 82.20M) | Time:00:00.04 | Mem:0.00M, Peak:0.00M | Scene, ViewLayer | Synchronizing object | Hunter offside utility flap
Fra:1 Mem:82.23M (Peak 82.23M) | Time:00:00.04 | Mem:0.00M, Peak:0.00M | Scene, ViewLayer | Synchronizing object | Hunter quiver retaining hoop.001
Fra:1 Mem:82.27M (Peak 82.27M) | Time:00:00.04 | Mem:0.00M, Peak:0.00M | Scene, ViewLayer | Initializing
Fra:1 Mem:59.07M (Peak 82.27M) | Time:00:00.05 | Mem:0.00M, Peak:0.00M | Scene, ViewLayer | Waiting for render to start
Fra:1 Mem:59.07M (Peak 82.27M) | Time:00:00.05 | Mem:0.00M, Peak:0.00M | Scene, ViewLayer | Loading render kernels (may take a few minutes the first time)
Fra:1 Mem:59.07M (Peak 82.27M) | Time:00:00.05 | Mem:0.00M, Peak:0.00M | Scene, ViewLayer | Updating Scene
Fra:1 Mem:59.07M (Peak 82.27M) | Time:00:00.05 | Mem:0.00M, Peak:0.00M | Scene, ViewLayer | Updating Shaders
Fra:1 Mem:59.20M (Peak 82.27M) | Time:00:00.05 | Mem:0.05M, Peak:0.05M | Scene, ViewLayer | Updating Procedurals
Fra:1 Mem:59.20M (Peak 82.27M) | Time:00:00.05 | Mem:0.05M, Peak:0.05M | Scene, ViewLayer | Updating Background
Fra:1 Mem:59.20M (Peak 82.27M) | Time:00:00.05 | Mem:0.05M, Peak:0.05M | Scene, ViewLayer | Updating Camera
Fra:1 Mem:59.20M (Peak 82.27M) | Time:00:00.05 | Mem:0.05M, Peak:0.05M | Scene, ViewLayer | Updating Meshes Flags
Fra:1 Mem:59.20M (Peak 82.27M) | Time:00:00.05 | Mem:0.05M, Peak:0.05M | Scene, ViewLayer | Updating Objects
Fra:1 Mem:59.20M (Peak 82.27M) | Time:00:00.05 | Mem:0.05M, Peak:0.05M | Scene, ViewLayer | Updating Objects | Copying Transformations to device
Fra:1 Mem:59.33M (Peak 82.27M) | Time:00:00.05 | Mem:0.17M, Peak:0.17M | Scene, ViewLayer | Updating Objects | Applying Static Transformations
Fra:1 Mem:59.33M (Peak 82.27M) | Time:00:00.05 | Mem:0.17M, Peak:0.17M | Scene, ViewLayer | Updating Particle Systems
Fra:1 Mem:59.33M (Peak 82.27M) | Time:00:00.05 | Mem:0.17M, Peak:0.17M | Scene, ViewLayer | Updating Particle Systems | Copying Particles to device
Fra:1 Mem:59.33M (Peak 82.27M) | Time:00:00.05 | Mem:0.17M, Peak:0.17M | Scene, ViewLayer | Updating Meshes
Fra:1 Mem:61.46M (Peak 82.27M) | Time:00:00.05 | Mem:0.17M, Peak:0.17M | Scene, ViewLayer | Updating Mesh | Computing attributes
Fra:1 Mem:62.70M (Peak 82.27M) | Time:00:00.05 | Mem:0.21M, Peak:0.21M | Scene, ViewLayer | Updating Mesh | Copying Attributes to device
Fra:1 Mem:62.62M (Peak 82.27M) | Time:00:00.05 | Mem:1.34M, Peak:1.34M | Scene, ViewLayer | Updating Scene BVH | Building
Fra:1 Mem:62.63M (Peak 82.27M) | Time:00:00.05 | Mem:1.34M, Peak:1.34M | Scene, ViewLayer | Updating Scene BVH | Building BVH
Fra:1 Mem:62.63M (Peak 82.27M) | Time:00:00.05 | Mem:5.59M, Peak:5.59M | Scene, ViewLayer | Updating Scene BVH | Building BVH 0%
Fra:1 Mem:62.63M (Peak 82.27M) | Time:00:00.07 | Mem:10.22M, Peak:14.47M | Scene, ViewLayer | Updating Scene BVH | Copying BVH to device
Fra:1 Mem:62.63M (Peak 82.27M) | Time:00:00.07 | Mem:10.22M, Peak:14.47M | Scene, ViewLayer | Updating Mesh | Computing normals
Fra:1 Mem:68.68M (Peak 82.27M) | Time:00:00.08 | Mem:10.22M, Peak:14.47M | Scene, ViewLayer | Updating Mesh | Copying Mesh to device
Fra:1 Mem:68.68M (Peak 82.27M) | Time:00:00.08 | Mem:16.28M, Peak:16.28M | Scene, ViewLayer | Updating Objects Flags
Fra:1 Mem:68.68M (Peak 82.27M) | Time:00:00.08 | Mem:16.28M, Peak:16.28M | Scene, ViewLayer | Updating Primitive Offsets
Fra:1 Mem:68.69M (Peak 82.27M) | Time:00:00.08 | Mem:16.28M, Peak:16.28M | Scene, ViewLayer | Updating Images
Fra:1 Mem:68.69M (Peak 82.27M) | Time:00:00.08 | Mem:16.28M, Peak:16.28M | Scene, ViewLayer | Updating Camera Volume
Fra:1 Mem:68.69M (Peak 82.27M) | Time:00:00.08 | Mem:16.28M, Peak:16.28M | Scene, ViewLayer | Updating Lookup Tables
Fra:1 Mem:68.69M (Peak 82.27M) | Time:00:00.08 | Mem:16.36M, Peak:16.36M | Scene, ViewLayer | Updating Lights
Fra:1 Mem:68.69M (Peak 82.27M) | Time:00:00.08 | Mem:16.36M, Peak:16.36M | Scene, ViewLayer | Updating Lights | Computing tree
Fra:1 Mem:68.69M (Peak 82.27M) | Time:00:00.08 | Mem:16.37M, Peak:16.37M | Scene, ViewLayer | Updating Integrator
Fra:1 Mem:68.69M (Peak 82.27M) | Time:00:00.08 | Mem:16.37M, Peak:16.37M | Scene, ViewLayer | Updating Film
Fra:1 Mem:68.70M (Peak 82.27M) | Time:00:00.08 | Mem:16.29M, Peak:16.37M | Scene, ViewLayer | Updating Lookup Tables
Fra:1 Mem:68.70M (Peak 82.27M) | Time:00:00.08 | Mem:16.37M, Peak:16.37M | Scene, ViewLayer | Updating Baking
Fra:1 Mem:68.70M (Peak 82.27M) | Time:00:00.08 | Mem:16.37M, Peak:16.37M | Scene, ViewLayer | Updating Device | Writing constant memory
Fra:1 Mem:68.71M (Peak 82.27M) | Time:00:00.08 | Mem:16.37M, Peak:16.37M | Scene, ViewLayer | Sample 0/16
Fra:1 Mem:155.23M (Peak 155.23M) | Time:00:02.38 | Remaining:00:34.61 | Mem:102.89M, Peak:102.89M | Scene, ViewLayer | Sample 1/16
Fra:1 Mem:193.68M (Peak 270.59M) | Time:00:34.59 | Mem:102.89M, Peak:102.89M | Scene, ViewLayer | Sample 16/16
Fra:1 Mem:193.68M (Peak 270.59M) | Time:00:34.59 | Mem:102.89M, Peak:102.89M | Scene, ViewLayer | Finished
Saved: 'ArtSource/IntegratedActorArt/Combined-Factory.png'
Time: 00:35.00 (Saving: 00:00.41)

PASS eight actual production factories, real palette and line positions; Blender reconstruction NOT Unity

Blender quit
