
Welcome to .NET 8.0!
---------------------
SDK Version: 8.0.425

Telemetry
---------
The .NET tools collect usage data in order to help us improve your experience. It is collected by Microsoft and shared with the community. You can opt-out of telemetry by setting the DOTNET_CLI_TELEMETRY_OPTOUT environment variable to '1' or 'true' using your favorite shell.

Read more about .NET CLI Tools telemetry: https://aka.ms/dotnet-cli-telemetry

----------------
Installed an ASP.NET Core HTTPS development certificate.
To trust the certificate, view the instructions: https://aka.ms/dotnet-https-linux

----------------
Write your first app: https://aka.ms/dotnet-hello-world
Find out what's new: https://aka.ms/dotnet-whats-new
Explore documentation: https://aka.ms/dotnet-docs
Report issues and find source on GitHub: https://github.com/dotnet/core
Use 'dotnet --help' to see available commands or visit: https://aka.ms/dotnet-cli
--------------------------------------------------------------------------------------
/tmp/weapon-contact-5ekm1p_p/export/Model.cs(10,40): warning CS0414: The field 'CombatModel.quadruped' is assigned but its value is never used [/tmp/weapon-contact-5ekm1p_p/export/Export.csproj]
/tmp/weapon-contact-5ekm1p_p/export/Model.cs(719,85): warning CS0414: The field 'CombatModel.treantCompanion' is assigned but its value is never used [/tmp/weapon-contact-5ekm1p_p/export/Export.csproj]
/tmp/weapon-contact-5ekm1p_p/export/Model.cs(719,76): warning CS0414: The field 'CombatModel.floating' is assigned but its value is never used [/tmp/weapon-contact-5ekm1p_p/export/Export.csproj]
PASS 85 actual factory/loader/16-combination before-after/anchors/fallback assertions; managed TRS, not Unity
PASS compiled weapon negative control: wrong-tip
PASS compiled weapon negative control: skip-base
/tmp/weapon-contact-5ekm1p_p/export/Model.cs(719,76): warning CS0414: The field 'CombatModel.floating' is assigned but its value is never used [/tmp/weapon-contact-5ekm1p_p/export/Export.csproj]
/tmp/weapon-contact-5ekm1p_p/export/Model.cs(10,40): warning CS0414: The field 'CombatModel.quadruped' is assigned but its value is never used [/tmp/weapon-contact-5ekm1p_p/export/Export.csproj]
/tmp/weapon-contact-5ekm1p_p/export/Model.cs(719,85): warning CS0414: The field 'CombatModel.treantCompanion' is assigned but its value is never used [/tmp/weapon-contact-5ekm1p_p/export/Export.csproj]
PASS 1680 loaded 16-combination actual AnimateHero/AimArm contact anchors; real bow draw/string/nock and ribbon Sample; managed numerical transforms, not Unity
