Blender 4.3.2
Fra:1 Mem:20.36M (Peak 20.36M) | Time:00:00.00 | Mem:0.00M, Peak:0.00M | Scene, ViewLayer | Synchronizing object | Plane
Fra:1 Mem:20.36M (Peak 20.36M) | Time:00:00.00 | Mem:0.00M, Peak:0.00M | Scene, ViewLayer | Synchronizing object | Text
Fra:1 Mem:20.40M (Peak 20.40M) | Time:00:00.00 | Mem:0.00M, Peak:0.00M | Scene, ViewLayer | Synchronizing object | Wrapped grip
Fra:1 Mem:20.42M (Peak 20.42M) | Time:00:00.00 | Mem:0.00M, Peak:0.00M | Scene, ViewLayer | Synchronizing object | Faceted pommel
Fra:1 Mem:20.46M (Peak 20.46M) | Time:00:00.00 | Mem:0.00M, Peak:0.00M | Scene, ViewLayer | Synchronizing object | Swept guard
Fra:1 Mem:20.47M (Peak 20.47M) | Time:00:00.00 | Mem:0.00M, Peak:0.00M | Scene, ViewLayer | Synchronizing object | Tiered blade
Fra:1 Mem:20.48M (Peak 20.48M) | Time:00:00.00 | Mem:0.00M, Peak:0.00M | Scene, ViewLayer | Synchronizing object | Blade spine
Fra:1 Mem:20.50M (Peak 20.50M) | Time:00:00.00 | Mem:0.00M, Peak:0.00M | Scene, ViewLayer | Synchronizing object | Text.001
Fra:1 Mem:20.54M (Peak 20.54M) | Time:00:00.00 | Mem:0.00M, Peak:0.00M | Scene, ViewLayer | Synchronizing object | Wrapped grip.001
Fra:1 Mem:20.56M (Peak 20.56M) | Time:00:00.00 | Mem:0.00M, Peak:0.00M | Scene, ViewLayer | Synchronizing object | Faceted pommel.001
Fra:1 Mem:20.60M (Peak 20.60M) | Time:00:00.00 | Mem:0.00M, Peak:0.00M | Scene, ViewLayer | Synchronizing object | Swept guard.001
Fra:1 Mem:20.62M (Peak 20.62M) | Time:00:00.00 | Mem:0.00M, Peak:0.00M | Scene, ViewLayer | Synchronizing object | Tiered blade.001
Fra:1 Mem:20.62M (Peak 20.62M) | Time:00:00.00 | Mem:0.00M, Peak:0.00M | Scene, ViewLayer | Synchronizing object | Blade spine.001
Fra:1 Mem:20.65M (Peak 20.65M) | Time:00:00.00 | Mem:0.00M, Peak:0.00M | Scene, ViewLayer | Synchronizing object | Guard wing
Fra:1 Mem:20.69M (Peak 20.69M) | Time:00:00.00 | Mem:0.00M, Peak:0.00M | Scene, ViewLayer | Synchronizing object | Blade fang
Fra:1 Mem:20.69M (Peak 20.69M) | Time:00:00.00 | Mem:0.00M, Peak:0.00M | Scene, ViewLayer | Synchronizing object | Actual bow string
Fra:1 Mem:20.71M (Peak 20.71M) | Time:00:00.00 | Mem:0.00M, Peak:0.00M | Scene, ViewLayer | Synchronizing object | Text.002
Fra:1 Mem:20.74M (Peak 20.74M) | Time:00:00.00 | Mem:0.00M, Peak:0.00M | Scene, ViewLayer | Synchronizing object | Guard wing.001
Fra:1 Mem:20.78M (Peak 20.78M) | Time:00:00.00 | Mem:0.00M, Peak:0.00M | Scene, ViewLayer | Synchronizing object | Blade fang.001
Fra:1 Mem:20.81M (Peak 20.81M) | Time:00:00.00 | Mem:0.00M, Peak:0.00M | Scene, ViewLayer | Synchronizing object | Blade rune
Fra:1 Mem:20.84M (Peak 20.84M) | Time:00:00.00 | Mem:0.00M, Peak:0.00M | Scene, ViewLayer | Synchronizing object | Text.003
Fra:1 Mem:20.88M (Peak 20.88M) | Time:00:00.00 | Mem:0.00M, Peak:0.00M | Scene, ViewLayer | Synchronizing object | Blade rune.001
Fra:1 Mem:20.94M (Peak 20.94M) | Time:00:00.00 | Mem:0.00M, Peak:0.00M | Scene, ViewLayer | Synchronizing object | Blade rune.002
Fra:1 Mem:20.96M (Peak 20.96M) | Time:00:00.00 | Mem:0.00M, Peak:0.00M | Scene, ViewLayer | Synchronizing object | Fashion focus fin.001
Fra:1 Mem:21.02M (Peak 21.02M) | Time:00:00.00 | Mem:0.00M, Peak:0.00M | Scene, ViewLayer | Synchronizing object | Forging mark
Fra:1 Mem:21.05M (Peak 21.05M) | Time:00:00.00 | Mem:0.00M, Peak:0.00M | Scene, ViewLayer | Synchronizing object | Fashion focus fin
Fra:1 Mem:21.09M (Peak 21.09M) | Time:00:00.00 | Mem:0.00M, Peak:0.00M | Scene, ViewLayer | Synchronizing object | Forging mark.001
Fra:1 Mem:21.14M (Peak 21.14M) | Time:00:00.00 | Mem:0.00M, Peak:0.00M | Scene, ViewLayer | Synchronizing object | Forging mark.002
Fra:1 Mem:21.16M (Peak 21.16M) | Time:00:00.00 | Mem:0.00M, Peak:0.00M | Scene, ViewLayer | Synchronizing object | Fashion focus collar
Fra:1 Mem:21.22M (Peak 21.22M) | Time:00:00.00 | Mem:0.00M, Peak:0.00M | Scene, ViewLayer | Synchronizing object | Forging mark.003
Fra:1 Mem:21.25M (Peak 21.25M) | Time:00:00.00 | Mem:0.00M, Peak:0.00M | Scene, ViewLayer | Synchronizing object | Weapon aura shard.005
Fra:1 Mem:21.29M (Peak 21.29M) | Time:00:00.00 | Mem:0.00M, Peak:0.00M | Scene, ViewLayer | Synchronizing object | Forging mark.004
Fra:1 Mem:21.32M (Peak 21.32M) | Time:00:00.00 | Mem:0.00M, Peak:0.00M | Scene, ViewLayer | Synchronizing object | Weapon aura shard.004
Fra:1 Mem:21.36M (Peak 21.36M) | Time:00:00.00 | Mem:0.00M, Peak:0.00M | Scene, ViewLayer | Synchronizing object | Forging mark.005
Fra:1 Mem:21.39M (Peak 21.39M) | Time:00:00.00 | Mem:0.00M, Peak:0.00M | Scene, ViewLayer | Synchronizing object | Staff forging mark.009
Fra:1 Mem:21.42M (Peak 21.42M) | Time:00:00.00 | Mem:0.00M, Peak:0.00M | Scene, ViewLayer | Synchronizing object | Forging mark.006
Fra:1 Mem:21.46M (Peak 21.46M) | Time:00:00.00 | Mem:0.00M, Peak:0.00M | Scene, ViewLayer | Synchronizing object | Staff forging mark.008
Fra:1 Mem:21.49M (Peak 21.49M) | Time:00:00.00 | Mem:0.00M, Peak:0.00M | Scene, ViewLayer | Synchronizing object | Forging mark.007
Fra:1 Mem:21.53M (Peak 21.53M) | Time:00:00.00 | Mem:0.00M, Peak:0.00M | Scene, ViewLayer | Synchronizing object | Staff forging mark.007
Fra:1 Mem:21.56M (Peak 21.56M) | Time:00:00.00 | Mem:0.00M, Peak:0.00M | Scene, ViewLayer | Synchronizing object | Forging mark.008
Fra:1 Mem:21.60M (Peak 21.60M) | Time:00:00.00 | Mem:0.00M, Peak:0.00M | Scene, ViewLayer | Synchronizing object | Staff forging mark.006
Fra:1 Mem:21.62M (Peak 21.62M) | Time:00:00.00 | Mem:0.00M, Peak:0.00M | Scene, ViewLayer | Synchronizing object | Forging mark.009
Fra:1 Mem:21.67M (Peak 21.67M) | Time:00:00.00 | Mem:0.00M, Peak:0.00M | Scene, ViewLayer | Synchronizing object | Staff forging mark.005
Fra:1 Mem:21.70M (Peak 21.70M) | Time:00:00.00 | Mem:0.00M, Peak:0.00M | Scene, ViewLayer | Synchronizing object | Weapon aura shard
Fra:1 Mem:21.73M (Peak 21.73M) | Time:00:00.00 | Mem:0.00M, Peak:0.00M | Scene, ViewLayer | Synchronizing object | Staff forging mark.004
Fra:1 Mem:21.76M (Peak 21.76M) | Time:00:00.00 | Mem:0.00M, Peak:0.00M | Scene, ViewLayer | Synchronizing object | Weapon aura shard.001
Fra:1 Mem:21.80M (Peak 21.80M) | Time:00:00.00 | Mem:0.00M, Peak:0.00M | Scene, ViewLayer | Synchronizing object | Staff forging mark.003
Fra:1 Mem:21.83M (Peak 21.83M) | Time:00:00.00 | Mem:0.00M, Peak:0.00M | Scene, ViewLayer | Synchronizing object | Fashion sword guard
Fra:1 Mem:21.88M (Peak 21.88M) | Time:00:00.00 | Mem:0.00M, Peak:0.00M | Scene, ViewLayer | Synchronizing object | Staff forging mark.002
Fra:1 Mem:21.92M (Peak 21.92M) | Time:00:00.00 | Mem:0.00M, Peak:0.00M | Scene, ViewLayer | Synchronizing object | Fashion sword guard.001
Fra:1 Mem:21.96M (Peak 21.96M) | Time:00:00.00 | Mem:0.00M, Peak:0.00M | Scene, ViewLayer | Synchronizing object | Staff forging mark.001
Fra:1 Mem:22.01M (Peak 22.01M) | Time:00:00.00 | Mem:0.00M, Peak:0.00M | Scene, ViewLayer | Synchronizing object | Staff forging mark
Fra:1 Mem:22.03M (Peak 22.03M) | Time:00:00.00 | Mem:0.00M, Peak:0.00M | Scene, ViewLayer | Synchronizing object | Arrow rest
Fra:1 Mem:22.07M (Peak 22.07M) | Time:00:00.00 | Mem:0.00M, Peak:0.00M | Scene, ViewLayer | Synchronizing object | Staff rune.002
Fra:1 Mem:22.08M (Peak 22.08M) | Time:00:00.00 | Mem:0.00M, Peak:0.00M | Scene, ViewLayer | Synchronizing object | Arrow Shaft
Fra:1 Mem:22.14M (Peak 22.14M) | Time:00:00.00 | Mem:0.00M, Peak:0.00M | Scene, ViewLayer | Synchronizing object | Staff rune.001
Fra:1 Mem:22.15M (Peak 22.15M) | Time:00:00.00 | Mem:0.00M, Peak:0.00M | Scene, ViewLayer | Synchronizing object | Arrow Head
Fra:1 Mem:22.17M (Peak 22.17M) | Time:00:00.00 | Mem:0.00M, Peak:0.00M | Scene, ViewLayer | Synchronizing object | Arrow Fletching
Fra:1 Mem:22.20M (Peak 22.20M) | Time:00:00.00 | Mem:0.00M, Peak:0.00M | Scene, ViewLayer | Synchronizing object | Staff rune
Fra:1 Mem:22.22M (Peak 22.22M) | Time:00:00.00 | Mem:0.00M, Peak:0.00M | Scene, ViewLayer | Synchronizing object | Arrow Fletching.001
Fra:1 Mem:22.26M (Peak 22.26M) | Time:00:00.00 | Mem:0.00M, Peak:0.00M | Scene, ViewLayer | Synchronizing object | Floating shard.001
Fra:1 Mem:22.28M (Peak 22.28M) | Time:00:00.00 | Mem:0.00M, Peak:0.00M | Scene, ViewLayer | Synchronizing object | Arrow Fletching.002
Fra:1 Mem:22.33M (Peak 22.33M) | Time:00:00.00 | Mem:0.00M, Peak:0.00M | Scene, ViewLayer | Synchronizing object | Bow grip
Fra:1 Mem:22.35M (Peak 22.35M) | Time:00:00.00 | Mem:0.00M, Peak:0.00M | Scene, ViewLayer | Synchronizing object | Crystal prong.001
Fra:1 Mem:22.37M (Peak 22.37M) | Time:00:00.00 | Mem:0.00M, Peak:0.00M | Scene, ViewLayer | Synchronizing object | Floating shard
Fra:1 Mem:22.39M (Peak 22.39M) | Time:00:00.00 | Mem:0.00M, Peak:0.00M | Scene, ViewLayer | Synchronizing object | Layered bow limb
Fra:1 Mem:22.42M (Peak 22.42M) | Time:00:00.00 | Mem:0.00M, Peak:0.00M | Scene, ViewLayer | Synchronizing object | Layered bow limb.001
Fra:1 Mem:22.44M (Peak 22.44M) | Time:00:00.00 | Mem:0.00M, Peak:0.00M | Scene, ViewLayer | Synchronizing object | Crystal prong
Fra:1 Mem:22.45M (Peak 22.45M) | Time:00:00.00 | Mem:0.00M, Peak:0.00M | Scene, ViewLayer | Synchronizing object | Layered bow limb.002
Fra:1 Mem:22.47M (Peak 22.47M) | Time:00:00.00 | Mem:0.00M, Peak:0.00M | Scene, ViewLayer | Synchronizing object | Focus crystal
Fra:1 Mem:22.49M (Peak 22.49M) | Time:00:00.00 | Mem:0.00M, Peak:0.00M | Scene, ViewLayer | Synchronizing object | Layered bow limb.003
Fra:1 Mem:22.51M (Peak 22.51M) | Time:00:00.00 | Mem:0.00M, Peak:0.00M | Scene, ViewLayer | Synchronizing object | Staff collar
Fra:1 Mem:22.52M (Peak 22.52M) | Time:00:00.00 | Mem:0.00M, Peak:0.00M | Scene, ViewLayer | Synchronizing object | Bow tip
Fra:1 Mem:22.54M (Peak 22.54M) | Time:00:00.00 | Mem:0.00M, Peak:0.00M | Scene, ViewLayer | Synchronizing object | Inlaid staff
Fra:1 Mem:22.56M (Peak 22.56M) | Time:00:00.00 | Mem:0.00M, Peak:0.00M | Scene, ViewLayer | Synchronizing object | Fashion bow limb crest.001
Fra:1 Mem:22.60M (Peak 22.60M) | Time:00:00.00 | Mem:0.00M, Peak:0.00M | Scene, ViewLayer | Synchronizing object | Bow horn
Fra:1 Mem:22.65M (Peak 22.65M) | Time:00:00.00 | Mem:0.00M, Peak:0.00M | Scene, ViewLayer | Synchronizing object | Layered bow limb.004
Fra:1 Mem:22.66M (Peak 22.66M) | Time:00:00.00 | Mem:0.00M, Peak:0.00M | Scene, ViewLayer | Synchronizing object | Fashion bow limb crest
Fra:1 Mem:22.70M (Peak 22.70M) | Time:00:00.00 | Mem:0.00M, Peak:0.00M | Scene, ViewLayer | Synchronizing object | Layered bow limb.005
Fra:1 Mem:22.73M (Peak 22.73M) | Time:00:00.00 | Mem:0.00M, Peak:0.00M | Scene, ViewLayer | Synchronizing object | Layered bow limb.006
Fra:1 Mem:22.76M (Peak 22.76M) | Time:00:00.00 | Mem:0.00M, Peak:0.00M | Scene, ViewLayer | Synchronizing object | Layered bow limb.007
Fra:1 Mem:22.77M (Peak 22.77M) | Time:00:00.00 | Mem:0.00M, Peak:0.00M | Scene, ViewLayer | Synchronizing object | Weapon aura shard.003
Fra:1 Mem:22.80M (Peak 22.80M) | Time:00:00.00 | Mem:0.00M, Peak:0.00M | Scene, ViewLayer | Synchronizing object | Bow tip.001
Fra:1 Mem:22.84M (Peak 22.84M) | Time:00:00.00 | Mem:0.00M, Peak:0.00M | Scene, ViewLayer | Synchronizing object | Weapon aura shard.002
Fra:1 Mem:22.87M (Peak 22.87M) | Time:00:00.00 | Mem:0.00M, Peak:0.00M | Scene, ViewLayer | Synchronizing object | Bow horn.001
Fra:1 Mem:22.91M (Peak 22.91M) | Time:00:00.00 | Mem:0.00M, Peak:0.00M | Scene, ViewLayer | Synchronizing object | Bow forging mark.009
Fra:1 Mem:22.94M (Peak 22.94M) | Time:00:00.00 | Mem:0.00M, Peak:0.00M | Scene, ViewLayer | Synchronizing object | Bow focus
Fra:1 Mem:22.98M (Peak 22.98M) | Time:00:00.00 | Mem:0.00M, Peak:0.00M | Scene, ViewLayer | Synchronizing object | Bow forging mark.008
Fra:1 Mem:23.02M (Peak 23.02M) | Time:00:00.00 | Mem:0.00M, Peak:0.00M | Scene, ViewLayer | Synchronizing object | Bow forging mark.007
Fra:1 Mem:23.04M (Peak 23.04M) | Time:00:00.00 | Mem:0.00M, Peak:0.00M | Scene, ViewLayer | Synchronizing object | Bow forging mark
Fra:1 Mem:23.07M (Peak 23.07M) | Time:00:00.00 | Mem:0.00M, Peak:0.00M | Scene, ViewLayer | Synchronizing object | Bow forging mark.001
Fra:1 Mem:23.11M (Peak 23.11M) | Time:00:00.00 | Mem:0.00M, Peak:0.00M | Scene, ViewLayer | Synchronizing object | Bow forging mark.002
Fra:1 Mem:23.15M (Peak 23.15M) | Time:00:00.00 | Mem:0.00M, Peak:0.00M | Scene, ViewLayer | Synchronizing object | Bow forging mark.003
Fra:1 Mem:23.18M (Peak 23.18M) | Time:00:00.00 | Mem:0.00M, Peak:0.00M | Scene, ViewLayer | Synchronizing object | Bow forging mark.006
Fra:1 Mem:23.21M (Peak 23.21M) | Time:00:00.00 | Mem:0.00M, Peak:0.00M | Scene, ViewLayer | Synchronizing object | Bow forging mark.004
Fra:1 Mem:23.25M (Peak 23.25M) | Time:00:00.00 | Mem:0.00M, Peak:0.00M | Scene, ViewLayer | Synchronizing object | Bow forging mark.005
Fra:1 Mem:23.29M (Peak 23.29M) | Time:00:00.00 | Mem:0.00M, Peak:0.00M | Scene, ViewLayer | Initializing
Fra:1 Mem:19.22M (Peak 23.29M) | Time:00:00.00 | Mem:0.00M, Peak:0.00M | Scene, ViewLayer | Waiting for render to start
Fra:1 Mem:19.22M (Peak 23.29M) | Time:00:00.00 | Mem:0.00M, Peak:0.00M | Scene, ViewLayer | Loading render kernels (may take a few minutes the first time)
Fra:1 Mem:19.22M (Peak 23.29M) | Time:00:00.00 | Mem:0.00M, Peak:0.00M | Scene, ViewLayer | Updating Scene
Fra:1 Mem:19.22M (Peak 23.29M) | Time:00:00.00 | Mem:0.00M, Peak:0.00M | Scene, ViewLayer | Updating Shaders
Fra:1 Mem:19.31M (Peak 23.29M) | Time:00:00.00 | Mem:0.01M, Peak:0.01M | Scene, ViewLayer | Updating Procedurals
Fra:1 Mem:19.31M (Peak 23.29M) | Time:00:00.00 | Mem:0.01M, Peak:0.01M | Scene, ViewLayer | Updating Background
Fra:1 Mem:19.31M (Peak 23.29M) | Time:00:00.00 | Mem:0.01M, Peak:0.01M | Scene, ViewLayer | Updating Camera
Fra:1 Mem:19.31M (Peak 23.29M) | Time:00:00.00 | Mem:0.01M, Peak:0.01M | Scene, ViewLayer | Updating Meshes Flags
Fra:1 Mem:19.31M (Peak 23.29M) | Time:00:00.00 | Mem:0.01M, Peak:0.01M | Scene, ViewLayer | Updating Objects
Fra:1 Mem:19.31M (Peak 23.29M) | Time:00:00.00 | Mem:0.01M, Peak:0.01M | Scene, ViewLayer | Updating Objects | Copying Transformations to device
Fra:1 Mem:19.33M (Peak 23.29M) | Time:00:00.01 | Mem:0.03M, Peak:0.03M | Scene, ViewLayer | Updating Objects | Applying Static Transformations
Fra:1 Mem:19.33M (Peak 23.29M) | Time:00:00.01 | Mem:0.03M, Peak:0.03M | Scene, ViewLayer | Updating Particle Systems
Fra:1 Mem:19.33M (Peak 23.29M) | Time:00:00.01 | Mem:0.03M, Peak:0.03M | Scene, ViewLayer | Updating Particle Systems | Copying Particles to device
Fra:1 Mem:19.33M (Peak 23.29M) | Time:00:00.01 | Mem:0.03M, Peak:0.03M | Scene, ViewLayer | Updating Meshes
Fra:1 Mem:19.79M (Peak 23.29M) | Time:00:00.01 | Mem:0.03M, Peak:0.03M | Scene, ViewLayer | Updating Mesh | Computing attributes
Fra:1 Mem:20.05M (Peak 23.29M) | Time:00:00.01 | Mem:0.04M, Peak:0.04M | Scene, ViewLayer | Updating Mesh | Copying Attributes to device
Fra:1 Mem:20.04M (Peak 23.29M) | Time:00:00.01 | Mem:0.28M, Peak:0.28M | Scene, ViewLayer | Updating Scene BVH | Building
Fra:1 Mem:20.04M (Peak 23.29M) | Time:00:00.01 | Mem:0.28M, Peak:0.28M | Scene, ViewLayer | Updating Scene BVH | Building BVH
Fra:1 Mem:20.04M (Peak 23.29M) | Time:00:00.01 | Mem:1.20M, Peak:1.20M | Scene, ViewLayer | Updating Scene BVH | Building BVH 0%
Fra:1 Mem:20.04M (Peak 23.29M) | Time:00:00.01 | Mem:2.30M, Peak:3.22M | Scene, ViewLayer | Updating Scene BVH | Copying BVH to device
Fra:1 Mem:20.04M (Peak 23.29M) | Time:00:00.01 | Mem:2.30M, Peak:3.22M | Scene, ViewLayer | Updating Mesh | Computing normals
Fra:1 Mem:21.25M (Peak 23.29M) | Time:00:00.01 | Mem:2.30M, Peak:3.22M | Scene, ViewLayer | Updating Mesh | Copying Mesh to device
Fra:1 Mem:21.25M (Peak 23.29M) | Time:00:00.01 | Mem:3.51M, Peak:3.51M | Scene, ViewLayer | Updating Objects Flags
Fra:1 Mem:21.25M (Peak 23.29M) | Time:00:00.01 | Mem:3.51M, Peak:3.51M | Scene, ViewLayer | Updating Primitive Offsets
Fra:1 Mem:21.25M (Peak 23.29M) | Time:00:00.01 | Mem:3.51M, Peak:3.51M | Scene, ViewLayer | Updating Images
Fra:1 Mem:21.25M (Peak 23.29M) | Time:00:00.01 | Mem:3.51M, Peak:3.51M | Scene, ViewLayer | Updating Camera Volume
Fra:1 Mem:21.25M (Peak 23.29M) | Time:00:00.01 | Mem:3.51M, Peak:3.51M | Scene, ViewLayer | Updating Lookup Tables
Fra:1 Mem:21.25M (Peak 23.29M) | Time:00:00.01 | Mem:3.59M, Peak:3.59M | Scene, ViewLayer | Updating Lights
Fra:1 Mem:21.25M (Peak 23.29M) | Time:00:00.01 | Mem:3.59M, Peak:3.59M | Scene, ViewLayer | Updating Lights | Computing tree
Fra:1 Mem:21.25M (Peak 23.29M) | Time:00:00.01 | Mem:3.59M, Peak:3.59M | Scene, ViewLayer | Updating Integrator
Fra:1 Mem:21.25M (Peak 23.29M) | Time:00:00.01 | Mem:3.59M, Peak:3.59M | Scene, ViewLayer | Updating Film
Fra:1 Mem:21.25M (Peak 23.29M) | Time:00:00.01 | Mem:3.51M, Peak:3.59M | Scene, ViewLayer | Updating Lookup Tables
Fra:1 Mem:21.25M (Peak 23.29M) | Time:00:00.01 | Mem:3.59M, Peak:3.59M | Scene, ViewLayer | Updating Baking
Fra:1 Mem:21.25M (Peak 23.29M) | Time:00:00.01 | Mem:3.59M, Peak:3.59M | Scene, ViewLayer | Updating Device | Writing constant memory
Fra:1 Mem:21.25M (Peak 23.29M) | Time:00:00.01 | Mem:3.59M, Peak:3.59M | Scene, ViewLayer | Sample 0/16
Fra:1 Mem:93.36M (Peak 93.36M) | Time:00:01.99 | Remaining:00:29.67 | Mem:75.69M, Peak:75.69M | Scene, ViewLayer | Sample 1/16
Fra:1 Mem:125.40M (Peak 189.49M) | Time:00:29.12 | Mem:75.69M, Peak:75.69M | Scene, ViewLayer | Sample 16/16
Fra:1 Mem:125.40M (Peak 189.49M) | Time:00:29.12 | Mem:75.69M, Peak:75.69M | Scene, ViewLayer | Finished
Saved: '/workspace/scratch/blender-upgrade/f3-weapons/ArtSource/WeaponModules/WeaponDetail-Before.png'
Time: 00:29.56 (Saving: 00:00.44)

Fra:1 Mem:19.12M (Peak 19.12M) | Time:00:00.00 | Mem:0.00M, Peak:0.00M | Scene, ViewLayer | Synchronizing object | Plane
Fra:1 Mem:19.12M (Peak 19.12M) | Time:00:00.00 | Mem:0.00M, Peak:0.00M | Scene, ViewLayer | Synchronizing object | Text
Fra:1 Mem:19.12M (Peak 19.12M) | Time:00:00.00 | Mem:0.00M, Peak:0.00M | Scene, ViewLayer | Synchronizing object | Wrapped grip
Fra:1 Mem:19.19M (Peak 19.19M) | Time:00:00.00 | Mem:0.00M, Peak:0.00M | Scene, ViewLayer | Synchronizing object | Faceted pommel
Fra:1 Mem:19.21M (Peak 19.21M) | Time:00:00.00 | Mem:0.00M, Peak:0.00M | Scene, ViewLayer | Synchronizing object | Swept guard
Fra:1 Mem:19.24M (Peak 19.24M) | Time:00:00.00 | Mem:0.00M, Peak:0.00M | Scene, ViewLayer | Synchronizing object | Tiered blade
Fra:1 Mem:19.25M (Peak 19.25M) | Time:00:00.00 | Mem:0.00M, Peak:0.00M | Scene, ViewLayer | Synchronizing object | Blade spine
Fra:1 Mem:19.26M (Peak 19.26M) | Time:00:00.00 | Mem:0.00M, Peak:0.00M | Scene, ViewLayer | Synchronizing object | Wrapped grip.001
Fra:1 Mem:19.27M (Peak 19.27M) | Time:00:00.00 | Mem:0.00M, Peak:0.00M | Scene, ViewLayer | Synchronizing object | Faceted pommel.001
Fra:1 Mem:19.27M (Peak 19.27M) | Time:00:00.00 | Mem:0.00M, Peak:0.00M | Scene, ViewLayer | Synchronizing object | Swept guard.001
Fra:1 Mem:19.29M (Peak 19.29M) | Time:00:00.00 | Mem:0.00M, Peak:0.00M | Scene, ViewLayer | Synchronizing object | Tiered blade.001
Fra:1 Mem:19.29M (Peak 19.29M) | Time:00:00.00 | Mem:0.00M, Peak:0.00M | Scene, ViewLayer | Synchronizing object | Text.001
Fra:1 Mem:19.30M (Peak 19.30M) | Time:00:00.00 | Mem:0.00M, Peak:0.00M | Scene, ViewLayer | Synchronizing object | Blade spine.001
Fra:1 Mem:19.33M (Peak 19.33M) | Time:00:00.00 | Mem:0.00M, Peak:0.00M | Scene, ViewLayer | Synchronizing object | Guard wing
Fra:1 Mem:19.34M (Peak 19.34M) | Time:00:00.00 | Mem:0.00M, Peak:0.00M | Scene, ViewLayer | Synchronizing object | Blade fang
Fra:1 Mem:19.35M (Peak 19.35M) | Time:00:00.00 | Mem:0.00M, Peak:0.00M | Scene, ViewLayer | Synchronizing object | Guard wing.001
Fra:1 Mem:19.35M (Peak 19.35M) | Time:00:00.00 | Mem:0.00M, Peak:0.00M | Scene, ViewLayer | Synchronizing object | Blade fang.001
Fra:1 Mem:19.36M (Peak 19.36M) | Time:00:00.00 | Mem:0.00M, Peak:0.00M | Scene, ViewLayer | Synchronizing object | Blade rune
Fra:1 Mem:19.37M (Peak 19.37M) | Time:00:00.00 | Mem:0.00M, Peak:0.00M | Scene, ViewLayer | Synchronizing object | Blade rune.001
Fra:1 Mem:19.37M (Peak 19.37M) | Time:00:00.00 | Mem:0.00M, Peak:0.00M | Scene, ViewLayer | Synchronizing object | Blade rune.002
Fra:1 Mem:19.37M (Peak 19.37M) | Time:00:00.00 | Mem:0.00M, Peak:0.00M | Scene, ViewLayer | Synchronizing object | Forging mark
Fra:1 Mem:19.37M (Peak 19.37M) | Time:00:00.00 | Mem:0.00M, Peak:0.00M | Scene, ViewLayer | Synchronizing object | Forging mark.001
Fra:1 Mem:19.37M (Peak 19.37M) | Time:00:00.00 | Mem:0.00M, Peak:0.00M | Scene, ViewLayer | Synchronizing object | Forging mark.002
Fra:1 Mem:19.38M (Peak 19.38M) | Time:00:00.00 | Mem:0.00M, Peak:0.00M | Scene, ViewLayer | Synchronizing object | Actual bow string
Fra:1 Mem:19.38M (Peak 19.38M) | Time:00:00.00 | Mem:0.00M, Peak:0.00M | Scene, ViewLayer | Synchronizing object | Text.002
Fra:1 Mem:19.40M (Peak 19.40M) | Time:00:00.00 | Mem:0.00M, Peak:0.00M | Scene, ViewLayer | Synchronizing object | Forging mark.003
Fra:1 Mem:19.41M (Peak 19.41M) | Time:00:00.00 | Mem:0.00M, Peak:0.00M | Scene, ViewLayer | Synchronizing object | Forging mark.004
Fra:1 Mem:19.42M (Peak 19.42M) | Time:00:00.00 | Mem:0.00M, Peak:0.00M | Scene, ViewLayer | Synchronizing object | Forging mark.005
Fra:1 Mem:19.42M (Peak 19.42M) | Time:00:00.00 | Mem:0.00M, Peak:0.00M | Scene, ViewLayer | Synchronizing object | Forging mark.006
Fra:1 Mem:19.42M (Peak 19.42M) | Time:00:00.00 | Mem:0.00M, Peak:0.00M | Scene, ViewLayer | Synchronizing object | Forging mark.007
Fra:1 Mem:19.42M (Peak 19.42M) | Time:00:00.00 | Mem:0.00M, Peak:0.00M | Scene, ViewLayer | Synchronizing object | Forging mark.008
Fra:1 Mem:19.43M (Peak 19.43M) | Time:00:00.00 | Mem:0.00M, Peak:0.00M | Scene, ViewLayer | Synchronizing object | Forging mark.009
Fra:1 Mem:19.43M (Peak 19.43M) | Time:00:00.00 | Mem:0.00M, Peak:0.00M | Scene, ViewLayer | Synchronizing object | Weapon aura shard
Fra:1 Mem:19.43M (Peak 19.43M) | Time:00:00.00 | Mem:0.00M, Peak:0.00M | Scene, ViewLayer | Synchronizing object | Weapon aura shard.001
Fra:1 Mem:19.43M (Peak 19.43M) | Time:00:00.00 | Mem:0.00M, Peak:0.00M | Scene, ViewLayer | Synchronizing object | Fashion sword guard
Fra:1 Mem:19.45M (Peak 19.45M) | Time:00:00.00 | Mem:0.00M, Peak:0.00M | Scene, ViewLayer | Synchronizing object | Fashion sword guard.001
Fra:1 Mem:19.47M (Peak 19.47M) | Time:00:00.00 | Mem:0.00M, Peak:0.00M | Scene, ViewLayer | Synchronizing object | Arrow rest
Fra:1 Mem:19.47M (Peak 19.47M) | Time:00:00.00 | Mem:0.00M, Peak:0.00M | Scene, ViewLayer | Synchronizing object | Arrow Shaft
Fra:1 Mem:19.48M (Peak 19.48M) | Time:00:00.00 | Mem:0.00M, Peak:0.00M | Scene, ViewLayer | Synchronizing object | Arrow Head
Fra:1 Mem:19.48M (Peak 19.48M) | Time:00:00.00 | Mem:0.00M, Peak:0.00M | Scene, ViewLayer | Synchronizing object | Text.003
Fra:1 Mem:19.51M (Peak 19.51M) | Time:00:00.00 | Mem:0.00M, Peak:0.00M | Scene, ViewLayer | Synchronizing object | Arrow Fletching
Fra:1 Mem:19.53M (Peak 19.53M) | Time:00:00.00 | Mem:0.00M, Peak:0.00M | Scene, ViewLayer | Synchronizing object | Arrow Fletching.001
Fra:1 Mem:19.54M (Peak 19.54M) | Time:00:00.00 | Mem:0.00M, Peak:0.00M | Scene, ViewLayer | Synchronizing object | Arrow Fletching.002
Fra:1 Mem:19.55M (Peak 19.55M) | Time:00:00.00 | Mem:0.00M, Peak:0.00M | Scene, ViewLayer | Synchronizing object | Bow grip
Fra:1 Mem:19.55M (Peak 19.55M) | Time:00:00.00 | Mem:0.00M, Peak:0.00M | Scene, ViewLayer | Synchronizing object | Layered bow limb
Fra:1 Mem:19.57M (Peak 19.57M) | Time:00:00.00 | Mem:0.00M, Peak:0.00M | Scene, ViewLayer | Synchronizing object | Layered bow limb.001
Fra:1 Mem:19.58M (Peak 19.58M) | Time:00:00.00 | Mem:0.00M, Peak:0.00M | Scene, ViewLayer | Synchronizing object | Layered bow limb.002
Fra:1 Mem:19.58M (Peak 19.58M) | Time:00:00.00 | Mem:0.00M, Peak:0.00M | Scene, ViewLayer | Synchronizing object | Fashion focus fin.001
Fra:1 Mem:19.59M (Peak 19.59M) | Time:00:00.00 | Mem:0.00M, Peak:0.00M | Scene, ViewLayer | Synchronizing object | Layered bow limb.003
Fra:1 Mem:19.61M (Peak 19.61M) | Time:00:00.00 | Mem:0.00M, Peak:0.00M | Scene, ViewLayer | Synchronizing object | Bow tip
Fra:1 Mem:19.61M (Peak 19.61M) | Time:00:00.00 | Mem:0.00M, Peak:0.00M | Scene, ViewLayer | Synchronizing object | Fashion focus fin
Fra:1 Mem:19.63M (Peak 19.63M) | Time:00:00.00 | Mem:0.00M, Peak:0.00M | Scene, ViewLayer | Synchronizing object | Bow horn
Fra:1 Mem:19.63M (Peak 19.63M) | Time:00:00.00 | Mem:0.00M, Peak:0.00M | Scene, ViewLayer | Synchronizing object | Fashion focus collar
Fra:1 Mem:19.65M (Peak 19.65M) | Time:00:00.00 | Mem:0.00M, Peak:0.00M | Scene, ViewLayer | Synchronizing object | Layered bow limb.004
Fra:1 Mem:19.66M (Peak 19.66M) | Time:00:00.00 | Mem:0.00M, Peak:0.00M | Scene, ViewLayer | Synchronizing object | Layered bow limb.005
Fra:1 Mem:19.67M (Peak 19.67M) | Time:00:00.00 | Mem:0.00M, Peak:0.00M | Scene, ViewLayer | Synchronizing object | Layered bow limb.006
Fra:1 Mem:19.67M (Peak 19.67M) | Time:00:00.00 | Mem:0.00M, Peak:0.00M | Scene, ViewLayer | Synchronizing object | Layered bow limb.007
Fra:1 Mem:19.68M (Peak 19.68M) | Time:00:00.00 | Mem:0.00M, Peak:0.00M | Scene, ViewLayer | Synchronizing object | Weapon aura shard.004
Fra:1 Mem:19.68M (Peak 19.68M) | Time:00:00.00 | Mem:0.00M, Peak:0.00M | Scene, ViewLayer | Synchronizing object | Bow tip.001
Fra:1 Mem:19.69M (Peak 19.69M) | Time:00:00.00 | Mem:0.00M, Peak:0.00M | Scene, ViewLayer | Synchronizing object | Staff forging mark.009
Fra:1 Mem:19.69M (Peak 19.69M) | Time:00:00.00 | Mem:0.00M, Peak:0.00M | Scene, ViewLayer | Synchronizing object | Bow horn.001
Fra:1 Mem:19.69M (Peak 19.69M) | Time:00:00.00 | Mem:0.00M, Peak:0.00M | Scene, ViewLayer | Synchronizing object | Staff forging mark.008
Fra:1 Mem:19.70M (Peak 19.70M) | Time:00:00.00 | Mem:0.00M, Peak:0.00M | Scene, ViewLayer | Synchronizing object | Bow focus
Fra:1 Mem:19.70M (Peak 19.70M) | Time:00:00.00 | Mem:0.00M, Peak:0.00M | Scene, ViewLayer | Synchronizing object | Staff forging mark.007
Fra:1 Mem:19.70M (Peak 19.70M) | Time:00:00.00 | Mem:0.00M, Peak:0.00M | Scene, ViewLayer | Synchronizing object | Bow forging mark
Fra:1 Mem:19.70M (Peak 19.70M) | Time:00:00.00 | Mem:0.00M, Peak:0.00M | Scene, ViewLayer | Synchronizing object | Staff forging mark.006
Fra:1 Mem:19.71M (Peak 19.71M) | Time:00:00.00 | Mem:0.00M, Peak:0.00M | Scene, ViewLayer | Synchronizing object | Bow forging mark.001
Fra:1 Mem:19.71M (Peak 19.71M) | Time:00:00.00 | Mem:0.00M, Peak:0.00M | Scene, ViewLayer | Synchronizing object | Staff forging mark.005
Fra:1 Mem:19.71M (Peak 19.71M) | Time:00:00.00 | Mem:0.00M, Peak:0.00M | Scene, ViewLayer | Synchronizing object | Bow forging mark.002
Fra:1 Mem:19.71M (Peak 19.71M) | Time:00:00.00 | Mem:0.00M, Peak:0.00M | Scene, ViewLayer | Synchronizing object | Staff forging mark.004
Fra:1 Mem:19.71M (Peak 19.71M) | Time:00:00.00 | Mem:0.00M, Peak:0.00M | Scene, ViewLayer | Synchronizing object | Bow forging mark.003
Fra:1 Mem:19.71M (Peak 19.71M) | Time:00:00.00 | Mem:0.00M, Peak:0.00M | Scene, ViewLayer | Synchronizing object | Staff forging mark.003
Fra:1 Mem:19.72M (Peak 19.72M) | Time:00:00.00 | Mem:0.00M, Peak:0.00M | Scene, ViewLayer | Synchronizing object | Bow forging mark.004
Fra:1 Mem:19.72M (Peak 19.72M) | Time:00:00.00 | Mem:0.00M, Peak:0.00M | Scene, ViewLayer | Synchronizing object | Staff forging mark.002
Fra:1 Mem:19.72M (Peak 19.72M) | Time:00:00.00 | Mem:0.00M, Peak:0.00M | Scene, ViewLayer | Synchronizing object | Bow forging mark.005
Fra:1 Mem:19.72M (Peak 19.72M) | Time:00:00.00 | Mem:0.00M, Peak:0.00M | Scene, ViewLayer | Synchronizing object | Staff forging mark.001
Fra:1 Mem:19.72M (Peak 19.72M) | Time:00:00.00 | Mem:0.00M, Peak:0.00M | Scene, ViewLayer | Synchronizing object | Bow forging mark.006
Fra:1 Mem:19.73M (Peak 19.73M) | Time:00:00.00 | Mem:0.00M, Peak:0.00M | Scene, ViewLayer | Synchronizing object | Staff forging mark
Fra:1 Mem:19.73M (Peak 19.73M) | Time:00:00.00 | Mem:0.00M, Peak:0.00M | Scene, ViewLayer | Synchronizing object | Bow forging mark.007
Fra:1 Mem:19.73M (Peak 19.73M) | Time:00:00.00 | Mem:0.00M, Peak:0.00M | Scene, ViewLayer | Synchronizing object | Staff rune.002
Fra:1 Mem:19.73M (Peak 19.73M) | Time:00:00.00 | Mem:0.00M, Peak:0.00M | Scene, ViewLayer | Synchronizing object | Bow forging mark.008
Fra:1 Mem:19.73M (Peak 19.73M) | Time:00:00.00 | Mem:0.00M, Peak:0.00M | Scene, ViewLayer | Synchronizing object | Staff rune.001
Fra:1 Mem:19.74M (Peak 19.74M) | Time:00:00.00 | Mem:0.00M, Peak:0.00M | Scene, ViewLayer | Synchronizing object | Bow forging mark.009
Fra:1 Mem:19.74M (Peak 19.74M) | Time:00:00.00 | Mem:0.00M, Peak:0.00M | Scene, ViewLayer | Synchronizing object | Staff rune
Fra:1 Mem:19.74M (Peak 19.74M) | Time:00:00.00 | Mem:0.00M, Peak:0.00M | Scene, ViewLayer | Synchronizing object | Weapon aura shard.002
Fra:1 Mem:19.74M (Peak 19.74M) | Time:00:00.00 | Mem:0.00M, Peak:0.00M | Scene, ViewLayer | Synchronizing object | Weapon aura shard.003
Fra:1 Mem:19.74M (Peak 19.74M) | Time:00:00.00 | Mem:0.00M, Peak:0.00M | Scene, ViewLayer | Synchronizing object | Fashion bow limb crest
Fra:1 Mem:19.76M (Peak 19.76M) | Time:00:00.00 | Mem:0.00M, Peak:0.00M | Scene, ViewLayer | Synchronizing object | Crystal prong.001
Fra:1 Mem:19.77M (Peak 19.77M) | Time:00:00.00 | Mem:0.00M, Peak:0.00M | Scene, ViewLayer | Synchronizing object | Fashion bow limb crest.001
Fra:1 Mem:19.79M (Peak 19.79M) | Time:00:00.00 | Mem:0.00M, Peak:0.00M | Scene, ViewLayer | Synchronizing object | Floating shard
Fra:1 Mem:19.80M (Peak 19.80M) | Time:00:00.00 | Mem:0.00M, Peak:0.00M | Scene, ViewLayer | Synchronizing object | Crystal prong
Fra:1 Mem:19.80M (Peak 19.80M) | Time:00:00.00 | Mem:0.00M, Peak:0.00M | Scene, ViewLayer | Synchronizing object | Inlaid staff
Fra:1 Mem:19.82M (Peak 19.82M) | Time:00:00.00 | Mem:0.00M, Peak:0.00M | Scene, ViewLayer | Synchronizing object | Staff collar
Fra:1 Mem:19.81M (Peak 19.82M) | Time:00:00.00 | Mem:0.00M, Peak:0.00M | Scene, ViewLayer | Synchronizing object | Focus crystal
Fra:1 Mem:19.84M (Peak 19.84M) | Time:00:00.00 | Mem:0.00M, Peak:0.00M | Scene, ViewLayer | Initializing
Fra:1 Mem:15.76M (Peak 19.84M) | Time:00:00.00 | Mem:0.00M, Peak:0.00M | Scene, ViewLayer | Waiting for render to start
Fra:1 Mem:15.76M (Peak 19.84M) | Time:00:00.00 | Mem:0.00M, Peak:0.00M | Scene, ViewLayer | Loading render kernels (may take a few minutes the first time)
Fra:1 Mem:15.76M (Peak 19.84M) | Time:00:00.00 | Mem:0.00M, Peak:0.00M | Scene, ViewLayer | Updating Scene
Fra:1 Mem:15.76M (Peak 19.84M) | Time:00:00.00 | Mem:0.00M, Peak:0.00M | Scene, ViewLayer | Updating Shaders
Fra:1 Mem:15.85M (Peak 19.84M) | Time:00:00.00 | Mem:0.01M, Peak:0.01M | Scene, ViewLayer | Updating Procedurals
Fra:1 Mem:15.85M (Peak 19.84M) | Time:00:00.00 | Mem:0.01M, Peak:0.01M | Scene, ViewLayer | Updating Background
Fra:1 Mem:15.85M (Peak 19.84M) | Time:00:00.00 | Mem:0.01M, Peak:0.01M | Scene, ViewLayer | Updating Camera
Fra:1 Mem:15.85M (Peak 19.84M) | Time:00:00.00 | Mem:0.01M, Peak:0.01M | Scene, ViewLayer | Updating Meshes Flags
Fra:1 Mem:15.85M (Peak 19.84M) | Time:00:00.00 | Mem:0.01M, Peak:0.01M | Scene, ViewLayer | Updating Objects
Fra:1 Mem:15.85M (Peak 19.84M) | Time:00:00.00 | Mem:0.01M, Peak:0.01M | Scene, ViewLayer | Updating Objects | Copying Transformations to device
Fra:1 Mem:15.88M (Peak 19.84M) | Time:00:00.00 | Mem:0.03M, Peak:0.03M | Scene, ViewLayer | Updating Objects | Applying Static Transformations
Fra:1 Mem:15.88M (Peak 19.84M) | Time:00:00.00 | Mem:0.03M, Peak:0.03M | Scene, ViewLayer | Updating Particle Systems
Fra:1 Mem:15.88M (Peak 19.84M) | Time:00:00.00 | Mem:0.03M, Peak:0.03M | Scene, ViewLayer | Updating Particle Systems | Copying Particles to device
Fra:1 Mem:15.88M (Peak 19.84M) | Time:00:00.00 | Mem:0.03M, Peak:0.03M | Scene, ViewLayer | Updating Meshes
Fra:1 Mem:15.93M (Peak 19.84M) | Time:00:00.00 | Mem:0.03M, Peak:0.03M | Scene, ViewLayer | Updating Mesh | Computing attributes
Fra:1 Mem:16.05M (Peak 19.84M) | Time:00:00.00 | Mem:0.04M, Peak:0.04M | Scene, ViewLayer | Updating Mesh | Copying Attributes to device
Fra:1 Mem:16.03M (Peak 19.84M) | Time:00:00.00 | Mem:0.13M, Peak:0.13M | Scene, ViewLayer | Updating Scene BVH | Building
Fra:1 Mem:16.03M (Peak 19.84M) | Time:00:00.00 | Mem:0.13M, Peak:0.13M | Scene, ViewLayer | Updating Scene BVH | Building BVH
Fra:1 Mem:16.03M (Peak 19.84M) | Time:00:00.00 | Mem:0.24M, Peak:0.24M | Scene, ViewLayer | Updating Scene BVH | Building BVH 0%
Fra:1 Mem:16.03M (Peak 19.84M) | Time:00:00.00 | Mem:0.38M, Peak:0.50M | Scene, ViewLayer | Updating Scene BVH | Copying BVH to device
Fra:1 Mem:16.03M (Peak 19.84M) | Time:00:00.00 | Mem:0.38M, Peak:0.50M | Scene, ViewLayer | Updating Mesh | Computing normals
Fra:1 Mem:16.35M (Peak 19.84M) | Time:00:00.00 | Mem:0.38M, Peak:0.50M | Scene, ViewLayer | Updating Mesh | Copying Mesh to device
Fra:1 Mem:16.35M (Peak 19.84M) | Time:00:00.00 | Mem:0.70M, Peak:0.70M | Scene, ViewLayer | Updating Objects Flags
Fra:1 Mem:16.35M (Peak 19.84M) | Time:00:00.00 | Mem:0.70M, Peak:0.70M | Scene, ViewLayer | Updating Primitive Offsets
Fra:1 Mem:16.35M (Peak 19.84M) | Time:00:00.00 | Mem:0.70M, Peak:0.70M | Scene, ViewLayer | Updating Images
Fra:1 Mem:16.35M (Peak 19.84M) | Time:00:00.00 | Mem:0.70M, Peak:0.70M | Scene, ViewLayer | Updating Camera Volume
Fra:1 Mem:16.35M (Peak 19.84M) | Time:00:00.00 | Mem:0.70M, Peak:0.70M | Scene, ViewLayer | Updating Lookup Tables
Fra:1 Mem:16.35M (Peak 19.84M) | Time:00:00.00 | Mem:0.78M, Peak:0.78M | Scene, ViewLayer | Updating Lights
Fra:1 Mem:16.35M (Peak 19.84M) | Time:00:00.00 | Mem:0.78M, Peak:0.78M | Scene, ViewLayer | Updating Lights | Computing tree
Fra:1 Mem:16.35M (Peak 19.84M) | Time:00:00.00 | Mem:0.78M, Peak:0.78M | Scene, ViewLayer | Updating Integrator
Fra:1 Mem:16.35M (Peak 19.84M) | Time:00:00.00 | Mem:0.78M, Peak:0.78M | Scene, ViewLayer | Updating Film
Fra:1 Mem:16.35M (Peak 19.84M) | Time:00:00.00 | Mem:0.70M, Peak:0.78M | Scene, ViewLayer | Updating Lookup Tables
Fra:1 Mem:16.35M (Peak 19.84M) | Time:00:00.00 | Mem:0.78M, Peak:0.78M | Scene, ViewLayer | Updating Baking
Fra:1 Mem:16.35M (Peak 19.84M) | Time:00:00.00 | Mem:0.78M, Peak:0.78M | Scene, ViewLayer | Updating Device | Writing constant memory
Fra:1 Mem:16.35M (Peak 19.84M) | Time:00:00.00 | Mem:0.78M, Peak:0.78M | Scene, ViewLayer | Sample 0/16
Fra:1 Mem:88.46M (Peak 88.46M) | Time:00:02.04 | Remaining:00:30.47 | Mem:72.88M, Peak:72.88M | Scene, ViewLayer | Sample 1/16
Fra:1 Mem:120.50M (Peak 184.59M) | Time:00:29.02 | Mem:72.88M, Peak:72.88M | Scene, ViewLayer | Sample 16/16
Fra:1 Mem:120.50M (Peak 184.59M) | Time:00:29.02 | Mem:72.88M, Peak:72.88M | Scene, ViewLayer | Finished
Saved: '/workspace/scratch/blender-upgrade/f3-weapons/ArtSource/WeaponModules/WeaponDetail-After.png'
Time: 00:29.29 (Saving: 00:00.25)

PASS detail pair same camera: starter source sword, T4 sword/bow/staff and existing legendary ornaments

Blender quit
