Blender 4.3.2
Fra:1 Mem:10.52M (Peak 10.52M) | Time:00:00.00 | Mem:0.00M, Peak:0.00M | Scene, ViewLayer | Synchronizing object | Plane
Fra:1 Mem:10.52M (Peak 10.52M) | Time:00:00.00 | Mem:0.00M, Peak:0.00M | Scene, ViewLayer | Synchronizing object | Observatory brass meridian
Fra:1 Mem:10.57M (Peak 10.57M) | Time:00:00.00 | Mem:0.00M, Peak:0.00M | Scene, ViewLayer | Synchronizing object | Observatory circular dais
Fra:1 Mem:10.63M (Peak 10.63M) | Time:00:00.00 | Mem:0.00M, Peak:0.00M | Scene, ViewLayer | Initializing
Fra:1 Mem:10.33M (Peak 10.63M) | Time:00:00.00 | Mem:0.00M, Peak:0.00M | Scene, ViewLayer | Waiting for render to start
Fra:1 Mem:10.33M (Peak 10.63M) | Time:00:00.00 | Mem:0.00M, Peak:0.00M | Scene, ViewLayer | Loading render kernels (may take a few minutes the first time)
Fra:1 Mem:10.33M (Peak 10.63M) | Time:00:00.00 | Mem:0.00M, Peak:0.00M | Scene, ViewLayer | Updating Scene
Fra:1 Mem:10.33M (Peak 10.63M) | Time:00:00.00 | Mem:0.00M, Peak:0.00M | Scene, ViewLayer | Updating Shaders
Fra:1 Mem:10.42M (Peak 10.63M) | Time:00:00.00 | Mem:0.00M, Peak:0.00M | Scene, ViewLayer | Updating Procedurals
Fra:1 Mem:10.42M (Peak 10.63M) | Time:00:00.00 | Mem:0.00M, Peak:0.00M | Scene, ViewLayer | Updating Background
Fra:1 Mem:10.42M (Peak 10.63M) | Time:00:00.00 | Mem:0.00M, Peak:0.00M | Scene, ViewLayer | Updating Camera
Fra:1 Mem:10.42M (Peak 10.63M) | Time:00:00.00 | Mem:0.00M, Peak:0.00M | Scene, ViewLayer | Updating Meshes Flags
Fra:1 Mem:10.42M (Peak 10.63M) | Time:00:00.00 | Mem:0.00M, Peak:0.00M | Scene, ViewLayer | Updating Objects
Fra:1 Mem:10.42M (Peak 10.63M) | Time:00:00.00 | Mem:0.00M, Peak:0.00M | Scene, ViewLayer | Updating Objects | Copying Transformations to device
Fra:1 Mem:10.42M (Peak 10.63M) | Time:00:00.00 | Mem:0.00M, Peak:0.00M | Scene, ViewLayer | Updating Objects | Applying Static Transformations
Fra:1 Mem:10.42M (Peak 10.63M) | Time:00:00.00 | Mem:0.00M, Peak:0.00M | Scene, ViewLayer | Updating Particle Systems
Fra:1 Mem:10.42M (Peak 10.63M) | Time:00:00.00 | Mem:0.00M, Peak:0.00M | Scene, ViewLayer | Updating Particle Systems | Copying Particles to device
Fra:1 Mem:10.42M (Peak 10.63M) | Time:00:00.00 | Mem:0.00M, Peak:0.00M | Scene, ViewLayer | Updating Meshes
Fra:1 Mem:10.43M (Peak 10.63M) | Time:00:00.00 | Mem:0.00M, Peak:0.00M | Scene, ViewLayer | Updating Mesh | Computing attributes
Fra:1 Mem:10.44M (Peak 10.63M) | Time:00:00.00 | Mem:0.00M, Peak:0.00M | Scene, ViewLayer | Updating Mesh | Copying Attributes to device
Fra:1 Mem:10.44M (Peak 10.63M) | Time:00:00.00 | Mem:0.01M, Peak:0.01M | Scene, ViewLayer | Updating Scene BVH | Building
Fra:1 Mem:10.44M (Peak 10.63M) | Time:00:00.00 | Mem:0.01M, Peak:0.01M | Scene, ViewLayer | Updating Scene BVH | Building BVH
Fra:1 Mem:10.44M (Peak 10.63M) | Time:00:00.00 | Mem:0.04M, Peak:0.04M | Scene, ViewLayer | Updating Scene BVH | Building BVH 0%
Fra:1 Mem:10.44M (Peak 10.63M) | Time:00:00.00 | Mem:0.07M, Peak:0.09M | Scene, ViewLayer | Updating Scene BVH | Copying BVH to device
Fra:1 Mem:10.44M (Peak 10.63M) | Time:00:00.00 | Mem:0.07M, Peak:0.09M | Scene, ViewLayer | Updating Mesh | Computing normals
Fra:1 Mem:10.49M (Peak 10.63M) | Time:00:00.00 | Mem:0.07M, Peak:0.09M | Scene, ViewLayer | Updating Mesh | Copying Mesh to device
Fra:1 Mem:10.49M (Peak 10.63M) | Time:00:00.00 | Mem:0.11M, Peak:0.11M | Scene, ViewLayer | Updating Objects Flags
Fra:1 Mem:10.49M (Peak 10.63M) | Time:00:00.00 | Mem:0.11M, Peak:0.11M | Scene, ViewLayer | Updating Primitive Offsets
Fra:1 Mem:10.49M (Peak 10.63M) | Time:00:00.00 | Mem:0.11M, Peak:0.11M | Scene, ViewLayer | Updating Images
Fra:1 Mem:10.49M (Peak 10.63M) | Time:00:00.00 | Mem:0.11M, Peak:0.11M | Scene, ViewLayer | Updating Camera Volume
Fra:1 Mem:10.49M (Peak 10.63M) | Time:00:00.00 | Mem:0.11M, Peak:0.11M | Scene, ViewLayer | Updating Lookup Tables
Fra:1 Mem:10.49M (Peak 10.63M) | Time:00:00.00 | Mem:0.19M, Peak:0.19M | Scene, ViewLayer | Updating Lights
Fra:1 Mem:10.49M (Peak 10.63M) | Time:00:00.00 | Mem:0.19M, Peak:0.19M | Scene, ViewLayer | Updating Lights | Computing tree
Fra:1 Mem:10.49M (Peak 10.63M) | Time:00:00.00 | Mem:0.19M, Peak:0.19M | Scene, ViewLayer | Updating Integrator
Fra:1 Mem:10.49M (Peak 10.63M) | Time:00:00.00 | Mem:0.19M, Peak:0.19M | Scene, ViewLayer | Updating Film
Fra:1 Mem:10.49M (Peak 10.63M) | Time:00:00.00 | Mem:0.11M, Peak:0.19M | Scene, ViewLayer | Updating Lookup Tables
Fra:1 Mem:10.49M (Peak 10.63M) | Time:00:00.00 | Mem:0.20M, Peak:0.20M | Scene, ViewLayer | Updating Baking
Fra:1 Mem:10.49M (Peak 10.63M) | Time:00:00.00 | Mem:0.20M, Peak:0.20M | Scene, ViewLayer | Updating Device | Writing constant memory
Fra:1 Mem:10.49M (Peak 10.63M) | Time:00:00.00 | Mem:0.20M, Peak:0.20M | Scene, ViewLayer | Sample 0/16
Fra:1 Mem:32.75M (Peak 32.75M) | Time:00:01.12 | Remaining:00:16.79 | Mem:22.44M, Peak:22.44M | Scene, ViewLayer | Sample 1/16
Fra:1 Mem:42.64M (Peak 62.41M) | Time:00:10.82 | Mem:22.44M, Peak:22.44M | Scene, ViewLayer | Sample 16/16
Fra:1 Mem:42.64M (Peak 62.41M) | Time:00:10.82 | Mem:22.44M, Peak:22.44M | Scene, ViewLayer | Finished
Saved: '/workspace/scratch/blender-upgrade/f4-scenery/ArtSource/FixedScenery/factory-3.png'
Time: 00:10.93 (Saving: 00:00.10)


Blender quit
Blender 4.3.2
Fra:1 Mem:15.57M (Peak 15.57M) | Time:00:00.02 | Mem:0.00M, Peak:0.00M | Scene, ViewLayer | Synchronizing object | Plane
Fra:1 Mem:15.57M (Peak 15.57M) | Time:00:00.02 | Mem:0.00M, Peak:0.00M | Scene, ViewLayer | Synchronizing object | Chart constellation.004
Fra:1 Mem:15.60M (Peak 15.60M) | Time:00:00.02 | Mem:0.00M, Peak:0.00M | Scene, ViewLayer | Synchronizing object | Chart constellation.003
Fra:1 Mem:15.64M (Peak 15.64M) | Time:00:00.02 | Mem:0.00M, Peak:0.00M | Scene, ViewLayer | Synchronizing object | Chart constellation.002
Fra:1 Mem:15.67M (Peak 15.67M) | Time:00:00.02 | Mem:0.00M, Peak:0.00M | Scene, ViewLayer | Synchronizing object | Chart constellation.001
Fra:1 Mem:15.71M (Peak 15.71M) | Time:00:00.02 | Mem:0.00M, Peak:0.00M | Scene, ViewLayer | Synchronizing object | Chart constellation
Fra:1 Mem:15.74M (Peak 15.74M) | Time:00:00.02 | Mem:0.00M, Peak:0.00M | Scene, ViewLayer | Synchronizing object | Turning exchange star chart
Fra:1 Mem:15.79M (Peak 15.79M) | Time:00:00.02 | Mem:0.00M, Peak:0.00M | Scene, ViewLayer | Synchronizing object | Star chart table
Fra:1 Mem:15.80M (Peak 15.80M) | Time:00:00.02 | Mem:0.00M, Peak:0.00M | Scene, ViewLayer | Synchronizing object | Exchange lectern
Fra:1 Mem:15.81M (Peak 15.81M) | Time:00:00.02 | Mem:0.00M, Peak:0.00M | Scene, ViewLayer | Synchronizing object | NPC hand.005
Fra:1 Mem:15.85M (Peak 15.85M) | Time:00:00.02 | Mem:0.00M, Peak:0.00M | Scene, ViewLayer | Synchronizing object | NPC sleeve.005
Fra:1 Mem:15.86M (Peak 15.86M) | Time:00:00.02 | Mem:0.00M, Peak:0.00M | Scene, ViewLayer | Synchronizing object | NPC boots.005
Fra:1 Mem:15.88M (Peak 15.88M) | Time:00:00.02 | Mem:0.00M, Peak:0.00M | Scene, ViewLayer | Synchronizing object | NPC hand.004
Fra:1 Mem:15.92M (Peak 15.92M) | Time:00:00.02 | Mem:0.00M, Peak:0.00M | Scene, ViewLayer | Synchronizing object | NPC sleeve.004
Fra:1 Mem:15.94M (Peak 15.94M) | Time:00:00.02 | Mem:0.00M, Peak:0.00M | Scene, ViewLayer | Synchronizing object | NPC boots.004
Fra:1 Mem:15.95M (Peak 15.95M) | Time:00:00.02 | Mem:0.00M, Peak:0.00M | Scene, ViewLayer | Synchronizing object | NPC head.002
Fra:1 Mem:15.98M (Peak 15.98M) | Time:00:00.02 | Mem:0.00M, Peak:0.00M | Scene, ViewLayer | Synchronizing object | NPC tunic.002
Fra:1 Mem:16.00M (Peak 16.00M) | Time:00:00.02 | Mem:0.00M, Peak:0.00M | Scene, ViewLayer | Synchronizing object | Anvil tapered horn
Fra:1 Mem:16.04M (Peak 16.04M) | Time:00:00.02 | Mem:0.00M, Peak:0.00M | Scene, ViewLayer | Synchronizing object | Forged anvil face
Fra:1 Mem:16.06M (Peak 16.06M) | Time:00:00.02 | Mem:0.00M, Peak:0.00M | Scene, ViewLayer | Synchronizing object | Anvil stump
Fra:1 Mem:16.08M (Peak 16.08M) | Time:00:00.02 | Mem:0.00M, Peak:0.00M | Scene, ViewLayer | Synchronizing object | Smith leather apron
Fra:1 Mem:16.09M (Peak 16.09M) | Time:00:00.02 | Mem:0.00M, Peak:0.00M | Scene, ViewLayer | Synchronizing object | Smith hammer head
Fra:1 Mem:16.12M (Peak 16.12M) | Time:00:00.02 | Mem:0.00M, Peak:0.00M | Scene, ViewLayer | Synchronizing object | Smith hammer handle
Fra:1 Mem:16.14M (Peak 16.14M) | Time:00:00.02 | Mem:0.00M, Peak:0.00M | Scene, ViewLayer | Synchronizing object | NPC hand.003
Fra:1 Mem:16.17M (Peak 16.17M) | Time:00:00.02 | Mem:0.00M, Peak:0.00M | Scene, ViewLayer | Synchronizing object | NPC sleeve.003
Fra:1 Mem:16.19M (Peak 16.19M) | Time:00:00.02 | Mem:0.00M, Peak:0.00M | Scene, ViewLayer | Synchronizing object | NPC boots.003
Fra:1 Mem:16.21M (Peak 16.21M) | Time:00:00.02 | Mem:0.00M, Peak:0.00M | Scene, ViewLayer | Synchronizing object | NPC hand.002
Fra:1 Mem:16.24M (Peak 16.24M) | Time:00:00.02 | Mem:0.00M, Peak:0.00M | Scene, ViewLayer | Synchronizing object | NPC sleeve.002
Fra:1 Mem:16.26M (Peak 16.26M) | Time:00:00.02 | Mem:0.00M, Peak:0.00M | Scene, ViewLayer | Synchronizing object | NPC boots.002
Fra:1 Mem:16.28M (Peak 16.28M) | Time:00:00.02 | Mem:0.00M, Peak:0.00M | Scene, ViewLayer | Synchronizing object | NPC head.001
Fra:1 Mem:16.30M (Peak 16.30M) | Time:00:00.02 | Mem:0.00M, Peak:0.00M | Scene, ViewLayer | Synchronizing object | NPC tunic.001
Fra:1 Mem:16.33M (Peak 16.33M) | Time:00:00.02 | Mem:0.00M, Peak:0.00M | Scene, ViewLayer | Synchronizing object | Shelf upright.001
Fra:1 Mem:16.35M (Peak 16.35M) | Time:00:00.02 | Mem:0.00M, Peak:0.00M | Scene, ViewLayer | Synchronizing object | Shelf upright
Fra:1 Mem:16.38M (Peak 16.38M) | Time:00:00.02 | Mem:0.00M, Peak:0.00M | Scene, ViewLayer | Synchronizing object | Wrapped provision.005
Fra:1 Mem:16.41M (Peak 16.41M) | Time:00:00.02 | Mem:0.00M, Peak:0.00M | Scene, ViewLayer | Synchronizing object | Potion stock.005
Fra:1 Mem:16.43M (Peak 16.43M) | Time:00:00.02 | Mem:0.00M, Peak:0.00M | Scene, ViewLayer | Synchronizing object | Wrapped provision.004
Fra:1 Mem:16.45M (Peak 16.45M) | Time:00:00.02 | Mem:0.00M, Peak:0.00M | Scene, ViewLayer | Synchronizing object | Potion stock.004
Fra:1 Mem:16.47M (Peak 16.47M) | Time:00:00.02 | Mem:0.00M, Peak:0.00M | Scene, ViewLayer | Synchronizing object | Merchant stocked shelf.002
Fra:1 Mem:16.48M (Peak 16.48M) | Time:00:00.02 | Mem:0.00M, Peak:0.00M | Scene, ViewLayer | Synchronizing object | Wrapped provision.003
Fra:1 Mem:16.51M (Peak 16.51M) | Time:00:00.02 | Mem:0.00M, Peak:0.00M | Scene, ViewLayer | Synchronizing object | Potion stock.003
Fra:1 Mem:16.52M (Peak 16.52M) | Time:00:00.02 | Mem:0.00M, Peak:0.00M | Scene, ViewLayer | Synchronizing object | Wrapped provision.002
Fra:1 Mem:16.55M (Peak 16.55M) | Time:00:00.02 | Mem:0.00M, Peak:0.00M | Scene, ViewLayer | Synchronizing object | Potion stock.002
Fra:1 Mem:16.56M (Peak 16.56M) | Time:00:00.02 | Mem:0.00M, Peak:0.00M | Scene, ViewLayer | Synchronizing object | Merchant stocked shelf.001
Fra:1 Mem:16.57M (Peak 16.57M) | Time:00:00.02 | Mem:0.00M, Peak:0.00M | Scene, ViewLayer | Synchronizing object | Wrapped provision.001
Fra:1 Mem:16.60M (Peak 16.60M) | Time:00:00.02 | Mem:0.00M, Peak:0.00M | Scene, ViewLayer | Synchronizing object | Potion stock.001
Fra:1 Mem:16.61M (Peak 16.61M) | Time:00:00.02 | Mem:0.00M, Peak:0.00M | Scene, ViewLayer | Synchronizing object | NPC tunic
Fra:1 Mem:16.61M (Peak 16.61M) | Time:00:00.02 | Mem:0.00M, Peak:0.00M | Scene, ViewLayer | Synchronizing object | Wrapped provision
Fra:1 Mem:16.66M (Peak 16.66M) | Time:00:00.02 | Mem:0.00M, Peak:0.00M | Scene, ViewLayer | Synchronizing object | Potion stock
Fra:1 Mem:16.67M (Peak 16.67M) | Time:00:00.02 | Mem:0.00M, Peak:0.00M | Scene, ViewLayer | Synchronizing object | NPC head
Fra:1 Mem:16.69M (Peak 16.69M) | Time:00:00.02 | Mem:0.00M, Peak:0.00M | Scene, ViewLayer | Synchronizing object | Merchant stocked shelf
Fra:1 Mem:16.71M (Peak 16.71M) | Time:00:00.02 | Mem:0.00M, Peak:0.00M | Scene, ViewLayer | Synchronizing object | Merchant cap
Fra:1 Mem:16.73M (Peak 16.73M) | Time:00:00.02 | Mem:0.00M, Peak:0.00M | Scene, ViewLayer | Synchronizing object | NPC boots
Fra:1 Mem:16.76M (Peak 16.76M) | Time:00:00.02 | Mem:0.00M, Peak:0.00M | Scene, ViewLayer | Synchronizing object | NPC hand.001
Fra:1 Mem:16.78M (Peak 16.78M) | Time:00:00.02 | Mem:0.00M, Peak:0.00M | Scene, ViewLayer | Synchronizing object | NPC sleeve
Fra:1 Mem:16.81M (Peak 16.81M) | Time:00:00.02 | Mem:0.00M, Peak:0.00M | Scene, ViewLayer | Synchronizing object | NPC hand
Fra:1 Mem:16.83M (Peak 16.83M) | Time:00:00.02 | Mem:0.00M, Peak:0.00M | Scene, ViewLayer | Synchronizing object | NPC sleeve.001
Fra:1 Mem:16.86M (Peak 16.86M) | Time:00:00.02 | Mem:0.00M, Peak:0.00M | Scene, ViewLayer | Synchronizing object | NPC boots.001
Fra:1 Mem:16.88M (Peak 16.88M) | Time:00:00.02 | Mem:0.00M, Peak:0.00M | Scene, ViewLayer | Initializing
Fra:1 Mem:14.65M (Peak 16.88M) | Time:00:00.02 | Mem:0.00M, Peak:0.00M | Scene, ViewLayer | Waiting for render to start
Fra:1 Mem:14.65M (Peak 16.88M) | Time:00:00.02 | Mem:0.00M, Peak:0.00M | Scene, ViewLayer | Loading render kernels (may take a few minutes the first time)
Fra:1 Mem:14.65M (Peak 16.88M) | Time:00:00.02 | Mem:0.00M, Peak:0.00M | Scene, ViewLayer | Updating Scene
Fra:1 Mem:14.65M (Peak 16.88M) | Time:00:00.02 | Mem:0.00M, Peak:0.00M | Scene, ViewLayer | Updating Shaders
Fra:1 Mem:14.74M (Peak 16.88M) | Time:00:00.02 | Mem:0.01M, Peak:0.01M | Scene, ViewLayer | Updating Procedurals
Fra:1 Mem:14.74M (Peak 16.88M) | Time:00:00.02 | Mem:0.01M, Peak:0.01M | Scene, ViewLayer | Updating Background
Fra:1 Mem:14.74M (Peak 16.88M) | Time:00:00.02 | Mem:0.01M, Peak:0.01M | Scene, ViewLayer | Updating Camera
Fra:1 Mem:14.74M (Peak 16.88M) | Time:00:00.02 | Mem:0.01M, Peak:0.01M | Scene, ViewLayer | Updating Meshes Flags
Fra:1 Mem:14.74M (Peak 16.88M) | Time:00:00.02 | Mem:0.01M, Peak:0.01M | Scene, ViewLayer | Updating Objects
Fra:1 Mem:14.74M (Peak 16.88M) | Time:00:00.02 | Mem:0.01M, Peak:0.01M | Scene, ViewLayer | Updating Objects | Copying Transformations to device
Fra:1 Mem:14.75M (Peak 16.88M) | Time:00:00.02 | Mem:0.02M, Peak:0.02M | Scene, ViewLayer | Updating Objects | Applying Static Transformations
Fra:1 Mem:14.75M (Peak 16.88M) | Time:00:00.02 | Mem:0.02M, Peak:0.02M | Scene, ViewLayer | Updating Particle Systems
Fra:1 Mem:14.75M (Peak 16.88M) | Time:00:00.02 | Mem:0.02M, Peak:0.02M | Scene, ViewLayer | Updating Particle Systems | Copying Particles to device
Fra:1 Mem:14.75M (Peak 16.88M) | Time:00:00.02 | Mem:0.02M, Peak:0.02M | Scene, ViewLayer | Updating Meshes
Fra:1 Mem:14.91M (Peak 16.88M) | Time:00:00.02 | Mem:0.02M, Peak:0.02M | Scene, ViewLayer | Updating Mesh | Computing attributes
Fra:1 Mem:15.06M (Peak 16.88M) | Time:00:00.02 | Mem:0.02M, Peak:0.02M | Scene, ViewLayer | Updating Mesh | Copying Attributes to device
Fra:1 Mem:15.05M (Peak 16.88M) | Time:00:00.02 | Mem:0.16M, Peak:0.16M | Scene, ViewLayer | Updating Scene BVH | Building
Fra:1 Mem:15.05M (Peak 16.88M) | Time:00:00.02 | Mem:0.16M, Peak:0.16M | Scene, ViewLayer | Updating Scene BVH | Building BVH
Fra:1 Mem:15.05M (Peak 16.88M) | Time:00:00.02 | Mem:0.49M, Peak:0.49M | Scene, ViewLayer | Updating Scene BVH | Building BVH 0%
Fra:1 Mem:15.05M (Peak 16.88M) | Time:00:00.03 | Mem:0.85M, Peak:1.18M | Scene, ViewLayer | Updating Scene BVH | Copying BVH to device
Fra:1 Mem:15.05M (Peak 16.88M) | Time:00:00.03 | Mem:0.85M, Peak:1.18M | Scene, ViewLayer | Updating Mesh | Computing normals
Fra:1 Mem:15.62M (Peak 16.88M) | Time:00:00.03 | Mem:0.85M, Peak:1.18M | Scene, ViewLayer | Updating Mesh | Copying Mesh to device
Fra:1 Mem:15.62M (Peak 16.88M) | Time:00:00.03 | Mem:1.42M, Peak:1.42M | Scene, ViewLayer | Updating Objects Flags
Fra:1 Mem:15.62M (Peak 16.88M) | Time:00:00.03 | Mem:1.42M, Peak:1.42M | Scene, ViewLayer | Updating Primitive Offsets
Fra:1 Mem:15.62M (Peak 16.88M) | Time:00:00.03 | Mem:1.42M, Peak:1.42M | Scene, ViewLayer | Updating Images
Fra:1 Mem:15.62M (Peak 16.88M) | Time:00:00.03 | Mem:1.42M, Peak:1.42M | Scene, ViewLayer | Updating Camera Volume
Fra:1 Mem:15.62M (Peak 16.88M) | Time:00:00.03 | Mem:1.42M, Peak:1.42M | Scene, ViewLayer | Updating Lookup Tables
Fra:1 Mem:15.62M (Peak 16.88M) | Time:00:00.03 | Mem:1.50M, Peak:1.50M | Scene, ViewLayer | Updating Lights
Fra:1 Mem:15.62M (Peak 16.88M) | Time:00:00.03 | Mem:1.50M, Peak:1.50M | Scene, ViewLayer | Updating Lights | Computing tree
Fra:1 Mem:15.62M (Peak 16.88M) | Time:00:00.03 | Mem:1.50M, Peak:1.50M | Scene, ViewLayer | Updating Integrator
Fra:1 Mem:15.62M (Peak 16.88M) | Time:00:00.03 | Mem:1.50M, Peak:1.50M | Scene, ViewLayer | Updating Film
Fra:1 Mem:15.63M (Peak 16.88M) | Time:00:00.03 | Mem:1.42M, Peak:1.50M | Scene, ViewLayer | Updating Lookup Tables
Fra:1 Mem:15.63M (Peak 16.88M) | Time:00:00.03 | Mem:1.50M, Peak:1.50M | Scene, ViewLayer | Updating Baking
Fra:1 Mem:15.63M (Peak 16.88M) | Time:00:00.03 | Mem:1.50M, Peak:1.50M | Scene, ViewLayer | Updating Device | Writing constant memory
Fra:1 Mem:15.63M (Peak 16.88M) | Time:00:00.03 | Mem:1.50M, Peak:1.50M | Scene, ViewLayer | Sample 0/16
Fra:1 Mem:37.88M (Peak 37.88M) | Time:00:00.89 | Remaining:00:12.82 | Mem:23.75M, Peak:23.75M | Scene, ViewLayer | Sample 1/16
Fra:1 Mem:47.77M (Peak 67.55M) | Time:00:10.44 | Mem:23.75M, Peak:23.75M | Scene, ViewLayer | Sample 16/16
Fra:1 Mem:47.77M (Peak 67.55M) | Time:00:10.44 | Mem:23.75M, Peak:23.75M | Scene, ViewLayer | Finished
Saved: '/workspace/scratch/blender-upgrade/f4-scenery/ArtSource/FixedScenery/factory-5.png'
Time: 00:10.52 (Saving: 00:00.08)


Blender quit
Blender 4.3.2
Fra:1 Mem:12.16M (Peak 12.16M) | Time:00:00.00 | Mem:0.00M, Peak:0.00M | Scene, ViewLayer | Synchronizing object | Plane
Fra:1 Mem:12.16M (Peak 12.16M) | Time:00:00.00 | Mem:0.00M, Peak:0.00M | Scene, ViewLayer | Synchronizing object | Crystal lower.009
Fra:1 Mem:12.16M (Peak 12.16M) | Time:00:00.00 | Mem:0.00M, Peak:0.00M | Scene, ViewLayer | Synchronizing object | Crystal upper.009
Fra:1 Mem:12.16M (Peak 12.16M) | Time:00:00.00 | Mem:0.00M, Peak:0.00M | Scene, ViewLayer | Synchronizing object | Crystal lower.008
Fra:1 Mem:12.17M (Peak 12.17M) | Time:00:00.00 | Mem:0.00M, Peak:0.00M | Scene, ViewLayer | Synchronizing object | Crystal upper.008
Fra:1 Mem:12.17M (Peak 12.17M) | Time:00:00.00 | Mem:0.00M, Peak:0.00M | Scene, ViewLayer | Synchronizing object | Crystal lower.007
Fra:1 Mem:12.17M (Peak 12.17M) | Time:00:00.00 | Mem:0.00M, Peak:0.00M | Scene, ViewLayer | Synchronizing object | Crystal upper.007
Fra:1 Mem:12.17M (Peak 12.17M) | Time:00:00.00 | Mem:0.00M, Peak:0.00M | Scene, ViewLayer | Synchronizing object | Crystal lower.006
Fra:1 Mem:12.18M (Peak 12.18M) | Time:00:00.00 | Mem:0.00M, Peak:0.00M | Scene, ViewLayer | Synchronizing object | Crystal upper.006
Fra:1 Mem:12.18M (Peak 12.18M) | Time:00:00.00 | Mem:0.00M, Peak:0.00M | Scene, ViewLayer | Synchronizing object | Crystal lower.005
Fra:1 Mem:12.18M (Peak 12.18M) | Time:00:00.00 | Mem:0.00M, Peak:0.00M | Scene, ViewLayer | Synchronizing object | Crystal upper.005
Fra:1 Mem:12.18M (Peak 12.18M) | Time:00:00.00 | Mem:0.00M, Peak:0.00M | Scene, ViewLayer | Synchronizing object | Crystal lower.004
Fra:1 Mem:12.19M (Peak 12.19M) | Time:00:00.00 | Mem:0.00M, Peak:0.00M | Scene, ViewLayer | Synchronizing object | Crystal upper.004
Fra:1 Mem:12.19M (Peak 12.19M) | Time:00:00.00 | Mem:0.00M, Peak:0.00M | Scene, ViewLayer | Synchronizing object | Crystal lower.003
Fra:1 Mem:12.19M (Peak 12.19M) | Time:00:00.00 | Mem:0.00M, Peak:0.00M | Scene, ViewLayer | Synchronizing object | Crystal upper.003
Fra:1 Mem:12.19M (Peak 12.19M) | Time:00:00.00 | Mem:0.00M, Peak:0.00M | Scene, ViewLayer | Synchronizing object | Crystal lower.002
Fra:1 Mem:12.19M (Peak 12.19M) | Time:00:00.00 | Mem:0.00M, Peak:0.00M | Scene, ViewLayer | Synchronizing object | Crystal upper.002
Fra:1 Mem:12.20M (Peak 12.20M) | Time:00:00.00 | Mem:0.00M, Peak:0.00M | Scene, ViewLayer | Synchronizing object | Crystal lower.001
Fra:1 Mem:12.20M (Peak 12.20M) | Time:00:00.00 | Mem:0.00M, Peak:0.00M | Scene, ViewLayer | Synchronizing object | Crystal upper.001
Fra:1 Mem:12.20M (Peak 12.20M) | Time:00:00.00 | Mem:0.00M, Peak:0.00M | Scene, ViewLayer | Synchronizing object | Observatory brass meridian
Fra:1 Mem:12.25M (Peak 12.25M) | Time:00:00.00 | Mem:0.00M, Peak:0.00M | Scene, ViewLayer | Synchronizing object | Crystal lower
Fra:1 Mem:12.25M (Peak 12.25M) | Time:00:00.00 | Mem:0.00M, Peak:0.00M | Scene, ViewLayer | Synchronizing object | Crystal upper
Fra:1 Mem:12.26M (Peak 12.26M) | Time:00:00.00 | Mem:0.00M, Peak:0.00M | Scene, ViewLayer | Synchronizing object | Observatory circular dais
Fra:1 Mem:12.31M (Peak 12.31M) | Time:00:00.00 | Mem:0.00M, Peak:0.00M | Scene, ViewLayer | Initializing
Fra:1 Mem:11.31M (Peak 12.31M) | Time:00:00.00 | Mem:0.00M, Peak:0.00M | Scene, ViewLayer | Waiting for render to start
Fra:1 Mem:11.31M (Peak 12.31M) | Time:00:00.00 | Mem:0.00M, Peak:0.00M | Scene, ViewLayer | Loading render kernels (may take a few minutes the first time)
Fra:1 Mem:11.31M (Peak 12.31M) | Time:00:00.00 | Mem:0.00M, Peak:0.00M | Scene, ViewLayer | Updating Scene
Fra:1 Mem:11.31M (Peak 12.31M) | Time:00:00.00 | Mem:0.00M, Peak:0.00M | Scene, ViewLayer | Updating Shaders
Fra:1 Mem:11.39M (Peak 12.31M) | Time:00:00.00 | Mem:0.00M, Peak:0.00M | Scene, ViewLayer | Updating Procedurals
Fra:1 Mem:11.39M (Peak 12.31M) | Time:00:00.00 | Mem:0.00M, Peak:0.00M | Scene, ViewLayer | Updating Background
Fra:1 Mem:11.39M (Peak 12.31M) | Time:00:00.00 | Mem:0.00M, Peak:0.00M | Scene, ViewLayer | Updating Camera
Fra:1 Mem:11.39M (Peak 12.31M) | Time:00:00.00 | Mem:0.00M, Peak:0.00M | Scene, ViewLayer | Updating Meshes Flags
Fra:1 Mem:11.39M (Peak 12.31M) | Time:00:00.00 | Mem:0.00M, Peak:0.00M | Scene, ViewLayer | Updating Objects
Fra:1 Mem:11.39M (Peak 12.31M) | Time:00:00.00 | Mem:0.00M, Peak:0.00M | Scene, ViewLayer | Updating Objects | Copying Transformations to device
Fra:1 Mem:11.40M (Peak 12.31M) | Time:00:00.00 | Mem:0.01M, Peak:0.01M | Scene, ViewLayer | Updating Objects | Applying Static Transformations
Fra:1 Mem:11.40M (Peak 12.31M) | Time:00:00.00 | Mem:0.01M, Peak:0.01M | Scene, ViewLayer | Updating Particle Systems
Fra:1 Mem:11.40M (Peak 12.31M) | Time:00:00.00 | Mem:0.01M, Peak:0.01M | Scene, ViewLayer | Updating Particle Systems | Copying Particles to device
Fra:1 Mem:11.40M (Peak 12.31M) | Time:00:00.00 | Mem:0.01M, Peak:0.01M | Scene, ViewLayer | Updating Meshes
Fra:1 Mem:11.41M (Peak 12.31M) | Time:00:00.00 | Mem:0.01M, Peak:0.01M | Scene, ViewLayer | Updating Mesh | Computing attributes
Fra:1 Mem:11.44M (Peak 12.31M) | Time:00:00.00 | Mem:0.01M, Peak:0.01M | Scene, ViewLayer | Updating Mesh | Copying Attributes to device
Fra:1 Mem:11.43M (Peak 12.31M) | Time:00:00.00 | Mem:0.03M, Peak:0.03M | Scene, ViewLayer | Updating Scene BVH | Building
Fra:1 Mem:11.43M (Peak 12.31M) | Time:00:00.00 | Mem:0.03M, Peak:0.03M | Scene, ViewLayer | Updating Scene BVH | Building BVH
Fra:1 Mem:11.43M (Peak 12.31M) | Time:00:00.00 | Mem:0.06M, Peak:0.06M | Scene, ViewLayer | Updating Scene BVH | Building BVH 0%
Fra:1 Mem:11.43M (Peak 12.31M) | Time:00:00.00 | Mem:0.10M, Peak:0.13M | Scene, ViewLayer | Updating Scene BVH | Copying BVH to device
Fra:1 Mem:11.43M (Peak 12.31M) | Time:00:00.00 | Mem:0.10M, Peak:0.13M | Scene, ViewLayer | Updating Mesh | Computing normals
Fra:1 Mem:11.50M (Peak 12.31M) | Time:00:00.00 | Mem:0.10M, Peak:0.13M | Scene, ViewLayer | Updating Mesh | Copying Mesh to device
Fra:1 Mem:11.50M (Peak 12.31M) | Time:00:00.00 | Mem:0.17M, Peak:0.17M | Scene, ViewLayer | Updating Objects Flags
Fra:1 Mem:11.50M (Peak 12.31M) | Time:00:00.00 | Mem:0.17M, Peak:0.17M | Scene, ViewLayer | Updating Primitive Offsets
Fra:1 Mem:11.50M (Peak 12.31M) | Time:00:00.00 | Mem:0.17M, Peak:0.17M | Scene, ViewLayer | Updating Images
Fra:1 Mem:11.50M (Peak 12.31M) | Time:00:00.00 | Mem:0.17M, Peak:0.17M | Scene, ViewLayer | Updating Camera Volume
Fra:1 Mem:11.50M (Peak 12.31M) | Time:00:00.00 | Mem:0.17M, Peak:0.17M | Scene, ViewLayer | Updating Lookup Tables
Fra:1 Mem:11.50M (Peak 12.31M) | Time:00:00.00 | Mem:0.25M, Peak:0.25M | Scene, ViewLayer | Updating Lights
Fra:1 Mem:11.50M (Peak 12.31M) | Time:00:00.00 | Mem:0.25M, Peak:0.25M | Scene, ViewLayer | Updating Lights | Computing tree
Fra:1 Mem:11.50M (Peak 12.31M) | Time:00:00.00 | Mem:0.25M, Peak:0.25M | Scene, ViewLayer | Updating Integrator
Fra:1 Mem:11.50M (Peak 12.31M) | Time:00:00.00 | Mem:0.25M, Peak:0.25M | Scene, ViewLayer | Updating Film
Fra:1 Mem:11.51M (Peak 12.31M) | Time:00:00.00 | Mem:0.17M, Peak:0.25M | Scene, ViewLayer | Updating Lookup Tables
Fra:1 Mem:11.51M (Peak 12.31M) | Time:00:00.00 | Mem:0.25M, Peak:0.25M | Scene, ViewLayer | Updating Baking
Fra:1 Mem:11.51M (Peak 12.31M) | Time:00:00.00 | Mem:0.25M, Peak:0.25M | Scene, ViewLayer | Updating Device | Writing constant memory
Fra:1 Mem:11.51M (Peak 12.31M) | Time:00:00.00 | Mem:0.25M, Peak:0.25M | Scene, ViewLayer | Sample 0/16
Fra:1 Mem:33.76M (Peak 33.76M) | Time:00:00.86 | Remaining:00:12.82 | Mem:22.50M, Peak:22.50M | Scene, ViewLayer | Sample 1/16
Fra:1 Mem:43.65M (Peak 63.43M) | Time:00:13.55 | Mem:22.50M, Peak:22.50M | Scene, ViewLayer | Sample 16/16
Fra:1 Mem:43.65M (Peak 63.43M) | Time:00:13.55 | Mem:22.50M, Peak:22.50M | Scene, ViewLayer | Finished
Saved: '/workspace/scratch/blender-upgrade/f4-scenery/ArtSource/FixedScenery/factory-3.png'
Time: 00:13.72 (Saving: 00:00.16)


Blender quit
Blender 4.3.2
Fra:1 Mem:10.79M (Peak 10.79M) | Time:00:00.00 | Mem:0.00M, Peak:0.00M | Scene, ViewLayer | Synchronizing object | Plane
Fra:1 Mem:10.79M (Peak 10.79M) | Time:00:00.00 | Mem:0.00M, Peak:0.00M | Scene, ViewLayer | Synchronizing object | Observatory brass meridian
Fra:1 Mem:10.84M (Peak 10.84M) | Time:00:00.00 | Mem:0.00M, Peak:0.00M | Scene, ViewLayer | Synchronizing object | Crystal lower
Fra:1 Mem:10.84M (Peak 10.84M) | Time:00:00.00 | Mem:0.00M, Peak:0.00M | Scene, ViewLayer | Synchronizing object | Crystal upper
Fra:1 Mem:10.84M (Peak 10.84M) | Time:00:00.00 | Mem:0.00M, Peak:0.00M | Scene, ViewLayer | Synchronizing object | Observatory circular dais
Fra:1 Mem:10.90M (Peak 10.90M) | Time:00:00.00 | Mem:0.00M, Peak:0.00M | Scene, ViewLayer | Initializing
Fra:1 Mem:10.50M (Peak 10.90M) | Time:00:00.00 | Mem:0.00M, Peak:0.00M | Scene, ViewLayer | Waiting for render to start
Fra:1 Mem:10.50M (Peak 10.90M) | Time:00:00.00 | Mem:0.00M, Peak:0.00M | Scene, ViewLayer | Loading render kernels (may take a few minutes the first time)
Fra:1 Mem:10.50M (Peak 10.90M) | Time:00:00.00 | Mem:0.00M, Peak:0.00M | Scene, ViewLayer | Updating Scene
Fra:1 Mem:10.50M (Peak 10.90M) | Time:00:00.00 | Mem:0.00M, Peak:0.00M | Scene, ViewLayer | Updating Shaders
Fra:1 Mem:10.58M (Peak 10.90M) | Time:00:00.00 | Mem:0.00M, Peak:0.00M | Scene, ViewLayer | Updating Procedurals
Fra:1 Mem:10.58M (Peak 10.90M) | Time:00:00.00 | Mem:0.00M, Peak:0.00M | Scene, ViewLayer | Updating Background
Fra:1 Mem:10.58M (Peak 10.90M) | Time:00:00.00 | Mem:0.00M, Peak:0.00M | Scene, ViewLayer | Updating Camera
Fra:1 Mem:10.58M (Peak 10.90M) | Time:00:00.00 | Mem:0.00M, Peak:0.00M | Scene, ViewLayer | Updating Meshes Flags
Fra:1 Mem:10.58M (Peak 10.90M) | Time:00:00.00 | Mem:0.00M, Peak:0.00M | Scene, ViewLayer | Updating Objects
Fra:1 Mem:10.58M (Peak 10.90M) | Time:00:00.00 | Mem:0.00M, Peak:0.00M | Scene, ViewLayer | Updating Objects | Copying Transformations to device
Fra:1 Mem:10.58M (Peak 10.90M) | Time:00:00.00 | Mem:0.00M, Peak:0.00M | Scene, ViewLayer | Updating Objects | Applying Static Transformations
Fra:1 Mem:10.58M (Peak 10.90M) | Time:00:00.00 | Mem:0.00M, Peak:0.00M | Scene, ViewLayer | Updating Particle Systems
Fra:1 Mem:10.58M (Peak 10.90M) | Time:00:00.00 | Mem:0.00M, Peak:0.00M | Scene, ViewLayer | Updating Particle Systems | Copying Particles to device
Fra:1 Mem:10.58M (Peak 10.90M) | Time:00:00.00 | Mem:0.00M, Peak:0.00M | Scene, ViewLayer | Updating Meshes
Fra:1 Mem:10.60M (Peak 10.90M) | Time:00:00.00 | Mem:0.00M, Peak:0.00M | Scene, ViewLayer | Updating Mesh | Computing attributes
Fra:1 Mem:10.61M (Peak 10.90M) | Time:00:00.00 | Mem:0.00M, Peak:0.00M | Scene, ViewLayer | Updating Mesh | Copying Attributes to device
Fra:1 Mem:10.61M (Peak 10.90M) | Time:00:00.00 | Mem:0.02M, Peak:0.02M | Scene, ViewLayer | Updating Scene BVH | Building
Fra:1 Mem:10.61M (Peak 10.90M) | Time:00:00.00 | Mem:0.02M, Peak:0.02M | Scene, ViewLayer | Updating Scene BVH | Building BVH
Fra:1 Mem:10.61M (Peak 10.90M) | Time:00:00.00 | Mem:0.04M, Peak:0.04M | Scene, ViewLayer | Updating Scene BVH | Building BVH 0%
Fra:1 Mem:10.61M (Peak 10.90M) | Time:00:00.00 | Mem:0.07M, Peak:0.10M | Scene, ViewLayer | Updating Scene BVH | Copying BVH to device
Fra:1 Mem:10.61M (Peak 10.90M) | Time:00:00.00 | Mem:0.07M, Peak:0.10M | Scene, ViewLayer | Updating Mesh | Computing normals
Fra:1 Mem:10.66M (Peak 10.90M) | Time:00:00.00 | Mem:0.07M, Peak:0.10M | Scene, ViewLayer | Updating Mesh | Copying Mesh to device
Fra:1 Mem:10.66M (Peak 10.90M) | Time:00:00.00 | Mem:0.12M, Peak:0.12M | Scene, ViewLayer | Updating Objects Flags
Fra:1 Mem:10.66M (Peak 10.90M) | Time:00:00.00 | Mem:0.12M, Peak:0.12M | Scene, ViewLayer | Updating Primitive Offsets
Fra:1 Mem:10.66M (Peak 10.90M) | Time:00:00.00 | Mem:0.12M, Peak:0.12M | Scene, ViewLayer | Updating Images
Fra:1 Mem:10.66M (Peak 10.90M) | Time:00:00.00 | Mem:0.12M, Peak:0.12M | Scene, ViewLayer | Updating Camera Volume
Fra:1 Mem:10.66M (Peak 10.90M) | Time:00:00.00 | Mem:0.12M, Peak:0.12M | Scene, ViewLayer | Updating Lookup Tables
Fra:1 Mem:10.66M (Peak 10.90M) | Time:00:00.00 | Mem:0.20M, Peak:0.20M | Scene, ViewLayer | Updating Lights
Fra:1 Mem:10.66M (Peak 10.90M) | Time:00:00.00 | Mem:0.20M, Peak:0.20M | Scene, ViewLayer | Updating Lights | Computing tree
Fra:1 Mem:10.66M (Peak 10.90M) | Time:00:00.00 | Mem:0.20M, Peak:0.20M | Scene, ViewLayer | Updating Integrator
Fra:1 Mem:10.66M (Peak 10.90M) | Time:00:00.00 | Mem:0.20M, Peak:0.20M | Scene, ViewLayer | Updating Film
Fra:1 Mem:10.66M (Peak 10.90M) | Time:00:00.00 | Mem:0.12M, Peak:0.20M | Scene, ViewLayer | Updating Lookup Tables
Fra:1 Mem:10.66M (Peak 10.90M) | Time:00:00.00 | Mem:0.20M, Peak:0.20M | Scene, ViewLayer | Updating Baking
Fra:1 Mem:10.66M (Peak 10.90M) | Time:00:00.00 | Mem:0.20M, Peak:0.20M | Scene, ViewLayer | Updating Device | Writing constant memory
Fra:1 Mem:10.66M (Peak 10.90M) | Time:00:00.00 | Mem:0.20M, Peak:0.20M | Scene, ViewLayer | Sample 0/16
Fra:1 Mem:32.92M (Peak 32.92M) | Time:00:00.98 | Remaining:00:14.71 | Mem:22.45M, Peak:22.45M | Scene, ViewLayer | Sample 1/16
Fra:1 Mem:42.81M (Peak 62.58M) | Time:00:16.71 | Mem:22.45M, Peak:22.45M | Scene, ViewLayer | Sample 16/16
Fra:1 Mem:42.81M (Peak 62.58M) | Time:00:16.71 | Mem:22.45M, Peak:22.45M | Scene, ViewLayer | Finished
Saved: '/workspace/scratch/blender-upgrade/f4-scenery/ArtSource/FixedScenery/factory-3.png'
Time: 00:17.01 (Saving: 00:00.28)


Blender quit
