F4_CAMERA {"sample": 5, "role": "0", "state": "before", "center": [-4.500087738037109, 9.99996280670166, 1.0], "location": [-2.5450878143310547, 7.109962463378906, 2.7849998474121094], "rotation": [1.0979225635528564, 9.749180662765866e-08, 0.5947591662406921], "ortho_scale": 2.9749999046325684}
Blender 4.3.2
Fra:1 Mem:15.83M (Peak 15.83M) | Time:00:00.00 | Mem:0.00M, Peak:0.00M | Scene, ViewLayer | Synchronizing object | NPC tunic
Fra:1 Mem:15.88M (Peak 15.88M) | Time:00:00.00 | Mem:0.00M, Peak:0.00M | Scene, ViewLayer | Synchronizing object | NPC head
Fra:1 Mem:15.92M (Peak 15.92M) | Time:00:00.00 | Mem:0.00M, Peak:0.00M | Scene, ViewLayer | Synchronizing object | NPC boots
Fra:1 Mem:15.95M (Peak 15.95M) | Time:00:00.00 | Mem:0.00M, Peak:0.00M | Scene, ViewLayer | Synchronizing object | Plane
Fra:1 Mem:15.96M (Peak 15.96M) | Time:00:00.00 | Mem:0.00M, Peak:0.00M | Scene, ViewLayer | Synchronizing object | NPC sleeve
Fra:1 Mem:15.99M (Peak 15.99M) | Time:00:00.00 | Mem:0.00M, Peak:0.00M | Scene, ViewLayer | Synchronizing object | Chart constellation.004
Fra:1 Mem:16.02M (Peak 16.02M) | Time:00:00.00 | Mem:0.00M, Peak:0.00M | Scene, ViewLayer | Synchronizing object | NPC hand
Fra:1 Mem:16.06M (Peak 16.06M) | Time:00:00.00 | Mem:0.00M, Peak:0.00M | Scene, ViewLayer | Synchronizing object | Chart constellation.003
Fra:1 Mem:16.09M (Peak 16.09M) | Time:00:00.00 | Mem:0.00M, Peak:0.00M | Scene, ViewLayer | Synchronizing object | NPC boots.001
Fra:1 Mem:16.13M (Peak 16.13M) | Time:00:00.00 | Mem:0.00M, Peak:0.00M | Scene, ViewLayer | Synchronizing object | Chart constellation.002
Fra:1 Mem:16.16M (Peak 16.16M) | Time:00:00.00 | Mem:0.00M, Peak:0.00M | Scene, ViewLayer | Synchronizing object | NPC sleeve.001
Fra:1 Mem:16.20M (Peak 16.20M) | Time:00:00.00 | Mem:0.00M, Peak:0.00M | Scene, ViewLayer | Synchronizing object | Chart constellation.001
Fra:1 Mem:16.24M (Peak 16.24M) | Time:00:00.00 | Mem:0.00M, Peak:0.00M | Scene, ViewLayer | Synchronizing object | NPC hand.001
Fra:1 Mem:16.27M (Peak 16.27M) | Time:00:00.00 | Mem:0.00M, Peak:0.00M | Scene, ViewLayer | Synchronizing object | Chart constellation
Fra:1 Mem:16.30M (Peak 16.30M) | Time:00:00.00 | Mem:0.00M, Peak:0.00M | Scene, ViewLayer | Synchronizing object | Merchant cap
Fra:1 Mem:16.32M (Peak 16.32M) | Time:00:00.00 | Mem:0.00M, Peak:0.00M | Scene, ViewLayer | Synchronizing object | Merchant stocked shelf
Fra:1 Mem:16.34M (Peak 16.34M) | Time:00:00.00 | Mem:0.00M, Peak:0.00M | Scene, ViewLayer | Synchronizing object | Turning exchange star chart
Fra:1 Mem:16.39M (Peak 16.39M) | Time:00:00.00 | Mem:0.00M, Peak:0.00M | Scene, ViewLayer | Synchronizing object | Potion stock
Fra:1 Mem:16.40M (Peak 16.40M) | Time:00:00.00 | Mem:0.00M, Peak:0.00M | Scene, ViewLayer | Synchronizing object | Wrapped provision
Fra:1 Mem:16.44M (Peak 16.44M) | Time:00:00.00 | Mem:0.00M, Peak:0.00M | Scene, ViewLayer | Synchronizing object | Potion stock.001
Fra:1 Mem:16.45M (Peak 16.45M) | Time:00:00.00 | Mem:0.00M, Peak:0.00M | Scene, ViewLayer | Synchronizing object | Wrapped provision.001
Fra:1 Mem:16.48M (Peak 16.48M) | Time:00:00.00 | Mem:0.00M, Peak:0.00M | Scene, ViewLayer | Synchronizing object | Merchant stocked shelf.001
Fra:1 Mem:16.51M (Peak 16.51M) | Time:00:00.00 | Mem:0.00M, Peak:0.00M | Scene, ViewLayer | Synchronizing object | Potion stock.002
Fra:1 Mem:16.51M (Peak 16.51M) | Time:00:00.00 | Mem:0.00M, Peak:0.00M | Scene, ViewLayer | Synchronizing object | Star chart table
Fra:1 Mem:16.53M (Peak 16.53M) | Time:00:00.00 | Mem:0.00M, Peak:0.00M | Scene, ViewLayer | Synchronizing object | Wrapped provision.002
Fra:1 Mem:16.55M (Peak 16.55M) | Time:00:00.00 | Mem:0.00M, Peak:0.00M | Scene, ViewLayer | Synchronizing object | Exchange lectern
Fra:1 Mem:16.59M (Peak 16.59M) | Time:00:00.00 | Mem:0.00M, Peak:0.00M | Scene, ViewLayer | Synchronizing object | Potion stock.003
Fra:1 Mem:16.60M (Peak 16.60M) | Time:00:00.00 | Mem:0.00M, Peak:0.00M | Scene, ViewLayer | Synchronizing object | NPC hand.005
Fra:1 Mem:16.63M (Peak 16.63M) | Time:00:00.00 | Mem:0.00M, Peak:0.00M | Scene, ViewLayer | Synchronizing object | Wrapped provision.003
Fra:1 Mem:16.66M (Peak 16.66M) | Time:00:00.00 | Mem:0.00M, Peak:0.00M | Scene, ViewLayer | Synchronizing object | NPC sleeve.005
Fra:1 Mem:16.69M (Peak 16.69M) | Time:00:00.00 | Mem:0.00M, Peak:0.00M | Scene, ViewLayer | Synchronizing object | Merchant stocked shelf.002
Fra:1 Mem:16.73M (Peak 16.73M) | Time:00:00.00 | Mem:0.00M, Peak:0.00M | Scene, ViewLayer | Synchronizing object | NPC boots.005
Fra:1 Mem:16.76M (Peak 16.76M) | Time:00:00.00 | Mem:0.00M, Peak:0.00M | Scene, ViewLayer | Synchronizing object | Potion stock.004
Fra:1 Mem:16.78M (Peak 16.78M) | Time:00:00.00 | Mem:0.00M, Peak:0.00M | Scene, ViewLayer | Synchronizing object | Wrapped provision.004
Fra:1 Mem:16.81M (Peak 16.81M) | Time:00:00.00 | Mem:0.00M, Peak:0.00M | Scene, ViewLayer | Synchronizing object | NPC hand.004
Fra:1 Mem:16.84M (Peak 16.84M) | Time:00:00.00 | Mem:0.00M, Peak:0.00M | Scene, ViewLayer | Synchronizing object | Potion stock.005
Fra:1 Mem:16.86M (Peak 16.86M) | Time:00:00.00 | Mem:0.00M, Peak:0.00M | Scene, ViewLayer | Synchronizing object | Wrapped provision.005
Fra:1 Mem:16.86M (Peak 16.86M) | Time:00:00.00 | Mem:0.00M, Peak:0.00M | Scene, ViewLayer | Synchronizing object | NPC sleeve.004
Fra:1 Mem:16.92M (Peak 16.92M) | Time:00:00.00 | Mem:0.00M, Peak:0.00M | Scene, ViewLayer | Synchronizing object | Shelf upright
Fra:1 Mem:16.94M (Peak 16.94M) | Time:00:00.00 | Mem:0.00M, Peak:0.00M | Scene, ViewLayer | Synchronizing object | NPC boots.004
Fra:1 Mem:16.99M (Peak 16.99M) | Time:00:00.00 | Mem:0.00M, Peak:0.00M | Scene, ViewLayer | Synchronizing object | Shelf upright.001
Fra:1 Mem:17.01M (Peak 17.01M) | Time:00:00.00 | Mem:0.00M, Peak:0.00M | Scene, ViewLayer | Synchronizing object | NPC head.002
Fra:1 Mem:17.05M (Peak 17.05M) | Time:00:00.00 | Mem:0.00M, Peak:0.00M | Scene, ViewLayer | Synchronizing object | NPC tunic.001
Fra:1 Mem:17.08M (Peak 17.08M) | Time:00:00.00 | Mem:0.00M, Peak:0.00M | Scene, ViewLayer | Synchronizing object | NPC tunic.002
Fra:1 Mem:17.12M (Peak 17.12M) | Time:00:00.00 | Mem:0.00M, Peak:0.00M | Scene, ViewLayer | Synchronizing object | NPC head.001
Fra:1 Mem:17.16M (Peak 17.16M) | Time:00:00.00 | Mem:0.00M, Peak:0.00M | Scene, ViewLayer | Synchronizing object | Anvil tapered horn
Fra:1 Mem:17.20M (Peak 17.20M) | Time:00:00.00 | Mem:0.00M, Peak:0.00M | Scene, ViewLayer | Synchronizing object | NPC boots.002
Fra:1 Mem:17.23M (Peak 17.23M) | Time:00:00.00 | Mem:0.00M, Peak:0.00M | Scene, ViewLayer | Synchronizing object | Forged anvil face
Fra:1 Mem:17.26M (Peak 17.26M) | Time:00:00.00 | Mem:0.00M, Peak:0.00M | Scene, ViewLayer | Synchronizing object | NPC sleeve.002
Fra:1 Mem:17.29M (Peak 17.29M) | Time:00:00.00 | Mem:0.00M, Peak:0.00M | Scene, ViewLayer | Synchronizing object | Anvil stump
Fra:1 Mem:17.31M (Peak 17.31M) | Time:00:00.00 | Mem:0.00M, Peak:0.00M | Scene, ViewLayer | Synchronizing object | Smith leather apron
Fra:1 Mem:17.34M (Peak 17.34M) | Time:00:00.00 | Mem:0.00M, Peak:0.00M | Scene, ViewLayer | Synchronizing object | NPC hand.002
Fra:1 Mem:17.37M (Peak 17.37M) | Time:00:00.00 | Mem:0.00M, Peak:0.00M | Scene, ViewLayer | Synchronizing object | Smith hammer head
Fra:1 Mem:17.40M (Peak 17.40M) | Time:00:00.00 | Mem:0.00M, Peak:0.00M | Scene, ViewLayer | Synchronizing object | NPC boots.003
Fra:1 Mem:17.43M (Peak 17.43M) | Time:00:00.00 | Mem:0.00M, Peak:0.00M | Scene, ViewLayer | Synchronizing object | Smith hammer handle
Fra:1 Mem:17.45M (Peak 17.45M) | Time:00:00.00 | Mem:0.00M, Peak:0.00M | Scene, ViewLayer | Synchronizing object | NPC hand.003
Fra:1 Mem:17.49M (Peak 17.49M) | Time:00:00.00 | Mem:0.00M, Peak:0.00M | Scene, ViewLayer | Synchronizing object | NPC sleeve.003
Fra:1 Mem:17.53M (Peak 17.53M) | Time:00:00.00 | Mem:0.00M, Peak:0.00M | Scene, ViewLayer | Initializing
Fra:1 Mem:15.29M (Peak 17.53M) | Time:00:00.00 | Mem:0.00M, Peak:0.00M | Scene, ViewLayer | Waiting for render to start
Fra:1 Mem:15.29M (Peak 17.53M) | Time:00:00.00 | Mem:0.00M, Peak:0.00M | Scene, ViewLayer | Loading render kernels (may take a few minutes the first time)
Fra:1 Mem:15.29M (Peak 17.53M) | Time:00:00.00 | Mem:0.00M, Peak:0.00M | Scene, ViewLayer | Updating Scene
Fra:1 Mem:15.29M (Peak 17.53M) | Time:00:00.00 | Mem:0.00M, Peak:0.00M | Scene, ViewLayer | Updating Shaders
Fra:1 Mem:15.38M (Peak 17.53M) | Time:00:00.00 | Mem:0.01M, Peak:0.01M | Scene, ViewLayer | Updating Procedurals
Fra:1 Mem:15.38M (Peak 17.53M) | Time:00:00.00 | Mem:0.01M, Peak:0.01M | Scene, ViewLayer | Updating Background
Fra:1 Mem:15.38M (Peak 17.53M) | Time:00:00.00 | Mem:0.01M, Peak:0.01M | Scene, ViewLayer | Updating Camera
Fra:1 Mem:15.38M (Peak 17.53M) | Time:00:00.00 | Mem:0.01M, Peak:0.01M | Scene, ViewLayer | Updating Meshes Flags
Fra:1 Mem:15.38M (Peak 17.53M) | Time:00:00.00 | Mem:0.01M, Peak:0.01M | Scene, ViewLayer | Updating Objects
Fra:1 Mem:15.38M (Peak 17.53M) | Time:00:00.00 | Mem:0.01M, Peak:0.01M | Scene, ViewLayer | Updating Objects | Copying Transformations to device
Fra:1 Mem:15.40M (Peak 17.53M) | Time:00:00.00 | Mem:0.02M, Peak:0.02M | Scene, ViewLayer | Updating Objects | Applying Static Transformations
Fra:1 Mem:15.40M (Peak 17.53M) | Time:00:00.00 | Mem:0.02M, Peak:0.02M | Scene, ViewLayer | Updating Particle Systems
Fra:1 Mem:15.40M (Peak 17.53M) | Time:00:00.00 | Mem:0.02M, Peak:0.02M | Scene, ViewLayer | Updating Particle Systems | Copying Particles to device
Fra:1 Mem:15.40M (Peak 17.53M) | Time:00:00.00 | Mem:0.02M, Peak:0.02M | Scene, ViewLayer | Updating Meshes
Fra:1 Mem:15.67M (Peak 17.53M) | Time:00:00.00 | Mem:0.02M, Peak:0.02M | Scene, ViewLayer | Updating Mesh | Computing attributes
Fra:1 Mem:15.81M (Peak 17.53M) | Time:00:00.00 | Mem:0.02M, Peak:0.02M | Scene, ViewLayer | Updating Mesh | Copying Attributes to device
Fra:1 Mem:15.81M (Peak 17.53M) | Time:00:00.00 | Mem:0.15M, Peak:0.15M | Scene, ViewLayer | Updating Scene BVH | Building
Fra:1 Mem:15.81M (Peak 17.53M) | Time:00:00.00 | Mem:0.15M, Peak:0.15M | Scene, ViewLayer | Updating Scene BVH | Building BVH
Fra:1 Mem:15.81M (Peak 17.53M) | Time:00:00.00 | Mem:0.71M, Peak:0.71M | Scene, ViewLayer | Updating Scene BVH | Building BVH 0%
Fra:1 Mem:15.81M (Peak 17.53M) | Time:00:00.02 | Mem:1.31M, Peak:1.86M | Scene, ViewLayer | Updating Scene BVH | Copying BVH to device
Fra:1 Mem:15.81M (Peak 17.53M) | Time:00:00.02 | Mem:1.31M, Peak:1.86M | Scene, ViewLayer | Updating Mesh | Computing normals
Fra:1 Mem:16.50M (Peak 17.53M) | Time:00:00.02 | Mem:1.31M, Peak:1.86M | Scene, ViewLayer | Updating Mesh | Copying Mesh to device
Fra:1 Mem:16.50M (Peak 17.53M) | Time:00:00.02 | Mem:2.00M, Peak:2.00M | Scene, ViewLayer | Updating Objects Flags
Fra:1 Mem:16.50M (Peak 17.53M) | Time:00:00.02 | Mem:2.00M, Peak:2.00M | Scene, ViewLayer | Updating Primitive Offsets
Fra:1 Mem:16.50M (Peak 17.53M) | Time:00:00.02 | Mem:2.00M, Peak:2.00M | Scene, ViewLayer | Updating Images
Fra:1 Mem:16.50M (Peak 17.53M) | Time:00:00.02 | Mem:2.00M, Peak:2.00M | Scene, ViewLayer | Updating Camera Volume
Fra:1 Mem:16.50M (Peak 17.53M) | Time:00:00.02 | Mem:2.00M, Peak:2.00M | Scene, ViewLayer | Updating Lookup Tables
Fra:1 Mem:16.50M (Peak 17.53M) | Time:00:00.02 | Mem:2.08M, Peak:2.08M | Scene, ViewLayer | Updating Lights
Fra:1 Mem:16.50M (Peak 17.53M) | Time:00:00.02 | Mem:2.09M, Peak:2.09M | Scene, ViewLayer | Updating Lights | Computing tree
Fra:1 Mem:16.50M (Peak 17.53M) | Time:00:00.02 | Mem:2.09M, Peak:2.09M | Scene, ViewLayer | Updating Integrator
Fra:1 Mem:16.50M (Peak 17.53M) | Time:00:00.02 | Mem:2.09M, Peak:2.09M | Scene, ViewLayer | Updating Film
Fra:1 Mem:16.51M (Peak 17.53M) | Time:00:00.02 | Mem:2.00M, Peak:2.09M | Scene, ViewLayer | Updating Lookup Tables
Fra:1 Mem:16.51M (Peak 17.53M) | Time:00:00.02 | Mem:2.09M, Peak:2.09M | Scene, ViewLayer | Updating Baking
Fra:1 Mem:16.51M (Peak 17.53M) | Time:00:00.02 | Mem:2.09M, Peak:2.09M | Scene, ViewLayer | Updating Device | Writing constant memory
Fra:1 Mem:16.51M (Peak 17.53M) | Time:00:00.02 | Mem:2.09M, Peak:2.09M | Scene, ViewLayer | Sample 0/16
Fra:1 Mem:38.76M (Peak 38.76M) | Time:00:00.68 | Remaining:00:09.93 | Mem:24.34M, Peak:24.34M | Scene, ViewLayer | Sample 1/16
Fra:1 Mem:48.65M (Peak 68.43M) | Time:00:11.77 | Mem:24.34M, Peak:24.34M | Scene, ViewLayer | Sample 16/16
Fra:1 Mem:48.65M (Peak 68.43M) | Time:00:11.77 | Mem:24.34M, Peak:24.34M | Scene, ViewLayer | Finished
Saved: '/workspace/scratch/blender-upgrade/f4-scenery/ArtSource/FixedScenery/role-0-before.png'
Time: 00:11.96 (Saving: 00:00.18)


Blender quit
F4_CAMERA {"sample": 5, "role": "0", "state": "after", "center": [-4.500087738037109, 9.99996280670166, 1.0], "location": [-2.5450878143310547, 7.109962463378906, 2.7849998474121094], "rotation": [1.0979225635528564, 9.749180662765866e-08, 0.5947591662406921], "ortho_scale": 2.9749999046325684}
Blender 4.3.2
Fra:1 Mem:15.57M (Peak 15.57M) | Time:00:00.00 | Mem:0.00M, Peak:0.00M | Scene, ViewLayer | Synchronizing object | Plane
Fra:1 Mem:15.57M (Peak 15.57M) | Time:00:00.00 | Mem:0.00M, Peak:0.00M | Scene, ViewLayer | Synchronizing object | Chart constellation.004
Fra:1 Mem:15.60M (Peak 15.60M) | Time:00:00.00 | Mem:0.00M, Peak:0.00M | Scene, ViewLayer | Synchronizing object | Chart constellation.003
Fra:1 Mem:15.64M (Peak 15.64M) | Time:00:00.00 | Mem:0.00M, Peak:0.00M | Scene, ViewLayer | Synchronizing object | Chart constellation.002
Fra:1 Mem:15.67M (Peak 15.67M) | Time:00:00.00 | Mem:0.00M, Peak:0.00M | Scene, ViewLayer | Synchronizing object | Chart constellation.001
Fra:1 Mem:15.71M (Peak 15.71M) | Time:00:00.00 | Mem:0.00M, Peak:0.00M | Scene, ViewLayer | Synchronizing object | Chart constellation
Fra:1 Mem:15.74M (Peak 15.74M) | Time:00:00.00 | Mem:0.00M, Peak:0.00M | Scene, ViewLayer | Synchronizing object | Turning exchange star chart
Fra:1 Mem:15.79M (Peak 15.79M) | Time:00:00.00 | Mem:0.00M, Peak:0.00M | Scene, ViewLayer | Synchronizing object | Star chart table
Fra:1 Mem:15.80M (Peak 15.80M) | Time:00:00.00 | Mem:0.00M, Peak:0.00M | Scene, ViewLayer | Synchronizing object | Exchange lectern
Fra:1 Mem:15.81M (Peak 15.81M) | Time:00:00.00 | Mem:0.00M, Peak:0.00M | Scene, ViewLayer | Synchronizing object | NPC hand.005
Fra:1 Mem:15.85M (Peak 15.85M) | Time:00:00.00 | Mem:0.00M, Peak:0.00M | Scene, ViewLayer | Synchronizing object | NPC sleeve.005
Fra:1 Mem:15.86M (Peak 15.86M) | Time:00:00.00 | Mem:0.00M, Peak:0.00M | Scene, ViewLayer | Synchronizing object | NPC boots.005
Fra:1 Mem:15.88M (Peak 15.88M) | Time:00:00.00 | Mem:0.00M, Peak:0.00M | Scene, ViewLayer | Synchronizing object | NPC hand.004
Fra:1 Mem:15.92M (Peak 15.92M) | Time:00:00.00 | Mem:0.00M, Peak:0.00M | Scene, ViewLayer | Synchronizing object | NPC sleeve.004
Fra:1 Mem:15.94M (Peak 15.94M) | Time:00:00.00 | Mem:0.00M, Peak:0.00M | Scene, ViewLayer | Synchronizing object | NPC boots.004
Fra:1 Mem:15.95M (Peak 15.95M) | Time:00:00.00 | Mem:0.00M, Peak:0.00M | Scene, ViewLayer | Synchronizing object | NPC head.002
Fra:1 Mem:15.98M (Peak 15.98M) | Time:00:00.00 | Mem:0.00M, Peak:0.00M | Scene, ViewLayer | Synchronizing object | NPC tunic.002
Fra:1 Mem:16.00M (Peak 16.00M) | Time:00:00.00 | Mem:0.00M, Peak:0.00M | Scene, ViewLayer | Synchronizing object | Anvil tapered horn
Fra:1 Mem:16.04M (Peak 16.04M) | Time:00:00.00 | Mem:0.00M, Peak:0.00M | Scene, ViewLayer | Synchronizing object | Forged anvil face
Fra:1 Mem:16.06M (Peak 16.06M) | Time:00:00.00 | Mem:0.00M, Peak:0.00M | Scene, ViewLayer | Synchronizing object | Anvil stump
Fra:1 Mem:16.08M (Peak 16.08M) | Time:00:00.00 | Mem:0.00M, Peak:0.00M | Scene, ViewLayer | Synchronizing object | Smith leather apron
Fra:1 Mem:16.09M (Peak 16.09M) | Time:00:00.00 | Mem:0.00M, Peak:0.00M | Scene, ViewLayer | Synchronizing object | Smith hammer head
Fra:1 Mem:16.12M (Peak 16.12M) | Time:00:00.00 | Mem:0.00M, Peak:0.00M | Scene, ViewLayer | Synchronizing object | Smith hammer handle
Fra:1 Mem:16.14M (Peak 16.14M) | Time:00:00.00 | Mem:0.00M, Peak:0.00M | Scene, ViewLayer | Synchronizing object | NPC hand.003
Fra:1 Mem:16.17M (Peak 16.17M) | Time:00:00.00 | Mem:0.00M, Peak:0.00M | Scene, ViewLayer | Synchronizing object | NPC sleeve.003
Fra:1 Mem:16.19M (Peak 16.19M) | Time:00:00.00 | Mem:0.00M, Peak:0.00M | Scene, ViewLayer | Synchronizing object | NPC boots.003
Fra:1 Mem:16.21M (Peak 16.21M) | Time:00:00.00 | Mem:0.00M, Peak:0.00M | Scene, ViewLayer | Synchronizing object | NPC hand.002
Fra:1 Mem:16.24M (Peak 16.24M) | Time:00:00.00 | Mem:0.00M, Peak:0.00M | Scene, ViewLayer | Synchronizing object | NPC sleeve.002
Fra:1 Mem:16.26M (Peak 16.26M) | Time:00:00.00 | Mem:0.00M, Peak:0.00M | Scene, ViewLayer | Synchronizing object | NPC boots.002
Fra:1 Mem:16.28M (Peak 16.28M) | Time:00:00.00 | Mem:0.00M, Peak:0.00M | Scene, ViewLayer | Synchronizing object | NPC head.001
Fra:1 Mem:16.30M (Peak 16.30M) | Time:00:00.00 | Mem:0.00M, Peak:0.00M | Scene, ViewLayer | Synchronizing object | NPC tunic.001
Fra:1 Mem:16.33M (Peak 16.33M) | Time:00:00.00 | Mem:0.00M, Peak:0.00M | Scene, ViewLayer | Synchronizing object | Shelf upright.001
Fra:1 Mem:16.35M (Peak 16.35M) | Time:00:00.00 | Mem:0.00M, Peak:0.00M | Scene, ViewLayer | Synchronizing object | Shelf upright
Fra:1 Mem:16.38M (Peak 16.38M) | Time:00:00.00 | Mem:0.00M, Peak:0.00M | Scene, ViewLayer | Synchronizing object | Wrapped provision.005
Fra:1 Mem:16.41M (Peak 16.41M) | Time:00:00.00 | Mem:0.00M, Peak:0.00M | Scene, ViewLayer | Synchronizing object | Potion stock.005
Fra:1 Mem:16.43M (Peak 16.43M) | Time:00:00.00 | Mem:0.00M, Peak:0.00M | Scene, ViewLayer | Synchronizing object | Wrapped provision.004
Fra:1 Mem:16.45M (Peak 16.45M) | Time:00:00.00 | Mem:0.00M, Peak:0.00M | Scene, ViewLayer | Synchronizing object | Potion stock.004
Fra:1 Mem:16.47M (Peak 16.47M) | Time:00:00.00 | Mem:0.00M, Peak:0.00M | Scene, ViewLayer | Synchronizing object | Merchant stocked shelf.002
Fra:1 Mem:16.48M (Peak 16.48M) | Time:00:00.00 | Mem:0.00M, Peak:0.00M | Scene, ViewLayer | Synchronizing object | Wrapped provision.003
Fra:1 Mem:16.51M (Peak 16.51M) | Time:00:00.00 | Mem:0.00M, Peak:0.00M | Scene, ViewLayer | Synchronizing object | Potion stock.003
Fra:1 Mem:16.52M (Peak 16.52M) | Time:00:00.00 | Mem:0.00M, Peak:0.00M | Scene, ViewLayer | Synchronizing object | Wrapped provision.002
Fra:1 Mem:16.55M (Peak 16.55M) | Time:00:00.00 | Mem:0.00M, Peak:0.00M | Scene, ViewLayer | Synchronizing object | Potion stock.002
Fra:1 Mem:16.56M (Peak 16.56M) | Time:00:00.00 | Mem:0.00M, Peak:0.00M | Scene, ViewLayer | Synchronizing object | Merchant stocked shelf.001
Fra:1 Mem:16.57M (Peak 16.57M) | Time:00:00.00 | Mem:0.00M, Peak:0.00M | Scene, ViewLayer | Synchronizing object | Wrapped provision.001
Fra:1 Mem:16.60M (Peak 16.60M) | Time:00:00.00 | Mem:0.00M, Peak:0.00M | Scene, ViewLayer | Synchronizing object | Potion stock.001
Fra:1 Mem:16.61M (Peak 16.61M) | Time:00:00.00 | Mem:0.00M, Peak:0.00M | Scene, ViewLayer | Synchronizing object | Wrapped provision
Fra:1 Mem:16.64M (Peak 16.64M) | Time:00:00.00 | Mem:0.00M, Peak:0.00M | Scene, ViewLayer | Synchronizing object | Potion stock
Fra:1 Mem:16.65M (Peak 16.65M) | Time:00:00.00 | Mem:0.00M, Peak:0.00M | Scene, ViewLayer | Synchronizing object | Merchant stocked shelf
Fra:1 Mem:16.66M (Peak 16.66M) | Time:00:00.00 | Mem:0.00M, Peak:0.00M | Scene, ViewLayer | Synchronizing object | Merchant cap
Fra:1 Mem:16.69M (Peak 16.69M) | Time:00:00.00 | Mem:0.00M, Peak:0.00M | Scene, ViewLayer | Synchronizing object | NPC hand.001
Fra:1 Mem:16.73M (Peak 16.73M) | Time:00:00.01 | Mem:0.00M, Peak:0.00M | Scene, ViewLayer | Synchronizing object | NPC sleeve.001
Fra:1 Mem:16.74M (Peak 16.74M) | Time:00:00.01 | Mem:0.00M, Peak:0.00M | Scene, ViewLayer | Synchronizing object | NPC boots.001
Fra:1 Mem:16.76M (Peak 16.76M) | Time:00:00.01 | Mem:0.00M, Peak:0.00M | Scene, ViewLayer | Synchronizing object | NPC hand
Fra:1 Mem:16.80M (Peak 16.80M) | Time:00:00.01 | Mem:0.00M, Peak:0.00M | Scene, ViewLayer | Synchronizing object | NPC sleeve
Fra:1 Mem:16.81M (Peak 16.81M) | Time:00:00.01 | Mem:0.00M, Peak:0.00M | Scene, ViewLayer | Synchronizing object | NPC boots
Fra:1 Mem:16.83M (Peak 16.83M) | Time:00:00.01 | Mem:0.00M, Peak:0.00M | Scene, ViewLayer | Synchronizing object | NPC head
Fra:1 Mem:16.86M (Peak 16.86M) | Time:00:00.01 | Mem:0.00M, Peak:0.00M | Scene, ViewLayer | Synchronizing object | NPC tunic
Fra:1 Mem:16.88M (Peak 16.88M) | Time:00:00.01 | Mem:0.00M, Peak:0.00M | Scene, ViewLayer | Initializing
Fra:1 Mem:14.65M (Peak 16.88M) | Time:00:00.01 | Mem:0.00M, Peak:0.00M | Scene, ViewLayer | Waiting for render to start
Fra:1 Mem:14.65M (Peak 16.88M) | Time:00:00.01 | Mem:0.00M, Peak:0.00M | Scene, ViewLayer | Loading render kernels (may take a few minutes the first time)
Fra:1 Mem:14.65M (Peak 16.88M) | Time:00:00.01 | Mem:0.00M, Peak:0.00M | Scene, ViewLayer | Updating Scene
Fra:1 Mem:14.65M (Peak 16.88M) | Time:00:00.01 | Mem:0.00M, Peak:0.00M | Scene, ViewLayer | Updating Shaders
Fra:1 Mem:14.74M (Peak 16.88M) | Time:00:00.01 | Mem:0.01M, Peak:0.01M | Scene, ViewLayer | Updating Procedurals
Fra:1 Mem:14.74M (Peak 16.88M) | Time:00:00.01 | Mem:0.01M, Peak:0.01M | Scene, ViewLayer | Updating Background
Fra:1 Mem:14.74M (Peak 16.88M) | Time:00:00.01 | Mem:0.01M, Peak:0.01M | Scene, ViewLayer | Updating Camera
Fra:1 Mem:14.74M (Peak 16.88M) | Time:00:00.01 | Mem:0.01M, Peak:0.01M | Scene, ViewLayer | Updating Meshes Flags
Fra:1 Mem:14.74M (Peak 16.88M) | Time:00:00.01 | Mem:0.01M, Peak:0.01M | Scene, ViewLayer | Updating Objects
Fra:1 Mem:14.74M (Peak 16.88M) | Time:00:00.01 | Mem:0.01M, Peak:0.01M | Scene, ViewLayer | Updating Objects | Copying Transformations to device
Fra:1 Mem:14.75M (Peak 16.88M) | Time:00:00.01 | Mem:0.02M, Peak:0.02M | Scene, ViewLayer | Updating Objects | Applying Static Transformations
Fra:1 Mem:14.75M (Peak 16.88M) | Time:00:00.01 | Mem:0.02M, Peak:0.02M | Scene, ViewLayer | Updating Particle Systems
Fra:1 Mem:14.75M (Peak 16.88M) | Time:00:00.01 | Mem:0.02M, Peak:0.02M | Scene, ViewLayer | Updating Particle Systems | Copying Particles to device
Fra:1 Mem:14.75M (Peak 16.88M) | Time:00:00.01 | Mem:0.02M, Peak:0.02M | Scene, ViewLayer | Updating Meshes
Fra:1 Mem:14.91M (Peak 16.88M) | Time:00:00.01 | Mem:0.02M, Peak:0.02M | Scene, ViewLayer | Updating Mesh | Computing attributes
Fra:1 Mem:15.06M (Peak 16.88M) | Time:00:00.01 | Mem:0.02M, Peak:0.02M | Scene, ViewLayer | Updating Mesh | Copying Attributes to device
Fra:1 Mem:15.05M (Peak 16.88M) | Time:00:00.01 | Mem:0.16M, Peak:0.16M | Scene, ViewLayer | Updating Scene BVH | Building
Fra:1 Mem:15.05M (Peak 16.88M) | Time:00:00.01 | Mem:0.16M, Peak:0.16M | Scene, ViewLayer | Updating Scene BVH | Building BVH
Fra:1 Mem:15.05M (Peak 16.88M) | Time:00:00.01 | Mem:0.49M, Peak:0.49M | Scene, ViewLayer | Updating Scene BVH | Building BVH 0%
Fra:1 Mem:15.05M (Peak 16.88M) | Time:00:00.02 | Mem:0.85M, Peak:1.18M | Scene, ViewLayer | Updating Scene BVH | Copying BVH to device
Fra:1 Mem:15.05M (Peak 16.88M) | Time:00:00.02 | Mem:0.85M, Peak:1.18M | Scene, ViewLayer | Updating Mesh | Computing normals
Fra:1 Mem:15.62M (Peak 16.88M) | Time:00:00.02 | Mem:0.85M, Peak:1.18M | Scene, ViewLayer | Updating Mesh | Copying Mesh to device
Fra:1 Mem:15.62M (Peak 16.88M) | Time:00:00.02 | Mem:1.42M, Peak:1.42M | Scene, ViewLayer | Updating Objects Flags
Fra:1 Mem:15.62M (Peak 16.88M) | Time:00:00.02 | Mem:1.42M, Peak:1.42M | Scene, ViewLayer | Updating Primitive Offsets
Fra:1 Mem:15.62M (Peak 16.88M) | Time:00:00.02 | Mem:1.42M, Peak:1.42M | Scene, ViewLayer | Updating Images
Fra:1 Mem:15.62M (Peak 16.88M) | Time:00:00.02 | Mem:1.42M, Peak:1.42M | Scene, ViewLayer | Updating Camera Volume
Fra:1 Mem:15.62M (Peak 16.88M) | Time:00:00.02 | Mem:1.42M, Peak:1.42M | Scene, ViewLayer | Updating Lookup Tables
Fra:1 Mem:15.62M (Peak 16.88M) | Time:00:00.02 | Mem:1.50M, Peak:1.50M | Scene, ViewLayer | Updating Lights
Fra:1 Mem:15.62M (Peak 16.88M) | Time:00:00.02 | Mem:1.50M, Peak:1.50M | Scene, ViewLayer | Updating Lights | Computing tree
Fra:1 Mem:15.62M (Peak 16.88M) | Time:00:00.02 | Mem:1.50M, Peak:1.50M | Scene, ViewLayer | Updating Integrator
Fra:1 Mem:15.62M (Peak 16.88M) | Time:00:00.02 | Mem:1.50M, Peak:1.50M | Scene, ViewLayer | Updating Film
Fra:1 Mem:15.63M (Peak 16.88M) | Time:00:00.02 | Mem:1.42M, Peak:1.50M | Scene, ViewLayer | Updating Lookup Tables
Fra:1 Mem:15.63M (Peak 16.88M) | Time:00:00.02 | Mem:1.50M, Peak:1.50M | Scene, ViewLayer | Updating Baking
Fra:1 Mem:15.63M (Peak 16.88M) | Time:00:00.02 | Mem:1.50M, Peak:1.50M | Scene, ViewLayer | Updating Device | Writing constant memory
Fra:1 Mem:15.63M (Peak 16.88M) | Time:00:00.02 | Mem:1.50M, Peak:1.50M | Scene, ViewLayer | Sample 0/16
Fra:1 Mem:37.88M (Peak 37.88M) | Time:00:01.10 | Remaining:00:16.18 | Mem:23.75M, Peak:23.75M | Scene, ViewLayer | Sample 1/16
Fra:1 Mem:47.77M (Peak 67.55M) | Time:00:12.48 | Mem:23.75M, Peak:23.75M | Scene, ViewLayer | Sample 16/16
Fra:1 Mem:47.77M (Peak 67.55M) | Time:00:12.48 | Mem:23.75M, Peak:23.75M | Scene, ViewLayer | Finished
Saved: '/workspace/scratch/blender-upgrade/f4-scenery/ArtSource/FixedScenery/role-0-after.png'
Time: 00:12.57 (Saving: 00:00.09)


Blender quit
F4_CAMERA {"sample": 5, "role": "1", "state": "before", "center": [4.499912261962891, 9.99996280670166, 1.0], "location": [6.454912185668945, 7.109962463378906, 2.7849998474121094], "rotation": [1.0979225635528564, 9.749180662765866e-08, 0.5947591662406921], "ortho_scale": 2.9749999046325684}
Blender 4.3.2
Fra:1 Mem:15.85M (Peak 15.85M) | Time:00:00.00 | Mem:0.00M, Peak:0.00M | Scene, ViewLayer | Synchronizing object | Plane
Fra:1 Mem:15.85M (Peak 15.85M) | Time:00:00.00 | Mem:0.00M, Peak:0.00M | Scene, ViewLayer | Synchronizing object | Chart constellation.004
Fra:1 Mem:15.88M (Peak 15.88M) | Time:00:00.00 | Mem:0.00M, Peak:0.00M | Scene, ViewLayer | Synchronizing object | Chart constellation.003
Fra:1 Mem:15.92M (Peak 15.92M) | Time:00:00.00 | Mem:0.00M, Peak:0.00M | Scene, ViewLayer | Synchronizing object | Chart constellation.002
Fra:1 Mem:15.95M (Peak 15.95M) | Time:00:00.00 | Mem:0.00M, Peak:0.00M | Scene, ViewLayer | Synchronizing object | Chart constellation.001
Fra:1 Mem:15.99M (Peak 15.99M) | Time:00:00.00 | Mem:0.00M, Peak:0.00M | Scene, ViewLayer | Synchronizing object | Chart constellation
Fra:1 Mem:16.02M (Peak 16.02M) | Time:00:00.00 | Mem:0.00M, Peak:0.00M | Scene, ViewLayer | Synchronizing object | Turning exchange star chart
Fra:1 Mem:16.07M (Peak 16.07M) | Time:00:00.00 | Mem:0.00M, Peak:0.00M | Scene, ViewLayer | Synchronizing object | Star chart table
Fra:1 Mem:16.08M (Peak 16.08M) | Time:00:00.00 | Mem:0.00M, Peak:0.00M | Scene, ViewLayer | Synchronizing object | Exchange lectern
Fra:1 Mem:16.11M (Peak 16.11M) | Time:00:00.00 | Mem:0.00M, Peak:0.00M | Scene, ViewLayer | Synchronizing object | NPC hand.005
Fra:1 Mem:16.14M (Peak 16.14M) | Time:00:00.00 | Mem:0.00M, Peak:0.00M | Scene, ViewLayer | Synchronizing object | NPC sleeve.005
Fra:1 Mem:16.18M (Peak 16.18M) | Time:00:00.00 | Mem:0.00M, Peak:0.00M | Scene, ViewLayer | Synchronizing object | NPC boots.005
Fra:1 Mem:16.22M (Peak 16.22M) | Time:00:00.00 | Mem:0.00M, Peak:0.00M | Scene, ViewLayer | Synchronizing object | NPC hand.004
Fra:1 Mem:16.25M (Peak 16.25M) | Time:00:00.00 | Mem:0.00M, Peak:0.00M | Scene, ViewLayer | Synchronizing object | NPC sleeve.004
Fra:1 Mem:16.29M (Peak 16.29M) | Time:00:00.00 | Mem:0.00M, Peak:0.00M | Scene, ViewLayer | Synchronizing object | NPC boots.004
Fra:1 Mem:16.33M (Peak 16.33M) | Time:00:00.00 | Mem:0.00M, Peak:0.00M | Scene, ViewLayer | Synchronizing object | NPC head.002
Fra:1 Mem:16.36M (Peak 16.36M) | Time:00:00.00 | Mem:0.00M, Peak:0.00M | Scene, ViewLayer | Synchronizing object | NPC tunic.002
Fra:1 Mem:16.40M (Peak 16.40M) | Time:00:00.00 | Mem:0.00M, Peak:0.00M | Scene, ViewLayer | Synchronizing object | Anvil tapered horn
Fra:1 Mem:16.44M (Peak 16.44M) | Time:00:00.00 | Mem:0.00M, Peak:0.00M | Scene, ViewLayer | Synchronizing object | Forged anvil face
Fra:1 Mem:16.47M (Peak 16.47M) | Time:00:00.00 | Mem:0.00M, Peak:0.00M | Scene, ViewLayer | Synchronizing object | Anvil stump
Fra:1 Mem:16.48M (Peak 16.48M) | Time:00:00.00 | Mem:0.00M, Peak:0.00M | Scene, ViewLayer | Synchronizing object | Smith leather apron
Fra:1 Mem:16.51M (Peak 16.51M) | Time:00:00.00 | Mem:0.00M, Peak:0.00M | Scene, ViewLayer | Synchronizing object | Smith hammer head
Fra:1 Mem:16.54M (Peak 16.54M) | Time:00:00.00 | Mem:0.00M, Peak:0.00M | Scene, ViewLayer | Synchronizing object | Smith hammer handle
Fra:1 Mem:16.55M (Peak 16.55M) | Time:00:00.00 | Mem:0.00M, Peak:0.00M | Scene, ViewLayer | Synchronizing object | NPC hand.003
Fra:1 Mem:16.58M (Peak 16.58M) | Time:00:00.00 | Mem:0.00M, Peak:0.00M | Scene, ViewLayer | Synchronizing object | NPC sleeve.003
Fra:1 Mem:16.62M (Peak 16.62M) | Time:00:00.00 | Mem:0.00M, Peak:0.00M | Scene, ViewLayer | Synchronizing object | NPC boots.003
Fra:1 Mem:16.66M (Peak 16.66M) | Time:00:00.00 | Mem:0.00M, Peak:0.00M | Scene, ViewLayer | Synchronizing object | NPC hand.002
Fra:1 Mem:16.69M (Peak 16.69M) | Time:00:00.00 | Mem:0.00M, Peak:0.00M | Scene, ViewLayer | Synchronizing object | NPC sleeve.002
Fra:1 Mem:16.73M (Peak 16.73M) | Time:00:00.00 | Mem:0.00M, Peak:0.00M | Scene, ViewLayer | Synchronizing object | NPC boots.002
Fra:1 Mem:16.76M (Peak 16.76M) | Time:00:00.00 | Mem:0.00M, Peak:0.00M | Scene, ViewLayer | Synchronizing object | NPC head.001
Fra:1 Mem:16.80M (Peak 16.80M) | Time:00:00.00 | Mem:0.00M, Peak:0.00M | Scene, ViewLayer | Synchronizing object | NPC tunic.001
Fra:1 Mem:16.84M (Peak 16.84M) | Time:00:00.00 | Mem:0.00M, Peak:0.00M | Scene, ViewLayer | Synchronizing object | Shelf upright.001
Fra:1 Mem:16.87M (Peak 16.87M) | Time:00:00.00 | Mem:0.00M, Peak:0.00M | Scene, ViewLayer | Synchronizing object | Shelf upright
Fra:1 Mem:16.89M (Peak 16.89M) | Time:00:00.00 | Mem:0.00M, Peak:0.00M | Scene, ViewLayer | Synchronizing object | Wrapped provision.005
Fra:1 Mem:16.92M (Peak 16.92M) | Time:00:00.00 | Mem:0.00M, Peak:0.00M | Scene, ViewLayer | Synchronizing object | Potion stock.005
Fra:1 Mem:16.94M (Peak 16.94M) | Time:00:00.00 | Mem:0.00M, Peak:0.00M | Scene, ViewLayer | Synchronizing object | Wrapped provision.004
Fra:1 Mem:16.97M (Peak 16.97M) | Time:00:00.00 | Mem:0.00M, Peak:0.00M | Scene, ViewLayer | Synchronizing object | Potion stock.004
Fra:1 Mem:16.98M (Peak 16.98M) | Time:00:00.00 | Mem:0.00M, Peak:0.00M | Scene, ViewLayer | Synchronizing object | Merchant stocked shelf.002
Fra:1 Mem:17.01M (Peak 17.01M) | Time:00:00.00 | Mem:0.00M, Peak:0.00M | Scene, ViewLayer | Synchronizing object | Wrapped provision.003
Fra:1 Mem:17.04M (Peak 17.04M) | Time:00:00.00 | Mem:0.00M, Peak:0.00M | Scene, ViewLayer | Synchronizing object | Potion stock.003
Fra:1 Mem:17.05M (Peak 17.05M) | Time:00:00.00 | Mem:0.00M, Peak:0.00M | Scene, ViewLayer | Synchronizing object | Wrapped provision.002
Fra:1 Mem:17.08M (Peak 17.08M) | Time:00:00.00 | Mem:0.00M, Peak:0.00M | Scene, ViewLayer | Synchronizing object | Potion stock.002
Fra:1 Mem:17.09M (Peak 17.09M) | Time:00:00.00 | Mem:0.00M, Peak:0.00M | Scene, ViewLayer | Synchronizing object | Merchant stocked shelf.001
Fra:1 Mem:17.12M (Peak 17.12M) | Time:00:00.00 | Mem:0.00M, Peak:0.00M | Scene, ViewLayer | Synchronizing object | Wrapped provision.001
Fra:1 Mem:17.15M (Peak 17.15M) | Time:00:00.00 | Mem:0.00M, Peak:0.00M | Scene, ViewLayer | Synchronizing object | Potion stock.001
Fra:1 Mem:17.16M (Peak 17.16M) | Time:00:00.00 | Mem:0.00M, Peak:0.00M | Scene, ViewLayer | Synchronizing object | Wrapped provision
Fra:1 Mem:17.19M (Peak 17.19M) | Time:00:00.00 | Mem:0.00M, Peak:0.00M | Scene, ViewLayer | Synchronizing object | Potion stock
Fra:1 Mem:17.20M (Peak 17.20M) | Time:00:00.00 | Mem:0.00M, Peak:0.00M | Scene, ViewLayer | Synchronizing object | Merchant stocked shelf
Fra:1 Mem:17.23M (Peak 17.23M) | Time:00:00.00 | Mem:0.00M, Peak:0.00M | Scene, ViewLayer | Synchronizing object | Merchant cap
Fra:1 Mem:17.24M (Peak 17.24M) | Time:00:00.00 | Mem:0.00M, Peak:0.00M | Scene, ViewLayer | Synchronizing object | NPC hand.001
Fra:1 Mem:17.27M (Peak 17.27M) | Time:00:00.00 | Mem:0.00M, Peak:0.00M | Scene, ViewLayer | Synchronizing object | NPC sleeve.001
Fra:1 Mem:17.31M (Peak 17.31M) | Time:00:00.00 | Mem:0.00M, Peak:0.00M | Scene, ViewLayer | Synchronizing object | NPC boots.001
Fra:1 Mem:17.35M (Peak 17.35M) | Time:00:00.00 | Mem:0.00M, Peak:0.00M | Scene, ViewLayer | Synchronizing object | NPC hand
Fra:1 Mem:17.38M (Peak 17.38M) | Time:00:00.00 | Mem:0.00M, Peak:0.00M | Scene, ViewLayer | Synchronizing object | NPC sleeve
Fra:1 Mem:17.42M (Peak 17.42M) | Time:00:00.00 | Mem:0.00M, Peak:0.00M | Scene, ViewLayer | Synchronizing object | NPC boots
Fra:1 Mem:17.46M (Peak 17.46M) | Time:00:00.00 | Mem:0.00M, Peak:0.00M | Scene, ViewLayer | Synchronizing object | NPC head
Fra:1 Mem:17.49M (Peak 17.49M) | Time:00:00.00 | Mem:0.00M, Peak:0.00M | Scene, ViewLayer | Synchronizing object | NPC tunic
Fra:1 Mem:17.53M (Peak 17.53M) | Time:00:00.00 | Mem:0.00M, Peak:0.00M | Scene, ViewLayer | Initializing
Fra:1 Mem:15.29M (Peak 17.53M) | Time:00:00.00 | Mem:0.00M, Peak:0.00M | Scene, ViewLayer | Waiting for render to start
Fra:1 Mem:15.29M (Peak 17.53M) | Time:00:00.00 | Mem:0.00M, Peak:0.00M | Scene, ViewLayer | Loading render kernels (may take a few minutes the first time)
Fra:1 Mem:15.29M (Peak 17.53M) | Time:00:00.00 | Mem:0.00M, Peak:0.00M | Scene, ViewLayer | Updating Scene
Fra:1 Mem:15.29M (Peak 17.53M) | Time:00:00.00 | Mem:0.00M, Peak:0.00M | Scene, ViewLayer | Updating Shaders
Fra:1 Mem:15.38M (Peak 17.53M) | Time:00:00.00 | Mem:0.01M, Peak:0.01M | Scene, ViewLayer | Updating Procedurals
Fra:1 Mem:15.38M (Peak 17.53M) | Time:00:00.00 | Mem:0.01M, Peak:0.01M | Scene, ViewLayer | Updating Background
Fra:1 Mem:15.38M (Peak 17.53M) | Time:00:00.00 | Mem:0.01M, Peak:0.01M | Scene, ViewLayer | Updating Camera
Fra:1 Mem:15.38M (Peak 17.53M) | Time:00:00.00 | Mem:0.01M, Peak:0.01M | Scene, ViewLayer | Updating Meshes Flags
Fra:1 Mem:15.38M (Peak 17.53M) | Time:00:00.00 | Mem:0.01M, Peak:0.01M | Scene, ViewLayer | Updating Objects
Fra:1 Mem:15.38M (Peak 17.53M) | Time:00:00.00 | Mem:0.01M, Peak:0.01M | Scene, ViewLayer | Updating Objects | Copying Transformations to device
Fra:1 Mem:15.40M (Peak 17.53M) | Time:00:00.00 | Mem:0.02M, Peak:0.02M | Scene, ViewLayer | Updating Objects | Applying Static Transformations
Fra:1 Mem:15.40M (Peak 17.53M) | Time:00:00.00 | Mem:0.02M, Peak:0.02M | Scene, ViewLayer | Updating Particle Systems
Fra:1 Mem:15.40M (Peak 17.53M) | Time:00:00.00 | Mem:0.02M, Peak:0.02M | Scene, ViewLayer | Updating Particle Systems | Copying Particles to device
Fra:1 Mem:15.40M (Peak 17.53M) | Time:00:00.00 | Mem:0.02M, Peak:0.02M | Scene, ViewLayer | Updating Meshes
Fra:1 Mem:15.67M (Peak 17.53M) | Time:00:00.00 | Mem:0.02M, Peak:0.02M | Scene, ViewLayer | Updating Mesh | Computing attributes
Fra:1 Mem:15.81M (Peak 17.53M) | Time:00:00.00 | Mem:0.02M, Peak:0.02M | Scene, ViewLayer | Updating Mesh | Copying Attributes to device
Fra:1 Mem:15.81M (Peak 17.53M) | Time:00:00.00 | Mem:0.15M, Peak:0.15M | Scene, ViewLayer | Updating Scene BVH | Building
Fra:1 Mem:15.81M (Peak 17.53M) | Time:00:00.00 | Mem:0.15M, Peak:0.15M | Scene, ViewLayer | Updating Scene BVH | Building BVH
Fra:1 Mem:15.81M (Peak 17.53M) | Time:00:00.00 | Mem:0.71M, Peak:0.71M | Scene, ViewLayer | Updating Scene BVH | Building BVH 0%
Fra:1 Mem:15.81M (Peak 17.53M) | Time:00:00.01 | Mem:1.31M, Peak:1.86M | Scene, ViewLayer | Updating Scene BVH | Copying BVH to device
Fra:1 Mem:15.81M (Peak 17.53M) | Time:00:00.01 | Mem:1.31M, Peak:1.86M | Scene, ViewLayer | Updating Mesh | Computing normals
Fra:1 Mem:16.50M (Peak 17.53M) | Time:00:00.01 | Mem:1.31M, Peak:1.86M | Scene, ViewLayer | Updating Mesh | Copying Mesh to device
Fra:1 Mem:16.50M (Peak 17.53M) | Time:00:00.01 | Mem:2.00M, Peak:2.00M | Scene, ViewLayer | Updating Objects Flags
Fra:1 Mem:16.50M (Peak 17.53M) | Time:00:00.01 | Mem:2.00M, Peak:2.00M | Scene, ViewLayer | Updating Primitive Offsets
Fra:1 Mem:16.50M (Peak 17.53M) | Time:00:00.01 | Mem:2.00M, Peak:2.00M | Scene, ViewLayer | Updating Images
Fra:1 Mem:16.50M (Peak 17.53M) | Time:00:00.01 | Mem:2.00M, Peak:2.00M | Scene, ViewLayer | Updating Camera Volume
Fra:1 Mem:16.50M (Peak 17.53M) | Time:00:00.01 | Mem:2.00M, Peak:2.00M | Scene, ViewLayer | Updating Lookup Tables
Fra:1 Mem:16.50M (Peak 17.53M) | Time:00:00.01 | Mem:2.08M, Peak:2.08M | Scene, ViewLayer | Updating Lights
Fra:1 Mem:16.50M (Peak 17.53M) | Time:00:00.01 | Mem:2.09M, Peak:2.09M | Scene, ViewLayer | Updating Lights | Computing tree
Fra:1 Mem:16.50M (Peak 17.53M) | Time:00:00.01 | Mem:2.09M, Peak:2.09M | Scene, ViewLayer | Updating Integrator
Fra:1 Mem:16.50M (Peak 17.53M) | Time:00:00.01 | Mem:2.09M, Peak:2.09M | Scene, ViewLayer | Updating Film
Fra:1 Mem:16.51M (Peak 17.53M) | Time:00:00.01 | Mem:2.00M, Peak:2.09M | Scene, ViewLayer | Updating Lookup Tables
Fra:1 Mem:16.51M (Peak 17.53M) | Time:00:00.01 | Mem:2.09M, Peak:2.09M | Scene, ViewLayer | Updating Baking
Fra:1 Mem:16.51M (Peak 17.53M) | Time:00:00.01 | Mem:2.09M, Peak:2.09M | Scene, ViewLayer | Updating Device | Writing constant memory
Fra:1 Mem:16.51M (Peak 17.53M) | Time:00:00.01 | Mem:2.09M, Peak:2.09M | Scene, ViewLayer | Sample 0/16
Fra:1 Mem:38.76M (Peak 38.76M) | Time:00:00.70 | Remaining:00:10.34 | Mem:24.34M, Peak:24.34M | Scene, ViewLayer | Sample 1/16
Fra:1 Mem:48.65M (Peak 68.43M) | Time:00:11.75 | Mem:24.34M, Peak:24.34M | Scene, ViewLayer | Sample 16/16
Fra:1 Mem:48.65M (Peak 68.43M) | Time:00:11.75 | Mem:24.34M, Peak:24.34M | Scene, ViewLayer | Finished
Saved: '/workspace/scratch/blender-upgrade/f4-scenery/ArtSource/FixedScenery/role-1-before.png'
Time: 00:11.81 (Saving: 00:00.06)


Blender quit
F4_CAMERA {"sample": 5, "role": "1", "state": "after", "center": [4.499912261962891, 9.99996280670166, 1.0], "location": [6.454912185668945, 7.109962463378906, 2.7849998474121094], "rotation": [1.0979225635528564, 9.749180662765866e-08, 0.5947591662406921], "ortho_scale": 2.9749999046325684}
Blender 4.3.2
Fra:1 Mem:15.57M (Peak 15.57M) | Time:00:00.00 | Mem:0.00M, Peak:0.00M | Scene, ViewLayer | Synchronizing object | Plane
Fra:1 Mem:15.57M (Peak 15.57M) | Time:00:00.00 | Mem:0.00M, Peak:0.00M | Scene, ViewLayer | Synchronizing object | Chart constellation.004
Fra:1 Mem:15.60M (Peak 15.60M) | Time:00:00.00 | Mem:0.00M, Peak:0.00M | Scene, ViewLayer | Synchronizing object | Chart constellation.003
Fra:1 Mem:15.64M (Peak 15.64M) | Time:00:00.00 | Mem:0.00M, Peak:0.00M | Scene, ViewLayer | Synchronizing object | Chart constellation.002
Fra:1 Mem:15.67M (Peak 15.67M) | Time:00:00.00 | Mem:0.00M, Peak:0.00M | Scene, ViewLayer | Synchronizing object | Chart constellation.001
Fra:1 Mem:15.71M (Peak 15.71M) | Time:00:00.00 | Mem:0.00M, Peak:0.00M | Scene, ViewLayer | Synchronizing object | Chart constellation
Fra:1 Mem:15.74M (Peak 15.74M) | Time:00:00.00 | Mem:0.00M, Peak:0.00M | Scene, ViewLayer | Synchronizing object | Turning exchange star chart
Fra:1 Mem:15.79M (Peak 15.79M) | Time:00:00.00 | Mem:0.00M, Peak:0.00M | Scene, ViewLayer | Synchronizing object | Star chart table
Fra:1 Mem:15.80M (Peak 15.80M) | Time:00:00.00 | Mem:0.00M, Peak:0.00M | Scene, ViewLayer | Synchronizing object | Exchange lectern
Fra:1 Mem:15.81M (Peak 15.81M) | Time:00:00.00 | Mem:0.00M, Peak:0.00M | Scene, ViewLayer | Synchronizing object | NPC hand.005
Fra:1 Mem:15.85M (Peak 15.85M) | Time:00:00.00 | Mem:0.00M, Peak:0.00M | Scene, ViewLayer | Synchronizing object | NPC sleeve.005
Fra:1 Mem:15.86M (Peak 15.86M) | Time:00:00.00 | Mem:0.00M, Peak:0.00M | Scene, ViewLayer | Synchronizing object | NPC boots.005
Fra:1 Mem:15.88M (Peak 15.88M) | Time:00:00.00 | Mem:0.00M, Peak:0.00M | Scene, ViewLayer | Synchronizing object | NPC hand.004
Fra:1 Mem:15.92M (Peak 15.92M) | Time:00:00.00 | Mem:0.00M, Peak:0.00M | Scene, ViewLayer | Synchronizing object | NPC sleeve.004
Fra:1 Mem:15.94M (Peak 15.94M) | Time:00:00.00 | Mem:0.00M, Peak:0.00M | Scene, ViewLayer | Synchronizing object | NPC boots.004
Fra:1 Mem:15.95M (Peak 15.95M) | Time:00:00.00 | Mem:0.00M, Peak:0.00M | Scene, ViewLayer | Synchronizing object | NPC head.002
Fra:1 Mem:15.98M (Peak 15.98M) | Time:00:00.00 | Mem:0.00M, Peak:0.00M | Scene, ViewLayer | Synchronizing object | NPC tunic.002
Fra:1 Mem:16.00M (Peak 16.00M) | Time:00:00.00 | Mem:0.00M, Peak:0.00M | Scene, ViewLayer | Synchronizing object | Anvil tapered horn
Fra:1 Mem:16.04M (Peak 16.04M) | Time:00:00.00 | Mem:0.00M, Peak:0.00M | Scene, ViewLayer | Synchronizing object | Forged anvil face
Fra:1 Mem:16.06M (Peak 16.06M) | Time:00:00.00 | Mem:0.00M, Peak:0.00M | Scene, ViewLayer | Synchronizing object | Anvil stump
Fra:1 Mem:16.08M (Peak 16.08M) | Time:00:00.00 | Mem:0.00M, Peak:0.00M | Scene, ViewLayer | Synchronizing object | Smith leather apron
Fra:1 Mem:16.09M (Peak 16.09M) | Time:00:00.00 | Mem:0.00M, Peak:0.00M | Scene, ViewLayer | Synchronizing object | Smith hammer head
Fra:1 Mem:16.12M (Peak 16.12M) | Time:00:00.00 | Mem:0.00M, Peak:0.00M | Scene, ViewLayer | Synchronizing object | Smith hammer handle
Fra:1 Mem:16.14M (Peak 16.14M) | Time:00:00.00 | Mem:0.00M, Peak:0.00M | Scene, ViewLayer | Synchronizing object | NPC hand.003
Fra:1 Mem:16.17M (Peak 16.17M) | Time:00:00.00 | Mem:0.00M, Peak:0.00M | Scene, ViewLayer | Synchronizing object | NPC sleeve.003
Fra:1 Mem:16.19M (Peak 16.19M) | Time:00:00.00 | Mem:0.00M, Peak:0.00M | Scene, ViewLayer | Synchronizing object | NPC boots.003
Fra:1 Mem:16.21M (Peak 16.21M) | Time:00:00.00 | Mem:0.00M, Peak:0.00M | Scene, ViewLayer | Synchronizing object | NPC hand.002
Fra:1 Mem:16.24M (Peak 16.24M) | Time:00:00.00 | Mem:0.00M, Peak:0.00M | Scene, ViewLayer | Synchronizing object | NPC sleeve.002
Fra:1 Mem:16.26M (Peak 16.26M) | Time:00:00.00 | Mem:0.00M, Peak:0.00M | Scene, ViewLayer | Synchronizing object | NPC boots.002
Fra:1 Mem:16.28M (Peak 16.28M) | Time:00:00.00 | Mem:0.00M, Peak:0.00M | Scene, ViewLayer | Synchronizing object | NPC head.001
Fra:1 Mem:16.30M (Peak 16.30M) | Time:00:00.00 | Mem:0.00M, Peak:0.00M | Scene, ViewLayer | Synchronizing object | NPC tunic.001
Fra:1 Mem:16.33M (Peak 16.33M) | Time:00:00.00 | Mem:0.00M, Peak:0.00M | Scene, ViewLayer | Synchronizing object | Shelf upright.001
Fra:1 Mem:16.35M (Peak 16.35M) | Time:00:00.00 | Mem:0.00M, Peak:0.00M | Scene, ViewLayer | Synchronizing object | Shelf upright
Fra:1 Mem:16.38M (Peak 16.38M) | Time:00:00.00 | Mem:0.00M, Peak:0.00M | Scene, ViewLayer | Synchronizing object | Wrapped provision.005
Fra:1 Mem:16.41M (Peak 16.41M) | Time:00:00.00 | Mem:0.00M, Peak:0.00M | Scene, ViewLayer | Synchronizing object | Potion stock.005
Fra:1 Mem:16.43M (Peak 16.43M) | Time:00:00.00 | Mem:0.00M, Peak:0.00M | Scene, ViewLayer | Synchronizing object | Wrapped provision.004
Fra:1 Mem:16.45M (Peak 16.45M) | Time:00:00.00 | Mem:0.00M, Peak:0.00M | Scene, ViewLayer | Synchronizing object | Potion stock.004
Fra:1 Mem:16.47M (Peak 16.47M) | Time:00:00.00 | Mem:0.00M, Peak:0.00M | Scene, ViewLayer | Synchronizing object | Merchant stocked shelf.002
Fra:1 Mem:16.48M (Peak 16.48M) | Time:00:00.00 | Mem:0.00M, Peak:0.00M | Scene, ViewLayer | Synchronizing object | Wrapped provision.003
Fra:1 Mem:16.51M (Peak 16.51M) | Time:00:00.00 | Mem:0.00M, Peak:0.00M | Scene, ViewLayer | Synchronizing object | Potion stock.003
Fra:1 Mem:16.52M (Peak 16.52M) | Time:00:00.00 | Mem:0.00M, Peak:0.00M | Scene, ViewLayer | Synchronizing object | Wrapped provision.002
Fra:1 Mem:16.55M (Peak 16.55M) | Time:00:00.00 | Mem:0.00M, Peak:0.00M | Scene, ViewLayer | Synchronizing object | Potion stock.002
Fra:1 Mem:16.56M (Peak 16.56M) | Time:00:00.00 | Mem:0.00M, Peak:0.00M | Scene, ViewLayer | Synchronizing object | Merchant stocked shelf.001
Fra:1 Mem:16.57M (Peak 16.57M) | Time:00:00.00 | Mem:0.00M, Peak:0.00M | Scene, ViewLayer | Synchronizing object | Wrapped provision.001
Fra:1 Mem:16.60M (Peak 16.60M) | Time:00:00.00 | Mem:0.00M, Peak:0.00M | Scene, ViewLayer | Synchronizing object | Potion stock.001
Fra:1 Mem:16.61M (Peak 16.61M) | Time:00:00.00 | Mem:0.00M, Peak:0.00M | Scene, ViewLayer | Synchronizing object | Wrapped provision
Fra:1 Mem:16.64M (Peak 16.64M) | Time:00:00.00 | Mem:0.00M, Peak:0.00M | Scene, ViewLayer | Synchronizing object | Potion stock
Fra:1 Mem:16.65M (Peak 16.65M) | Time:00:00.00 | Mem:0.00M, Peak:0.00M | Scene, ViewLayer | Synchronizing object | Merchant stocked shelf
Fra:1 Mem:16.66M (Peak 16.66M) | Time:00:00.00 | Mem:0.00M, Peak:0.00M | Scene, ViewLayer | Synchronizing object | Merchant cap
Fra:1 Mem:16.69M (Peak 16.69M) | Time:00:00.00 | Mem:0.00M, Peak:0.00M | Scene, ViewLayer | Synchronizing object | NPC hand.001
Fra:1 Mem:16.73M (Peak 16.73M) | Time:00:00.00 | Mem:0.00M, Peak:0.00M | Scene, ViewLayer | Synchronizing object | NPC sleeve.001
Fra:1 Mem:16.74M (Peak 16.74M) | Time:00:00.00 | Mem:0.00M, Peak:0.00M | Scene, ViewLayer | Synchronizing object | NPC boots.001
Fra:1 Mem:16.76M (Peak 16.76M) | Time:00:00.00 | Mem:0.00M, Peak:0.00M | Scene, ViewLayer | Synchronizing object | NPC hand
Fra:1 Mem:16.80M (Peak 16.80M) | Time:00:00.00 | Mem:0.00M, Peak:0.00M | Scene, ViewLayer | Synchronizing object | NPC sleeve
Fra:1 Mem:16.81M (Peak 16.81M) | Time:00:00.00 | Mem:0.00M, Peak:0.00M | Scene, ViewLayer | Synchronizing object | NPC boots
Fra:1 Mem:16.83M (Peak 16.83M) | Time:00:00.00 | Mem:0.00M, Peak:0.00M | Scene, ViewLayer | Synchronizing object | NPC head
Fra:1 Mem:16.86M (Peak 16.86M) | Time:00:00.00 | Mem:0.00M, Peak:0.00M | Scene, ViewLayer | Synchronizing object | NPC tunic
Fra:1 Mem:16.88M (Peak 16.88M) | Time:00:00.00 | Mem:0.00M, Peak:0.00M | Scene, ViewLayer | Initializing
Fra:1 Mem:14.65M (Peak 16.88M) | Time:00:00.00 | Mem:0.00M, Peak:0.00M | Scene, ViewLayer | Waiting for render to start
Fra:1 Mem:14.65M (Peak 16.88M) | Time:00:00.00 | Mem:0.00M, Peak:0.00M | Scene, ViewLayer | Loading render kernels (may take a few minutes the first time)
Fra:1 Mem:14.65M (Peak 16.88M) | Time:00:00.00 | Mem:0.00M, Peak:0.00M | Scene, ViewLayer | Updating Scene
Fra:1 Mem:14.65M (Peak 16.88M) | Time:00:00.00 | Mem:0.00M, Peak:0.00M | Scene, ViewLayer | Updating Shaders
Fra:1 Mem:14.74M (Peak 16.88M) | Time:00:00.00 | Mem:0.01M, Peak:0.01M | Scene, ViewLayer | Updating Procedurals
Fra:1 Mem:14.74M (Peak 16.88M) | Time:00:00.00 | Mem:0.01M, Peak:0.01M | Scene, ViewLayer | Updating Background
Fra:1 Mem:14.74M (Peak 16.88M) | Time:00:00.00 | Mem:0.01M, Peak:0.01M | Scene, ViewLayer | Updating Camera
Fra:1 Mem:14.74M (Peak 16.88M) | Time:00:00.00 | Mem:0.01M, Peak:0.01M | Scene, ViewLayer | Updating Meshes Flags
Fra:1 Mem:14.74M (Peak 16.88M) | Time:00:00.00 | Mem:0.01M, Peak:0.01M | Scene, ViewLayer | Updating Objects
Fra:1 Mem:14.74M (Peak 16.88M) | Time:00:00.00 | Mem:0.01M, Peak:0.01M | Scene, ViewLayer | Updating Objects | Copying Transformations to device
Fra:1 Mem:14.75M (Peak 16.88M) | Time:00:00.00 | Mem:0.02M, Peak:0.02M | Scene, ViewLayer | Updating Objects | Applying Static Transformations
Fra:1 Mem:14.75M (Peak 16.88M) | Time:00:00.00 | Mem:0.02M, Peak:0.02M | Scene, ViewLayer | Updating Particle Systems
Fra:1 Mem:14.75M (Peak 16.88M) | Time:00:00.00 | Mem:0.02M, Peak:0.02M | Scene, ViewLayer | Updating Particle Systems | Copying Particles to device
Fra:1 Mem:14.75M (Peak 16.88M) | Time:00:00.00 | Mem:0.02M, Peak:0.02M | Scene, ViewLayer | Updating Meshes
Fra:1 Mem:14.91M (Peak 16.88M) | Time:00:00.00 | Mem:0.02M, Peak:0.02M | Scene, ViewLayer | Updating Mesh | Computing attributes
Fra:1 Mem:15.06M (Peak 16.88M) | Time:00:00.00 | Mem:0.02M, Peak:0.02M | Scene, ViewLayer | Updating Mesh | Copying Attributes to device
Fra:1 Mem:15.05M (Peak 16.88M) | Time:00:00.00 | Mem:0.16M, Peak:0.16M | Scene, ViewLayer | Updating Scene BVH | Building
Fra:1 Mem:15.05M (Peak 16.88M) | Time:00:00.00 | Mem:0.16M, Peak:0.16M | Scene, ViewLayer | Updating Scene BVH | Building BVH
Fra:1 Mem:15.05M (Peak 16.88M) | Time:00:00.00 | Mem:0.49M, Peak:0.49M | Scene, ViewLayer | Updating Scene BVH | Building BVH 0%
Fra:1 Mem:15.05M (Peak 16.88M) | Time:00:00.01 | Mem:0.85M, Peak:1.18M | Scene, ViewLayer | Updating Scene BVH | Copying BVH to device
Fra:1 Mem:15.05M (Peak 16.88M) | Time:00:00.01 | Mem:0.85M, Peak:1.18M | Scene, ViewLayer | Updating Mesh | Computing normals
Fra:1 Mem:15.62M (Peak 16.88M) | Time:00:00.01 | Mem:0.85M, Peak:1.18M | Scene, ViewLayer | Updating Mesh | Copying Mesh to device
Fra:1 Mem:15.62M (Peak 16.88M) | Time:00:00.01 | Mem:1.42M, Peak:1.42M | Scene, ViewLayer | Updating Objects Flags
Fra:1 Mem:15.62M (Peak 16.88M) | Time:00:00.01 | Mem:1.42M, Peak:1.42M | Scene, ViewLayer | Updating Primitive Offsets
Fra:1 Mem:15.62M (Peak 16.88M) | Time:00:00.01 | Mem:1.42M, Peak:1.42M | Scene, ViewLayer | Updating Images
Fra:1 Mem:15.62M (Peak 16.88M) | Time:00:00.01 | Mem:1.42M, Peak:1.42M | Scene, ViewLayer | Updating Camera Volume
Fra:1 Mem:15.62M (Peak 16.88M) | Time:00:00.01 | Mem:1.42M, Peak:1.42M | Scene, ViewLayer | Updating Lookup Tables
Fra:1 Mem:15.62M (Peak 16.88M) | Time:00:00.01 | Mem:1.50M, Peak:1.50M | Scene, ViewLayer | Updating Lights
Fra:1 Mem:15.62M (Peak 16.88M) | Time:00:00.01 | Mem:1.50M, Peak:1.50M | Scene, ViewLayer | Updating Lights | Computing tree
Fra:1 Mem:15.62M (Peak 16.88M) | Time:00:00.01 | Mem:1.50M, Peak:1.50M | Scene, ViewLayer | Updating Integrator
Fra:1 Mem:15.62M (Peak 16.88M) | Time:00:00.01 | Mem:1.50M, Peak:1.50M | Scene, ViewLayer | Updating Film
Fra:1 Mem:15.63M (Peak 16.88M) | Time:00:00.01 | Mem:1.42M, Peak:1.50M | Scene, ViewLayer | Updating Lookup Tables
Fra:1 Mem:15.63M (Peak 16.88M) | Time:00:00.01 | Mem:1.50M, Peak:1.50M | Scene, ViewLayer | Updating Baking
Fra:1 Mem:15.63M (Peak 16.88M) | Time:00:00.01 | Mem:1.50M, Peak:1.50M | Scene, ViewLayer | Updating Device | Writing constant memory
Fra:1 Mem:15.63M (Peak 16.88M) | Time:00:00.01 | Mem:1.50M, Peak:1.50M | Scene, ViewLayer | Sample 0/16
Fra:1 Mem:37.88M (Peak 37.88M) | Time:00:00.64 | Remaining:00:09.49 | Mem:23.75M, Peak:23.75M | Scene, ViewLayer | Sample 1/16
Fra:1 Mem:47.77M (Peak 67.55M) | Time:00:09.53 | Mem:23.75M, Peak:23.75M | Scene, ViewLayer | Sample 16/16
Fra:1 Mem:47.77M (Peak 67.55M) | Time:00:09.53 | Mem:23.75M, Peak:23.75M | Scene, ViewLayer | Finished
Saved: '/workspace/scratch/blender-upgrade/f4-scenery/ArtSource/FixedScenery/role-1-after.png'
Time: 00:09.62 (Saving: 00:00.08)


Blender quit
F4_CAMERA {"sample": 5, "role": "2", "state": "before", "center": [-8.793462620815262e-05, 5.499962329864502, 1.0], "location": [1.9549120664596558, 2.609962224960327, 2.7849998474121094], "rotation": [1.097922444343567, -7.404919699638413e-08, 0.5947592258453369], "ortho_scale": 2.9749999046325684}
Blender 4.3.2
Fra:1 Mem:15.83M (Peak 15.83M) | Time:00:00.00 | Mem:0.00M, Peak:0.00M | Scene, ViewLayer | Synchronizing object | NPC tunic
Fra:1 Mem:15.88M (Peak 15.88M) | Time:00:00.00 | Mem:0.00M, Peak:0.00M | Scene, ViewLayer | Synchronizing object | NPC head
Fra:1 Mem:15.92M (Peak 15.92M) | Time:00:00.00 | Mem:0.00M, Peak:0.00M | Scene, ViewLayer | Synchronizing object | NPC boots
Fra:1 Mem:15.95M (Peak 15.95M) | Time:00:00.00 | Mem:0.00M, Peak:0.00M | Scene, ViewLayer | Synchronizing object | Plane
Fra:1 Mem:15.96M (Peak 15.96M) | Time:00:00.00 | Mem:0.00M, Peak:0.00M | Scene, ViewLayer | Synchronizing object | NPC sleeve
Fra:1 Mem:15.99M (Peak 15.99M) | Time:00:00.00 | Mem:0.00M, Peak:0.00M | Scene, ViewLayer | Synchronizing object | Chart constellation.004
Fra:1 Mem:16.02M (Peak 16.02M) | Time:00:00.00 | Mem:0.00M, Peak:0.00M | Scene, ViewLayer | Synchronizing object | NPC hand
Fra:1 Mem:16.06M (Peak 16.06M) | Time:00:00.00 | Mem:0.00M, Peak:0.00M | Scene, ViewLayer | Synchronizing object | Chart constellation.003
Fra:1 Mem:16.09M (Peak 16.09M) | Time:00:00.00 | Mem:0.00M, Peak:0.00M | Scene, ViewLayer | Synchronizing object | NPC boots.001
Fra:1 Mem:16.13M (Peak 16.13M) | Time:00:00.00 | Mem:0.00M, Peak:0.00M | Scene, ViewLayer | Synchronizing object | Chart constellation.002
Fra:1 Mem:16.16M (Peak 16.16M) | Time:00:00.00 | Mem:0.00M, Peak:0.00M | Scene, ViewLayer | Synchronizing object | NPC sleeve.001
Fra:1 Mem:16.20M (Peak 16.20M) | Time:00:00.00 | Mem:0.00M, Peak:0.00M | Scene, ViewLayer | Synchronizing object | Chart constellation.001
Fra:1 Mem:16.24M (Peak 16.24M) | Time:00:00.00 | Mem:0.00M, Peak:0.00M | Scene, ViewLayer | Synchronizing object | NPC hand.001
Fra:1 Mem:16.27M (Peak 16.27M) | Time:00:00.00 | Mem:0.00M, Peak:0.00M | Scene, ViewLayer | Synchronizing object | Chart constellation
Fra:1 Mem:16.30M (Peak 16.30M) | Time:00:00.00 | Mem:0.00M, Peak:0.00M | Scene, ViewLayer | Synchronizing object | Merchant cap
Fra:1 Mem:16.32M (Peak 16.32M) | Time:00:00.00 | Mem:0.00M, Peak:0.00M | Scene, ViewLayer | Synchronizing object | Merchant stocked shelf
Fra:1 Mem:16.33M (Peak 16.33M) | Time:00:00.00 | Mem:0.00M, Peak:0.00M | Scene, ViewLayer | Synchronizing object | Turning exchange star chart
Fra:1 Mem:16.39M (Peak 16.39M) | Time:00:00.00 | Mem:0.00M, Peak:0.00M | Scene, ViewLayer | Synchronizing object | Potion stock
Fra:1 Mem:16.41M (Peak 16.41M) | Time:00:00.00 | Mem:0.00M, Peak:0.00M | Scene, ViewLayer | Synchronizing object | Wrapped provision
Fra:1 Mem:16.41M (Peak 16.41M) | Time:00:00.00 | Mem:0.00M, Peak:0.00M | Scene, ViewLayer | Synchronizing object | Star chart table
Fra:1 Mem:16.45M (Peak 16.45M) | Time:00:00.00 | Mem:0.00M, Peak:0.00M | Scene, ViewLayer | Synchronizing object | Exchange lectern
Fra:1 Mem:16.48M (Peak 16.48M) | Time:00:00.00 | Mem:0.00M, Peak:0.00M | Scene, ViewLayer | Synchronizing object | Potion stock.001
Fra:1 Mem:16.49M (Peak 16.49M) | Time:00:00.00 | Mem:0.00M, Peak:0.00M | Scene, ViewLayer | Synchronizing object | Wrapped provision.001
Fra:1 Mem:16.50M (Peak 16.50M) | Time:00:00.00 | Mem:0.00M, Peak:0.00M | Scene, ViewLayer | Synchronizing object | NPC hand.005
Fra:1 Mem:16.55M (Peak 16.55M) | Time:00:00.00 | Mem:0.00M, Peak:0.00M | Scene, ViewLayer | Synchronizing object | Merchant stocked shelf.001
Fra:1 Mem:16.57M (Peak 16.57M) | Time:00:00.00 | Mem:0.00M, Peak:0.00M | Scene, ViewLayer | Synchronizing object | NPC sleeve.005
Fra:1 Mem:16.62M (Peak 16.62M) | Time:00:00.00 | Mem:0.00M, Peak:0.00M | Scene, ViewLayer | Synchronizing object | Potion stock.002
Fra:1 Mem:16.64M (Peak 16.64M) | Time:00:00.00 | Mem:0.00M, Peak:0.00M | Scene, ViewLayer | Synchronizing object | NPC boots.005
Fra:1 Mem:16.66M (Peak 16.66M) | Time:00:00.00 | Mem:0.00M, Peak:0.00M | Scene, ViewLayer | Synchronizing object | Wrapped provision.002
Fra:1 Mem:16.69M (Peak 16.69M) | Time:00:00.00 | Mem:0.00M, Peak:0.00M | Scene, ViewLayer | Synchronizing object | NPC hand.004
Fra:1 Mem:16.73M (Peak 16.73M) | Time:00:00.00 | Mem:0.00M, Peak:0.00M | Scene, ViewLayer | Synchronizing object | Potion stock.003
Fra:1 Mem:16.75M (Peak 16.75M) | Time:00:00.00 | Mem:0.00M, Peak:0.00M | Scene, ViewLayer | Synchronizing object | NPC sleeve.004
Fra:1 Mem:16.75M (Peak 16.75M) | Time:00:00.00 | Mem:0.00M, Peak:0.00M | Scene, ViewLayer | Synchronizing object | Wrapped provision.003
Fra:1 Mem:16.81M (Peak 16.81M) | Time:00:00.00 | Mem:0.00M, Peak:0.00M | Scene, ViewLayer | Synchronizing object | Merchant stocked shelf.002
Fra:1 Mem:16.82M (Peak 16.82M) | Time:00:00.00 | Mem:0.00M, Peak:0.00M | Scene, ViewLayer | Synchronizing object | NPC boots.004
Fra:1 Mem:16.87M (Peak 16.87M) | Time:00:00.00 | Mem:0.00M, Peak:0.00M | Scene, ViewLayer | Synchronizing object | Potion stock.004
Fra:1 Mem:16.89M (Peak 16.89M) | Time:00:00.00 | Mem:0.00M, Peak:0.00M | Scene, ViewLayer | Synchronizing object | NPC head.002
Fra:1 Mem:16.90M (Peak 16.90M) | Time:00:00.00 | Mem:0.00M, Peak:0.00M | Scene, ViewLayer | Synchronizing object | Wrapped provision.004
Fra:1 Mem:16.95M (Peak 16.95M) | Time:00:00.00 | Mem:0.00M, Peak:0.00M | Scene, ViewLayer | Synchronizing object | NPC tunic.002
Fra:1 Mem:16.97M (Peak 16.97M) | Time:00:00.00 | Mem:0.00M, Peak:0.00M | Scene, ViewLayer | Synchronizing object | Potion stock.005
Fra:1 Mem:17.00M (Peak 17.00M) | Time:00:00.00 | Mem:0.00M, Peak:0.00M | Scene, ViewLayer | Synchronizing object | Wrapped provision.005
Fra:1 Mem:17.03M (Peak 17.03M) | Time:00:00.00 | Mem:0.00M, Peak:0.00M | Scene, ViewLayer | Synchronizing object | Anvil tapered horn
Fra:1 Mem:17.06M (Peak 17.06M) | Time:00:00.00 | Mem:0.00M, Peak:0.00M | Scene, ViewLayer | Synchronizing object | Shelf upright
Fra:1 Mem:17.10M (Peak 17.10M) | Time:00:00.00 | Mem:0.00M, Peak:0.00M | Scene, ViewLayer | Synchronizing object | Forged anvil face
Fra:1 Mem:17.12M (Peak 17.12M) | Time:00:00.00 | Mem:0.00M, Peak:0.00M | Scene, ViewLayer | Synchronizing object | Shelf upright.001
Fra:1 Mem:17.15M (Peak 17.15M) | Time:00:00.00 | Mem:0.00M, Peak:0.00M | Scene, ViewLayer | Synchronizing object | Anvil stump
Fra:1 Mem:17.17M (Peak 17.17M) | Time:00:00.00 | Mem:0.00M, Peak:0.00M | Scene, ViewLayer | Synchronizing object | Smith leather apron
Fra:1 Mem:17.19M (Peak 17.19M) | Time:00:00.00 | Mem:0.00M, Peak:0.00M | Scene, ViewLayer | Synchronizing object | NPC tunic.001
Fra:1 Mem:17.23M (Peak 17.23M) | Time:00:00.00 | Mem:0.00M, Peak:0.00M | Scene, ViewLayer | Synchronizing object | Smith hammer head
Fra:1 Mem:17.26M (Peak 17.26M) | Time:00:00.00 | Mem:0.00M, Peak:0.00M | Scene, ViewLayer | Synchronizing object | NPC head.001
Fra:1 Mem:17.29M (Peak 17.29M) | Time:00:00.00 | Mem:0.00M, Peak:0.00M | Scene, ViewLayer | Synchronizing object | Smith hammer handle
Fra:1 Mem:17.31M (Peak 17.31M) | Time:00:00.00 | Mem:0.00M, Peak:0.00M | Scene, ViewLayer | Synchronizing object | NPC hand.003
Fra:1 Mem:17.34M (Peak 17.34M) | Time:00:00.00 | Mem:0.00M, Peak:0.00M | Scene, ViewLayer | Synchronizing object | NPC boots.002
Fra:1 Mem:17.38M (Peak 17.38M) | Time:00:00.00 | Mem:0.00M, Peak:0.00M | Scene, ViewLayer | Synchronizing object | NPC sleeve.003
Fra:1 Mem:17.40M (Peak 17.40M) | Time:00:00.00 | Mem:0.00M, Peak:0.00M | Scene, ViewLayer | Synchronizing object | NPC sleeve.002
Fra:1 Mem:17.44M (Peak 17.44M) | Time:00:00.00 | Mem:0.00M, Peak:0.00M | Scene, ViewLayer | Synchronizing object | NPC hand.002
Fra:1 Mem:17.47M (Peak 17.47M) | Time:00:00.00 | Mem:0.00M, Peak:0.00M | Scene, ViewLayer | Synchronizing object | NPC boots.003
Fra:1 Mem:17.53M (Peak 17.53M) | Time:00:00.00 | Mem:0.00M, Peak:0.00M | Scene, ViewLayer | Initializing
Fra:1 Mem:15.29M (Peak 17.53M) | Time:00:00.00 | Mem:0.00M, Peak:0.00M | Scene, ViewLayer | Waiting for render to start
Fra:1 Mem:15.29M (Peak 17.53M) | Time:00:00.00 | Mem:0.00M, Peak:0.00M | Scene, ViewLayer | Loading render kernels (may take a few minutes the first time)
Fra:1 Mem:15.29M (Peak 17.53M) | Time:00:00.00 | Mem:0.00M, Peak:0.00M | Scene, ViewLayer | Updating Scene
Fra:1 Mem:15.29M (Peak 17.53M) | Time:00:00.00 | Mem:0.00M, Peak:0.00M | Scene, ViewLayer | Updating Shaders
Fra:1 Mem:15.38M (Peak 17.53M) | Time:00:00.00 | Mem:0.01M, Peak:0.01M | Scene, ViewLayer | Updating Procedurals
Fra:1 Mem:15.38M (Peak 17.53M) | Time:00:00.00 | Mem:0.01M, Peak:0.01M | Scene, ViewLayer | Updating Background
Fra:1 Mem:15.38M (Peak 17.53M) | Time:00:00.00 | Mem:0.01M, Peak:0.01M | Scene, ViewLayer | Updating Camera
Fra:1 Mem:15.38M (Peak 17.53M) | Time:00:00.00 | Mem:0.01M, Peak:0.01M | Scene, ViewLayer | Updating Meshes Flags
Fra:1 Mem:15.38M (Peak 17.53M) | Time:00:00.00 | Mem:0.01M, Peak:0.01M | Scene, ViewLayer | Updating Objects
Fra:1 Mem:15.38M (Peak 17.53M) | Time:00:00.00 | Mem:0.01M, Peak:0.01M | Scene, ViewLayer | Updating Objects | Copying Transformations to device
Fra:1 Mem:15.40M (Peak 17.53M) | Time:00:00.00 | Mem:0.02M, Peak:0.02M | Scene, ViewLayer | Updating Objects | Applying Static Transformations
Fra:1 Mem:15.40M (Peak 17.53M) | Time:00:00.00 | Mem:0.02M, Peak:0.02M | Scene, ViewLayer | Updating Particle Systems
Fra:1 Mem:15.40M (Peak 17.53M) | Time:00:00.00 | Mem:0.02M, Peak:0.02M | Scene, ViewLayer | Updating Particle Systems | Copying Particles to device
Fra:1 Mem:15.40M (Peak 17.53M) | Time:00:00.00 | Mem:0.02M, Peak:0.02M | Scene, ViewLayer | Updating Meshes
Fra:1 Mem:15.67M (Peak 17.53M) | Time:00:00.00 | Mem:0.02M, Peak:0.02M | Scene, ViewLayer | Updating Mesh | Computing attributes
Fra:1 Mem:15.81M (Peak 17.53M) | Time:00:00.00 | Mem:0.02M, Peak:0.02M | Scene, ViewLayer | Updating Mesh | Copying Attributes to device
Fra:1 Mem:15.81M (Peak 17.53M) | Time:00:00.00 | Mem:0.15M, Peak:0.15M | Scene, ViewLayer | Updating Scene BVH | Building
Fra:1 Mem:15.81M (Peak 17.53M) | Time:00:00.00 | Mem:0.15M, Peak:0.15M | Scene, ViewLayer | Updating Scene BVH | Building BVH
Fra:1 Mem:15.81M (Peak 17.53M) | Time:00:00.00 | Mem:0.71M, Peak:0.71M | Scene, ViewLayer | Updating Scene BVH | Building BVH 0%
Fra:1 Mem:15.81M (Peak 17.53M) | Time:00:00.01 | Mem:1.31M, Peak:1.86M | Scene, ViewLayer | Updating Scene BVH | Copying BVH to device
Fra:1 Mem:15.81M (Peak 17.53M) | Time:00:00.01 | Mem:1.31M, Peak:1.86M | Scene, ViewLayer | Updating Mesh | Computing normals
Fra:1 Mem:16.50M (Peak 17.53M) | Time:00:00.01 | Mem:1.31M, Peak:1.86M | Scene, ViewLayer | Updating Mesh | Copying Mesh to device
Fra:1 Mem:16.50M (Peak 17.53M) | Time:00:00.01 | Mem:2.00M, Peak:2.00M | Scene, ViewLayer | Updating Objects Flags
Fra:1 Mem:16.50M (Peak 17.53M) | Time:00:00.01 | Mem:2.00M, Peak:2.00M | Scene, ViewLayer | Updating Primitive Offsets
Fra:1 Mem:16.50M (Peak 17.53M) | Time:00:00.01 | Mem:2.00M, Peak:2.00M | Scene, ViewLayer | Updating Images
Fra:1 Mem:16.50M (Peak 17.53M) | Time:00:00.01 | Mem:2.00M, Peak:2.00M | Scene, ViewLayer | Updating Camera Volume
Fra:1 Mem:16.50M (Peak 17.53M) | Time:00:00.01 | Mem:2.00M, Peak:2.00M | Scene, ViewLayer | Updating Lookup Tables
Fra:1 Mem:16.50M (Peak 17.53M) | Time:00:00.01 | Mem:2.08M, Peak:2.08M | Scene, ViewLayer | Updating Lights
Fra:1 Mem:16.50M (Peak 17.53M) | Time:00:00.01 | Mem:2.09M, Peak:2.09M | Scene, ViewLayer | Updating Lights | Computing tree
Fra:1 Mem:16.50M (Peak 17.53M) | Time:00:00.01 | Mem:2.09M, Peak:2.09M | Scene, ViewLayer | Updating Integrator
Fra:1 Mem:16.50M (Peak 17.53M) | Time:00:00.01 | Mem:2.09M, Peak:2.09M | Scene, ViewLayer | Updating Film
Fra:1 Mem:16.51M (Peak 17.53M) | Time:00:00.01 | Mem:2.00M, Peak:2.09M | Scene, ViewLayer | Updating Lookup Tables
Fra:1 Mem:16.51M (Peak 17.53M) | Time:00:00.01 | Mem:2.09M, Peak:2.09M | Scene, ViewLayer | Updating Baking
Fra:1 Mem:16.51M (Peak 17.53M) | Time:00:00.01 | Mem:2.09M, Peak:2.09M | Scene, ViewLayer | Updating Device | Writing constant memory
Fra:1 Mem:16.51M (Peak 17.53M) | Time:00:00.01 | Mem:2.09M, Peak:2.09M | Scene, ViewLayer | Sample 0/16
Fra:1 Mem:38.76M (Peak 38.76M) | Time:00:00.56 | Remaining:00:08.34 | Mem:24.34M, Peak:24.34M | Scene, ViewLayer | Sample 1/16
Fra:1 Mem:48.65M (Peak 68.43M) | Time:00:10.79 | Mem:24.34M, Peak:24.34M | Scene, ViewLayer | Sample 16/16
Fra:1 Mem:48.65M (Peak 68.43M) | Time:00:10.79 | Mem:24.34M, Peak:24.34M | Scene, ViewLayer | Finished
Saved: '/workspace/scratch/blender-upgrade/f4-scenery/ArtSource/FixedScenery/role-2-before.png'
Time: 00:10.88 (Saving: 00:00.09)


Blender quit
F4_CAMERA {"sample": 5, "role": "2", "state": "after", "center": [-8.793462620815262e-05, 5.499962329864502, 1.0], "location": [1.9549120664596558, 2.609962224960327, 2.7849998474121094], "rotation": [1.097922444343567, -7.404919699638413e-08, 0.5947592258453369], "ortho_scale": 2.9749999046325684}
Blender 4.3.2
Fra:1 Mem:15.57M (Peak 15.57M) | Time:00:00.00 | Mem:0.00M, Peak:0.00M | Scene, ViewLayer | Synchronizing object | Plane
Fra:1 Mem:15.57M (Peak 15.57M) | Time:00:00.00 | Mem:0.00M, Peak:0.00M | Scene, ViewLayer | Synchronizing object | Chart constellation.004
Fra:1 Mem:15.60M (Peak 15.60M) | Time:00:00.00 | Mem:0.00M, Peak:0.00M | Scene, ViewLayer | Synchronizing object | Chart constellation.003
Fra:1 Mem:15.64M (Peak 15.64M) | Time:00:00.00 | Mem:0.00M, Peak:0.00M | Scene, ViewLayer | Synchronizing object | Chart constellation.002
Fra:1 Mem:15.67M (Peak 15.67M) | Time:00:00.00 | Mem:0.00M, Peak:0.00M | Scene, ViewLayer | Synchronizing object | Chart constellation.001
Fra:1 Mem:15.71M (Peak 15.71M) | Time:00:00.00 | Mem:0.00M, Peak:0.00M | Scene, ViewLayer | Synchronizing object | Chart constellation
Fra:1 Mem:15.74M (Peak 15.74M) | Time:00:00.00 | Mem:0.00M, Peak:0.00M | Scene, ViewLayer | Synchronizing object | Turning exchange star chart
Fra:1 Mem:15.79M (Peak 15.79M) | Time:00:00.00 | Mem:0.00M, Peak:0.00M | Scene, ViewLayer | Synchronizing object | Star chart table
Fra:1 Mem:15.80M (Peak 15.80M) | Time:00:00.00 | Mem:0.00M, Peak:0.00M | Scene, ViewLayer | Synchronizing object | Exchange lectern
Fra:1 Mem:15.81M (Peak 15.81M) | Time:00:00.00 | Mem:0.00M, Peak:0.00M | Scene, ViewLayer | Synchronizing object | NPC hand.005
Fra:1 Mem:15.85M (Peak 15.85M) | Time:00:00.00 | Mem:0.00M, Peak:0.00M | Scene, ViewLayer | Synchronizing object | NPC sleeve.005
Fra:1 Mem:15.86M (Peak 15.86M) | Time:00:00.00 | Mem:0.00M, Peak:0.00M | Scene, ViewLayer | Synchronizing object | NPC boots.005
Fra:1 Mem:15.88M (Peak 15.88M) | Time:00:00.00 | Mem:0.00M, Peak:0.00M | Scene, ViewLayer | Synchronizing object | NPC hand.004
Fra:1 Mem:15.92M (Peak 15.92M) | Time:00:00.00 | Mem:0.00M, Peak:0.00M | Scene, ViewLayer | Synchronizing object | NPC sleeve.004
Fra:1 Mem:15.94M (Peak 15.94M) | Time:00:00.00 | Mem:0.00M, Peak:0.00M | Scene, ViewLayer | Synchronizing object | NPC boots.004
Fra:1 Mem:15.95M (Peak 15.95M) | Time:00:00.00 | Mem:0.00M, Peak:0.00M | Scene, ViewLayer | Synchronizing object | NPC head.002
Fra:1 Mem:15.98M (Peak 15.98M) | Time:00:00.00 | Mem:0.00M, Peak:0.00M | Scene, ViewLayer | Synchronizing object | NPC tunic.002
Fra:1 Mem:16.00M (Peak 16.00M) | Time:00:00.00 | Mem:0.00M, Peak:0.00M | Scene, ViewLayer | Synchronizing object | Anvil tapered horn
Fra:1 Mem:16.04M (Peak 16.04M) | Time:00:00.00 | Mem:0.00M, Peak:0.00M | Scene, ViewLayer | Synchronizing object | Forged anvil face
Fra:1 Mem:16.06M (Peak 16.06M) | Time:00:00.00 | Mem:0.00M, Peak:0.00M | Scene, ViewLayer | Synchronizing object | Anvil stump
Fra:1 Mem:16.08M (Peak 16.08M) | Time:00:00.00 | Mem:0.00M, Peak:0.00M | Scene, ViewLayer | Synchronizing object | Smith leather apron
Fra:1 Mem:16.09M (Peak 16.09M) | Time:00:00.00 | Mem:0.00M, Peak:0.00M | Scene, ViewLayer | Synchronizing object | Smith hammer head
Fra:1 Mem:16.12M (Peak 16.12M) | Time:00:00.00 | Mem:0.00M, Peak:0.00M | Scene, ViewLayer | Synchronizing object | Smith hammer handle
Fra:1 Mem:16.14M (Peak 16.14M) | Time:00:00.00 | Mem:0.00M, Peak:0.00M | Scene, ViewLayer | Synchronizing object | NPC hand.003
Fra:1 Mem:16.17M (Peak 16.17M) | Time:00:00.00 | Mem:0.00M, Peak:0.00M | Scene, ViewLayer | Synchronizing object | NPC sleeve.003
Fra:1 Mem:16.19M (Peak 16.19M) | Time:00:00.00 | Mem:0.00M, Peak:0.00M | Scene, ViewLayer | Synchronizing object | NPC boots.003
Fra:1 Mem:16.21M (Peak 16.21M) | Time:00:00.00 | Mem:0.00M, Peak:0.00M | Scene, ViewLayer | Synchronizing object | NPC hand.002
Fra:1 Mem:16.24M (Peak 16.24M) | Time:00:00.00 | Mem:0.00M, Peak:0.00M | Scene, ViewLayer | Synchronizing object | NPC sleeve.002
Fra:1 Mem:16.26M (Peak 16.26M) | Time:00:00.00 | Mem:0.00M, Peak:0.00M | Scene, ViewLayer | Synchronizing object | NPC boots.002
Fra:1 Mem:16.28M (Peak 16.28M) | Time:00:00.00 | Mem:0.00M, Peak:0.00M | Scene, ViewLayer | Synchronizing object | NPC head.001
Fra:1 Mem:16.30M (Peak 16.30M) | Time:00:00.00 | Mem:0.00M, Peak:0.00M | Scene, ViewLayer | Synchronizing object | NPC tunic.001
Fra:1 Mem:16.33M (Peak 16.33M) | Time:00:00.00 | Mem:0.00M, Peak:0.00M | Scene, ViewLayer | Synchronizing object | Shelf upright.001
Fra:1 Mem:16.35M (Peak 16.35M) | Time:00:00.00 | Mem:0.00M, Peak:0.00M | Scene, ViewLayer | Synchronizing object | Shelf upright
Fra:1 Mem:16.38M (Peak 16.38M) | Time:00:00.00 | Mem:0.00M, Peak:0.00M | Scene, ViewLayer | Synchronizing object | Wrapped provision.005
Fra:1 Mem:16.41M (Peak 16.41M) | Time:00:00.00 | Mem:0.00M, Peak:0.00M | Scene, ViewLayer | Synchronizing object | Potion stock.005
Fra:1 Mem:16.43M (Peak 16.43M) | Time:00:00.00 | Mem:0.00M, Peak:0.00M | Scene, ViewLayer | Synchronizing object | Wrapped provision.004
Fra:1 Mem:16.45M (Peak 16.45M) | Time:00:00.00 | Mem:0.00M, Peak:0.00M | Scene, ViewLayer | Synchronizing object | Potion stock.004
Fra:1 Mem:16.47M (Peak 16.47M) | Time:00:00.00 | Mem:0.00M, Peak:0.00M | Scene, ViewLayer | Synchronizing object | Merchant stocked shelf.002
Fra:1 Mem:16.48M (Peak 16.48M) | Time:00:00.00 | Mem:0.00M, Peak:0.00M | Scene, ViewLayer | Synchronizing object | Wrapped provision.003
Fra:1 Mem:16.51M (Peak 16.51M) | Time:00:00.00 | Mem:0.00M, Peak:0.00M | Scene, ViewLayer | Synchronizing object | Potion stock.003
Fra:1 Mem:16.52M (Peak 16.52M) | Time:00:00.00 | Mem:0.00M, Peak:0.00M | Scene, ViewLayer | Synchronizing object | Wrapped provision.002
Fra:1 Mem:16.55M (Peak 16.55M) | Time:00:00.00 | Mem:0.00M, Peak:0.00M | Scene, ViewLayer | Synchronizing object | Potion stock.002
Fra:1 Mem:16.56M (Peak 16.56M) | Time:00:00.00 | Mem:0.00M, Peak:0.00M | Scene, ViewLayer | Synchronizing object | Merchant stocked shelf.001
Fra:1 Mem:16.57M (Peak 16.57M) | Time:00:00.00 | Mem:0.00M, Peak:0.00M | Scene, ViewLayer | Synchronizing object | Wrapped provision.001
Fra:1 Mem:16.60M (Peak 16.60M) | Time:00:00.00 | Mem:0.00M, Peak:0.00M | Scene, ViewLayer | Synchronizing object | Potion stock.001
Fra:1 Mem:16.61M (Peak 16.61M) | Time:00:00.00 | Mem:0.00M, Peak:0.00M | Scene, ViewLayer | Synchronizing object | Wrapped provision
Fra:1 Mem:16.64M (Peak 16.64M) | Time:00:00.00 | Mem:0.00M, Peak:0.00M | Scene, ViewLayer | Synchronizing object | Potion stock
Fra:1 Mem:16.65M (Peak 16.65M) | Time:00:00.00 | Mem:0.00M, Peak:0.00M | Scene, ViewLayer | Synchronizing object | Merchant stocked shelf
Fra:1 Mem:16.66M (Peak 16.66M) | Time:00:00.00 | Mem:0.00M, Peak:0.00M | Scene, ViewLayer | Synchronizing object | Merchant cap
Fra:1 Mem:16.69M (Peak 16.69M) | Time:00:00.00 | Mem:0.00M, Peak:0.00M | Scene, ViewLayer | Synchronizing object | NPC hand.001
Fra:1 Mem:16.73M (Peak 16.73M) | Time:00:00.00 | Mem:0.00M, Peak:0.00M | Scene, ViewLayer | Synchronizing object | NPC sleeve.001
Fra:1 Mem:16.74M (Peak 16.74M) | Time:00:00.00 | Mem:0.00M, Peak:0.00M | Scene, ViewLayer | Synchronizing object | NPC boots.001
Fra:1 Mem:16.76M (Peak 16.76M) | Time:00:00.00 | Mem:0.00M, Peak:0.00M | Scene, ViewLayer | Synchronizing object | NPC hand
Fra:1 Mem:16.80M (Peak 16.80M) | Time:00:00.00 | Mem:0.00M, Peak:0.00M | Scene, ViewLayer | Synchronizing object | NPC sleeve
Fra:1 Mem:16.81M (Peak 16.81M) | Time:00:00.00 | Mem:0.00M, Peak:0.00M | Scene, ViewLayer | Synchronizing object | NPC boots
Fra:1 Mem:16.83M (Peak 16.83M) | Time:00:00.00 | Mem:0.00M, Peak:0.00M | Scene, ViewLayer | Synchronizing object | NPC head
Fra:1 Mem:16.86M (Peak 16.86M) | Time:00:00.00 | Mem:0.00M, Peak:0.00M | Scene, ViewLayer | Synchronizing object | NPC tunic
Fra:1 Mem:16.88M (Peak 16.88M) | Time:00:00.00 | Mem:0.00M, Peak:0.00M | Scene, ViewLayer | Initializing
Fra:1 Mem:14.65M (Peak 16.88M) | Time:00:00.00 | Mem:0.00M, Peak:0.00M | Scene, ViewLayer | Waiting for render to start
Fra:1 Mem:14.65M (Peak 16.88M) | Time:00:00.00 | Mem:0.00M, Peak:0.00M | Scene, ViewLayer | Loading render kernels (may take a few minutes the first time)
Fra:1 Mem:14.65M (Peak 16.88M) | Time:00:00.00 | Mem:0.00M, Peak:0.00M | Scene, ViewLayer | Updating Scene
Fra:1 Mem:14.65M (Peak 16.88M) | Time:00:00.00 | Mem:0.00M, Peak:0.00M | Scene, ViewLayer | Updating Shaders
Fra:1 Mem:14.74M (Peak 16.88M) | Time:00:00.00 | Mem:0.01M, Peak:0.01M | Scene, ViewLayer | Updating Procedurals
Fra:1 Mem:14.74M (Peak 16.88M) | Time:00:00.00 | Mem:0.01M, Peak:0.01M | Scene, ViewLayer | Updating Background
Fra:1 Mem:14.74M (Peak 16.88M) | Time:00:00.00 | Mem:0.01M, Peak:0.01M | Scene, ViewLayer | Updating Camera
Fra:1 Mem:14.74M (Peak 16.88M) | Time:00:00.00 | Mem:0.01M, Peak:0.01M | Scene, ViewLayer | Updating Meshes Flags
Fra:1 Mem:14.74M (Peak 16.88M) | Time:00:00.00 | Mem:0.01M, Peak:0.01M | Scene, ViewLayer | Updating Objects
Fra:1 Mem:14.74M (Peak 16.88M) | Time:00:00.00 | Mem:0.01M, Peak:0.01M | Scene, ViewLayer | Updating Objects | Copying Transformations to device
Fra:1 Mem:14.75M (Peak 16.88M) | Time:00:00.00 | Mem:0.02M, Peak:0.02M | Scene, ViewLayer | Updating Objects | Applying Static Transformations
Fra:1 Mem:14.75M (Peak 16.88M) | Time:00:00.00 | Mem:0.02M, Peak:0.02M | Scene, ViewLayer | Updating Particle Systems
Fra:1 Mem:14.75M (Peak 16.88M) | Time:00:00.00 | Mem:0.02M, Peak:0.02M | Scene, ViewLayer | Updating Particle Systems | Copying Particles to device
Fra:1 Mem:14.75M (Peak 16.88M) | Time:00:00.00 | Mem:0.02M, Peak:0.02M | Scene, ViewLayer | Updating Meshes
Fra:1 Mem:14.91M (Peak 16.88M) | Time:00:00.00 | Mem:0.02M, Peak:0.02M | Scene, ViewLayer | Updating Mesh | Computing attributes
Fra:1 Mem:15.06M (Peak 16.88M) | Time:00:00.00 | Mem:0.02M, Peak:0.02M | Scene, ViewLayer | Updating Mesh | Copying Attributes to device
Fra:1 Mem:15.05M (Peak 16.88M) | Time:00:00.00 | Mem:0.16M, Peak:0.16M | Scene, ViewLayer | Updating Scene BVH | Building
Fra:1 Mem:15.05M (Peak 16.88M) | Time:00:00.00 | Mem:0.16M, Peak:0.16M | Scene, ViewLayer | Updating Scene BVH | Building BVH
Fra:1 Mem:15.05M (Peak 16.88M) | Time:00:00.00 | Mem:0.49M, Peak:0.49M | Scene, ViewLayer | Updating Scene BVH | Building BVH 0%
Fra:1 Mem:15.05M (Peak 16.88M) | Time:00:00.01 | Mem:0.85M, Peak:1.18M | Scene, ViewLayer | Updating Scene BVH | Copying BVH to device
Fra:1 Mem:15.05M (Peak 16.88M) | Time:00:00.01 | Mem:0.85M, Peak:1.18M | Scene, ViewLayer | Updating Mesh | Computing normals
Fra:1 Mem:15.62M (Peak 16.88M) | Time:00:00.01 | Mem:0.85M, Peak:1.18M | Scene, ViewLayer | Updating Mesh | Copying Mesh to device
Fra:1 Mem:15.62M (Peak 16.88M) | Time:00:00.01 | Mem:1.42M, Peak:1.42M | Scene, ViewLayer | Updating Objects Flags
Fra:1 Mem:15.62M (Peak 16.88M) | Time:00:00.01 | Mem:1.42M, Peak:1.42M | Scene, ViewLayer | Updating Primitive Offsets
Fra:1 Mem:15.62M (Peak 16.88M) | Time:00:00.01 | Mem:1.42M, Peak:1.42M | Scene, ViewLayer | Updating Images
Fra:1 Mem:15.62M (Peak 16.88M) | Time:00:00.01 | Mem:1.42M, Peak:1.42M | Scene, ViewLayer | Updating Camera Volume
Fra:1 Mem:15.62M (Peak 16.88M) | Time:00:00.01 | Mem:1.42M, Peak:1.42M | Scene, ViewLayer | Updating Lookup Tables
Fra:1 Mem:15.62M (Peak 16.88M) | Time:00:00.01 | Mem:1.50M, Peak:1.50M | Scene, ViewLayer | Updating Lights
Fra:1 Mem:15.62M (Peak 16.88M) | Time:00:00.01 | Mem:1.50M, Peak:1.50M | Scene, ViewLayer | Updating Lights | Computing tree
Fra:1 Mem:15.62M (Peak 16.88M) | Time:00:00.01 | Mem:1.50M, Peak:1.50M | Scene, ViewLayer | Updating Integrator
Fra:1 Mem:15.62M (Peak 16.88M) | Time:00:00.01 | Mem:1.50M, Peak:1.50M | Scene, ViewLayer | Updating Film
Fra:1 Mem:15.63M (Peak 16.88M) | Time:00:00.01 | Mem:1.42M, Peak:1.50M | Scene, ViewLayer | Updating Lookup Tables
Fra:1 Mem:15.63M (Peak 16.88M) | Time:00:00.01 | Mem:1.50M, Peak:1.50M | Scene, ViewLayer | Updating Baking
Fra:1 Mem:15.63M (Peak 16.88M) | Time:00:00.01 | Mem:1.50M, Peak:1.50M | Scene, ViewLayer | Updating Device | Writing constant memory
Fra:1 Mem:15.63M (Peak 16.88M) | Time:00:00.01 | Mem:1.50M, Peak:1.50M | Scene, ViewLayer | Sample 0/16
Fra:1 Mem:37.88M (Peak 37.88M) | Time:00:01.23 | Remaining:00:18.27 | Mem:23.75M, Peak:23.75M | Scene, ViewLayer | Sample 1/16
Fra:1 Mem:47.77M (Peak 67.55M) | Time:00:11.30 | Mem:23.75M, Peak:23.75M | Scene, ViewLayer | Sample 16/16
Fra:1 Mem:47.77M (Peak 67.55M) | Time:00:11.30 | Mem:23.75M, Peak:23.75M | Scene, ViewLayer | Finished
Saved: '/workspace/scratch/blender-upgrade/f4-scenery/ArtSource/FixedScenery/role-2-after.png'
Time: 00:11.38 (Saving: 00:00.07)


Blender quit
