Blender 4.3.2
Fra:1 Mem:26.41M (Peak 26.41M) | Time:00:00.00 | Mem:0.00M, Peak:0.00M | Scene, ViewLayer | Synchronizing object | Filled spell surface / Identity preparation
Fra:1 Mem:26.41M (Peak 26.41M) | Time:00:00.00 | Mem:0.00M, Peak:0.00M | Scene, ViewLayer | Synchronizing object | Text
Fra:1 Mem:26.66M (Peak 26.66M) | Time:00:00.00 | Mem:0.00M, Peak:0.00M | Scene, ViewLayer | Synchronizing object | Text.001
Fra:1 Mem:26.91M (Peak 26.91M) | Time:00:00.00 | Mem:0.00M, Peak:0.00M | Scene, ViewLayer | Synchronizing object | Filled spell surface / Identity blade slice.001
Fra:1 Mem:26.94M (Peak 26.94M) | Time:00:00.00 | Mem:0.00M, Peak:0.00M | Scene, ViewLayer | Synchronizing object | Filled spell surface / Repeated ornament.001
Fra:1 Mem:26.95M (Peak 26.95M) | Time:00:00.00 | Mem:0.00M, Peak:0.00M | Scene, ViewLayer | Synchronizing object | Filled spell surface / Repeated ornament.002
Fra:1 Mem:27.07M (Peak 27.07M) | Time:00:00.00 | Mem:0.00M, Peak:0.00M | Scene, ViewLayer | Synchronizing object | Filled spell surface / Repeated ornament.003
Fra:1 Mem:27.13M (Peak 27.13M) | Time:00:00.00 | Mem:0.00M, Peak:0.00M | Scene, ViewLayer | Synchronizing object | Filled spell surface / Identity blade slice.002
Fra:1 Mem:27.14M (Peak 27.14M) | Time:00:00.00 | Mem:0.00M, Peak:0.00M | Scene, ViewLayer | Synchronizing object | Filled spell surface / Repeated ornament.004
Fra:1 Mem:27.19M (Peak 27.19M) | Time:00:00.00 | Mem:0.00M, Peak:0.00M | Scene, ViewLayer | Synchronizing object | Text.003
Fra:1 Mem:27.20M (Peak 27.20M) | Time:00:00.00 | Mem:0.00M, Peak:0.00M | Scene, ViewLayer | Synchronizing object | Filled spell surface / Repeated ornament.006
Fra:1 Mem:27.30M (Peak 27.30M) | Time:00:00.00 | Mem:0.00M, Peak:0.00M | Scene, ViewLayer | Synchronizing object | Filled spell surface / Repeated ornament.007
Fra:1 Mem:27.36M (Peak 27.36M) | Time:00:00.00 | Mem:0.00M, Peak:0.00M | Scene, ViewLayer | Synchronizing object | Filled spell surface / Identity preparation.001
Fra:1 Mem:27.38M (Peak 27.38M) | Time:00:00.00 | Mem:0.00M, Peak:0.00M | Scene, ViewLayer | Synchronizing object | Text.004
Fra:1 Mem:27.50M (Peak 27.50M) | Time:00:00.00 | Mem:0.00M, Peak:0.00M | Scene, ViewLayer | Synchronizing object | Filled spell surface / Identity actual event
Fra:1 Mem:27.50M (Peak 27.50M) | Time:00:00.00 | Mem:0.00M, Peak:0.00M | Scene, ViewLayer | Synchronizing object | Text.005
Fra:1 Mem:27.65M (Peak 27.65M) | Time:00:00.00 | Mem:0.00M, Peak:0.00M | Scene, ViewLayer | Synchronizing object | Filled spell surface / Identity actual event.001
Fra:1 Mem:27.65M (Peak 27.65M) | Time:00:00.00 | Mem:0.00M, Peak:0.00M | Scene, ViewLayer | Synchronizing object | Text.006
Fra:1 Mem:27.76M (Peak 27.76M) | Time:00:00.00 | Mem:0.00M, Peak:0.00M | Scene, ViewLayer | Synchronizing object | Filled spell surface / Identity actual event.002
Fra:1 Mem:27.77M (Peak 27.77M) | Time:00:00.00 | Mem:0.00M, Peak:0.00M | Scene, ViewLayer | Synchronizing object | Text.007
Fra:1 Mem:27.88M (Peak 27.88M) | Time:00:00.00 | Mem:0.00M, Peak:0.00M | Scene, ViewLayer | Synchronizing object | Filled spell surface / Identity preparation.002
Fra:1 Mem:27.89M (Peak 27.89M) | Time:00:00.00 | Mem:0.00M, Peak:0.00M | Scene, ViewLayer | Synchronizing object | Text.008
Fra:1 Mem:28.09M (Peak 28.09M) | Time:00:00.01 | Mem:0.00M, Peak:0.00M | Scene, ViewLayer | Synchronizing object | Text.009
Fra:1 Mem:28.11M (Peak 28.11M) | Time:00:00.01 | Mem:0.00M, Peak:0.00M | Scene, ViewLayer | Synchronizing object | Filled spell surface / Identity actual event.003
Fra:1 Mem:28.29M (Peak 28.29M) | Time:00:00.01 | Mem:0.00M, Peak:0.00M | Scene, ViewLayer | Synchronizing object | Filled spell surface / Identity actual event.004
Fra:1 Mem:28.29M (Peak 28.29M) | Time:00:00.01 | Mem:0.00M, Peak:0.00M | Scene, ViewLayer | Synchronizing object | Text.010
Fra:1 Mem:28.46M (Peak 28.46M) | Time:00:00.01 | Mem:0.00M, Peak:0.00M | Scene, ViewLayer | Synchronizing object | Filled spell surface / Identity actual event.005
Fra:1 Mem:28.47M (Peak 28.47M) | Time:00:00.01 | Mem:0.00M, Peak:0.00M | Scene, ViewLayer | Synchronizing object | Text.011
Fra:1 Mem:28.64M (Peak 28.64M) | Time:00:00.01 | Mem:0.00M, Peak:0.00M | Scene, ViewLayer | Synchronizing object | Filled spell surface / Identity preparation.003
Fra:1 Mem:28.66M (Peak 28.66M) | Time:00:00.01 | Mem:0.00M, Peak:0.00M | Scene, ViewLayer | Synchronizing object | Text.012
Fra:1 Mem:28.91M (Peak 28.91M) | Time:00:00.01 | Mem:0.00M, Peak:0.00M | Scene, ViewLayer | Synchronizing object | Filled spell surface / Identity actual event.006
Fra:1 Mem:28.93M (Peak 28.93M) | Time:00:00.01 | Mem:0.00M, Peak:0.00M | Scene, ViewLayer | Synchronizing object | Text.013
Fra:1 Mem:29.17M (Peak 29.17M) | Time:00:00.01 | Mem:0.00M, Peak:0.00M | Scene, ViewLayer | Synchronizing object | Filled spell surface / Identity actual event.007
Fra:1 Mem:29.21M (Peak 29.21M) | Time:00:00.01 | Mem:0.00M, Peak:0.00M | Scene, ViewLayer | Synchronizing object | Text.014
Fra:1 Mem:29.40M (Peak 29.40M) | Time:00:00.01 | Mem:0.00M, Peak:0.00M | Scene, ViewLayer | Synchronizing object | Filled spell surface / Identity actual event.008
Fra:1 Mem:29.42M (Peak 29.42M) | Time:00:00.01 | Mem:0.00M, Peak:0.00M | Scene, ViewLayer | Synchronizing object | Text.015
Fra:1 Mem:29.62M (Peak 29.62M) | Time:00:00.01 | Mem:0.00M, Peak:0.00M | Scene, ViewLayer | Synchronizing object | Plane
Fra:1 Mem:29.64M (Peak 29.64M) | Time:00:00.01 | Mem:0.00M, Peak:0.00M | Scene, ViewLayer | Initializing
Fra:1 Mem:20.92M (Peak 29.64M) | Time:00:00.01 | Mem:0.00M, Peak:0.00M | Scene, ViewLayer | Waiting for render to start
Fra:1 Mem:20.92M (Peak 29.64M) | Time:00:00.01 | Mem:0.00M, Peak:0.00M | Scene, ViewLayer | Loading render kernels (may take a few minutes the first time)
Fra:1 Mem:20.92M (Peak 29.64M) | Time:00:00.01 | Mem:0.00M, Peak:0.00M | Scene, ViewLayer | Updating Scene
Fra:1 Mem:20.92M (Peak 29.64M) | Time:00:00.01 | Mem:0.00M, Peak:0.00M | Scene, ViewLayer | Updating Shaders
Fra:1 Mem:21.02M (Peak 29.64M) | Time:00:00.01 | Mem:0.02M, Peak:0.02M | Scene, ViewLayer | Updating Procedurals
Fra:1 Mem:21.02M (Peak 29.64M) | Time:00:00.01 | Mem:0.02M, Peak:0.02M | Scene, ViewLayer | Updating Background
Fra:1 Mem:21.02M (Peak 29.64M) | Time:00:00.01 | Mem:0.02M, Peak:0.02M | Scene, ViewLayer | Updating Camera
Fra:1 Mem:21.02M (Peak 29.64M) | Time:00:00.01 | Mem:0.02M, Peak:0.02M | Scene, ViewLayer | Updating Meshes Flags
Fra:1 Mem:21.02M (Peak 29.64M) | Time:00:00.01 | Mem:0.02M, Peak:0.02M | Scene, ViewLayer | Updating Objects
Fra:1 Mem:21.02M (Peak 29.64M) | Time:00:00.01 | Mem:0.02M, Peak:0.02M | Scene, ViewLayer | Updating Objects | Copying Transformations to device
Fra:1 Mem:21.03M (Peak 29.64M) | Time:00:00.01 | Mem:0.03M, Peak:0.03M | Scene, ViewLayer | Updating Objects | Applying Static Transformations
Fra:1 Mem:21.03M (Peak 29.64M) | Time:00:00.01 | Mem:0.03M, Peak:0.03M | Scene, ViewLayer | Updating Particle Systems
Fra:1 Mem:21.03M (Peak 29.64M) | Time:00:00.01 | Mem:0.03M, Peak:0.03M | Scene, ViewLayer | Updating Particle Systems | Copying Particles to device
Fra:1 Mem:21.03M (Peak 29.64M) | Time:00:00.01 | Mem:0.03M, Peak:0.03M | Scene, ViewLayer | Updating Meshes
Fra:1 Mem:21.45M (Peak 29.64M) | Time:00:00.01 | Mem:0.03M, Peak:0.03M | Scene, ViewLayer | Updating Mesh | Computing attributes
Fra:1 Mem:21.57M (Peak 29.64M) | Time:00:00.01 | Mem:0.03M, Peak:0.03M | Scene, ViewLayer | Updating Mesh | Copying Attributes to device
Fra:1 Mem:21.56M (Peak 29.64M) | Time:00:00.01 | Mem:0.14M, Peak:0.14M | Scene, ViewLayer | Updating Scene BVH | Building
Fra:1 Mem:21.56M (Peak 29.64M) | Time:00:00.01 | Mem:0.14M, Peak:0.14M | Scene, ViewLayer | Updating Scene BVH | Building BVH
Fra:1 Mem:21.56M (Peak 29.64M) | Time:00:00.01 | Mem:0.97M, Peak:0.97M | Scene, ViewLayer | Updating Scene BVH | Building BVH 0%
Fra:1 Mem:21.56M (Peak 29.64M) | Time:00:00.03 | Mem:2.06M, Peak:2.90M | Scene, ViewLayer | Updating Scene BVH | Copying BVH to device
Fra:1 Mem:21.56M (Peak 29.64M) | Time:00:00.03 | Mem:2.06M, Peak:2.90M | Scene, ViewLayer | Updating Mesh | Computing normals
Fra:1 Mem:23.14M (Peak 29.64M) | Time:00:00.03 | Mem:2.06M, Peak:2.90M | Scene, ViewLayer | Updating Mesh | Copying Mesh to device
Fra:1 Mem:23.14M (Peak 29.64M) | Time:00:00.03 | Mem:3.65M, Peak:3.65M | Scene, ViewLayer | Updating Objects Flags
Fra:1 Mem:23.14M (Peak 29.64M) | Time:00:00.03 | Mem:3.65M, Peak:3.65M | Scene, ViewLayer | Updating Primitive Offsets
Fra:1 Mem:23.14M (Peak 29.64M) | Time:00:00.03 | Mem:3.65M, Peak:3.65M | Scene, ViewLayer | Updating Images
Fra:1 Mem:23.14M (Peak 29.64M) | Time:00:00.03 | Mem:3.65M, Peak:3.65M | Scene, ViewLayer | Updating Camera Volume
Fra:1 Mem:23.14M (Peak 29.64M) | Time:00:00.03 | Mem:3.65M, Peak:3.65M | Scene, ViewLayer | Updating Lookup Tables
Fra:1 Mem:23.14M (Peak 29.64M) | Time:00:00.03 | Mem:3.73M, Peak:3.73M | Scene, ViewLayer | Updating Lights
Fra:1 Mem:23.14M (Peak 29.64M) | Time:00:00.03 | Mem:3.73M, Peak:3.73M | Scene, ViewLayer | Updating Lights | Computing tree
Fra:1 Mem:23.14M (Peak 29.64M) | Time:00:00.03 | Mem:3.73M, Peak:3.73M | Scene, ViewLayer | Updating Integrator
Fra:1 Mem:23.14M (Peak 29.64M) | Time:00:00.03 | Mem:3.73M, Peak:3.73M | Scene, ViewLayer | Updating Film
Fra:1 Mem:23.15M (Peak 29.64M) | Time:00:00.03 | Mem:3.65M, Peak:3.73M | Scene, ViewLayer | Updating Lookup Tables
Fra:1 Mem:23.15M (Peak 29.64M) | Time:00:00.03 | Mem:3.73M, Peak:3.73M | Scene, ViewLayer | Updating Baking
Fra:1 Mem:23.15M (Peak 29.64M) | Time:00:00.03 | Mem:3.73M, Peak:3.73M | Scene, ViewLayer | Updating Device | Writing constant memory
Fra:1 Mem:23.15M (Peak 29.64M) | Time:00:00.03 | Mem:3.73M, Peak:3.73M | Scene, ViewLayer | Sample 0/24
Fra:1 Mem:125.14M (Peak 125.14M) | Time:00:01.25 | Remaining:00:28.24 | Mem:105.70M, Peak:105.70M | Scene, ViewLayer | Sample 1/24
Fra:1 Mem:170.46M (Peak 261.10M) | Time:00:29.09 | Mem:105.70M, Peak:105.70M | Scene, ViewLayer | Sample 24/24
Fra:1 Mem:170.46M (Peak 261.10M) | Time:00:29.09 | Mem:105.70M, Peak:105.70M | Scene, ViewLayer | Finished
Saved: '/workspace/emberfall_win/ArtSource/BlenderSkillIdentities/Four-Identities-Phases.png'
Time: 00:30.23 (Saving: 00:01.13)


Blender quit
