[
  {
    "hero": "Vanguard",
    "tier": 0,
    "phase": 0,
    "skill": false,
    "part": "Helmet Crest",
    "crossings": 54,
    "trianglePairs": [
      [
        104,
        124
      ],
      [
        105,
        124
      ],
      [
        114,
        124
      ],
      [
        115,
        124
      ],
      [
        124,
        124
      ],
      [
        244,
        124
      ],
      [
        245,
        124
      ],
      [
        124,
        125
      ],
      [
        235,
        125
      ],
      [
        244,
        125
      ],
      [
        104,
        130
      ],
      [
        105,
        130
      ]
    ]
  },
  {
    "hero": "Vanguard",
    "tier": 0,
    "phase": 0.16,
    "skill": false,
    "part": "Helmet Crest",
    "crossings": 58,
    "trianglePairs": [
      [
        121,
        252
      ],
      [
        264,
        252
      ],
      [
        265,
        252
      ],
      [
        274,
        252
      ],
      [
        121,
        253
      ],
      [
        122,
        253
      ],
      [
        123,
        253
      ],
      [
        124,
        253
      ],
      [
        125,
        253
      ],
      [
        134,
        253
      ],
      [
        255,
        253
      ],
      [
        264,
        253
      ]
    ]
  },
  {
    "hero": "Vanguard",
    "tier": 0,
    "phase": 0.52,
    "skill": false,
    "part": "Helmet Crest",
    "crossings": 48,
    "trianglePairs": [
      [
        120,
        184
      ],
      [
        121,
        184
      ],
      [
        122,
        184
      ],
      [
        123,
        184
      ],
      [
        124,
        184
      ],
      [
        125,
        184
      ],
      [
        75,
        185
      ],
      [
        84,
        185
      ],
      [
        85,
        185
      ],
      [
        94,
        185
      ],
      [
        95,
        185
      ],
      [
        120,
        185
      ]
    ]
  },
  {
    "hero": "Vanguard",
    "tier": 0,
    "phase": 0.48,
    "skill": false,
    "part": "Helmet Crest",
    "crossings": 38,
    "trianglePairs": [
      [
        84,
        185
      ],
      [
        85,
        185
      ],
      [
        94,
        185
      ],
      [
        95,
        185
      ],
      [
        120,
        185
      ],
      [
        121,
        185
      ],
      [
        122,
        185
      ],
      [
        123,
        185
      ],
      [
        84,
        190
      ],
      [
        85,
        190
      ],
      [
        85,
        191
      ],
      [
        94,
        191
      ]
    ]
  },
  {
    "hero": "Vanguard",
    "tier": 0,
    "phase": 0.65,
    "skill": false,
    "part": "Helmet Crest",
    "crossings": 38,
    "trianglePairs": [
      [
        84,
        185
      ],
      [
        85,
        185
      ],
      [
        94,
        185
      ],
      [
        95,
        185
      ],
      [
        120,
        185
      ],
      [
        84,
        190
      ],
      [
        85,
        190
      ],
      [
        85,
        191
      ],
      [
        94,
        191
      ],
      [
        95,
        191
      ],
      [
        120,
        191
      ],
      [
        121,
        191
      ]
    ]
  },
  {
    "hero": "Vanguard",
    "tier": 0,
    "phase": 0.83,
    "skill": false,
    "part": "Helmet Crest",
    "crossings": 46,
    "trianglePairs": [
      [
        94,
        193
      ],
      [
        95,
        193
      ],
      [
        120,
        193
      ],
      [
        121,
        193
      ],
      [
        122,
        193
      ],
      [
        123,
        193
      ],
      [
        124,
        193
      ],
      [
        125,
        193
      ],
      [
        126,
        193
      ],
      [
        127,
        193
      ],
      [
        94,
        198
      ],
      [
        95,
        198
      ]
    ]
  },
  {
    "hero": "Vanguard",
    "tier": 0,
    "phase": 1,
    "skill": false,
    "part": "Helmet Crest",
    "crossings": 54,
    "trianglePairs": [
      [
        104,
        124
      ],
      [
        105,
        124
      ],
      [
        114,
        124
      ],
      [
        115,
        124
      ],
      [
        124,
        124
      ],
      [
        244,
        124
      ],
      [
        245,
        124
      ],
      [
        124,
        125
      ],
      [
        235,
        125
      ],
      [
        244,
        125
      ],
      [
        104,
        130
      ],
      [
        105,
        130
      ]
    ]
  },
  {
    "hero": "Vanguard",
    "tier": 4,
    "phase": 0,
    "skill": false,
    "part": "Helmet Crest",
    "crossings": 54,
    "trianglePairs": [
      [
        104,
        124
      ],
      [
        105,
        124
      ],
      [
        114,
        124
      ],
      [
        115,
        124
      ],
      [
        124,
        124
      ],
      [
        244,
        124
      ],
      [
        245,
        124
      ],
      [
        124,
        125
      ],
      [
        235,
        125
      ],
      [
        244,
        125
      ],
      [
        104,
        130
      ],
      [
        105,
        130
      ]
    ]
  },
  {
    "hero": "Vanguard",
    "tier": 4,
    "phase": 0.16,
    "skill": false,
    "part": "Helmet Crest",
    "crossings": 58,
    "trianglePairs": [
      [
        121,
        252
      ],
      [
        264,
        252
      ],
      [
        265,
        252
      ],
      [
        274,
        252
      ],
      [
        121,
        253
      ],
      [
        122,
        253
      ],
      [
        123,
        253
      ],
      [
        124,
        253
      ],
      [
        125,
        253
      ],
      [
        134,
        253
      ],
      [
        255,
        253
      ],
      [
        264,
        253
      ]
    ]
  },
  {
    "hero": "Vanguard",
    "tier": 4,
    "phase": 0.52,
    "skill": false,
    "part": "Helmet Crest",
    "crossings": 48,
    "trianglePairs": [
      [
        120,
        184
      ],
      [
        121,
        184
      ],
      [
        122,
        184
      ],
      [
        123,
        184
      ],
      [
        124,
        184
      ],
      [
        125,
        184
      ],
      [
        75,
        185
      ],
      [
        84,
        185
      ],
      [
        85,
        185
      ],
      [
        94,
        185
      ],
      [
        95,
        185
      ],
      [
        120,
        185
      ]
    ]
  },
  {
    "hero": "Vanguard",
    "tier": 4,
    "phase": 0.48,
    "skill": false,
    "part": "Helmet Crest",
    "crossings": 38,
    "trianglePairs": [
      [
        84,
        185
      ],
      [
        85,
        185
      ],
      [
        94,
        185
      ],
      [
        95,
        185
      ],
      [
        120,
        185
      ],
      [
        121,
        185
      ],
      [
        122,
        185
      ],
      [
        123,
        185
      ],
      [
        84,
        190
      ],
      [
        85,
        190
      ],
      [
        85,
        191
      ],
      [
        94,
        191
      ]
    ]
  },
  {
    "hero": "Vanguard",
    "tier": 4,
    "phase": 0.65,
    "skill": false,
    "part": "Helmet Crest",
    "crossings": 38,
    "trianglePairs": [
      [
        84,
        185
      ],
      [
        85,
        185
      ],
      [
        94,
        185
      ],
      [
        95,
        185
      ],
      [
        120,
        185
      ],
      [
        84,
        190
      ],
      [
        85,
        190
      ],
      [
        85,
        191
      ],
      [
        94,
        191
      ],
      [
        95,
        191
      ],
      [
        120,
        191
      ],
      [
        121,
        191
      ]
    ]
  },
  {
    "hero": "Vanguard",
    "tier": 4,
    "phase": 0.83,
    "skill": false,
    "part": "Armor horn",
    "crossings": 6,
    "trianglePairs": [
      [
        35,
        42
      ],
      [
        36,
        42
      ],
      [
        37,
        42
      ],
      [
        66,
        42
      ],
      [
        67,
        42
      ],
      [
        68,
        42
      ]
    ]
  },
  {
    "hero": "Vanguard",
    "tier": 4,
    "phase": 0.83,
    "skill": false,
    "part": "Helmet Crest",
    "crossings": 46,
    "trianglePairs": [
      [
        94,
        193
      ],
      [
        95,
        193
      ],
      [
        120,
        193
      ],
      [
        121,
        193
      ],
      [
        122,
        193
      ],
      [
        123,
        193
      ],
      [
        124,
        193
      ],
      [
        125,
        193
      ],
      [
        126,
        193
      ],
      [
        127,
        193
      ],
      [
        94,
        198
      ],
      [
        95,
        198
      ]
    ]
  },
  {
    "hero": "Vanguard",
    "tier": 4,
    "phase": 1,
    "skill": false,
    "part": "Armor horn",
    "crossings": 54,
    "trianglePairs": [
      [
        87,
        169
      ],
      [
        88,
        169
      ],
      [
        89,
        169
      ],
      [
        90,
        169
      ],
      [
        91,
        169
      ],
      [
        92,
        169
      ],
      [
        93,
        169
      ],
      [
        114,
        169
      ],
      [
        115,
        169
      ],
      [
        116,
        169
      ],
      [
        117,
        169
      ],
      [
        118,
        169
      ]
    ]
  },
  {
    "hero": "Vanguard",
    "tier": 4,
    "phase": 1,
    "skill": false,
    "part": "Helmet Crest",
    "crossings": 54,
    "trianglePairs": [
      [
        104,
        124
      ],
      [
        105,
        124
      ],
      [
        114,
        124
      ],
      [
        115,
        124
      ],
      [
        124,
        124
      ],
      [
        244,
        124
      ],
      [
        245,
        124
      ],
      [
        124,
        125
      ],
      [
        235,
        125
      ],
      [
        244,
        125
      ],
      [
        104,
        130
      ],
      [
        105,
        130
      ]
    ]
  },
  {
    "hero": "Arcanist",
    "tier": 0,
    "phase": 0,
    "skill": false,
    "part": "Pointed Wizard Hat",
    "crossings": 78,
    "trianglePairs": [
      [
        0,
        56
      ],
      [
        1,
        56
      ],
      [
        4,
        56
      ],
      [
        4,
        57
      ],
      [
        4,
        58
      ],
      [
        0,
        59
      ],
      [
        1,
        59
      ],
      [
        4,
        59
      ],
      [
        5,
        60
      ],
      [
        8,
        60
      ],
      [
        4,
        61
      ],
      [
        5,
        61
      ]
    ]
  },
  {
    "hero": "Arcanist",
    "tier": 0,
    "phase": 0.16,
    "skill": false,
    "part": "Pointed Wizard Hat",
    "crossings": 24,
    "trianglePairs": [
      [
        48,
        252
      ],
      [
        48,
        253
      ],
      [
        49,
        253
      ],
      [
        52,
        253
      ],
      [
        48,
        254
      ],
      [
        48,
        255
      ],
      [
        48,
        256
      ],
      [
        48,
        257
      ],
      [
        49,
        257
      ],
      [
        52,
        257
      ],
      [
        52,
        258
      ],
      [
        52,
        259
      ]
    ]
  },
  {
    "hero": "Arcanist",
    "tier": 0,
    "phase": 0.52,
    "skill": false,
    "part": "Pointed Wizard Hat",
    "crossings": 30,
    "trianglePairs": [
      [
        13,
        116
      ],
      [
        16,
        116
      ],
      [
        16,
        117
      ],
      [
        16,
        118
      ],
      [
        17,
        118
      ],
      [
        16,
        119
      ],
      [
        17,
        119
      ],
      [
        12,
        120
      ],
      [
        13,
        120
      ],
      [
        16,
        120
      ],
      [
        16,
        121
      ],
      [
        12,
        122
      ]
    ]
  },
  {
    "hero": "Arcanist",
    "tier": 0,
    "phase": 0.48,
    "skill": false,
    "part": "Pointed Wizard Hat",
    "crossings": 24,
    "trianglePairs": [
      [
        12,
        116
      ],
      [
        13,
        116
      ],
      [
        16,
        116
      ],
      [
        16,
        117
      ],
      [
        16,
        118
      ],
      [
        16,
        119
      ],
      [
        12,
        120
      ],
      [
        13,
        120
      ],
      [
        13,
        121
      ],
      [
        16,
        121
      ],
      [
        12,
        122
      ],
      [
        12,
        123
      ]
    ]
  },
  {
    "hero": "Arcanist",
    "tier": 0,
    "phase": 0.65,
    "skill": false,
    "part": "Pointed Wizard Hat",
    "crossings": 28,
    "trianglePairs": [
      [
        12,
        116
      ],
      [
        13,
        116
      ],
      [
        16,
        116
      ],
      [
        16,
        117
      ],
      [
        16,
        118
      ],
      [
        12,
        119
      ],
      [
        13,
        119
      ],
      [
        16,
        119
      ],
      [
        12,
        120
      ],
      [
        12,
        121
      ],
      [
        12,
        122
      ],
      [
        12,
        123
      ]
    ]
  },
  {
    "hero": "Arcanist",
    "tier": 0,
    "phase": 0.83,
    "skill": false,
    "part": "Pointed Wizard Hat",
    "crossings": 88,
    "trianglePairs": [
      [
        68,
        56
      ],
      [
        68,
        57
      ],
      [
        68,
        58
      ],
      [
        68,
        59
      ],
      [
        0,
        60
      ],
      [
        68,
        60
      ],
      [
        69,
        60
      ],
      [
        68,
        61
      ],
      [
        68,
        62
      ],
      [
        0,
        63
      ],
      [
        68,
        63
      ],
      [
        69,
        63
      ]
    ]
  },
  {
    "hero": "Arcanist",
    "tier": 0,
    "phase": 1,
    "skill": false,
    "part": "Pointed Wizard Hat",
    "crossings": 78,
    "trianglePairs": [
      [
        0,
        56
      ],
      [
        1,
        56
      ],
      [
        4,
        56
      ],
      [
        4,
        57
      ],
      [
        4,
        58
      ],
      [
        0,
        59
      ],
      [
        1,
        59
      ],
      [
        4,
        59
      ],
      [
        5,
        60
      ],
      [
        8,
        60
      ],
      [
        4,
        61
      ],
      [
        5,
        61
      ]
    ]
  },
  {
    "hero": "Arcanist",
    "tier": 4,
    "phase": 0,
    "skill": false,
    "part": "Pointed Wizard Hat",
    "crossings": 78,
    "trianglePairs": [
      [
        0,
        56
      ],
      [
        1,
        56
      ],
      [
        4,
        56
      ],
      [
        4,
        57
      ],
      [
        4,
        58
      ],
      [
        0,
        59
      ],
      [
        1,
        59
      ],
      [
        4,
        59
      ],
      [
        5,
        60
      ],
      [
        8,
        60
      ],
      [
        4,
        61
      ],
      [
        5,
        61
      ]
    ]
  },
  {
    "hero": "Arcanist",
    "tier": 4,
    "phase": 0.16,
    "skill": false,
    "part": "Pointed Wizard Hat",
    "crossings": 24,
    "trianglePairs": [
      [
        48,
        252
      ],
      [
        48,
        253
      ],
      [
        49,
        253
      ],
      [
        52,
        253
      ],
      [
        48,
        254
      ],
      [
        48,
        255
      ],
      [
        48,
        256
      ],
      [
        48,
        257
      ],
      [
        49,
        257
      ],
      [
        52,
        257
      ],
      [
        52,
        258
      ],
      [
        52,
        259
      ]
    ]
  },
  {
    "hero": "Arcanist",
    "tier": 4,
    "phase": 0.52,
    "skill": false,
    "part": "Pointed Wizard Hat",
    "crossings": 30,
    "trianglePairs": [
      [
        13,
        116
      ],
      [
        16,
        116
      ],
      [
        16,
        117
      ],
      [
        16,
        118
      ],
      [
        17,
        118
      ],
      [
        16,
        119
      ],
      [
        17,
        119
      ],
      [
        12,
        120
      ],
      [
        13,
        120
      ],
      [
        16,
        120
      ],
      [
        16,
        121
      ],
      [
        12,
        122
      ]
    ]
  },
  {
    "hero": "Arcanist",
    "tier": 4,
    "phase": 0.48,
    "skill": false,
    "part": "Pointed Wizard Hat",
    "crossings": 24,
    "trianglePairs": [
      [
        12,
        116
      ],
      [
        13,
        116
      ],
      [
        16,
        116
      ],
      [
        16,
        117
      ],
      [
        16,
        118
      ],
      [
        16,
        119
      ],
      [
        12,
        120
      ],
      [
        13,
        120
      ],
      [
        13,
        121
      ],
      [
        16,
        121
      ],
      [
        12,
        122
      ],
      [
        12,
        123
      ]
    ]
  },
  {
    "hero": "Arcanist",
    "tier": 4,
    "phase": 0.65,
    "skill": false,
    "part": "Pointed Wizard Hat",
    "crossings": 28,
    "trianglePairs": [
      [
        12,
        116
      ],
      [
        13,
        116
      ],
      [
        16,
        116
      ],
      [
        16,
        117
      ],
      [
        16,
        118
      ],
      [
        12,
        119
      ],
      [
        13,
        119
      ],
      [
        16,
        119
      ],
      [
        12,
        120
      ],
      [
        12,
        121
      ],
      [
        12,
        122
      ],
      [
        12,
        123
      ]
    ]
  },
  {
    "hero": "Arcanist",
    "tier": 4,
    "phase": 0.83,
    "skill": false,
    "part": "Pointed Wizard Hat",
    "crossings": 88,
    "trianglePairs": [
      [
        68,
        56
      ],
      [
        68,
        57
      ],
      [
        68,
        58
      ],
      [
        68,
        59
      ],
      [
        0,
        60
      ],
      [
        68,
        60
      ],
      [
        69,
        60
      ],
      [
        68,
        61
      ],
      [
        68,
        62
      ],
      [
        0,
        63
      ],
      [
        68,
        63
      ],
      [
        69,
        63
      ]
    ]
  },
  {
    "hero": "Arcanist",
    "tier": 4,
    "phase": 1,
    "skill": false,
    "part": "Pointed Wizard Hat",
    "crossings": 78,
    "trianglePairs": [
      [
        0,
        56
      ],
      [
        1,
        56
      ],
      [
        4,
        56
      ],
      [
        4,
        57
      ],
      [
        4,
        58
      ],
      [
        0,
        59
      ],
      [
        1,
        59
      ],
      [
        4,
        59
      ],
      [
        5,
        60
      ],
      [
        8,
        60
      ],
      [
        4,
        61
      ],
      [
        5,
        61
      ]
    ]
  },
  {
    "hero": "Ranger",
    "tier": 0,
    "phase": 0.16,
    "skill": false,
    "part": "Feather",
    "crossings": 56,
    "trianglePairs": [
      [
        155,
        48
      ],
      [
        156,
        48
      ],
      [
        97,
        49
      ],
      [
        98,
        49
      ],
      [
        99,
        49
      ],
      [
        100,
        49
      ],
      [
        101,
        49
      ],
      [
        102,
        49
      ],
      [
        103,
        49
      ],
      [
        128,
        49
      ],
      [
        156,
        49
      ],
      [
        157,
        49
      ]
    ]
  },
  {
    "hero": "Ranger",
    "tier": 0,
    "phase": 0.32,
    "skill": false,
    "part": "Feather",
    "crossings": 56,
    "trianglePairs": [
      [
        155,
        48
      ],
      [
        156,
        48
      ],
      [
        97,
        49
      ],
      [
        98,
        49
      ],
      [
        99,
        49
      ],
      [
        100,
        49
      ],
      [
        101,
        49
      ],
      [
        102,
        49
      ],
      [
        103,
        49
      ],
      [
        128,
        49
      ],
      [
        156,
        49
      ],
      [
        157,
        49
      ]
    ]
  },
  {
    "hero": "Ranger",
    "tier": 0,
    "phase": 0.48,
    "skill": false,
    "part": "Feather",
    "crossings": 56,
    "trianglePairs": [
      [
        155,
        48
      ],
      [
        156,
        48
      ],
      [
        97,
        49
      ],
      [
        98,
        49
      ],
      [
        99,
        49
      ],
      [
        100,
        49
      ],
      [
        101,
        49
      ],
      [
        102,
        49
      ],
      [
        103,
        49
      ],
      [
        128,
        49
      ],
      [
        156,
        49
      ],
      [
        157,
        49
      ]
    ]
  },
  {
    "hero": "Ranger",
    "tier": 0,
    "phase": 0.65,
    "skill": false,
    "part": "Feather",
    "crossings": 56,
    "trianglePairs": [
      [
        155,
        48
      ],
      [
        156,
        48
      ],
      [
        97,
        49
      ],
      [
        98,
        49
      ],
      [
        99,
        49
      ],
      [
        100,
        49
      ],
      [
        101,
        49
      ],
      [
        102,
        49
      ],
      [
        103,
        49
      ],
      [
        128,
        49
      ],
      [
        156,
        49
      ],
      [
        157,
        49
      ]
    ]
  },
  {
    "hero": "Ranger",
    "tier": 0,
    "phase": 0.83,
    "skill": false,
    "part": "Feather",
    "crossings": 16,
    "trianglePairs": [
      [
        131,
        48
      ],
      [
        132,
        48
      ],
      [
        132,
        49
      ],
      [
        131,
        51
      ],
      [
        132,
        51
      ],
      [
        132,
        56
      ],
      [
        133,
        56
      ],
      [
        134,
        56
      ],
      [
        135,
        56
      ],
      [
        136,
        56
      ],
      [
        132,
        58
      ],
      [
        133,
        58
      ]
    ]
  },
  {
    "hero": "Ranger",
    "tier": 4,
    "phase": 0.16,
    "skill": false,
    "part": "Feather",
    "crossings": 56,
    "trianglePairs": [
      [
        155,
        48
      ],
      [
        156,
        48
      ],
      [
        97,
        49
      ],
      [
        98,
        49
      ],
      [
        99,
        49
      ],
      [
        100,
        49
      ],
      [
        101,
        49
      ],
      [
        102,
        49
      ],
      [
        103,
        49
      ],
      [
        128,
        49
      ],
      [
        156,
        49
      ],
      [
        157,
        49
      ]
    ]
  },
  {
    "hero": "Ranger",
    "tier": 4,
    "phase": 0.32,
    "skill": false,
    "part": "Feather",
    "crossings": 56,
    "trianglePairs": [
      [
        155,
        48
      ],
      [
        156,
        48
      ],
      [
        97,
        49
      ],
      [
        98,
        49
      ],
      [
        99,
        49
      ],
      [
        100,
        49
      ],
      [
        101,
        49
      ],
      [
        102,
        49
      ],
      [
        103,
        49
      ],
      [
        128,
        49
      ],
      [
        156,
        49
      ],
      [
        157,
        49
      ]
    ]
  },
  {
    "hero": "Ranger",
    "tier": 4,
    "phase": 0.48,
    "skill": false,
    "part": "Feather",
    "crossings": 56,
    "trianglePairs": [
      [
        155,
        48
      ],
      [
        156,
        48
      ],
      [
        97,
        49
      ],
      [
        98,
        49
      ],
      [
        99,
        49
      ],
      [
        100,
        49
      ],
      [
        101,
        49
      ],
      [
        102,
        49
      ],
      [
        103,
        49
      ],
      [
        128,
        49
      ],
      [
        156,
        49
      ],
      [
        157,
        49
      ]
    ]
  },
  {
    "hero": "Ranger",
    "tier": 4,
    "phase": 0.65,
    "skill": false,
    "part": "Feather",
    "crossings": 56,
    "trianglePairs": [
      [
        155,
        48
      ],
      [
        156,
        48
      ],
      [
        97,
        49
      ],
      [
        98,
        49
      ],
      [
        99,
        49
      ],
      [
        100,
        49
      ],
      [
        101,
        49
      ],
      [
        102,
        49
      ],
      [
        103,
        49
      ],
      [
        128,
        49
      ],
      [
        156,
        49
      ],
      [
        157,
        49
      ]
    ]
  },
  {
    "hero": "Ranger",
    "tier": 4,
    "phase": 0.83,
    "skill": false,
    "part": "Feather",
    "crossings": 16,
    "trianglePairs": [
      [
        131,
        48
      ],
      [
        132,
        48
      ],
      [
        132,
        49
      ],
      [
        131,
        51
      ],
      [
        132,
        51
      ],
      [
        132,
        56
      ],
      [
        133,
        56
      ],
      [
        134,
        56
      ],
      [
        135,
        56
      ],
      [
        136,
        56
      ],
      [
        132,
        58
      ],
      [
        133,
        58
      ]
    ]
  },
  {
    "hero": "Summoner",
    "tier": 0,
    "phase": 0.83,
    "skill": false,
    "part": "Spirit antler",
    "crossings": 32,
    "trianglePairs": [
      [
        65,
        185
      ],
      [
        66,
        185
      ],
      [
        67,
        185
      ],
      [
        56,
        189
      ],
      [
        57,
        189
      ],
      [
        58,
        189
      ],
      [
        59,
        189
      ],
      [
        60,
        189
      ],
      [
        61,
        189
      ],
      [
        62,
        189
      ],
      [
        63,
        189
      ],
      [
        64,
        189
      ]
    ]
  },
  {
    "hero": "Summoner",
    "tier": 0,
    "phase": 0.83,
    "skill": false,
    "part": "Spirit antler branch",
    "crossings": 34,
    "trianglePairs": [
      [
        56,
        48
      ],
      [
        63,
        48
      ],
      [
        64,
        48
      ],
      [
        65,
        48
      ],
      [
        66,
        48
      ],
      [
        67,
        48
      ],
      [
        68,
        48
      ],
      [
        69,
        48
      ],
      [
        56,
        49
      ],
      [
        57,
        49
      ],
      [
        58,
        49
      ],
      [
        59,
        49
      ]
    ]
  },
  {
    "hero": "Summoner",
    "tier": 4,
    "phase": 0.83,
    "skill": false,
    "part": "Spirit antler",
    "crossings": 32,
    "trianglePairs": [
      [
        65,
        185
      ],
      [
        66,
        185
      ],
      [
        67,
        185
      ],
      [
        56,
        189
      ],
      [
        57,
        189
      ],
      [
        58,
        189
      ],
      [
        59,
        189
      ],
      [
        60,
        189
      ],
      [
        61,
        189
      ],
      [
        62,
        189
      ],
      [
        63,
        189
      ],
      [
        64,
        189
      ]
    ]
  },
  {
    "hero": "Summoner",
    "tier": 4,
    "phase": 0.83,
    "skill": false,
    "part": "Spirit antler branch",
    "crossings": 34,
    "trianglePairs": [
      [
        56,
        48
      ],
      [
        63,
        48
      ],
      [
        64,
        48
      ],
      [
        65,
        48
      ],
      [
        66,
        48
      ],
      [
        67,
        48
      ],
      [
        68,
        48
      ],
      [
        69,
        48
      ],
      [
        56,
        49
      ],
      [
        57,
        49
      ],
      [
        58,
        49
      ],
      [
        59,
        49
      ]
    ]
  },
  {
    "hero": "Summoner",
    "tier": 4,
    "phase": 0.83,
    "skill": false,
    "part": "Elder contract crown branch",
    "crossings": 44,
    "trianglePairs": [
      [
        192,
        188
      ],
      [
        193,
        188
      ],
      [
        206,
        188
      ],
      [
        207,
        188
      ],
      [
        208,
        188
      ],
      [
        209,
        188
      ],
      [
        210,
        188
      ],
      [
        211,
        188
      ],
      [
        212,
        188
      ],
      [
        213,
        188
      ],
      [
        214,
        188
      ],
      [
        218,
        188
      ]
    ]
  },
  {
    "hero": "Summoner",
    "tier": 4,
    "phase": 0.83,
    "skill": false,
    "part": "Elder contract crown branch",
    "crossings": 34,
    "trianglePairs": [
      [
        192,
        48
      ],
      [
        193,
        48
      ],
      [
        194,
        48
      ],
      [
        195,
        48
      ],
      [
        196,
        48
      ],
      [
        197,
        48
      ],
      [
        198,
        48
      ],
      [
        199,
        48
      ],
      [
        200,
        48
      ],
      [
        201,
        48
      ],
      [
        202,
        48
      ],
      [
        203,
        48
      ]
    ]
  },
  {
    "hero": "Summoner",
    "tier": 4,
    "phase": 1,
    "skill": false,
    "part": "Master contract leaf",
    "crossings": 12,
    "trianglePairs": [
      [
        60,
        169
      ],
      [
        63,
        169
      ],
      [
        60,
        174
      ],
      [
        61,
        174
      ],
      [
        62,
        174
      ],
      [
        63,
        174
      ],
      [
        56,
        175
      ],
      [
        57,
        175
      ],
      [
        58,
        175
      ],
      [
        59,
        175
      ],
      [
        61,
        175
      ],
      [
        62,
        175
      ]
    ]
  },
  {
    "hero": "Summoner",
    "tier": 4,
    "phase": 1,
    "skill": false,
    "part": "Master contract leaf",
    "crossings": 10,
    "trianglePairs": [
      [
        60,
        34
      ],
      [
        63,
        34
      ],
      [
        56,
        37
      ],
      [
        57,
        37
      ],
      [
        58,
        37
      ],
      [
        59,
        37
      ],
      [
        60,
        37
      ],
      [
        61,
        37
      ],
      [
        62,
        37
      ],
      [
        63,
        37
      ]
    ]
  },
  {
    "hero": "Arcanist",
    "tier": 4,
    "phase": 0.52,
    "skill": true,
    "part": "Pointed Wizard Hat",
    "crossings": 28,
    "trianglePairs": [
      [
        9,
        116
      ],
      [
        12,
        116
      ],
      [
        12,
        117
      ],
      [
        12,
        118
      ],
      [
        13,
        118
      ],
      [
        16,
        118
      ],
      [
        12,
        119
      ],
      [
        13,
        119
      ],
      [
        16,
        119
      ],
      [
        8,
        120
      ],
      [
        9,
        120
      ],
      [
        12,
        120
      ]
    ]
  },
  {
    "hero": "Summoner",
    "tier": 4,
    "phase": 0.52,
    "skill": true,
    "part": "Spirit antler",
    "crossings": 30,
    "trianglePairs": [
      [
        56,
        53
      ],
      [
        57,
        53
      ],
      [
        58,
        53
      ],
      [
        59,
        53
      ],
      [
        67,
        53
      ],
      [
        68,
        53
      ],
      [
        69,
        53
      ],
      [
        59,
        60
      ],
      [
        60,
        60
      ],
      [
        61,
        60
      ],
      [
        62,
        60
      ],
      [
        63,
        60
      ]
    ]
  },
  {
    "hero": "Summoner",
    "tier": 4,
    "phase": 0.52,
    "skill": true,
    "part": "Spirit antler branch",
    "crossings": 32,
    "trianglePairs": [
      [
        56,
        52
      ],
      [
        57,
        52
      ],
      [
        58,
        52
      ],
      [
        59,
        52
      ],
      [
        60,
        52
      ],
      [
        61,
        52
      ],
      [
        62,
        52
      ],
      [
        63,
        52
      ],
      [
        64,
        52
      ],
      [
        65,
        52
      ],
      [
        69,
        52
      ],
      [
        50,
        53
      ]
    ]
  },
  {
    "hero": "Summoner",
    "tier": 4,
    "phase": 0.52,
    "skill": true,
    "part": "Elder contract crown branch",
    "crossings": 74,
    "trianglePairs": [
      [
        212,
        48
      ],
      [
        213,
        48
      ],
      [
        214,
        48
      ],
      [
        215,
        48
      ],
      [
        216,
        48
      ],
      [
        217,
        48
      ],
      [
        218,
        48
      ],
      [
        219,
        48
      ],
      [
        220,
        48
      ],
      [
        221,
        48
      ],
      [
        222,
        48
      ],
      [
        192,
        49
      ]
    ]
  }
]
